# Softmax — regular vs online comparison log
# generated: 2026-10-04 00:24:00
# command:   --Ss 128,256 --RCs 256x256 --Bkvs 16,32 --nExps 1,2,4 --nLogs 1,2 --out softmax-regular-vs-online.log
# convention: output stage untimed (no drain; S3/O6) — regular e2e = load + compute; online e2e = compute
#            (block stream overlapped with the run)
# gates: regular == softmax_ref; online == softmax_online_model (bit-exact, per row)
# RTL status: GATE-2 delta_impl = 0 (regular 60/60 corpus; online 64/64 corpus; sim == oracle == RTL)
# n_log > 1 splits only when S > I = min(R,C); n_fac defaults to n_exp
# port width BUF=40 (stream_bytes = BUF/8 = 5)

## Values — deviation from the exact dense softmax

`offset` = arbitrary row constant; `rel` = within-row error; `L1` = max per-row L1 vs exact p; `clamp%` = outputs on the int8 rails.

| S | class | range | conv off | conv rel | conv L1 | conv clamp% | onl off | onl rel | onl L1 | onl clamp% |
|---|---|---|---:|---:|---:|---:|---:|---:|---:|---:|
| 128 | small | [-16,16] | 111 | 11 | 0.0000 | 0.0129 | 119 | 20 | 1.6732 | 0.4828 |
| 128 | small | [-16,16] | 111 | 11 | 0.0000 | 0.0129 | 116 | 17 | 1.6732 | 0.0964 |
| 128 | full | [-128,127] | 35 | 131 | 1.8891 | 0.9539 | 35 | 131 | 1.8898 | 0.9863 |
| 128 | full | [-128,127] | 35 | 131 | 1.8891 | 0.9539 | 35 | 131 | 1.8898 | 0.9774 |
| 256 | small | [-16,16] | 105 | 6 | 0.0000 | 0.0029 | 117 | 18 | 1.6306 | 0.5656 |
| 256 | small | [-16,16] | 105 | 6 | 0.0000 | 0.0029 | 117 | 18 | 1.6302 | 0.0705 |
| 256 | full | [-128,127] | 25 | 131 | 1.9354 | 0.9604 | 25 | 132 | 1.9354 | 0.9901 |
| 256 | full | [-128,127] | 25 | 131 | 1.9354 | 0.9604 | 25 | 132 | 1.9354 | 0.9901 |

## Cycles (compute / load, no-drain convention)

| S | R=C | Bkv | n_exp | n_log | n_fac | conv load | conv comp | conv e2e | onl comp(e2e) | d e2e | onl in-stream load |
|---:|---|---:|---:|---:|---:|---:|---:|---:|---:|---:|---:|
| 128 | 256x256 | 16 | 1 | 1 | 1 | 3277 | 4008 | 7285 | 4436 | -2849 | 3280 |
| 128 | 256x256 | 16 | 1 | 2 | 1 | 3277 | 4008 | 7285 | 4436 | -2849 | 3280 |
| 128 | 256x256 | 16 | 2 | 1 | 2 | 3277 | 2096 | 5373 | 3706 | -1667 | 3280 |
| 128 | 256x256 | 16 | 2 | 2 | 2 | 3277 | 2096 | 5373 | 3706 | -1667 | 3280 |
| 128 | 256x256 | 16 | 4 | 1 | 4 | 3277 | 1152 | 4429 | 3586 | -843 | 3280 |
| 128 | 256x256 | 16 | 4 | 2 | 4 | 3277 | 1152 | 4429 | 3586 | -843 | 3280 |
| 128 | 256x256 | 32 | 1 | 1 | 1 | 3277 | 4008 | 7285 | 4845 | -2440 | 3280 |
| 128 | 256x256 | 32 | 1 | 2 | 1 | 3277 | 4008 | 7285 | 4845 | -2440 | 3280 |
| 128 | 256x256 | 32 | 2 | 1 | 2 | 3277 | 2096 | 5373 | 3945 | -1428 | 3280 |
| 128 | 256x256 | 32 | 2 | 2 | 2 | 3277 | 2096 | 5373 | 3945 | -1428 | 3280 |
| 128 | 256x256 | 32 | 4 | 1 | 4 | 3277 | 1152 | 4429 | 3705 | -724 | 3280 |
| 128 | 256x256 | 32 | 4 | 2 | 4 | 3277 | 1152 | 4429 | 3705 | -724 | 3280 |
| 256 | 256x256 | 16 | 1 | 1 | 1 | 13108 | 15556 | 28664 | 16368 | -12296 | 13120 |
| 256 | 256x256 | 16 | 1 | 2 | 1 | 13108 | 15556 | 28664 | 16368 | -12296 | 13120 |
| 256 | 256x256 | 16 | 2 | 1 | 2 | 13108 | 7884 | 20992 | 13789 | -7203 | 13120 |
| 256 | 256x256 | 16 | 2 | 2 | 2 | 13108 | 7884 | 20992 | 13789 | -7203 | 13120 |
| 256 | 256x256 | 16 | 4 | 1 | 4 | 13108 | 4060 | 17168 | 13549 | -3619 | 13120 |
| 256 | 256x256 | 16 | 4 | 2 | 4 | 13108 | 4060 | 17168 | 13549 | -3619 | 13120 |
| 256 | 256x256 | 32 | 1 | 1 | 1 | 13108 | 15556 | 28664 | 17186 | -11478 | 13112 |
| 256 | 256x256 | 32 | 1 | 2 | 1 | 13108 | 15556 | 28664 | 17186 | -11478 | 13112 |
| 256 | 256x256 | 32 | 2 | 1 | 2 | 13108 | 7884 | 20992 | 14259 | -6733 | 13112 |
| 256 | 256x256 | 32 | 2 | 2 | 2 | 13108 | 7884 | 20992 | 14259 | -6733 | 13112 |
| 256 | 256x256 | 32 | 4 | 1 | 4 | 13108 | 4060 | 17168 | 13779 | -3389 | 13112 |
| 256 | 256x256 | 32 | 4 | 2 | 4 | 13108 | 4060 | 17168 | 13779 | -3389 | 13112 |

## Pass counts + score-side storage

| S | R=C | Bkv | blocks | conv passes e/l | onl passes e/l | conv store (B) | onl store (B) | ratio |
|---|---|---:|---:|---|---|---:|---:|---:|
| 128 | 256x256 | 16 | 8 | 64/1 | 64/1 | 16768 | 7168 | 2.34x |
| 128 | 256x256 | 32 | 4 | 64/1 | 64/1 | 16768 | 6656 | 2.52x |
| 256 | 256x256 | 16 | 16 | 256/1 | 256/1 | 66304 | 24576 | 2.70x |
| 256 | 256x256 | 32 | 8 | 256/1 | 256/1 | 66304 | 18432 | 3.60x |
