VPR FPGA Placement and Routing.
Version: 9.0.0-dev+v8.0.0-14979-gdefb4b454
Revision: v8.0.0-14979-gdefb4b454
Compiled: 2026-01-23T19:48:56
Compiler: GNU 13.3.0 on Linux-6.14.0-36-generic x86_64
Build Info: release IPO VTR_ASSERT_LEVEL=2

University of Toronto
verilogtorouting.org
vtr-users@googlegroups.com
This is free open source code under MIT license.

VPR was run with the following command-line:
/mnt/vault0/jiajunh5/vtr-verilog-to-routing/vpr/vpr al_like_auto.xml softmax_P2_s128 --circuit_file softmax_P2_s128.pre-vpr.blif --route_chan_width 300 --pack_high_fanout_threshold memory:100000 --seed 3

Using up to 1 parallel worker(s)

Architecture file: al_like_auto.xml
Circuit name: softmax_P2_s128

# Loading Architecture Description
# Loading Architecture Description took 0.01 seconds (max_rss 18.9 MiB, delta_rss +2.8 MiB)

Timing analysis: ON
Circuit netlist file: softmax_P2_s128.net
Circuit placement file: softmax_P2_s128.place
Circuit routing file: softmax_P2_s128.route
Circuit SDC file: softmax_P2_s128.sdc
Vpr floorplanning constraints file: not specified

Packer: ENABLED
Placer: ENABLED
Analytical Placer: DISABLED
Router: ENABLED
Analysis: SKIP IF PRIOR FAIL

VPR was run with the following options:

NetlistOpts.absorb_buffer_luts            : true
NetlistOpts.sweep_dangling_primary_ios    : true
NetlistOpts.sweep_dangling_nets           : true
NetlistOpts.sweep_dangling_blocks         : true
NetlistOpts.sweep_constant_primary_outputs: false
NetlistOpts.netlist_verbosity             : 1
NetlistOpts.const_gen_inference           : COMB_SEQ

PackerOpts.allow_unrelated_clustering: auto
PackerOpts.timing_gain_weight: 0.750000
PackerOpts.connection_gain_weight: 0.900000
PackerOpts.cluster_seed_type: BLEND2
PackerOpts.connection_driven: true
PackerOpts.timing_driven: true
PackerOpts.target_external_pin_util: auto

PlacerOpts.place_freq: PLACE_ONCE
PlacerOpts.place_algorithm: CRITICALITY_TIMING_PLACE
PlacerOpts.pad_loc_type: FREE
PlacerOpts.constraints_file: No constraints file given
PlacerOpts.place_chan_width: 300
PlacerOpts.inner_loop_recompute_divider: 0
PlacerOpts.recompute_crit_iter: 1
PlacerOpts.timing_tradeoff: 0.500000
PlacerOpts.td_place_exp_first: 1.000000
PlacerOpts.td_place_exp_last: 8.000000
PlacerOpts.delay_offset: 0.000000
PlacerOpts.delay_ramp_delta_threshold: -1
PlacerOpts.delay_ramp_slope: 0.000000
PlacerOpts.tsu_rel_margin: 1.000000
PlacerOpts.tsu_abs_margin: 0.000000
PlacerOpts.post_place_timing_report_file: 
PlacerOpts.allowed_tiles_for_delay_model: 
PlacerOpts.delay_model_reducer: MIN
PlacerOpts.delay_model_type: SIMPLE
PlacerOpts.rlim_escape_fraction: 0.000000
PlacerOpts.move_stats_file: 
PlacerOpts.placement_saves_per_temperature: 0
PlacerOpts.effort_scaling: CIRCUIT
PlacerOpts.place_delta_delay_matrix_calculation_method: ASTAR_ROUTE
PlaceOpts.seed: 3
AnnealSched.type: AUTO_SCHED
AnnealSched.inner_num: 0.500000

RouterOpts.route_type: DETAILED
RouterOpts.flat_routing: false
RouterOpts.choke_points: on
RouterOpts.router_algorithm: TIMING_DRIVEN
RouterOpts.base_cost_type: DELAY_NORMALIZED_LENGTH
RouterOpts.fixed_channel_width: 300
RouterOpts.check_route: FULL
RouterOpts.acc_fac: 1.000000
RouterOpts.bb_factor: 3
RouterOpts.bend_cost: 0.000000
RouterOpts.first_iter_pres_fac: 0.000000
RouterOpts.initial_pres_fac: 0.500000
RouterOpts.pres_fac_mult: 1.300000
RouterOpts.max_pres_fac: 1000.000000
RouterOpts.max_router_iterations: 50
RouterOpts.min_incremental_reroute_fanout: 16
RouterOpts.initial_acc_cost_chan_congestion_threshold: 0.500000
RouterOpts.initial_acc_cost_chan_congestion_weight: 0.500000
RouterOpts.do_check_rr_graph: true
RouterOpts.verify_binary_search: false
RouterOpts.min_channel_width_hint: 0
RouterOpts.read_rr_edge_metadata: false
RouterOpts.exit_after_first_routing_iteration: false
RouterOpts.astar_fac: 1.200000
RouterOpts.astar_offset: 0.000000
RouterOpts.router_profiler_astar_fac: 1.200000
RouterOpts.enable_parallel_connection_router: false
RouterOpts.post_target_prune_fac: 1.200000
RouterOpts.post_target_prune_offset: 0
RouterOpts.multi_queue_num_threads: 1
RouterOpts.multi_queue_num_queues: 2
RouterOpts.multi_queue_direct_draining: false
RouterOpts.criticality_exp: 1.000000
RouterOpts.max_criticality: 0.990000
RouterOpts.init_wirelength_abort_threshold: 0.850000
RouterOpts.incr_reroute_delay_ripup: AUTO
RouterOpts.save_routing_per_iteration: false
RouterOpts.congested_routing_iteration_threshold_frac: 1.000000
RouterOpts.high_fanout_threshold: 64
RouterOpts.router_debug_net: -2
RouterOpts.router_debug_sink_rr: -2
RouterOpts.router_debug_iteration: -2
RouterOpts.max_convergence_count: 1
RouterOpts.reconvergence_cpd_threshold: 0.990000
RouterOpts.update_lower_bound_delays: true
RouterOpts.first_iteration_timing_report_file: 
RouterOpts.route_bb_update: DYNAMIC
RouterOpts.lookahead_type: MAP
RouterOpts.initial_timing: LOOKAHEAD
RouterOpts.router_heap: FOUR_ARY_HEAP
RouterOpts.routing_failure_predictor = SAFE
RouterOpts.routing_budgets_algorithm = DISABLE

AnalysisOpts.gen_post_synthesis_netlist: false
AnalysisOpts.gen_post_implementation_merged_netlist: false
AnalysisOpts.gen_post_implementation_sdc: false
AnalysisOpts.timing_report_npaths: 100
AnalysisOpts.timing_report_skew: false
AnalysisOpts.echo_dot_timing_graph_node: -1
AnalysisOpts.timing_report_detail: NETLIST
AnalysisOpts.post_synth_netlist_unconn_input_handling: UNCONNECTED
AnalysisOpts.post_synth_netlist_unconn_output_handling: UNCONNECTED
AnalysisOpts.post_synth_netlist_module_parameters: on

# Building complex block graph
Warning 1: io[0].clock[0] unconnected pin in architecture.
Warning 2: dsp_top[0].dsp_I2[44] unconnected pin in architecture.
Warning 3: dsp_top[0].dsp_I2[45] unconnected pin in architecture.
Warning 4: dsp_top[0].dsp_I2[46] unconnected pin in architecture.
Warning 5: dsp_top[0].dsp_I2[47] unconnected pin in architecture.
Warning 6: dsp_top[0].dsp_I2[48] unconnected pin in architecture.
Warning 7: dsp_top[0].dsp_I2[49] unconnected pin in architecture.
Warning 8: dsp_top[0].dsp_I2[50] unconnected pin in architecture.
Warning 9: dsp_top[0].dsp_I2[51] unconnected pin in architecture.
Warning 10: dsp_top[0].dsp_I2[52] unconnected pin in architecture.
Warning 11: dsp_top[0].dsp_I2[53] unconnected pin in architecture.
Warning 12: dsp_top[0].dsp_I2[54] unconnected pin in architecture.
Warning 13: dsp_top[0].dsp_I2[55] unconnected pin in architecture.
Warning 14: dsp_top[0].dsp_I2[56] unconnected pin in architecture.
Warning 15: dsp_top[0].dsp_I2[57] unconnected pin in architecture.
Warning 16: dsp_top[0].dsp_I2[58] unconnected pin in architecture.
Warning 17: dsp_top[0].dsp_I2[59] unconnected pin in architecture.
Warning 18: dsp_top[0].dsp_I2[60] unconnected pin in architecture.
Warning 19: dsp_top[0].dsp_I2[61] unconnected pin in architecture.
Warning 20: dsp_top[0].dsp_I2[62] unconnected pin in architecture.
Warning 21: dsp_top[0].dsp_I2[63] unconnected pin in architecture.
Warning 22: dsp[0].dsp_I2[44] unconnected pin in architecture.
Warning 23: dsp[0].dsp_I2[45] unconnected pin in architecture.
Warning 24: dsp[0].dsp_I2[46] unconnected pin in architecture.
Warning 25: dsp[0].dsp_I2[47] unconnected pin in architecture.
Warning 26: dsp[0].dsp_I2[48] unconnected pin in architecture.
Warning 27: dsp[0].dsp_I2[49] unconnected pin in architecture.
Warning 28: dsp[0].dsp_I2[50] unconnected pin in architecture.
Warning 29: dsp[0].dsp_I2[51] unconnected pin in architecture.
Warning 30: dsp[0].dsp_I2[52] unconnected pin in architecture.
Warning 31: dsp[0].dsp_I2[53] unconnected pin in architecture.
Warning 32: dsp[0].dsp_I2[54] unconnected pin in architecture.
Warning 33: dsp[0].dsp_I2[55] unconnected pin in architecture.
Warning 34: dsp[0].dsp_I2[56] unconnected pin in architecture.
Warning 35: dsp[0].dsp_I2[57] unconnected pin in architecture.
Warning 36: dsp[0].dsp_I2[58] unconnected pin in architecture.
Warning 37: dsp[0].dsp_I2[59] unconnected pin in architecture.
Warning 38: dsp[0].dsp_I2[60] unconnected pin in architecture.
Warning 39: dsp[0].dsp_I2[61] unconnected pin in architecture.
Warning 40: dsp[0].dsp_I2[62] unconnected pin in architecture.
Warning 41: dsp[0].dsp_I2[63] unconnected pin in architecture.
Warning 42: dsp_pb[0].datain[96] unconnected pin in architecture.
Warning 43: dsp_pb[0].datain[97] unconnected pin in architecture.
Warning 44: dsp_pb[0].datain[98] unconnected pin in architecture.
Warning 45: dsp_pb[0].datain[99] unconnected pin in architecture.
Warning 46: dsp_pb[0].datain[100] unconnected pin in architecture.
Warning 47: dsp_pb[0].datain[101] unconnected pin in architecture.
Warning 48: dsp_pb[0].datain[102] unconnected pin in architecture.
Warning 49: dsp_pb[0].datain[103] unconnected pin in architecture.
Warning 50: dsp_pb[0].datain[104] unconnected pin in architecture.
Warning 51: dsp_pb[0].datain[105] unconnected pin in architecture.
Warning 52: dsp_pb[0].datain[106] unconnected pin in architecture.
Warning 53: dsp_pb[0].datain[107] unconnected pin in architecture.
Warning 54: dsp_pb[0].datain[108] unconnected pin in architecture.
Warning 55: dsp_pb[0].datain[109] unconnected pin in architecture.
Warning 56: dsp_pb[0].datain[110] unconnected pin in architecture.
Warning 57: dsp_pb[0].datain[111] unconnected pin in architecture.
Warning 58: dsp_pb[0].datain[112] unconnected pin in architecture.
Warning 59: dsp_pb[0].datain[113] unconnected pin in architecture.
Warning 60: dsp_pb[0].datain[114] unconnected pin in architecture.
Warning 61: dsp_pb[0].datain[115] unconnected pin in architecture.
# Building complex block graph took 0.06 seconds (max_rss 34.4 MiB, delta_rss +15.5 MiB)
Circuit file: softmax_P2_s128.pre-vpr.blif
# Load circuit
Found constant-one generator 'vcc'
Found constant-zero generator 'unconn'
Found constant-zero generator 'gnd'
# Load circuit took 0.27 seconds (max_rss 98.0 MiB, delta_rss +63.5 MiB)
# Clean circuit
Absorbed 516 LUT buffers
Inferred    0 additional primitive pins as constant generators since they have no combinationally connected inputs
Inferred 1384 additional primitive pins as constant generators due to constant inputs
Inferred    0 additional primitive pins as constant generators since they have no combinationally connected inputs
Inferred    0 additional primitive pins as constant generators due to constant inputs
Inferred    0 additional primitive pins as constant generators since they have no combinationally connected inputs
Inferred    0 additional primitive pins as constant generators due to constant inputs
Swept input(s)      : 4
Swept output(s)     : 0 (0 dangling, 0 constant)
Swept net(s)        : 1518
Swept block(s)      : 0
Constant Pins Marked: 1384
# Clean circuit took 0.01 seconds (max_rss 98.0 MiB, delta_rss +0.0 MiB)
# Compress circuit
# Compress circuit took 0.03 seconds (max_rss 98.0 MiB, delta_rss +0.0 MiB)
# Verify circuit
# Verify circuit took 0.01 seconds (max_rss 98.0 MiB, delta_rss +0.0 MiB)
Circuit Statistics:
  Blocks: 27820
    .input         :      44
    .latch         :    3890
    .names         :   10640
        0-LUT:       2
        2-LUT:     474
        3-LUT:    1694
        4-LUT:    3226
        5-LUT:    2092
        6-LUT:    3152
    .output        :       9
    adder          :    6435
    dpe            :      17
    multiply       :       1
    single_port_ram:    6784
  Nets  : 33533
    Avg Fanout:     4.1
    Max Fanout: 10691.0
    Min Fanout:     1.0
  Netlist Clocks: 1
# Build Timing Graph
  Timing Graph Nodes: 235149
  Timing Graph Edges: 443392
  Timing Graph Levels: 44
# Build Timing Graph took 0.26 seconds (max_rss 153.6 MiB, delta_rss +55.6 MiB)
Netlist contains 1 clocks
  Netlist Clock 'clk' Fanout: 10691 pins (6.2%), 10691 blocks (38.4%)
# Load Timing Constraints

SDC file 'softmax_P2_s128.sdc' not found
Setting default timing constraints:
   * constrain all primary inputs and primary outputs on netlist clock 'clk'
   * optimize netlist clock to run as fast as possible
Timing constraints created 1 clocks
  Constrained Clock 'clk' Source: 'clk.inpad[0]'

# Load Timing Constraints took 0.03 seconds (max_rss 153.6 MiB, delta_rss +0.0 MiB)
# Packing
## Prepacker

There is one chain in this architecture called "chain" with the following starting points:
	clb[0]/lab[0]/fle[0]/ble5[0]/arithmetic[0]/adder[0].cin[0]

## Prepacker took 0.03 seconds (max_rss 153.6 MiB, delta_rss +0.0 MiB)
## Initializing Pre-Cluster Timing
Warning 62: Block type 'wc' grid location specification endx (6 + w - 1 = 10) falls outside device horizontal range [0,9]
Using inter-cluster delay: 2.1832e-09
## Initializing Pre-Cluster Timing took 0.08 seconds (max_rss 155.1 MiB, delta_rss +1.5 MiB)
Begin packing 'softmax_P2_s128.pre-vpr.blif'.

After removing unused inputs...
	total blocks: 27820, total nets: 33533, total inputs: 44, total outputs: 9
Packing with pin utilization targets: io:1,1 clb:0.8,0.6 wc:1,1 dsp_top:1,1 memory:1,1
Packing with high fanout thresholds: io:128 clb:128 wc:128 dsp_top:128 memory:100000
Starting Clustering - Clustering Progress: 
-------------------   --------------------------   ---------
Molecules processed   Number of clusters created   FPGA size
-------------------   --------------------------   ---------
   728/18214     3%                          188    96 x 96    
  1468/18214     8%                          388    96 x 96    
  2222/18214    12%                          415    96 x 96    
  2982/18214    16%                          434    96 x 96    
  3742/18214    20%                          453    96 x 96    
  4482/18214    24%                          478    96 x 96    
  5222/18214    28%                          515    96 x 96    
  5974/18214    32%                          540    96 x 96    
  6710/18214    36%                          564    96 x 96    
  7462/18214    40%                          590    96 x 96    
  8190/18214    44%                          615    96 x 96    
  8941/18214    49%                          654    96 x 96    
  9676/18214    53%                          700    96 x 96    
 10408/18214    57%                          747    96 x 96    
 11141/18214    61%                          795    96 x 96    
 11875/18214    65%                          843    96 x 96    
 12615/18214    69%                          890    96 x 96    
 13353/18214    73%                          940    96 x 96    
 14089/18214    77%                          990    96 x 96    
 14825/18214    81%                         1040    96 x 96    
 15557/18214    85%                         1095    96 x 96    
 16293/18214    89%                         1145    96 x 96    
 17032/18214    93%                         1192    96 x 96    
 17771/18214    97%                         1253    96 x 96    
 18214/18214   100%                         1340    96 x 96    

Logic Element (fle) detailed count:
  Total number of Logic Elements used : 10142
  LEs used for logic and registers    : 2152
  LEs used for logic only             : 7990
  LEs used for registers only         : 0

FPGA sized to 96 x 96 (auto)
Device Utilization: 0.24 (target 1.00)
	Block Utilization: 0.02 Type: io
	Block Utilization: 0.15 Type: clb
	Block Utilization: 0.77 Type: wc
	Block Utilization: 0.01 Type: dsp_top
	Block Utilization: 0.78 Type: memory

Final Clustering Statistics: 
----------   --------   ------------------------------------   --------------------------
Block Type   # Blocks   Avg. # of input clocks and pins used   Avg. # of output pins used
----------   --------   ------------------------------------   --------------------------
     EMPTY          0                                      0                            0   
        io         53                               0.169811                     0.830189   
       clb       1049                                30.2355                      8.99142   
        wc         17                                     49                      40.1176   
   dsp_top          1                                     12                            7   
    memory        220                                38.9818                      30.8364   
Absorbed logical nets 16584 out of 33533 nets, 16949 nets not absorbed.

Netlist conversion complete.

Incr Slack updates 1 in 0.00204661 sec
Full Max Req/Worst Slack updates 1 in 0.000926854 sec
Incr Max Req/Worst Slack updates 0 in 0 sec
Incr Criticality updates 0 in 0 sec
Full Criticality updates 1 in 0.00600733 sec
# Packing took 19.47 seconds (max_rss 279.6 MiB, delta_rss +126.0 MiB)
# Load packing
## Loading packed FPGA netlist file.
Netlist generated from file 'softmax_P2_s128.net'.
Detected 2 constant generators (to see names run with higher pack verbosity)
Warning 63: Netlist connects net reset to both global and non-global pins.
Warning 64: Netlist connects net reset to both global and non-global pins.
Warning 65: Netlist connects net reset to both global and non-global pins.
Warning 66: Netlist connects net reset to both global and non-global pins.
Warning 67: Netlist connects net reset to both global and non-global pins.
Warning 68: Netlist connects net reset to both global and non-global pins.
Warning 69: Netlist connects net reset to both global and non-global pins.
Warning 70: Netlist connects net reset to both global and non-global pins.
Warning 71: Netlist connects net reset to both global and non-global pins.
Warning 72: Netlist connects net reset to both global and non-global pins.
## Loading packed FPGA netlist file. took 1.09 seconds (max_rss 290.1 MiB, delta_rss +10.5 MiB)
Warning 73: Treated 2 constant nets as global which will not be routed (to see net names increase packer verbosity).
Netlist contains 1027 global net to non-global architecture pin connections
Warning 74: Logic block #1294 (gnd) has only 1 output pin 'gnd.O[39]'. It may be a constant generator.
Completed clustering consistency check successfully.

Pb types usage...
  io                      : 53
   inpad                  : 44
   outpad                 : 9
  clb                     : 1049
   lab                    : 1049
    fle                   : 10142
     ble5                 : 13927
      flut5               : 7492
       lut5               : 7485
        lut               : 7485
       ff                 : 3763
      arithmetic          : 6435
       lut4               : 3
        lut               : 3
       adder              : 6435
     ble6                 : 3152
      lut6                : 3152
       lut                : 3152
      ff                  : 127
  wc                      : 17
   wc_slice               : 17
    nl_dpe                : 17
  dsp_top                 : 1
   dsp                    : 1
    dsp_pb                : 1
     mult_9x9_fixed_pt    : 1
  memory                  : 220
   mem_512x40_sp          : 220
    memory_slice          : 6784

# Load packing took 1.30 seconds (max_rss 290.1 MiB, delta_rss +10.5 MiB)
# Create Device
## Build Device Grid
FPGA sized to 96 x 96: 9216 grid tiles (auto)
## Build Device Grid took 0.02 seconds (max_rss 290.1 MiB, delta_rss +0.0 MiB)
## Build routing resource graph
## Build routing resource graph took 16.00 seconds (max_rss 1252.4 MiB, delta_rss +961.7 MiB)
  RR Graph Nodes: 2463660
  RR Graph Edges: 35068210
# Create Device took 16.98 seconds (max_rss 1252.4 MiB, delta_rss +962.3 MiB)

Resource usage...
	Netlist
		53	blocks of type: io
	Architecture
		3008	blocks of type: io
	Netlist
		1049	blocks of type: clb
	Architecture
		6840	blocks of type: clb
	Netlist
		17	blocks of type: wc
	Architecture
		22	blocks of type: wc
	Netlist
		1	blocks of type: dsp_top
	Architecture
		138	blocks of type: dsp_top
	Netlist
		220	blocks of type: memory
	Architecture
		282	blocks of type: memory

Device Utilization: 0.24 (target 1.00)
	Physical Tile io:
	Block Utilization: 0.02 Logical Block: io
	Physical Tile clb:
	Block Utilization: 0.15 Logical Block: clb
	Physical Tile wc:
	Block Utilization: 0.77 Logical Block: wc
	Physical Tile dsp_top:
	Block Utilization: 0.01 Logical Block: dsp_top
	Physical Tile memory:
	Block Utilization: 0.78 Logical Block: memory

FPGA size limited by block type(s): wc


# Computing router lookahead map
## Computing wire lookahead
## Computing wire lookahead took 14.08 seconds (max_rss 1252.4 MiB, delta_rss +0.0 MiB)
## Computing src/opin lookahead
## Computing src/opin lookahead took 0.26 seconds (max_rss 1252.4 MiB, delta_rss +0.0 MiB)
# Computing router lookahead map took 14.35 seconds (max_rss 1252.4 MiB, delta_rss +0.0 MiB)
# Compressed grid construction
# Compressed grid construction took 0.00 seconds (max_rss 1252.4 MiB, delta_rss +0.0 MiB)

Bounding box mode is Cube

# Computing placement delta delay look-up
RR graph channel widths unchanged, skipping RR graph rebuild
Serial Connection Router is being destroyed. Time spent on path search: 0.000 seconds.
# Computing placement delta delay look-up took 0.06 seconds (max_rss 1252.4 MiB, delta_rss +0.0 MiB)
# Placement
## Initial Placement
Initial placement iteration 0 has finished successfully
## Initial Placement took 0.01 seconds (max_rss 1252.4 MiB, delta_rss +0.0 MiB)
Using simple RL 'Softmax agent' for choosing move and block types

Completed placement consistency check successfully.
Initial placement cost: 1 bb_cost: 2929.53 td_cost: 1.59475e-05
Initial placement BB estimate of wirelength: 878841
Initial placement estimated Critical Path Delay (CPD): 25.9317 ns
Initial placement estimated setup Total Negative Slack (sTNS): -318131 ns
Initial placement estimated setup Worst Negative Slack (sWNS): -25.9317 ns

Initial placement estimated setup slack histogram:
[ -2.6e-08: -2.3e-08)    63 (  0.1%) |
[ -2.3e-08: -2.1e-08)   164 (  0.2%) |
[ -2.1e-08: -1.8e-08)   433 (  0.6%) |*
[ -1.8e-08: -1.6e-08)   339 (  0.5%) |
[ -1.6e-08: -1.3e-08)    11 (  0.0%) |
[ -1.3e-08:   -1e-08)  1650 (  2.4%) |**
[   -1e-08: -7.8e-09)  5479 (  8.1%) |*******
[ -7.8e-09: -5.2e-09) 10378 ( 15.3%) |*************
[ -5.2e-09: -2.6e-09) 36050 ( 53.3%) |*********************************************
[ -2.6e-09: -1.9e-11) 13059 ( 19.3%) |****************
Placement contains 0 placement macros involving 0 blocks (average macro size -nan)

Moves per temperature: 7384

---- ------ ------- ------- ---------- ---------- ------- ---------- -------- ------- ------- ------ -------- --------- ------
Tnum   Time       T Av Cost Av BB Cost Av TD Cost     CPD       sTNS     sWNS Ac Rate Std Dev  R lim Crit Exp Tot Moves  Alpha
      (sec)                                          (ns)       (ns)     (ns)                                                 
---- ------ ------- ------- ---------- ---------- ------- ---------- -------- ------- ------- ------ -------- --------- ------
   1    0.2 7.4e-04   1.014    2534.80 1.4259e-05  25.626  -2.96e+05  -25.626   0.729  0.0167   95.0     1.00      7384  1.000
   2    0.2 7.0e-04   0.969    2362.49 1.7572e-05  20.223  -2.92e+05  -20.223   0.722  0.0157   95.0     1.00     14768  0.950
   3    0.2 6.7e-04   0.969    2256.72 1.4367e-05  24.204  -3.01e+05  -24.204   0.701  0.0166   95.0     1.00     22152  0.950
   4    0.2 6.3e-04   0.975    2144.25 1.6074e-05  20.848  -2.94e+05  -20.848   0.682  0.0111   95.0     1.00     29536  0.950
   5    0.2 6.0e-04   1.007    2134.23 1.4658e-05  22.527     -3e+05  -22.527   0.669  0.0097   95.0     1.00     36920  0.950
   6    0.2 5.7e-04   0.979    2074.39 1.5719e-05  20.753  -3.02e+05  -20.753   0.669  0.0177   95.0     1.00     44304  0.950
   7    0.2 5.4e-04   0.993    1979.53 1.6089e-05  19.260  -2.88e+05  -19.260   0.650  0.0111   95.0     1.00     51688  0.950
   8    0.2 5.2e-04   0.973    1891.99 1.5345e-05  19.842  -2.88e+05  -19.842   0.627  0.0087   95.0     1.00     59072  0.950
   9    0.2 4.9e-04   0.976    1845.26 1.453e-05   20.794  -2.96e+05  -20.794   0.621  0.0175   95.0     1.00     66456  0.950
  10    0.1 4.7e-04   0.978    1735.39 1.4552e-05  19.756  -2.82e+05  -19.756   0.611  0.0071   95.0     1.00     73840  0.950
  11    0.1 4.4e-04   0.984    1700.03 1.3932e-05  19.928  -2.77e+05  -19.928   0.591  0.0097   95.0     1.00     81224  0.950
  12    0.1 4.2e-04   0.974    1610.12 1.3925e-05  19.234  -2.86e+05  -19.234   0.592  0.0106   95.0     1.00     88608  0.950
  13    0.1 4.0e-04   0.981    1568.29 1.4229e-05  18.679  -2.67e+05  -18.679   0.568  0.0118   95.0     1.00     95992  0.950
  14    0.1 3.8e-04   0.986    1509.77 1.334e-05   19.356  -2.65e+05  -19.356   0.553  0.0059   95.0     1.00    103376  0.950
  15    0.1 3.6e-04   0.990    1507.05 1.3147e-05  19.264  -2.68e+05  -19.264   0.543  0.0071   95.0     1.00    110760  0.950
  16    0.1 3.4e-04   0.983    1467.91 1.3403e-05  18.835  -2.72e+05  -18.835   0.537  0.0089   95.0     1.00    118144  0.950
  17    0.1 3.3e-04   0.989    1420.16 1.2877e-05  18.992  -2.71e+05  -18.992   0.544  0.0060   95.0     1.00    125528  0.950
  18    0.1 3.1e-04   0.984    1378.28 1.3798e-05  17.811  -2.75e+05  -17.811   0.530  0.0050   95.0     1.00    132912  0.950
  19    0.1 2.9e-04   0.992    1364.08 1.3362e-05  17.997  -2.73e+05  -17.997   0.528  0.0032   95.0     1.00    140296  0.950
  20    0.1 2.8e-04   0.992    1354.05 1.3078e-05  18.156  -2.79e+05  -18.156   0.510  0.0040   95.0     1.00    147680  0.950
  21    0.1 2.7e-04   0.987    1329.91 1.2891e-05  18.458  -2.76e+05  -18.458   0.512  0.0055   95.0     1.00    155064  0.950
  22    0.1 2.5e-04   0.993    1313.86 1.3269e-05  17.556  -2.78e+05  -17.556   0.503  0.0026   95.0     1.00    162448  0.950
  23    0.1 2.4e-04   0.990    1299.86 1.2902e-05  18.062  -2.59e+05  -18.062   0.494  0.0040   95.0     1.00    169832  0.950
  24    0.1 2.3e-04   0.993    1287.11 1.2422e-05  18.479  -2.61e+05  -18.479   0.472  0.0029   95.0     1.00    177216  0.950
  25    0.1 2.2e-04   0.993    1280.31 1.2273e-05  18.466  -2.66e+05  -18.466   0.487  0.0041   95.0     1.00    184600  0.950
  26    0.1 2.1e-04   0.988    1256.38 1.3622e-05  16.449  -2.64e+05  -16.449   0.469  0.0052   95.0     1.00    191984  0.950
  27    0.2 1.9e-04   0.993    1241.11 1.2374e-05  18.024  -2.63e+05  -18.024   0.466  0.0041   95.0     1.00    199368  0.950
  28    0.1 1.9e-04   0.996    1226.89 1.24e-05    17.740  -2.59e+05  -17.740   0.441  0.0021   95.0     1.00    206752  0.950
  29    0.1 1.8e-04   0.995    1212.25 1.2968e-05  17.173  -2.72e+05  -17.173   0.439  0.0025   95.0     1.00    214136  0.950
  30    0.1 1.7e-04   0.992    1201.44 1.2557e-05  17.488  -2.63e+05  -17.488   0.439  0.0023   94.9     1.00    221520  0.950
  31    0.1 1.6e-04   0.999    1200.78 1.1586e-05  18.606  -2.58e+05  -18.606   0.427  0.0014   94.8     1.01    228904  0.950
  32    0.1 1.5e-04   0.996    1191.51 1.1201e-05  17.629   -2.7e+05  -17.629   0.425  0.0016   93.6     1.11    236288  0.950
  33    0.1 1.4e-04   0.992    1187.78 1.0132e-05  17.607  -2.62e+05  -17.607   0.409  0.0052   92.2     1.21    243672  0.950
  34    0.1 1.4e-04   0.990    1168.33 8.2984e-06  17.694  -2.58e+05  -17.694   0.403  0.0056   89.3     1.42    251056  0.950
  35    0.2 1.3e-04   0.994    1156.14 7.0481e-06  17.399  -2.63e+05  -17.399   0.397  0.0036   86.1     1.67    258440  0.950
  36    0.1 1.2e-04   0.992    1145.73 5.2044e-06  18.130  -2.56e+05  -18.130   0.386  0.0048   82.4     1.94    265824  0.950
  37    0.1 1.2e-04   0.994    1134.49 4.6812e-06  16.858  -2.62e+05  -16.858   0.370  0.0036   77.9     2.27    273208  0.950
  38    0.1 1.1e-04   0.996    1133.99 4.3172e-06  15.989  -2.64e+05  -15.989   0.357  0.0012   72.5     2.67    280592  0.950
  39    0.1 1.1e-04   0.997    1136.43 3.4359e-06  16.075  -2.62e+05  -16.075   0.352  0.0018   66.5     3.12    287976  0.950
  40    0.1 1.0e-04   0.994    1131.40 2.5877e-06  16.640  -2.56e+05  -16.640   0.342  0.0052   60.6     3.56    295360  0.950
  41    0.1 9.5e-05   0.993    1122.11 2.4559e-06  15.782  -2.65e+05  -15.782   0.333  0.0036   54.7     4.00    302744  0.950
  42    0.1 9.0e-05   0.998    1123.95 1.9685e-06  16.016  -2.62e+05  -16.016   0.325  0.0009   48.8     4.44    310128  0.950
  43    0.1 8.6e-05   0.995    1126.92 1.4903e-06  16.642   -2.6e+05  -16.642   0.319  0.0017   43.2     4.85    317512  0.950
  44    0.1 8.1e-05   0.995    1129.76 1.4755e-06  15.956  -2.63e+05  -15.956   0.326  0.0029   38.0     5.25    324896  0.950
  45    0.1 7.7e-05   0.992    1124.16 1.6744e-06  15.083  -2.56e+05  -15.083   0.317  0.0026   33.6     5.57    332280  0.950
  46    0.1 7.4e-05   0.992    1117.00 1.3237e-06  15.644  -2.64e+05  -15.644   0.297  0.0032   29.5     5.88    339664  0.950
  47    0.1 7.0e-05   0.997    1109.44 1.3052e-06  15.194  -2.56e+05  -15.194   0.294  0.0022   25.3     6.19    347048  0.950
  48    0.1 6.6e-05   0.995    1104.97 1.1377e-06  15.272  -2.57e+05  -15.272   0.298  0.0026   21.6     6.47    354432  0.950
  49    0.1 6.3e-05   0.994    1100.94 1.1118e-06  15.137   -2.6e+05  -15.137   0.293  0.0032   18.5     6.69    361816  0.950
  50    0.1 6.0e-05   0.996    1099.72 6.8338e-07  16.023  -2.63e+05  -16.023   0.285  0.0012   15.8     6.90    369200  0.950
  51    0.1 5.7e-05   0.991    1089.49 1.1155e-06  14.888  -2.55e+05  -14.888   0.380  0.0043   13.4     7.08    376584  0.950
  52    0.1 5.4e-05   0.996    1077.96 1.2301e-06  14.403  -2.57e+05  -14.403   0.375  0.0015   12.6     7.14    383968  0.950
  53    0.1 5.1e-05   0.995    1069.39 9.8386e-07  14.914  -2.53e+05  -14.914   0.354  0.0024   11.7     7.20    391352  0.950
  54    0.1 4.9e-05   0.997    1063.96 1.1761e-06  14.393  -2.62e+05  -14.393   0.346  0.0016   10.7     7.28    398736  0.950
  55    0.1 4.6e-05   0.998    1062.48 1.0522e-06  14.601  -2.57e+05  -14.601   0.342  0.0015    9.7     7.35    406120  0.950
  56    0.1 4.4e-05   0.998    1058.37 1.0989e-06  14.393  -2.56e+05  -14.393   0.332  0.0011    8.8     7.42    413504  0.950
  57    0.1 4.2e-05   0.998    1055.07 1.0076e-06  14.437  -2.56e+05  -14.437   0.334  0.0012    7.8     7.49    420888  0.950
  58    0.1 4.0e-05   0.998    1050.99 1.0037e-06  14.431  -2.58e+05  -14.431   0.320  0.0010    7.0     7.55    428272  0.950
  59    0.1 3.8e-05   0.998    1048.18 9.1995e-07  14.534  -2.58e+05  -14.534   0.324  0.0006    6.2     7.62    435656  0.950
  60    0.1 3.6e-05   0.998    1046.43 9.8227e-07  14.345  -2.56e+05  -14.345   0.318  0.0011    5.4     7.67    443040  0.950
  61    0.1 3.4e-05   0.997    1043.33 1.0335e-06  14.201  -2.56e+05  -14.201   0.307  0.0013    4.8     7.72    450424  0.950
  62    0.1 3.2e-05   0.998    1041.60 1.025e-06   14.175  -2.52e+05  -14.175   0.312  0.0013    4.1     7.77    457808  0.950
  63    0.1 3.1e-05   0.999    1040.14 9.5634e-07  14.245  -2.57e+05  -14.245   0.315  0.0005    3.6     7.81    465192  0.950
  64    0.1 2.9e-05   0.998    1037.00 1.001e-06   14.100  -2.53e+05  -14.100   0.300  0.0010    3.2     7.84    472576  0.950
  65    0.1 2.8e-05   0.998    1033.47 9.5638e-07  14.140  -2.56e+05  -14.140   0.373  0.0009    2.7     7.87    479960  0.950
  66    0.1 2.6e-05   0.999    1030.82 9.1013e-07  14.229   -2.5e+05  -14.229   0.356  0.0005    2.5     7.89    487344  0.950
  67    0.1 2.5e-05   0.998    1027.45 8.7689e-07  14.334  -2.54e+05  -14.334   0.343  0.0014    2.3     7.90    494728  0.950
  68    0.1 2.4e-05   0.999    1024.31 8.6031e-07  14.334  -2.53e+05  -14.334   0.330  0.0005    2.1     7.92    502112  0.950
  69    0.1 2.3e-05   0.999    1022.52 7.3416e-07  14.645  -2.52e+05  -14.645   0.423  0.0006    1.9     7.94    509496  0.950
  70    0.1 2.1e-05   0.999    1020.71 7.2914e-07  14.645  -2.54e+05  -14.645   0.409  0.0004    1.8     7.94    516880  0.950
  71    0.1 2.0e-05   0.999    1020.14 7.2704e-07  14.645  -2.54e+05  -14.645   0.401  0.0005    1.8     7.94    524264  0.950
  72    0.2 1.9e-05   0.998    1018.55 7.5526e-07  14.536  -2.53e+05  -14.536   0.382  0.0005    1.7     7.95    531648  0.950
  73    0.1 1.8e-05   0.999    1017.11 8.1217e-07  14.360  -2.49e+05  -14.360   0.371  0.0004    1.6     7.95    539032  0.950
  74    0.1 1.7e-05   0.999    1016.51 7.7635e-07  14.428   -2.5e+05  -14.428   0.374  0.0005    1.5     7.96    546416  0.950
  75    0.1 1.7e-05   0.999    1014.84 8.2349e-07  14.334  -2.56e+05  -14.334   0.362  0.0005    1.4     7.97    553800  0.950
  76    0.1 1.6e-05   0.999    1014.65 7.6356e-07  14.498  -2.54e+05  -14.498   0.374  0.0004    1.3     7.98    561184  0.950
  77    0.1 1.5e-05   0.998    1013.12 7.9195e-07  14.437  -2.51e+05  -14.437   0.347  0.0006    1.2     7.98    568568  0.950
  78    0.1 1.4e-05   1.000    1012.17 8.2862e-07  14.325  -2.53e+05  -14.325   0.340  0.0002    1.1     7.99    575952  0.950
  79    0.1 1.4e-05   1.000    1011.32 7.6662e-07  14.437  -2.48e+05  -14.437   0.345  0.0002    1.0     8.00    583336  0.950
  80    0.1 1.3e-05   0.999    1010.55 8.19e-07    14.334  -2.53e+05  -14.334   0.324  0.0005    1.0     8.00    590720  0.950
  81    0.1 1.2e-05   0.999    1009.36 7.6562e-07  14.437  -2.53e+05  -14.437   0.309  0.0002    1.0     8.00    598104  0.950
  82    0.1 1.2e-05   0.999    1008.33 7.7431e-07  14.437   -2.5e+05  -14.437   0.299  0.0003    1.0     8.00    605488  0.950
  83    0.1 1.1e-05   0.999    1006.74 7.6926e-07  14.437  -2.48e+05  -14.437   0.287  0.0002    1.0     8.00    612872  0.950
  84    0.1 1.0e-05   0.999    1006.28 7.6208e-07  14.437  -2.48e+05  -14.437   0.281  0.0003    1.0     8.00    620256  0.950
  85    0.1 9.9e-06   1.000    1005.87 7.9582e-07  14.334  -2.49e+05  -14.334   0.283  0.0001    1.0     8.00    627640  0.950
  86    0.1 9.5e-06   1.000    1005.69 7.4607e-07  14.437  -2.48e+05  -14.437   0.271  0.0002    1.0     8.00    635024  0.950
  87    0.1 9.0e-06   1.000    1004.77 7.8717e-07  14.334  -2.49e+05  -14.334   0.267  0.0002    1.0     8.00    642408  0.950
  88    0.1 8.5e-06   1.000    1004.21 7.9013e-07  14.334  -2.48e+05  -14.334   0.261  0.0001    1.0     8.00    649792  0.950
  89    0.1 8.1e-06   1.000    1004.08 7.9221e-07  14.334  -2.47e+05  -14.334   0.250  0.0002    1.0     8.00    657176  0.950
  90    0.1 7.7e-06   1.000    1003.09 7.9231e-07  14.334  -2.51e+05  -14.334   0.238  0.0003    1.0     8.00    664560  0.950
  91    0.1 7.3e-06   1.000    1001.81 7.4945e-07  14.437  -2.47e+05  -14.437   0.227  0.0002    1.0     8.00    671944  0.950
  92    0.1 6.9e-06   1.000    1001.68 7.8697e-07  14.334   -2.5e+05  -14.334   0.220  0.0001    1.0     8.00    679328  0.950
  93    0.1 6.6e-06   1.000    1001.31 7.7828e-07  14.334  -2.48e+05  -14.334   0.225  0.0002    1.0     8.00    686712  0.950
  94    0.1 6.3e-06   1.000    1000.55 7.4582e-07  14.437   -2.5e+05  -14.437   0.216  0.0001    1.0     8.00    694096  0.950
  95    0.1 6.0e-06   1.000    1000.15 7.8505e-07  14.334  -2.47e+05  -14.334   0.212  0.0002    1.0     8.00    701480  0.950
  96    0.1 5.7e-06   1.000     999.76 7.8409e-07  14.334  -2.47e+05  -14.334   0.214  0.0001    1.0     8.00    708864  0.950
  97    0.1 5.4e-06   1.000     999.32 7.471e-07   14.437  -2.46e+05  -14.437   0.198  0.0001    1.0     8.00    716248  0.950
  98    0.1 5.1e-06   1.000     998.91 7.8351e-07  14.334  -2.47e+05  -14.334   0.188  0.0001    1.0     8.00    723632  0.950
  99    0.1 4.9e-06   1.000     998.48 7.8442e-07  14.334  -2.47e+05  -14.334   0.182  0.0001    1.0     8.00    731016  0.950
 100    0.1 4.6e-06   1.000     998.28 7.4701e-07  14.437  -2.46e+05  -14.437   0.176  0.0001    1.0     8.00    738400  0.950
 101    0.1 4.4e-06   1.000     998.03 7.8639e-07  14.334  -2.47e+05  -14.334   0.167  0.0001    1.0     8.00    745784  0.950
 102    0.1 4.2e-06   1.000     997.66 7.8198e-07  14.334  -2.46e+05  -14.334   0.177  0.0001    1.0     8.00    753168  0.950
 103    0.1 4.0e-06   1.000     997.34 7.4524e-07  14.437  -2.45e+05  -14.437   0.160  0.0001    1.0     8.00    760552  0.950
 104    0.1 3.8e-06   1.000     997.12 7.4594e-07  14.437  -2.44e+05  -14.437   0.155  0.0001    1.0     8.00    767936  0.950
 105    0.2 3.6e-06   1.000     996.74 7.8685e-07  14.334  -2.46e+05  -14.334   0.150  0.0001    1.0     8.00    775320  0.950
 106    0.1 3.4e-06   1.000     996.62 7.9241e-07  14.334  -2.45e+05  -14.334   0.145  0.0001    1.0     8.00    782704  0.950
Agent's 2nd state: 
 107    0.1 2.7e-06   1.000     996.37 7.8988e-07  14.334  -2.45e+05  -14.334   0.129  0.0001    1.0     8.00    790088  0.800
Checkpoint saved: bb_costs=996.18, TD costs=7.53204e-07, CPD= 14.437 (ns) 
 108    0.1 2.2e-06   1.000     996.04 7.5311e-07  14.437  -2.45e+05  -14.437   0.087  0.0001    1.0     8.00    797472  0.800
Checkpoint saved: bb_costs=995.85, TD costs=7.94059e-07, CPD= 14.334 (ns) 
 109    0.1 1.7e-06   1.000     995.69 7.9395e-07  14.334  -2.45e+05  -14.334   0.074  0.0001    1.0     8.00    804856  0.800
 110    0.1 1.4e-06   1.000     995.48 7.9054e-07  14.334  -2.44e+05  -14.334   0.068  0.0000    1.0     8.00    812240  0.800
 111    0.1 1.1e-06   1.000     995.53 7.5446e-07  14.437  -2.45e+05  -14.437   0.063  0.0000    1.0     8.00    819624  0.800
 112    0.1 8.9e-07   1.000     995.51 7.8543e-07  14.334  -2.45e+05  -14.334   0.057  0.0000    1.0     8.00    827008  0.800
 113    0.1 7.1e-07   1.000     995.35 7.4489e-07  14.437  -2.45e+05  -14.437   0.051  0.0000    1.0     8.00    834392  0.800
Checkpoint saved: bb_costs=995.227, TD costs=8.1345e-07, CPD= 14.264 (ns) 
 114    0.1 5.7e-07   1.000     995.21 8.1338e-07  14.264  -2.44e+05  -14.264   0.053  0.0000    1.0     8.00    841776  0.800
 115    0.1 4.5e-07   1.000     995.21 8.124e-07   14.264  -2.44e+05  -14.264   0.054  0.0000    1.0     8.00    849160  0.800
 116    0.1 3.6e-07   1.000     995.24 8.091e-07   14.264  -2.45e+05  -14.264   0.050  0.0000    1.0     8.00    856544  0.800
 117    0.1 0.0e+00   1.000     995.21 8.0976e-07  14.264  -2.44e+05  -14.264   0.021  0.0000    1.0     8.00    863928  0.800
## Placement Quench took 0.13 seconds (max_rss 1252.4 MiB)
post-quench CPD = 14.264 (ns) 

Completed placement consistency check successfully.

Swaps called: 865268

Aborted Move Reasons:
  No moves aborted

BB estimate of min-dist (placement) wire length: 298508

Placement estimated critical path delay (least slack): 14.264 ns, Fmax: 70.1067 MHz
Placement estimated setup Worst Negative Slack (sWNS): -14.264 ns
Placement estimated setup Total Negative Slack (sTNS): -243671 ns

Placement estimated setup slack histogram:
[ -1.4e-08: -1.3e-08)   153 (  0.2%) |
[ -1.3e-08: -1.1e-08)   719 (  1.1%) |*
[ -1.1e-08:   -1e-08)   136 (  0.2%) |
[   -1e-08: -8.6e-09)    12 (  0.0%) |
[ -8.6e-09: -7.1e-09)   514 (  0.8%) |*
[ -7.1e-09: -5.7e-09)  6440 (  9.5%) |*********
[ -5.7e-09: -4.3e-09)  7290 ( 10.8%) |***********
[ -4.3e-09: -2.9e-09) 30898 ( 45.7%) |*********************************************
[ -2.9e-09: -1.4e-09) 13231 ( 19.6%) |*******************
[ -1.4e-09: -1.9e-11)  8233 ( 12.2%) |************

Placement estimated geomean non-virtual intra-domain period: 14.264 ns (70.1067 MHz)
Placement estimated fanout-weighted geomean non-virtual intra-domain period: 14.264 ns (70.1067 MHz)

Placement cost: 0.999926, bb_cost: 995.116, td_cost: 8.13796e-07, 

Placement resource usage:
  io      implemented as io     : 53
  clb     implemented as clb    : 1049
  wc      implemented as wc     : 17
  dsp_top implemented as dsp_top: 1
  memory  implemented as memory : 220

Placement number of temperatures: 117
Placement total # of swap attempts: 865268
	Swaps accepted: 301993 (34.9 %)
	Swaps rejected: 551765 (63.8 %)
	Swaps aborted:  11510 ( 1.3 %)


Placement perturbation distribution by block and move type: 
------------------ ----------------- ---------------- ---------------- --------------- ------------ 
    Block Type         Move Type       (%) of Total      Accepted(%)     Rejected(%)    Aborted(%)
------------------ ----------------- ---------------- ---------------- --------------- ------------ 
io                 Uniform                0.96             72.46           27.54          0.00         
                   Median                 0.94             58.09           20.84          21.07        
                   Centroid               0.97             76.69           23.11          0.19         
                   W. Centroid            0.94             75.59           24.25          0.16         
                   W. Median              0.05             9.39            69.95          20.66        

clb                Uniform                18.81            16.09           83.91          0.00         
                   Median                 18.90            50.84           48.03          1.14         
                   Centroid               18.82            47.92           51.19          0.89         
                   W. Centroid            18.92            48.06           51.06          0.88         
                   W. Median              0.94             9.97            87.62          2.41         
                   Crit. Uniform          0.73             0.25            99.75          0.00         
                   Feasible Region        0.72             0.29            99.71          0.00         

wc                 Uniform                0.30             4.11            95.89          0.00         
                   Median                 0.30             6.95            70.84          22.21        
                   Centroid               0.30             6.28            89.70          4.02         
                   W. Centroid            0.30             5.91            94.09          0.00         
                   W. Median              0.01             0.00            57.26          42.74        

dsp_top            Uniform                0.02             8.19            91.81          0.00         
                   Median                 0.02             23.08           76.92          0.00         
                   Centroid               0.02             15.17           84.83          0.00         
                   W. Centroid            0.02             21.93           77.01          1.07         
                   W. Median              0.00             0.00            100.00         0.00         

memory             Uniform                3.97             5.66            94.34          0.00         
                   Median                 3.96             10.23           86.00          3.77         
                   Centroid               3.93             7.70            88.64          3.66         
                   W. Centroid            3.94             8.63            87.49          3.87         
                   W. Median              0.20             2.57            89.11          8.32         
                   Crit. Uniform          0.51             0.00            100.00         0.00         
                   Feasible Region        0.51             0.00            100.00         0.00         


Placement Quench timing analysis took 0.0584711 seconds (0.0509688 STA, 0.00750224 slack) (1 full updates: 1 setup, 0 hold, 0 combined).
Placement Total  timing analysis took 7.92698 seconds (6.38427 STA, 1.54271 slack) (119 full updates: 119 setup, 0 hold, 0 combined).
update_td_costs: connections 0 nets 0 sum_nets 0 total 0
# Placement took 17.60 seconds (max_rss 1252.4 MiB, delta_rss +0.0 MiB)

# Routing
RR graph channel widths unchanged, skipping RR graph rebuild
## Initializing router criticalities
Initial Net Connection Criticality Histogram:
[        0:      0.1)  3493 (  8.5%) |**************
[      0.1:      0.2)  7356 ( 17.9%) |******************************
[      0.2:      0.3)  5308 ( 12.9%) |*********************
[      0.3:      0.4) 11139 ( 27.1%) |*********************************************
[      0.4:      0.5)  4568 ( 11.1%) |******************
[      0.5:      0.6)   925 (  2.2%) |****
[      0.6:      0.7)  2148 (  5.2%) |*********
[      0.7:      0.8)  3323 (  8.1%) |*************
[      0.8:      0.9)  2453 (  6.0%) |**********
[      0.9:        1)   434 (  1.1%) |**
## Initializing router criticalities took 0.54 seconds (max_rss 1252.4 MiB, delta_rss +0.0 MiB)
---- ------ ------- ---- ------- ------- ------- ----------------- --------------- -------- ---------- ---------- ---------- ---------- --------
Iter   Time    pres  BBs    Heap  Re-Rtd  Re-Rtd Overused RR Nodes      Wirelength      CPD       sTNS       sWNS       hTNS       hWNS Est Succ
      (sec)     fac Updt    push    Nets   Conns                                       (ns)       (ns)       (ns)       (ns)       (ns)     Iter
---- ------ ------- ---- ------- ------- ------- ----------------- --------------- -------- ---------- ---------- ---------- ---------- --------
   1    1.1     0.0    0 6438516   16945   39394   17466 ( 0.709%)  442822 ( 8.3%)   13.392 -3.228e+05    -13.392    -0.3215     -0.019      N/A
Incr Slack updates 119 in 0.330555 sec
Full Max Req/Worst Slack updates 56 in 0.0530157 sec
Incr Max Req/Worst Slack updates 63 in 0.0823185 sec
Incr Criticality updates 21 in 0.0722917 sec
Full Criticality updates 98 in 0.904639 sec
   2    1.1     0.5    0 5667813   11396   31010    7933 ( 0.322%)  438429 ( 8.2%)   13.392 -2.989e+05    -13.392    -0.3215     -0.019      N/A
   3    0.8     0.6    0 3558317    7628   21555    5482 ( 0.223%)  440506 ( 8.2%)   13.392 -3.082e+05    -13.392    -0.3215     -0.019      N/A
   4    0.6     0.8    0 2518762    5890   16970    3995 ( 0.162%)  442097 ( 8.3%)   13.392 -3.084e+05    -13.392    -0.3215     -0.019      N/A
   5    0.5     1.1    0 1590694    4569   13581    2885 ( 0.117%)  443199 ( 8.3%)   13.392 -3.085e+05    -13.392    -0.3215     -0.019      N/A
   6    0.4     1.4    0 1100320    3495   11134    2184 ( 0.089%)  444582 ( 8.3%)   13.392 -3.085e+05    -13.392    -0.3215     -0.019      N/A
   7    0.3     1.9    0  792840    2706    9154    1604 ( 0.065%)  445584 ( 8.3%)   13.392 -3.085e+05    -13.392    -0.3215     -0.019      N/A
   8    0.3     2.4    0  633378    2094    7626    1156 ( 0.047%)  446583 ( 8.3%)   13.392 -3.086e+05    -13.392    -0.3215     -0.019      N/A
   9    0.3     3.1    0  494253    1554    6257     737 ( 0.030%)  447582 ( 8.4%)   13.392 -3.094e+05    -13.392    -0.3215     -0.019      N/A
  10    0.2     4.1    0  365266    1048    4573     457 ( 0.019%)  448491 ( 8.4%)   13.392 -3.094e+05    -13.392    -0.3215     -0.019       29
  11    0.2     5.3    0  228044     666    2884     267 ( 0.011%)  448771 ( 8.4%)   13.392 -3.094e+05    -13.392    -0.3215     -0.019       26
  12    0.2     6.9    0  135005     396    1693     136 ( 0.006%)  449467 ( 8.4%)   13.392 -3.094e+05    -13.392    -0.3215     -0.019       25
  13    0.2     9.0    0   60673     193     724      71 ( 0.003%)  449629 ( 8.4%)   13.392 -3.094e+05    -13.392    -0.3215     -0.019       22
  14    0.2    11.6    0   32750     101     330      25 ( 0.001%)  449813 ( 8.4%)   13.392 -3.094e+05    -13.392    -0.3215     -0.019       21
  15    0.2    15.1    0   13751      38     129       9 ( 0.000%)  449849 ( 8.4%)   13.392 -3.094e+05    -13.392    -0.3215     -0.019       20
  16    0.2    19.7    0    5003      14      44       3 ( 0.000%)  449861 ( 8.4%)   13.392 -3.094e+05    -13.392    -0.3215     -0.019       19
  17    0.2    25.6    0    1000       3      13       0 ( 0.000%)  449873 ( 8.4%)   13.392 -3.094e+05    -13.392    -0.3215     -0.019       18
Restoring best routing
Critical path: 13.3919 ns
Successfully routed after 17 routing iterations.
Final Net Connection Criticality Histogram:
[        0:      0.1) 2283 (  5.5%) |***********
[      0.1:      0.2) 4290 ( 10.4%) |********************
[      0.2:      0.3) 5802 ( 14.1%) |***************************
[      0.3:      0.4) 6357 ( 15.4%) |*****************************
[      0.4:      0.5) 9971 ( 24.2%) |**********************************************
[      0.5:      0.6) 3648 (  8.9%) |*****************
[      0.6:      0.7) 2074 (  5.0%) |**********
[      0.7:      0.8) 3127 (  7.6%) |**************
[      0.8:      0.9) 2814 (  6.8%) |*************
[      0.9:        1)  781 (  1.9%) |****
Router Stats: total_nets_routed: 58736 total_connections_routed: 167071 total_heap_pushes: 23636385 total_heap_pops: 5218726 
Serial Connection Router is being destroyed. Time spent on path search: 3.062 seconds.
# Routing took 7.63 seconds (max_rss 1252.4 MiB, delta_rss +0.0 MiB)

Checking to ensure routing is legal...
# Checking to ensure non-configurable edges are legal
# Checking to ensure non-configurable edges are legal took 0.13 seconds (max_rss 1252.4 MiB, delta_rss +0.0 MiB)
Completed routing consistency check successfully.

Serial number (magic cookie) for the routing is: 1041020339
Circuit successfully routed with a channel width factor of 300.
# Synchronize the packed netlist to routing optimization
## Annotating rr_node with routed nets
## Annotating rr_node with routed nets took 0.02 seconds (max_rss 1252.4 MiB, delta_rss +0.0 MiB)
Found 42571 mismatches between routing and packing results.
Fixed 29219 routing traces due to mismatch between routing and packing results.
# Synchronize the packed netlist to routing optimization took 0.21 seconds (max_rss 1252.4 MiB, delta_rss +0.0 MiB)
Final Clustering Statistics: 
----------   --------   ------------------------------------   --------------------------
Block Type   # Blocks   Avg. # of input clocks and pins used   Avg. # of output pins used
----------   --------   ------------------------------------   --------------------------
     EMPTY          0                                      0                            0   
        io         53                               0.169811                     0.830189   
       clb       1049                                30.2355                      8.99142   
        wc         17                                     49                      40.1176   
   dsp_top          1                                     12                            7   
    memory        220                                38.9818                      30.8364   
Absorbed logical nets 16584 out of 33533 nets, 16949 nets not absorbed.


Average number of bends per net: 2.19115  Maximum # of bends: 152

Number of global nets: 4
Number of routed nets (nonglobal): 16945
Wire length results (in units of 1 clb segments)...
	Total wirelength: 449873, average net length: 26.5490
	Maximum net length: 1352

Wire length results in terms of physical segments...
	Total wiring segments used: 94883, average wire segments per net: 5.59947
	Maximum segments used by a net: 311
	Total local nets with reserved CLB opins: 0
Total number of nets absorbed: 0

Routing channel utilization histogram:
[        1:      inf)     0 (  0.0%) |
[      0.9:        1)     0 (  0.0%) |
[      0.8:      0.9)     0 (  0.0%) |
[      0.7:      0.8)     0 (  0.0%) |
[      0.5:      0.6)    34 (  0.2%) |
[      0.4:      0.5)   196 (  1.1%) |*
[      0.3:      0.4)   621 (  3.4%) |**
[      0.2:      0.3)  1704 (  9.4%) |******
[      0.1:      0.2)  2989 ( 16.6%) |***********
[        0:      0.1) 12506 ( 69.3%) |*********************************************
Maximum routing channel utilization:      0.56 at (33,46)

X - Directed channels: layer   y   max occ   ave occ   ave cap
                        ----- ---- -------- -------- --------
                            0    0       12    0.681      300
                            0    1        0    0.000      300
                            0    2        0    0.000      300
                            0    3        1    0.170      300
                            0    4        2    0.255      300
                            0    5        3    0.298      300
                            0    6        6    0.851      300
                            0    7       11    1.277      300
                            0    8       12    1.787      300
                            0    9       17    3.489      300
                            0   10       21    3.894      300
                            0   11       29    3.702      300
                            0   12       34    6.638      300
                            0   13       34    6.979      300
                            0   14       38   10.213      300
                            0   15       38    7.404      300
                            0   16       48   12.436      300
                            0   17       62   14.915      300
                            0   18       62   15.064      300
                            0   19       63   15.936      300
                            0   20       60   14.681      300
                            0   21       55   16.287      300
                            0   22       70   19.457      300
                            0   23       59   19.872      300
                            0   24       71   24.202      300
                            0   25       69   16.989      300
                            0   26       97   23.968      300
                            0   27       86   23.351      300
                            0   28       76   25.074      300
                            0   29       77   25.255      300
                            0   30       73   25.202      300
                            0   31       85   29.319      300
                            0   32       86   31.755      300
                            0   33       80   27.926      300
                            0   34       88   27.298      300
                            0   35       82   34.511      300
                            0   36       79   30.298      300
                            0   37       88   34.915      300
                            0   38      104   33.926      300
                            0   39      116   38.277      300
                            0   40      111   45.181      300
                            0   41      132   45.585      300
                            0   42      141   52.330      300
                            0   43      150   54.468      300
                            0   44      139   55.617      300
                            0   45      135   55.277      300
                            0   46      139   56.053      300
                            0   47      151   63.138      300
                            0   48      137   68.404      300
                            0   49      126   57.468      300
                            0   50      128   56.223      300
                            0   51      110   53.234      300
                            0   52      116   58.638      300
                            0   53      110   58.011      300
                            0   54      117   56.926      300
                            0   55      115   54.543      300
                            0   56      120   58.734      300
                            0   57      108   51.904      300
                            0   58      112   47.830      300
                            0   59      105   51.064      300
                            0   60      117   51.149      300
                            0   61       93   39.170      300
                            0   62      104   47.181      300
                            0   63       99   49.340      300
                            0   64      121   53.713      300
                            0   65      111   47.372      300
                            0   66      100   43.011      300
                            0   67       94   42.000      300
                            0   68      101   43.809      300
                            0   69       92   42.457      300
                            0   70      120   35.160      300
                            0   71      108   33.330      300
                            0   72       96   33.532      300
                            0   73       85   27.521      300
                            0   74       86   24.723      300
                            0   75       86   19.479      300
                            0   76       79   20.266      300
                            0   77       78   19.989      300
                            0   78      106   20.606      300
                            0   79       75   16.713      300
                            0   80       54   12.447      300
                            0   81       42    8.596      300
                            0   82       45    9.351      300
                            0   83       43    7.106      300
                            0   84       32    3.574      300
                            0   85       25    3.702      300
                            0   86       15    2.894      300
                            0   87       10    1.319      300
                            0   88        8    1.319      300
                            0   89        6    0.426      300
                            0   90        2    0.170      300
                            0   91        1    0.043      300
                            0   92        1    0.340      300
                            0   93        0    0.000      300
                            0   94       11    2.000      300
Y - Directed channels: layer   x   max occ   ave occ   ave cap
                        ----- ---- -------- -------- --------
                            0    0       67   26.851      300
                            0    1       91   34.936      300
                            0    2       87   34.553      300
                            0    3       45   13.617      300
                            0    4       41   11.872      300
                            0    5       37    8.596      300
                            0    6       28    4.340      300
                            0    7       30    3.660      300
                            0    8       13    2.128      300
                            0    9       11    3.191      300
                            0   10        5    1.404      300
                            0   11        3    0.723      300
                            0   12       12    2.128      300
                            0   13       24    5.872      300
                            0   14       48   13.319      300
                            0   15       60   19.404      300
                            0   16       77   28.851      300
                            0   17      120   67.191      300
                            0   18      127   66.766      300
                            0   19       79   34.128      300
                            0   20       82   25.106      300
                            0   21       69   19.915      300
                            0   22       35    8.255      300
                            0   23       33    7.149      300
                            0   24       18    5.191      300
                            0   25       25    7.957      300
                            0   26       27    7.872      300
                            0   27       66   12.000      300
                            0   28       98   14.000      300
                            0   29      121   23.234      300
                            0   30      159   42.670      300
                            0   31      156   47.202      300
                            0   32      155   55.596      300
                            0   33      168   92.894      300
                            0   34      161   93.702      300
                            0   35      156   63.638      300
                            0   36      138   47.362      300
                            0   37       97   32.596      300
                            0   38       63   19.787      300
                            0   39       54   14.160      300
                            0   40       32    8.681      300
                            0   41       24    9.532      300
                            0   42       44    8.723      300
                            0   43       44    8.936      300
                            0   44       43    7.043      300
                            0   45       54   13.915      300
                            0   46       71   23.532      300
                            0   47       74   27.851      300
                            0   48       92   38.553      300
                            0   49      133   71.723      300
                            0   50      144   76.979      300
                            0   51      111   49.170      300
                            0   52      103   35.691      300
                            0   53       72   24.404      300
                            0   54       58   15.234      300
                            0   55       65   16.213      300
                            0   56       44   10.468      300
                            0   57       34    7.468      300
                            0   58       58   14.574      300
                            0   59       59   13.777      300
                            0   60       41   11.489      300
                            0   61       68   19.915      300
                            0   62       97   34.128      300
                            0   63      114   50.255      300
                            0   64      113   52.330      300
                            0   65      134   75.021      300
                            0   66      132   67.830      300
                            0   67      103   42.564      300
                            0   68       87   26.681      300
                            0   69       61   15.181      300
                            0   70       61   12.213      300
                            0   71       89   17.138      300
                            0   72       81   18.553      300
                            0   73       84   22.638      300
                            0   74      111   43.021      300
                            0   75       77   33.574      300
                            0   76        4    1.447      300
                            0   77       12    4.936      300
                            0   78       15    5.319      300
                            0   79       13    4.851      300
                            0   80       79   29.745      300
                            0   81      111   48.372      300
                            0   82      106   41.106      300
                            0   83       76   24.213      300
                            0   84       76   24.383      300
                            0   85       45   13.149      300
                            0   86       52   10.340      300
                            0   87       34    7.660      300
                            0   88       18    3.915      300
                            0   89       12    4.213      300
                            0   90        7    1.872      300
                            0   91       14    4.255      300
                            0   92       15    4.468      300
                            0   93       15    4.170      300
                            0   94       22    5.660      300

Total existing wires segments: CHANX 234341, CHANY 215532, ALL 449873
Total used wires segments:     CHANX 234341, CHANY 215532, ALL 449873
Usage percentage:               CHANX 0%, CHANY -1%, ALL -1039022428%

Logic area (in minimum width transistor areas, excludes I/Os and empty grid tiles)...
	Total logic block area (Warning, need to add pitch of routing to blocks with height > 3): 3.23551e+08
	Total used logic block area: 1.05282e+08

Routing area (in minimum width transistor areas)...
	Total routing area: 1.88780e+08, per logic tile: 20484.0

Total Number of Wiring Segments by Direction: direction length number
                                              --------- ------ -------
                                                      X      4 598974
                                                      Y      4 598974
                                                      X     16  25886
                                                      Y     16  25886

X - Directed Wiring Segment usage by length: length utilization
                                             ------ -----------
                                             4      0.0757
                                            16       0.131

Y - Directed Wiring Segment usage by length: length utilization
                                             ------ -----------
                                             4      0.0727
                                            16      0.0999

Segment occupancy by length: Length Occupancy Capacity Utilization
                             ------ --------- -------- -----------
                             L4         88894  1197948      0.0742
                             L16         5989    51772       0.116

Segment occupancy by type: name type utilization
                           ---- ---- -----------
                             L4    0      0.0742
                            L16    1       0.116

Final hold Worst Negative Slack (hWNS): -0.01891 ns
Final hold Total Negative Slack (hTNS): -0.32147 ns

Final hold slack histogram:
[ -1.9e-11:  9.2e-10) 10862 ( 16.1%) |*************************
[  9.2e-10:  1.9e-09)  9615 ( 14.2%) |**********************
[  1.9e-09:  2.8e-09) 19550 ( 28.9%) |*********************************************
[  2.8e-09:  3.7e-09) 15605 ( 23.1%) |************************************
[  3.7e-09:  4.7e-09)  8064 ( 11.9%) |*******************
[  4.7e-09:  5.6e-09)  2121 (  3.1%) |*****
[  5.6e-09:  6.6e-09)  1199 (  1.8%) |***
[  6.6e-09:  7.5e-09)   291 (  0.4%) |*
[  7.5e-09:  8.4e-09)   255 (  0.4%) |*
[  8.4e-09:  9.4e-09)    64 (  0.1%) |

Final critical path delay (least slack): 13.3919 ns, Fmax: 74.6721 MHz
Final setup Worst Negative Slack (sWNS): -13.3919 ns
Final setup Total Negative Slack (sTNS): -309440 ns

Final setup slack histogram:
[ -1.3e-08: -1.2e-08)   370 (  0.5%) |*
[ -1.2e-08: -1.1e-08)   498 (  0.7%) |*
[ -1.1e-08: -9.4e-09)   307 (  0.5%) |*
[ -9.4e-09:   -8e-09)  1154 (  1.7%) |**
[   -8e-09: -6.7e-09)  7066 ( 10.4%) |***************
[ -6.7e-09: -5.4e-09) 10919 ( 16.1%) |***********************
[ -5.4e-09:   -4e-09) 21057 ( 31.1%) |*********************************************
[   -4e-09: -2.7e-09) 15534 ( 23.0%) |*********************************
[ -2.7e-09: -1.4e-09)  3720 (  5.5%) |********
[ -1.4e-09: -1.9e-11)  7001 ( 10.4%) |***************

Final geomean non-virtual intra-domain period: 13.3919 ns (74.6721 MHz)
Final fanout-weighted geomean non-virtual intra-domain period: 13.3919 ns (74.6721 MHz)

Incr Slack updates 1 in 0.00276469 sec
Full Max Req/Worst Slack updates 1 in 0.000983022 sec
Incr Max Req/Worst Slack updates 0 in 0 sec
Incr Criticality updates 0 in 0 sec
Full Criticality updates 1 in 0.0112532 sec
Flow timing analysis took 11.1172 seconds (9.20373 STA, 1.91352 slack) (139 full updates: 120 setup, 0 hold, 19 combined).
VPR succeeded
The entire flow of VPR took 80.44 seconds (max_rss 1252.4 MiB)
Incr Slack updates 18 in 0.0458217 sec
Full Max Req/Worst Slack updates 2 in 0.00191262 sec
Incr Max Req/Worst Slack updates 16 in 0.0209206 sec
Incr Criticality updates 16 in 0.0560418 sec
Full Criticality updates 2 in 0.0196178 sec
