VPR FPGA Placement and Routing.
Version: 9.0.0-dev+v8.0.0-14979-gdefb4b454
Revision: v8.0.0-14979-gdefb4b454
Compiled: 2026-01-23T19:48:56
Compiler: GNU 13.3.0 on Linux-6.14.0-36-generic x86_64
Build Info: release IPO VTR_ASSERT_LEVEL=2

University of Toronto
verilogtorouting.org
vtr-users@googlegroups.com
This is free open source code under MIT license.

VPR was run with the following command-line:
/mnt/vault0/jiajunh5/vtr-verilog-to-routing/vpr/vpr azure_lily_auto.xml softmax_AL_s128 --circuit_file softmax_AL_s128.pre-vpr.blif --route_chan_width 300 --pack_high_fanout_threshold memory:100000 --seed 3

Using up to 1 parallel worker(s)

Architecture file: azure_lily_auto.xml
Circuit name: softmax_AL_s128

# Loading Architecture Description
# Loading Architecture Description took 0.01 seconds (max_rss 18.5 MiB, delta_rss +2.2 MiB)

Timing analysis: ON
Circuit netlist file: softmax_AL_s128.net
Circuit placement file: softmax_AL_s128.place
Circuit routing file: softmax_AL_s128.route
Circuit SDC file: softmax_AL_s128.sdc
Vpr floorplanning constraints file: not specified

Packer: ENABLED
Placer: ENABLED
Analytical Placer: DISABLED
Router: ENABLED
Analysis: SKIP IF PRIOR FAIL

VPR was run with the following options:

NetlistOpts.absorb_buffer_luts            : true
NetlistOpts.sweep_dangling_primary_ios    : true
NetlistOpts.sweep_dangling_nets           : true
NetlistOpts.sweep_dangling_blocks         : true
NetlistOpts.sweep_constant_primary_outputs: false
NetlistOpts.netlist_verbosity             : 1
NetlistOpts.const_gen_inference           : COMB_SEQ

PackerOpts.allow_unrelated_clustering: auto
PackerOpts.timing_gain_weight: 0.750000
PackerOpts.connection_gain_weight: 0.900000
PackerOpts.cluster_seed_type: BLEND2
PackerOpts.connection_driven: true
PackerOpts.timing_driven: true
PackerOpts.target_external_pin_util: auto

PlacerOpts.place_freq: PLACE_ONCE
PlacerOpts.place_algorithm: CRITICALITY_TIMING_PLACE
PlacerOpts.pad_loc_type: FREE
PlacerOpts.constraints_file: No constraints file given
PlacerOpts.place_chan_width: 300
PlacerOpts.inner_loop_recompute_divider: 0
PlacerOpts.recompute_crit_iter: 1
PlacerOpts.timing_tradeoff: 0.500000
PlacerOpts.td_place_exp_first: 1.000000
PlacerOpts.td_place_exp_last: 8.000000
PlacerOpts.delay_offset: 0.000000
PlacerOpts.delay_ramp_delta_threshold: -1
PlacerOpts.delay_ramp_slope: 0.000000
PlacerOpts.tsu_rel_margin: 1.000000
PlacerOpts.tsu_abs_margin: 0.000000
PlacerOpts.post_place_timing_report_file: 
PlacerOpts.allowed_tiles_for_delay_model: 
PlacerOpts.delay_model_reducer: MIN
PlacerOpts.delay_model_type: SIMPLE
PlacerOpts.rlim_escape_fraction: 0.000000
PlacerOpts.move_stats_file: 
PlacerOpts.placement_saves_per_temperature: 0
PlacerOpts.effort_scaling: CIRCUIT
PlacerOpts.place_delta_delay_matrix_calculation_method: ASTAR_ROUTE
PlaceOpts.seed: 3
AnnealSched.type: AUTO_SCHED
AnnealSched.inner_num: 0.500000

RouterOpts.route_type: DETAILED
RouterOpts.flat_routing: false
RouterOpts.choke_points: on
RouterOpts.router_algorithm: TIMING_DRIVEN
RouterOpts.base_cost_type: DELAY_NORMALIZED_LENGTH
RouterOpts.fixed_channel_width: 300
RouterOpts.check_route: FULL
RouterOpts.acc_fac: 1.000000
RouterOpts.bb_factor: 3
RouterOpts.bend_cost: 0.000000
RouterOpts.first_iter_pres_fac: 0.000000
RouterOpts.initial_pres_fac: 0.500000
RouterOpts.pres_fac_mult: 1.300000
RouterOpts.max_pres_fac: 1000.000000
RouterOpts.max_router_iterations: 50
RouterOpts.min_incremental_reroute_fanout: 16
RouterOpts.initial_acc_cost_chan_congestion_threshold: 0.500000
RouterOpts.initial_acc_cost_chan_congestion_weight: 0.500000
RouterOpts.do_check_rr_graph: true
RouterOpts.verify_binary_search: false
RouterOpts.min_channel_width_hint: 0
RouterOpts.read_rr_edge_metadata: false
RouterOpts.exit_after_first_routing_iteration: false
RouterOpts.astar_fac: 1.200000
RouterOpts.astar_offset: 0.000000
RouterOpts.router_profiler_astar_fac: 1.200000
RouterOpts.enable_parallel_connection_router: false
RouterOpts.post_target_prune_fac: 1.200000
RouterOpts.post_target_prune_offset: 0
RouterOpts.multi_queue_num_threads: 1
RouterOpts.multi_queue_num_queues: 2
RouterOpts.multi_queue_direct_draining: false
RouterOpts.criticality_exp: 1.000000
RouterOpts.max_criticality: 0.990000
RouterOpts.init_wirelength_abort_threshold: 0.850000
RouterOpts.incr_reroute_delay_ripup: AUTO
RouterOpts.save_routing_per_iteration: false
RouterOpts.congested_routing_iteration_threshold_frac: 1.000000
RouterOpts.high_fanout_threshold: 64
RouterOpts.router_debug_net: -2
RouterOpts.router_debug_sink_rr: -2
RouterOpts.router_debug_iteration: -2
RouterOpts.max_convergence_count: 1
RouterOpts.reconvergence_cpd_threshold: 0.990000
RouterOpts.update_lower_bound_delays: true
RouterOpts.first_iteration_timing_report_file: 
RouterOpts.route_bb_update: DYNAMIC
RouterOpts.lookahead_type: MAP
RouterOpts.initial_timing: LOOKAHEAD
RouterOpts.router_heap: FOUR_ARY_HEAP
RouterOpts.routing_failure_predictor = SAFE
RouterOpts.routing_budgets_algorithm = DISABLE

AnalysisOpts.gen_post_synthesis_netlist: false
AnalysisOpts.gen_post_implementation_merged_netlist: false
AnalysisOpts.gen_post_implementation_sdc: false
AnalysisOpts.timing_report_npaths: 100
AnalysisOpts.timing_report_skew: false
AnalysisOpts.echo_dot_timing_graph_node: -1
AnalysisOpts.timing_report_detail: NETLIST
AnalysisOpts.post_synth_netlist_unconn_input_handling: UNCONNECTED
AnalysisOpts.post_synth_netlist_unconn_output_handling: UNCONNECTED
AnalysisOpts.post_synth_netlist_module_parameters: on

# Building complex block graph
Warning 1: io[0].clock[0] unconnected pin in architecture.
Warning 2: dsp_top[0].dsp_I2[44] unconnected pin in architecture.
Warning 3: dsp_top[0].dsp_I2[45] unconnected pin in architecture.
Warning 4: dsp_top[0].dsp_I2[46] unconnected pin in architecture.
Warning 5: dsp_top[0].dsp_I2[47] unconnected pin in architecture.
Warning 6: dsp_top[0].dsp_I2[48] unconnected pin in architecture.
Warning 7: dsp_top[0].dsp_I2[49] unconnected pin in architecture.
Warning 8: dsp_top[0].dsp_I2[50] unconnected pin in architecture.
Warning 9: dsp_top[0].dsp_I2[51] unconnected pin in architecture.
Warning 10: dsp_top[0].dsp_I2[52] unconnected pin in architecture.
Warning 11: dsp_top[0].dsp_I2[53] unconnected pin in architecture.
Warning 12: dsp_top[0].dsp_I2[54] unconnected pin in architecture.
Warning 13: dsp_top[0].dsp_I2[55] unconnected pin in architecture.
Warning 14: dsp_top[0].dsp_I2[56] unconnected pin in architecture.
Warning 15: dsp_top[0].dsp_I2[57] unconnected pin in architecture.
Warning 16: dsp_top[0].dsp_I2[58] unconnected pin in architecture.
Warning 17: dsp_top[0].dsp_I2[59] unconnected pin in architecture.
Warning 18: dsp_top[0].dsp_I2[60] unconnected pin in architecture.
Warning 19: dsp_top[0].dsp_I2[61] unconnected pin in architecture.
Warning 20: dsp_top[0].dsp_I2[62] unconnected pin in architecture.
Warning 21: dsp_top[0].dsp_I2[63] unconnected pin in architecture.
Warning 22: dsp[0].dsp_I2[44] unconnected pin in architecture.
Warning 23: dsp[0].dsp_I2[45] unconnected pin in architecture.
Warning 24: dsp[0].dsp_I2[46] unconnected pin in architecture.
Warning 25: dsp[0].dsp_I2[47] unconnected pin in architecture.
Warning 26: dsp[0].dsp_I2[48] unconnected pin in architecture.
Warning 27: dsp[0].dsp_I2[49] unconnected pin in architecture.
Warning 28: dsp[0].dsp_I2[50] unconnected pin in architecture.
Warning 29: dsp[0].dsp_I2[51] unconnected pin in architecture.
Warning 30: dsp[0].dsp_I2[52] unconnected pin in architecture.
Warning 31: dsp[0].dsp_I2[53] unconnected pin in architecture.
Warning 32: dsp[0].dsp_I2[54] unconnected pin in architecture.
Warning 33: dsp[0].dsp_I2[55] unconnected pin in architecture.
Warning 34: dsp[0].dsp_I2[56] unconnected pin in architecture.
Warning 35: dsp[0].dsp_I2[57] unconnected pin in architecture.
Warning 36: dsp[0].dsp_I2[58] unconnected pin in architecture.
Warning 37: dsp[0].dsp_I2[59] unconnected pin in architecture.
Warning 38: dsp[0].dsp_I2[60] unconnected pin in architecture.
Warning 39: dsp[0].dsp_I2[61] unconnected pin in architecture.
Warning 40: dsp[0].dsp_I2[62] unconnected pin in architecture.
Warning 41: dsp[0].dsp_I2[63] unconnected pin in architecture.
Warning 42: dsp_pb[0].datain[96] unconnected pin in architecture.
Warning 43: dsp_pb[0].datain[97] unconnected pin in architecture.
Warning 44: dsp_pb[0].datain[98] unconnected pin in architecture.
Warning 45: dsp_pb[0].datain[99] unconnected pin in architecture.
Warning 46: dsp_pb[0].datain[100] unconnected pin in architecture.
Warning 47: dsp_pb[0].datain[101] unconnected pin in architecture.
Warning 48: dsp_pb[0].datain[102] unconnected pin in architecture.
Warning 49: dsp_pb[0].datain[103] unconnected pin in architecture.
Warning 50: dsp_pb[0].datain[104] unconnected pin in architecture.
Warning 51: dsp_pb[0].datain[105] unconnected pin in architecture.
Warning 52: dsp_pb[0].datain[106] unconnected pin in architecture.
Warning 53: dsp_pb[0].datain[107] unconnected pin in architecture.
Warning 54: dsp_pb[0].datain[108] unconnected pin in architecture.
Warning 55: dsp_pb[0].datain[109] unconnected pin in architecture.
Warning 56: dsp_pb[0].datain[110] unconnected pin in architecture.
Warning 57: dsp_pb[0].datain[111] unconnected pin in architecture.
Warning 58: dsp_pb[0].datain[112] unconnected pin in architecture.
Warning 59: dsp_pb[0].datain[113] unconnected pin in architecture.
Warning 60: dsp_pb[0].datain[114] unconnected pin in architecture.
Warning 61: dsp_pb[0].datain[115] unconnected pin in architecture.
# Building complex block graph took 0.06 seconds (max_rss 34.0 MiB, delta_rss +15.5 MiB)
Circuit file: softmax_AL_s128.pre-vpr.blif
# Load circuit
Found constant-zero generator 'gnd'
Found constant-zero generator 'unconn'
Found constant-one generator 'vcc'
# Load circuit took 0.49 seconds (max_rss 143.8 MiB, delta_rss +109.9 MiB)
# Clean circuit
Absorbed 31 LUT buffers
Inferred    0 additional primitive pins as constant generators since they have no combinationally connected inputs
Inferred 1052 additional primitive pins as constant generators due to constant inputs
Inferred    0 additional primitive pins as constant generators since they have no combinationally connected inputs
Inferred    0 additional primitive pins as constant generators due to constant inputs
Inferred    0 additional primitive pins as constant generators since they have no combinationally connected inputs
Inferred    0 additional primitive pins as constant generators due to constant inputs
Swept input(s)      : 8
Swept output(s)     : 0 (0 dangling, 0 constant)
Swept net(s)        : 2852
Swept block(s)      : 0
Constant Pins Marked: 1052
# Clean circuit took 0.01 seconds (max_rss 143.8 MiB, delta_rss +0.0 MiB)
# Compress circuit
# Compress circuit took 0.06 seconds (max_rss 143.8 MiB, delta_rss +0.0 MiB)
# Verify circuit
# Verify circuit took 0.02 seconds (max_rss 143.8 MiB, delta_rss +0.0 MiB)
Circuit Statistics:
  Blocks: 50728
    .input         :      40
    .latch         :    3849
    .names         :   30959
        0-LUT:       2
        1-LUT:    2049
        2-LUT:    2216
        3-LUT:    5050
        4-LUT:    7005
        5-LUT:    4775
        6-LUT:    9862
    .output        :       9
    adder          :    5375
    mac_int_9x9    :     256
    single_port_ram:   10240
  Nets  : 57602
    Avg Fanout:     4.2
    Max Fanout: 14345.0
    Min Fanout:     1.0
  Netlist Clocks: 1
# Build Timing Graph
  Timing Graph Nodes: 386039
  Timing Graph Edges: 707688
  Timing Graph Levels: 88
# Build Timing Graph took 0.47 seconds (max_rss 234.4 MiB, delta_rss +90.5 MiB)
Netlist contains 1 clocks
  Netlist Clock 'clk' Fanout: 14345 pins (4.8%), 14345 blocks (28.3%)
# Load Timing Constraints

SDC file 'softmax_AL_s128.sdc' not found
Setting default timing constraints:
   * constrain all primary inputs and primary outputs on netlist clock 'clk'
   * optimize netlist clock to run as fast as possible
Timing constraints created 1 clocks
  Constrained Clock 'clk' Source: 'clk.inpad[0]'

# Load Timing Constraints took 0.04 seconds (max_rss 234.4 MiB, delta_rss +0.0 MiB)
# Packing
## Prepacker

There is one chain in this architecture called "chain" with the following starting points:
	clb[0]/lab[0]/fle[0]/ble5[0]/arithmetic[0]/adder[0].cin[0]

## Prepacker took 0.05 seconds (max_rss 234.4 MiB, delta_rss +0.0 MiB)
## Initializing Pre-Cluster Timing
Warning 62: Block type 'wc' grid location specification endx (6 + w - 1 = 11) falls outside device horizontal range [0,9]
Warning 63: Block type 'dsp_top' grid location specification startx (14 = 14) falls outside device horizontal range [0,9]
Using inter-cluster delay: 2.1832e-09
## Initializing Pre-Cluster Timing took 0.14 seconds (max_rss 238.4 MiB, delta_rss +4.1 MiB)
Begin packing 'softmax_AL_s128.pre-vpr.blif'.

After removing unused inputs...
	total blocks: 50728, total nets: 57602, total inputs: 40, total outputs: 9
Packing with pin utilization targets: io:1,1 clb:0.8,0.6 wc:1,1 dsp_top:1,1 memory:1,1
Packing with high fanout thresholds: io:128 clb:128 wc:128 dsp_top:128 memory:100000
Starting Clustering - Clustering Progress: 
-------------------   --------------------------   ---------
Molecules processed   Number of clusters created   FPGA size
-------------------   --------------------------   ---------
  1688/42074     4%                          270    24 x 24    
  3372/42074     8%                          363    26 x 26    
  5057/42074    12%                          456    31 x 31    
  6746/42074    16%                          602    66 x 66    
  8440/42074    20%                          650    66 x 66    
 10160/42074    24%                          693    66 x 66    
 11854/42074    28%                          764    66 x 66    
 13558/42074    32%                          827    68 x 68    
 15246/42074    36%                          874    74 x 74    
 16950/42074    40%                          927    84 x 84    
 18639/42074    44%                          981    98 x 98    
 20324/42074    48%                         1096    98 x 98    
 22007/42074    52%                         1225    98 x 98    
 23696/42074    56%                         1356    98 x 98    
 25387/42074    60%                         1495    98 x 98    
 27072/42074    64%                         1628    98 x 98    
 28757/42074    68%                         1760    98 x 98    
 30443/42074    72%                         1898    98 x 98    
 32125/42074    76%                         2046    98 x 98    
 33817/42074    80%                         2153    98 x 98    
 35502/42074    84%                         2268    98 x 98    
 37194/42074    88%                         2393    98 x 98    
 38886/42074    92%                         2526    98 x 98    
 40570/42074    96%                         2611    98 x 98    
 42074/42074   100%                         2735    98 x 98    

Logic Element (fle) detailed count:
  Total number of Logic Elements used : 22187
  LEs used for logic and registers    : 2302
  LEs used for logic only             : 19885
  LEs used for registers only         : 0

FPGA sized to 98 x 98 (auto)
Device Utilization: 0.33 (target 1.00)
	Block Utilization: 0.02 Type: io
	Block Utilization: 0.50 Type: clb
	Block Utilization: 0.44 Type: dsp_top
	Block Utilization: 0.99 Type: memory

Final Clustering Statistics: 
----------   --------   ------------------------------------   --------------------------
Block Type   # Blocks   Avg. # of input clocks and pins used   Avg. # of output pins used
----------   --------   ------------------------------------   --------------------------
     EMPTY          0                                      0                            0   
        io         49                               0.183673                     0.816327   
       clb       2338                                25.9923                      9.53721   
        wc          0                                      0                            0   
   dsp_top         64                                     74                           44   
    memory        284                                42.9577                      36.0563   
Absorbed logical nets 22208 out of 57602 nets, 35394 nets not absorbed.

Netlist conversion complete.

Incr Slack updates 1 in 0.00308721 sec
Full Max Req/Worst Slack updates 1 in 0.00124759 sec
Incr Max Req/Worst Slack updates 0 in 0 sec
Incr Criticality updates 0 in 0 sec
Full Criticality updates 1 in 0.0103526 sec
# Packing took 26.99 seconds (max_rss 479.9 MiB, delta_rss +245.6 MiB)
# Load packing
## Loading packed FPGA netlist file.
Netlist generated from file 'softmax_AL_s128.net'.
Detected 2 constant generators (to see names run with higher pack verbosity)
Warning 64: Netlist connects net reset to both global and non-global pins.
Warning 65: Netlist connects net reset to both global and non-global pins.
Warning 66: Netlist connects net reset to both global and non-global pins.
Warning 67: Netlist connects net reset to both global and non-global pins.
Warning 68: Netlist connects net reset to both global and non-global pins.
Warning 69: Netlist connects net reset to both global and non-global pins.
Warning 70: Netlist connects net reset to both global and non-global pins.
Warning 71: Netlist connects net reset to both global and non-global pins.
Warning 72: Netlist connects net reset to both global and non-global pins.
Warning 73: Netlist connects net reset to both global and non-global pins.
Warning 74: Netlist connects net reset to both global and non-global pins.
Warning 75: Netlist connects net reset to both global and non-global pins.
Warning 76: Netlist connects net reset to both global and non-global pins.
Warning 77: Netlist connects net reset to both global and non-global pins.
Warning 78: Netlist connects net reset to both global and non-global pins.
Warning 79: Netlist connects net reset to both global and non-global pins.
Warning 80: Netlist connects net reset to both global and non-global pins.
Warning 81: Netlist connects net reset to both global and non-global pins.
Warning 82: Netlist connects net reset to both global and non-global pins.
Warning 83: Netlist connects net reset to both global and non-global pins.
Warning 84: Netlist connects net reset to both global and non-global pins.
Warning 85: Netlist connects net reset to both global and non-global pins.
Warning 86: Netlist connects net reset to both global and non-global pins.
Warning 87: Netlist connects net reset to both global and non-global pins.
## Loading packed FPGA netlist file. took 1.98 seconds (max_rss 505.9 MiB, delta_rss +26.0 MiB)
Warning 88: Treated 2 constant nets as global which will not be routed (to see net names increase packer verbosity).
Netlist contains 1860 global net to non-global architecture pin connections
Warning 89: Logic block #2685 (gnd) has only 1 output pin 'gnd.O[39]'. It may be a constant generator.
Completed clustering consistency check successfully.

Pb types usage...
  io                     : 49
   inpad                 : 40
   outpad                : 9
  clb                    : 2338
   lab                   : 2338
    fle                  : 22187
     ble5                : 24427
      flut5              : 19052
       lut5              : 19047
        lut              : 19047
       ff                : 3578
      arithmetic         : 5375
       lut4              : 2048
        lut              : 2048
       adder             : 5375
     ble6                : 9864
      lut6               : 9864
       lut               : 9864
      ff                 : 271
  dsp_top                : 64
   dsp                   : 64
    dsp_pb               : 64
     mac_9x9_fixed_pt    : 256
  memory                 : 284
   mem_512x40_sp         : 284
    memory_slice         : 10240

# Load packing took 2.32 seconds (max_rss 505.9 MiB, delta_rss +26.0 MiB)
# Create Device
## Build Device Grid
FPGA sized to 98 x 98: 9604 grid tiles (auto)
## Build Device Grid took 0.03 seconds (max_rss 505.9 MiB, delta_rss +0.0 MiB)
## Build routing resource graph
## Build routing resource graph took 12.32 seconds (max_rss 1255.2 MiB, delta_rss +749.3 MiB)
  RR Graph Nodes: 2199392
  RR Graph Edges: 26882286
# Create Device took 13.20 seconds (max_rss 1255.2 MiB, delta_rss +749.3 MiB)

Resource usage...
	Netlist
		49	blocks of type: io
	Architecture
		3072	blocks of type: io
	Netlist
		2338	blocks of type: clb
	Architecture
		4644	blocks of type: clb
	Netlist
		0	blocks of type: wc
	Architecture
		114	blocks of type: wc
	Netlist
		64	blocks of type: dsp_top
	Architecture
		144	blocks of type: dsp_top
	Netlist
		284	blocks of type: memory
	Architecture
		288	blocks of type: memory

Device Utilization: 0.33 (target 1.00)
	Physical Tile io:
	Block Utilization: 0.02 Logical Block: io
	Physical Tile clb:
	Block Utilization: 0.50 Logical Block: clb
	Physical Tile wc:
	Block Utilization: 0.00 Logical Block: wc
	Physical Tile dsp_top:
	Block Utilization: 0.44 Logical Block: dsp_top
	Physical Tile memory:
	Block Utilization: 0.99 Logical Block: memory

FPGA size limited by block type(s): memory


# Computing router lookahead map
## Computing wire lookahead
## Computing wire lookahead took 11.95 seconds (max_rss 1255.2 MiB, delta_rss +0.0 MiB)
## Computing src/opin lookahead
## Computing src/opin lookahead took 0.20 seconds (max_rss 1255.2 MiB, delta_rss +0.0 MiB)
# Computing router lookahead map took 12.16 seconds (max_rss 1255.2 MiB, delta_rss +0.0 MiB)
# Compressed grid construction
# Compressed grid construction took 0.00 seconds (max_rss 1255.2 MiB, delta_rss +0.0 MiB)

Bounding box mode is Cube

# Computing placement delta delay look-up
RR graph channel widths unchanged, skipping RR graph rebuild
Serial Connection Router is being destroyed. Time spent on path search: 0.000 seconds.
# Computing placement delta delay look-up took 0.06 seconds (max_rss 1255.2 MiB, delta_rss +0.0 MiB)
# Placement
## Initial Placement
Initial placement iteration 0 has finished successfully
## Initial Placement took 0.01 seconds (max_rss 1255.2 MiB, delta_rss +0.0 MiB)
Using simple RL 'Softmax agent' for choosing move and block types

Completed placement consistency check successfully.
Initial placement cost: 1 bb_cost: 7992.28 td_cost: 4.21403e-05
Initial placement BB estimate of wirelength: 2.39761e+06
Initial placement estimated Critical Path Delay (CPD): 50.7064 ns
Initial placement estimated setup Total Negative Slack (sTNS): -495451 ns
Initial placement estimated setup Worst Negative Slack (sWNS): -50.7064 ns

Initial placement estimated setup slack histogram:
[ -5.1e-08: -4.6e-08)    85 (  0.1%) |
[ -4.6e-08: -4.1e-08)   440 (  0.5%) |
[ -4.1e-08: -3.6e-08)   832 (  0.9%) |*
[ -3.6e-08:   -3e-08)   225 (  0.2%) |
[   -3e-08: -2.5e-08)   473 (  0.5%) |
[ -2.5e-08:   -2e-08)   916 (  1.0%) |*
[   -2e-08: -1.5e-08)  2608 (  2.9%) |**
[ -1.5e-08:   -1e-08)  1917 (  2.1%) |*
[   -1e-08: -5.1e-09) 19798 ( 21.8%) |**************
[ -5.1e-09: -1.9e-11) 63604 ( 70.0%) |*********************************************
Placement contains 0 placement macros involving 0 blocks (average macro size -nan)

Moves per temperature: 19119

---- ------ ------- ------- ---------- ---------- ------- ---------- -------- ------- ------- ------ -------- --------- ------
Tnum   Time       T Av Cost Av BB Cost Av TD Cost     CPD       sTNS     sWNS Ac Rate Std Dev  R lim Crit Exp Tot Moves  Alpha
      (sec)                                          (ns)       (ns)     (ns)                                                 
---- ------ ------- ------- ---------- ---------- ------- ---------- -------- ------- ------- ------ -------- --------- ------
   1    0.3 3.1e-04   0.980    6691.87 4.1354e-05  41.892  -5.04e+05  -41.892   0.670  0.0115   97.0     1.00     19119  1.000
   2    0.3 2.9e-04   0.972    6332.29 4.1954e-05  38.326  -4.91e+05  -38.326   0.653  0.0144   97.0     1.00     38238  0.950
   3    0.3 2.8e-04   0.971    6019.05 3.7364e-05  40.868  -4.81e+05  -40.868   0.626  0.0098   97.0     1.00     57357  0.950
   4    0.3 2.6e-04   0.973    5821.45 4.0379e-05  36.589  -4.75e+05  -36.589   0.597  0.0113   97.0     1.00     76476  0.950
   5    0.3 2.5e-04   0.954    5394.61 4.0644e-05  34.358  -4.71e+05  -34.358   0.579  0.0231   97.0     1.00     95595  0.950
   6    0.3 2.4e-04   0.973    5027.61 3.9953e-05  32.580  -4.67e+05  -32.580   0.546  0.0157   97.0     1.00    114714  0.950
   7    0.3 2.3e-04   0.960    4609.78 3.5971e-05  33.140  -4.55e+05  -33.140   0.528  0.0236   97.0     1.00    133833  0.950
   8    0.3 2.1e-04   0.952    4154.79 3.6308e-05  30.334  -4.16e+05  -30.334   0.499  0.0240   97.0     1.00    152952  0.950
   9    0.3 2.0e-04   0.964    3827.49 3.2126e-05  32.481  -4.39e+05  -32.481   0.484  0.0141   97.0     1.00    172071  0.950
  10    0.3 1.9e-04   0.958    3553.07 3.1668e-05  31.380  -4.28e+05  -31.380   0.466  0.0196   97.0     1.00    191190  0.950
  11    0.3 1.8e-04   0.972    3284.88 2.9999e-05  31.164  -4.26e+05  -31.164   0.452  0.0149   97.0     1.00    210309  0.950
  12    0.3 1.7e-04   0.972    3088.65 3.1846e-05  27.896  -4.26e+05  -27.896   0.438  0.0162   97.0     1.00    229428  0.950
  13    0.3 1.7e-04   0.980    2929.02 2.9652e-05  28.214  -4.11e+05  -28.214   0.427  0.0123   96.8     1.02    248547  0.950
  14    0.3 1.6e-04   0.979    2767.72 3.0039e-05  25.312  -4.18e+05  -25.312   0.412  0.0130   95.5     1.11    267666  0.950
  15    0.3 1.5e-04   0.986    2661.64 2.6347e-05  25.072  -4.25e+05  -25.072   0.400  0.0081   92.8     1.30    286785  0.950
  16    0.3 1.4e-04   0.981    2547.27 2.1966e-05  25.353   -4.5e+05  -25.353   0.386  0.0069   89.1     1.57    305904  0.950
  17    0.3 1.3e-04   0.983    2483.54 1.9012e-05  24.526  -4.02e+05  -24.526   0.375  0.0079   84.3     1.93    325023  0.950
  18    0.3 1.3e-04   0.981    2404.55 1.5795e-05  24.193  -3.89e+05  -24.193   0.372  0.0073   78.8     2.33    344142  0.950
  19    0.3 1.2e-04   0.988    2358.19 1.3291e-05  24.305  -3.93e+05  -24.305   0.355  0.0052   73.4     2.72    363261  0.950
  20    0.3 1.2e-04   0.992    2325.37 1.2945e-05  22.933  -3.82e+05  -22.933   0.356  0.0041   67.2     3.17    382380  0.950
  21    0.3 1.1e-04   0.987    2282.78 1.0339e-05  23.507  -3.84e+05  -23.507   0.338  0.0086   61.6     3.58    401499  0.950
  22    0.3 1.0e-04   0.988    2230.30 9.4129e-06  23.145  -4.16e+05  -23.145   0.328  0.0075   55.3     4.04    420618  0.950
  23    0.3 9.9e-05   0.991    2185.36 5.9207e-06  24.624  -3.97e+05  -24.624   0.311  0.0036   49.1     4.49    439737  0.950
  24    0.3 9.4e-05   0.990    2166.87 7.924e-06   22.309     -4e+05  -22.309   0.306  0.0033   42.8     4.96    458856  0.950
  25    0.3 8.9e-05   0.991    2150.25 6.6683e-06  22.409  -3.96e+05  -22.409   0.299  0.0056   37.0     5.37    477975  0.950
  26    0.3 8.5e-05   0.994    2133.47 5.9452e-06  22.358  -3.99e+05  -22.358   0.292  0.0036   31.8     5.75    497094  0.950
  27    0.3 8.1e-05   0.995    2128.87 6.2342e-06  21.738  -4.11e+05  -21.738   0.283  0.0020   27.1     6.10    516213  0.950
  28    0.3 7.7e-05   0.987    2096.49 4.4613e-06  22.663  -3.77e+05  -22.663   0.279  0.0050   22.8     6.41    535332  0.950
  29    0.3 7.3e-05   0.988    2075.28 5.5227e-06  21.683   -3.9e+05  -21.683   0.268  0.0049   19.2     6.67    554451  0.950
  30    0.3 6.9e-05   0.993    2060.92 4.5601e-06  21.886  -3.79e+05  -21.886   0.271  0.0033   15.9     6.91    573570  0.950
  31    0.3 6.6e-05   0.976    2001.85 4.9515e-06  21.295  -3.73e+05  -21.295   0.376  0.0103   13.2     7.11    592689  0.950
  32    0.3 6.2e-05   0.991    1957.78 4.1935e-06  21.449  -3.78e+05  -21.449   0.346  0.0046   12.3     7.17    611808  0.950
  33    0.3 5.9e-05   0.991    1935.23 4.7097e-06  20.836  -3.72e+05  -20.836   0.340  0.0036   11.2     7.26    630927  0.950
  34    0.3 5.6e-05   0.995    1922.53 3.6439e-06  21.517  -3.74e+05  -21.517   0.331  0.0028   10.1     7.34    650046  0.950
  35    0.3 5.4e-05   0.993    1911.56 3.6218e-06  21.482  -3.67e+05  -21.482   0.320  0.0035    9.0     7.42    669165  0.950
  36    0.2 5.1e-05   0.995    1894.22 4.8543e-06  20.466  -3.67e+05  -20.466   0.314  0.0029    7.9     7.50    688284  0.950
  37    0.3 4.8e-05   0.994    1877.21 4.795e-06   20.390  -3.77e+05  -20.390   0.308  0.0019    6.9     7.57    707403  0.950
  38    0.3 4.6e-05   0.994    1869.99 4.4657e-06  20.485  -3.74e+05  -20.485   0.310  0.0022    6.0     7.64    726522  0.950
  39    0.3 4.4e-05   0.994    1854.27 4.948e-06   20.116  -3.77e+05  -20.116   0.288  0.0030    5.2     7.69    745641  0.950
  40    0.2 4.1e-05   0.998    1851.70 5.0243e-06  19.960  -3.62e+05  -19.960   0.293  0.0017    4.4     7.75    764760  0.950
  41    0.2 3.9e-05   0.997    1851.95 4.5068e-06  20.260  -3.81e+05  -20.260   0.303  0.0007    3.8     7.80    783879  0.950
  42    0.3 3.7e-05   0.996    1848.24 4.4092e-06  20.161  -3.69e+05  -20.161   0.295  0.0019    3.3     7.84    802998  0.950
  43    0.3 3.6e-05   0.994    1835.93 4.2921e-06  20.170  -3.67e+05  -20.170   0.385  0.0027    2.8     7.87    822117  0.950
  44    0.3 3.4e-05   0.996    1822.42 4.2746e-06  20.064  -3.61e+05  -20.064   0.366  0.0018    2.6     7.88    841236  0.950
  45    0.3 3.2e-05   0.997    1815.20 4.2054e-06  20.059  -3.69e+05  -20.059   0.353  0.0016    2.4     7.90    860355  0.950
  46    0.3 3.0e-05   0.997    1808.52 4.2923e-06  19.947  -3.62e+05  -19.947   0.347  0.0014    2.2     7.91    879474  0.950
  47    0.3 2.9e-05   0.995    1796.73 3.545e-06   20.468  -3.61e+05  -20.468   0.332  0.0025    2.0     7.93    898593  0.950
  48    0.3 2.7e-05   0.995    1779.94 3.9423e-06  20.161  -3.52e+05  -20.161   0.466  0.0018    1.8     7.94    917712  0.950
  49    0.3 2.6e-05   0.996    1772.05 4.4829e-06  19.786  -3.61e+05  -19.786   0.447  0.0013    1.8     7.94    936831  0.950
  50    0.3 2.5e-05   0.999    1766.19 4.0095e-06  20.007  -3.59e+05  -20.007   0.448  0.0009    1.9     7.94    955950  0.950
  51    0.3 2.4e-05   0.996    1763.09 4.3163e-06  19.794  -3.62e+05  -19.794   0.431  0.0015    1.9     7.94    975069  0.950
  52    0.3 2.2e-05   0.998    1758.37 4.5608e-06  19.653  -3.69e+05  -19.653   0.424  0.0007    1.9     7.94    994188  0.950
  53    0.3 2.1e-05   0.998    1754.95 3.4888e-06  20.274  -3.65e+05  -20.274   0.410  0.0008    1.8     7.94   1013307  0.950
  54    0.2 2.0e-05   0.999    1751.97 4.1895e-06  19.788  -3.62e+05  -19.788   0.403  0.0008    1.8     7.94   1032426  0.950
  55    0.2 1.9e-05   0.998    1749.71 4.4232e-06  19.673  -3.67e+05  -19.673   0.380  0.0006    1.7     7.95   1051545  0.950
  56    0.2 1.8e-05   0.998    1746.12 3.88e-06    19.920  -3.68e+05  -19.920   0.381  0.0011    1.6     7.96   1070664  0.950
  57    0.2 1.7e-05   0.999    1741.90 4.0771e-06  19.754  -3.68e+05  -19.754   0.360  0.0003    1.5     7.96   1089783  0.950
  58    0.2 1.6e-05   0.999    1741.13 3.8946e-06  19.902  -3.72e+05  -19.902   0.366  0.0004    1.4     7.97   1108902  0.950
  59    0.2 1.6e-05   0.998    1737.45 4.1313e-06  19.788  -3.75e+05  -19.788   0.343  0.0008    1.3     7.98   1128021  0.950
  60    0.2 1.5e-05   0.999    1733.66 4.2482e-06  19.685  -3.65e+05  -19.685   0.336  0.0006    1.2     7.99   1147140  0.950
  61    0.2 1.4e-05   1.000    1731.89 4.0464e-06  19.809  -3.63e+05  -19.809   0.321  0.0003    1.0     8.00   1166259  0.950
  62    0.2 1.3e-05   0.998    1730.79 4.3453e-06  19.580  -3.64e+05  -19.580   0.311  0.0007    1.0     8.00   1185378  0.950
  63    0.3 1.3e-05   0.999    1727.96 4.0257e-06  19.788  -3.69e+05  -19.788   0.306  0.0004    1.0     8.00   1204497  0.950
  64    0.2 1.2e-05   0.999    1724.86 3.995e-06   19.757  -3.69e+05  -19.757   0.297  0.0006    1.0     8.00   1223616  0.950
  65    0.2 1.1e-05   0.999    1723.75 4.2248e-06  19.578  -3.71e+05  -19.578   0.282  0.0005    1.0     8.00   1242735  0.950
  66    0.2 1.1e-05   0.999    1722.77 3.9273e-06  19.714   -3.7e+05  -19.714   0.267  0.0003    1.0     8.00   1261854  0.950
  67    0.3 1.0e-05   0.999    1720.64 4.2296e-06  19.553  -3.65e+05  -19.553   0.266  0.0004    1.0     8.00   1280973  0.950
  68    0.3 9.9e-06   0.999    1719.18 4.2068e-06  19.553  -3.69e+05  -19.553   0.258  0.0005    1.0     8.00   1300092  0.950
  69    0.3 9.4e-06   0.999    1716.35 4.1891e-06  19.580  -3.69e+05  -19.580   0.249  0.0006    1.0     8.00   1319211  0.950
  70    0.3 8.9e-06   1.000    1715.00 3.9637e-06  19.736  -3.69e+05  -19.736   0.239  0.0002    1.0     8.00   1338330  0.950
  71    0.3 8.4e-06   0.999    1714.10 3.9743e-06  19.702  -3.67e+05  -19.702   0.218  0.0005    1.0     8.00   1357449  0.950
  72    0.3 8.0e-06   0.999    1712.76 4.1626e-06  19.580  -3.69e+05  -19.580   0.220  0.0004    1.0     8.00   1376568  0.950
  73    0.3 7.6e-06   0.999    1710.93 4.3265e-06  19.475  -3.66e+05  -19.475   0.209  0.0005    1.0     8.00   1395687  0.950
  74    0.3 7.2e-06   0.999    1709.35 3.9056e-06  19.685  -3.68e+05  -19.685   0.201  0.0003    1.0     8.00   1414806  0.950
  75    0.3 6.9e-06   0.999    1707.94 4.0956e-06  19.578  -3.65e+05  -19.578   0.195  0.0005    1.0     8.00   1433925  0.950
  76    0.3 6.5e-06   1.000    1705.98 4.0516e-06  19.578  -3.65e+05  -19.578   0.187  0.0002    1.0     8.00   1453044  0.950
  77    0.3 6.2e-06   0.999    1704.96 4.0522e-06  19.578  -3.65e+05  -19.578   0.181  0.0002    1.0     8.00   1472163  0.950
  78    0.3 5.9e-06   1.000    1703.84 4.0652e-06  19.578  -3.65e+05  -19.578   0.171  0.0002    1.0     8.00   1491282  0.950
  79    0.3 5.6e-06   1.000    1703.53 4.0434e-06  19.578  -3.66e+05  -19.578   0.166  0.0001    1.0     8.00   1510401  0.950
  80    0.3 5.3e-06   1.000    1703.48 4.0586e-06  19.580  -3.66e+05  -19.580   0.166  0.0002    1.0     8.00   1529520  0.950
  81    0.3 5.1e-06   1.000    1702.64 4.0602e-06  19.580  -3.65e+05  -19.580   0.154  0.0002    1.0     8.00   1548639  0.950
  82    0.3 4.8e-06   0.999    1701.73 4.0728e-06  19.580  -3.67e+05  -19.580   0.144  0.0003    1.0     8.00   1567758  0.950
Agent's 2nd state: 
  83    0.3 3.8e-06   0.999    1700.10 4.0039e-06  19.580  -3.68e+05  -19.580   0.125  0.0003    1.0     8.00   1586877  0.800
Checkpoint saved: bb_costs=1700.07, TD costs=4.01613e-06, CPD= 19.580 (ns) 
  84    0.3 3.1e-06   0.999    1698.97 4.0124e-06  19.580  -3.65e+05  -19.580   0.078  0.0004    1.0     8.00   1605996  0.800
Checkpoint saved: bb_costs=1698.71, TD costs=3.97398e-06, CPD= 19.578 (ns) 
  85    0.3 2.5e-06   1.000    1697.98 3.9722e-06  19.578  -3.64e+05  -19.578   0.063  0.0002    1.0     8.00   1625115  0.800
  86    0.3 2.0e-06   1.000    1697.12 3.9594e-06  19.578  -3.65e+05  -19.578   0.054  0.0003    1.0     8.00   1644234  0.800
  87    0.3 1.6e-06   1.000    1696.42 3.9532e-06  19.578  -3.65e+05  -19.578   0.045  0.0001    1.0     8.00   1663353  0.800
  88    0.3 1.3e-06   1.000    1695.90 3.9459e-06  19.578  -3.64e+05  -19.578   0.038  0.0001    1.0     8.00   1682472  0.800
  89    0.3 1.0e-06   1.000    1695.80 3.9405e-06  19.578  -3.66e+05  -19.578   0.032  0.0000    1.0     8.00   1701591  0.800
  90    0.3 8.1e-07   1.000    1695.50 3.9422e-06  19.578  -3.64e+05  -19.578   0.027  0.0000    1.0     8.00   1720710  0.800
  91    0.3 6.4e-07   1.000    1695.30 3.9504e-06  19.578  -3.65e+05  -19.578   0.023  0.0000    1.0     8.00   1739829  0.800
  92    0.3 5.2e-07   1.000    1695.35 3.9437e-06  19.578  -3.67e+05  -19.578   0.023  0.0000    1.0     8.00   1758948  0.800
  93    0.3 4.1e-07   1.000    1695.15 3.9441e-06  19.578  -3.64e+05  -19.578   0.021  0.0000    1.0     8.00   1778067  0.800
  94    0.3 3.3e-07   1.000    1694.94 3.9456e-06  19.578  -3.64e+05  -19.578   0.017  0.0000    1.0     8.00   1797186  0.800
  95    0.3 2.6e-07   1.000    1694.79 3.9448e-06  19.578  -3.64e+05  -19.578   0.017  0.0000    1.0     8.00   1816305  0.800
  96    0.3 2.1e-07   1.000    1694.83 3.9435e-06  19.578  -3.65e+05  -19.578   0.014  0.0000    1.0     8.00   1835424  0.800
  97    0.3 1.7e-07   1.000    1694.75 3.9438e-06  19.578  -3.64e+05  -19.578   0.013  0.0000    1.0     8.00   1854543  0.800
  98    0.2 0.0e+00   1.000    1694.68 3.9429e-06  19.578  -3.63e+05  -19.578   0.006  0.0000    1.0     8.00   1873662  0.800
## Placement Quench took 0.23 seconds (max_rss 1255.2 MiB)
post-quench CPD = 19.5783 (ns) 

Completed placement consistency check successfully.

Swaps called: 1876397

Aborted Move Reasons:
  No moves aborted

BB estimate of min-dist (placement) wire length: 508408

Placement estimated critical path delay (least slack): 19.5783 ns, Fmax: 51.0769 MHz
Placement estimated setup Worst Negative Slack (sWNS): -19.5783 ns
Placement estimated setup Total Negative Slack (sTNS): -362686 ns

Placement estimated setup slack histogram:
[   -2e-08: -1.8e-08)  1187 (  1.3%) |*
[ -1.8e-08: -1.6e-08)   291 (  0.3%) |
[ -1.6e-08: -1.4e-08)   552 (  0.6%) |*
[ -1.4e-08: -1.2e-08)   545 (  0.6%) |*
[ -1.2e-08: -9.8e-09)  1149 (  1.3%) |*
[ -9.8e-09: -7.8e-09)  3160 (  3.5%) |****
[ -7.8e-09: -5.9e-09)  1224 (  1.3%) |*
[ -5.9e-09: -3.9e-09) 25650 ( 28.2%) |*****************************
[ -3.9e-09:   -2e-09) 40236 ( 44.3%) |*********************************************
[   -2e-09: -1.9e-11) 16904 ( 18.6%) |*******************

Placement estimated geomean non-virtual intra-domain period: 19.5783 ns (51.0769 MHz)
Placement estimated fanout-weighted geomean non-virtual intra-domain period: 19.5783 ns (51.0769 MHz)

Placement cost: 0.999968, bb_cost: 1694.74, td_cost: 3.94268e-06, 

Placement resource usage:
  io      implemented as io     : 49
  clb     implemented as clb    : 2338
  dsp_top implemented as dsp_top: 64
  memory  implemented as memory : 284

Placement number of temperatures: 98
Placement total # of swap attempts: 1876397
	Swaps accepted:  555399 (29.6 %)
	Swaps rejected: 1309937 (69.8 %)
	Swaps aborted:   11061 ( 0.6 %)


Placement perturbation distribution by block and move type: 
------------------ ----------------- ---------------- ---------------- --------------- ------------ 
    Block Type         Move Type       (%) of Total      Accepted(%)     Rejected(%)    Aborted(%)
------------------ ----------------- ---------------- ---------------- --------------- ------------ 
io                 Uniform                0.42             75.36           24.64          0.00         
                   Median                 0.42             56.06           22.05          21.89        
                   Centroid               0.42             75.88           23.88          0.24         
                   W. Centroid            0.42             75.75           24.11          0.14         
                   W. Median              0.04             12.35           65.54          22.12        

clb                Uniform                19.94            16.43           83.57          0.00         
                   Median                 20.00            43.49           56.41          0.10         
                   Centroid               19.97            37.38           62.61          0.01         
                   W. Centroid            19.99            37.76           62.23          0.01         
                   W. Median              1.85             4.47            95.44          0.10         
                   Crit. Uniform          2.19             0.24            99.76          0.00         
                   Feasible Region        2.20             0.27            99.73          0.00         

dsp_top            Uniform                0.54             2.51            97.49          0.00         
                   Median                 0.55             5.88            94.12          0.00         
                   Centroid               0.55             5.58            94.42          0.00         
                   W. Centroid            0.55             4.65            95.35          0.00         
                   W. Median              0.05             0.00            100.00         0.00         

memory             Uniform                2.43             8.20            91.80          0.00         
                   Median                 2.43             15.35           76.02          8.63         
                   Centroid               2.42             12.95           84.12          2.94         
                   W. Centroid            2.42             13.21           80.41          6.38         
                   W. Median              0.22             10.27           77.63          12.10        


Placement Quench timing analysis took 0.0710848 seconds (0.0631115 STA, 0.00797327 slack) (1 full updates: 1 setup, 0 hold, 0 combined).
Placement Total  timing analysis took 8.68972 seconds (7.32179 STA, 1.36793 slack) (100 full updates: 100 setup, 0 hold, 0 combined).
update_td_costs: connections 0 nets 0 sum_nets 0 total 0
# Placement took 29.10 seconds (max_rss 1255.2 MiB, delta_rss +0.0 MiB)

# Routing
RR graph channel widths unchanged, skipping RR graph rebuild
## Initializing router criticalities
Initial Net Connection Criticality Histogram:
[        0:      0.1) 11592 ( 14.9%) |*****************************************
[      0.1:      0.2) 12828 ( 16.5%) |*********************************************
[      0.2:      0.3)  6284 (  8.1%) |**********************
[      0.3:      0.4)  2362 (  3.0%) |********
[      0.4:      0.5)  5278 (  6.8%) |*******************
[      0.5:      0.6)  6617 (  8.5%) |***********************
[      0.6:      0.7) 11407 ( 14.7%) |****************************************
[      0.7:      0.8) 10261 ( 13.2%) |************************************
[      0.8:      0.9)  7749 ( 10.0%) |***************************
[      0.9:        1)  3337 (  4.3%) |************
## Initializing router criticalities took 0.91 seconds (max_rss 1255.2 MiB, delta_rss +0.0 MiB)
---- ------ ------- ---- ------- ------- ------- ----------------- --------------- -------- ---------- ---------- ---------- ---------- --------
Iter   Time    pres  BBs    Heap  Re-Rtd  Re-Rtd Overused RR Nodes      Wirelength      CPD       sTNS       sWNS       hTNS       hWNS Est Succ
      (sec)     fac Updt    push    Nets   Conns                                       (ns)       (ns)       (ns)       (ns)       (ns)     Iter
---- ------ ------- ---- ------- ------- ------- ----------------- --------------- -------- ---------- ---------- ---------- ---------- --------
   1    1.6     0.0    0 1.2e+07   35390   74933   35191 ( 1.600%)  804288 (14.4%)   20.684 -4.742e+05    -20.684     -4.841     -0.019      N/A
Incr Slack updates 100 in 0.258302 sec
Full Max Req/Worst Slack updates 54 in 0.0671854 sec
Incr Max Req/Worst Slack updates 46 in 0.0784084 sec
Incr Criticality updates 23 in 0.089634 sec
Full Criticality updates 77 in 0.747116 sec
   2    1.7     0.5    0 1.1e+07   24750   60845   15606 ( 0.710%)  795833 (14.2%)   20.476 -4.655e+05    -20.476     -4.841     -0.019      N/A
   3    1.3     0.6    0 7938627   16318   43962   11073 ( 0.503%)  798816 (14.3%)   20.476 -4.724e+05    -20.476     -4.841     -0.019      N/A
   4    1.0     0.8    0 6169504   12623   35707    7916 ( 0.360%)  801851 (14.4%)   20.476 -4.656e+05    -20.476     -4.841     -0.019      N/A
   5    0.8     1.1    0 4509495    9636   28443    5531 ( 0.251%)  804140 (14.4%)   20.476 -4.702e+05    -20.476     -4.841     -0.019      N/A
   6    0.6     1.4    0 3018864    7235   22360    3968 ( 0.180%)  806977 (14.4%)   20.476 -4.678e+05    -20.476     -4.841     -0.019      N/A
   7    0.5     1.9    0 2095969    5271   16909    2726 ( 0.124%)  809309 (14.5%)   20.510 -4.731e+05    -20.510     -4.841     -0.019      N/A
   8    0.4     2.4    0 1472255    3858   13185    1826 ( 0.083%)  810786 (14.5%)   20.520 -4.743e+05    -20.520     -4.841     -0.019      N/A
   9    0.4     3.1    0 1034327    2720    9826    1167 ( 0.053%)  812579 (14.5%)   20.476 -4.742e+05    -20.476     -4.841     -0.019      N/A
  10    0.3     4.1    0  661682    1692    6411     720 ( 0.033%)  813834 (14.6%)   20.926 -4.743e+05    -20.926     -4.841     -0.019       27
  11    0.6     5.3    0  513905    1209    5007     408 ( 0.019%)  815132 (14.6%)   20.926 -4.743e+05    -20.926     -4.841     -0.019       26
  12    0.2     6.9    0  316628     722    3172     205 ( 0.009%)  815431 (14.6%)   20.926 -4.743e+05    -20.926     -4.841     -0.019       24
  13    0.2     9.0    0  210575     463    2140      94 ( 0.004%)  815845 (14.6%)   20.926 -4.744e+05    -20.926     -4.841     -0.019       23
  14    0.2    11.6    0  142491     300    1540      42 ( 0.002%)  816007 (14.6%)   20.926 -4.744e+05    -20.926     -4.841     -0.019       22
  15    0.2    15.1    0  113715     228    1225      16 ( 0.001%)  816056 (14.6%)   20.926 -4.744e+05    -20.926     -4.841     -0.019       20
  16    0.2    19.7    0   99103     199    1135       5 ( 0.000%)  816200 (14.6%)   20.926 -4.744e+05    -20.926     -4.841     -0.019       20
  17    0.2    25.6    0   97035     188    1133       4 ( 0.000%)  816220 (14.6%)   20.926 -4.744e+05    -20.926     -4.841     -0.019       19
  18    0.2    33.3    0   96324     189    1127       1 ( 0.000%)  816240 (14.6%)   20.926 -4.744e+05    -20.926     -4.841     -0.019       19
  19    0.2    43.3    0   96061     185    1132       1 ( 0.000%)  816212 (14.6%)   20.926 -4.744e+05    -20.926     -4.841     -0.019       18
  20    0.2    56.2    0   95174     185    1123       0 ( 0.000%)  816244 (14.6%)   20.926 -4.744e+05    -20.926     -4.841     -0.019       19
Restoring best routing
Critical path: 20.926 ns
Successfully routed after 20 routing iterations.
Final Net Connection Criticality Histogram:
[        0:      0.1)  7971 ( 10.3%) |*******************************
[      0.1:      0.2) 10686 ( 13.8%) |******************************************
[      0.2:      0.3)  9264 ( 11.9%) |************************************
[      0.3:      0.4)  4827 (  6.2%) |*******************
[      0.4:      0.5)  5920 (  7.6%) |***********************
[      0.5:      0.6)  7865 ( 10.1%) |*******************************
[      0.6:      0.7) 11554 ( 14.9%) |*********************************************
[      0.7:      0.8)  9636 ( 12.4%) |**************************************
[      0.8:      0.9)  7546 (  9.7%) |*****************************
[      0.9:        1)  2446 (  3.1%) |**********
Router Stats: total_nets_routed: 123361 total_connections_routed: 331315 total_heap_pushes: 51961910 total_heap_pops: 12198183 
Serial Connection Router is being destroyed. Time spent on path search: 5.786 seconds.
# Routing took 12.48 seconds (max_rss 1255.2 MiB, delta_rss +0.0 MiB)

Checking to ensure routing is legal...
# Checking to ensure non-configurable edges are legal
# Checking to ensure non-configurable edges are legal took 0.11 seconds (max_rss 1255.2 MiB, delta_rss +0.0 MiB)
Completed routing consistency check successfully.

Serial number (magic cookie) for the routing is: 1750798984
Circuit successfully routed with a channel width factor of 300.
# Synchronize the packed netlist to routing optimization
## Annotating rr_node with routed nets
## Annotating rr_node with routed nets took 0.02 seconds (max_rss 1255.2 MiB, delta_rss +0.0 MiB)
Found 84904 mismatches between routing and packing results.
Fixed 56076 routing traces due to mismatch between routing and packing results.
# Synchronize the packed netlist to routing optimization took 0.35 seconds (max_rss 1255.2 MiB, delta_rss +0.0 MiB)
Final Clustering Statistics: 
----------   --------   ------------------------------------   --------------------------
Block Type   # Blocks   Avg. # of input clocks and pins used   Avg. # of output pins used
----------   --------   ------------------------------------   --------------------------
     EMPTY          0                                      0                            0   
        io         49                               0.183673                     0.816327   
       clb       2338                                25.9923                      9.53721   
        wc          0                                      0                            0   
   dsp_top         64                                     74                           44   
    memory        284                                42.9577                      36.0563   
Absorbed logical nets 22208 out of 57602 nets, 35394 nets not absorbed.


Average number of bends per net: 1.89299  Maximum # of bends: 148

Number of global nets: 4
Number of routed nets (nonglobal): 35390
Wire length results (in units of 1 clb segments)...
	Total wirelength: 816244, average net length: 23.0643
	Maximum net length: 1769

Wire length results in terms of physical segments...
	Total wiring segments used: 172074, average wire segments per net: 4.86222
	Maximum segments used by a net: 404
	Total local nets with reserved CLB opins: 0
Total number of nets absorbed: 0

Routing channel utilization histogram:
[        1:      inf)    0 (  0.0%) |
[      0.9:        1)    0 (  0.0%) |
[      0.8:      0.9)    0 (  0.0%) |
[      0.7:      0.8)    2 (  0.0%) |
[      0.5:      0.6)  166 (  0.9%) |*
[      0.4:      0.5)  858 (  4.6%) |****
[      0.3:      0.4) 2116 ( 11.2%) |***********
[      0.2:      0.3) 3020 ( 16.0%) |***************
[      0.1:      0.2) 3647 ( 19.4%) |*******************
[        0:      0.1) 9009 ( 47.9%) |**********************************************
Maximum routing channel utilization:      0.61 at (49,44)

X - Directed channels: layer   y   max occ   ave occ   ave cap
                        ----- ---- -------- -------- --------
                            0    0       20    4.958      300
                            0    1       10    2.417      300
                            0    2       23    5.333      300
                            0    3       32    7.438      300
                            0    4       37    7.125      300
                            0    5       43    8.083      300
                            0    6       56   11.188      300
                            0    7       52   12.490      300
                            0    8       51   13.708      300
                            0    9       62   18.042      300
                            0   10       72   22.385      300
                            0   11       90   25.042      300
                            0   12       76   27.865      300
                            0   13       94   32.240      300
                            0   14       98   35.542      300
                            0   15      115   41.906      300
                            0   16      104   39.958      300
                            0   17      117   39.604      300
                            0   18      119   42.240      300
                            0   19      131   44.771      300
                            0   20      129   50.375      300
                            0   21      114   48.771      300
                            0   22      112   44.802      300
                            0   23       84   37.438      300
                            0   24       91   41.562      300
                            0   25       93   42.521      300
                            0   26      103   43.615      300
                            0   27      104   39.708      300
                            0   28      110   43.583      300
                            0   29      112   51.198      300
                            0   30      126   52.958      300
                            0   31      112   52.885      300
                            0   32      119   56.958      300
                            0   33      118   60.479      300
                            0   34      107   61.302      300
                            0   35      133   65.271      300
                            0   36      129   62.573      300
                            0   37      135   64.521      300
                            0   38      133   60.906      300
                            0   39      153   67.240      300
                            0   40      161   69.875      300
                            0   41      165   70.646      300
                            0   42      165   67.667      300
                            0   43      178   70.302      300
                            0   44      170   69.292      300
                            0   45      172   68.604      300
                            0   46      156   70.010      300
                            0   47      176   69.021      300
                            0   48      151   67.812      300
                            0   49      145   69.917      300
                            0   50      153   69.729      300
                            0   51      142   64.073      300
                            0   52      124   62.979      300
                            0   53      133   62.479      300
                            0   54      144   65.260      300
                            0   55      150   69.885      300
                            0   56      143   70.604      300
                            0   57      137   66.104      300
                            0   58      129   64.500      300
                            0   59      106   52.594      300
                            0   60      138   56.500      300
                            0   61      125   56.781      300
                            0   62      125   58.917      300
                            0   63      128   54.188      300
                            0   64      133   56.917      300
                            0   65      133   58.562      300
                            0   66      129   53.094      300
                            0   67      127   57.042      300
                            0   68      127   54.510      300
                            0   69      110   49.875      300
                            0   70      122   54.948      300
                            0   71      116   47.010      300
                            0   72      110   51.500      300
                            0   73      115   50.979      300
                            0   74      104   45.552      300
                            0   75      114   45.708      300
                            0   76      120   42.719      300
                            0   77      100   39.667      300
                            0   78      119   37.990      300
                            0   79      102   37.344      300
                            0   80      105   40.292      300
                            0   81      129   41.677      300
                            0   82      106   43.438      300
                            0   83      103   41.062      300
                            0   84      115   45.135      300
                            0   85      111   39.823      300
                            0   86      103   43.594      300
                            0   87      116   44.198      300
                            0   88      107   39.625      300
                            0   89       98   33.969      300
                            0   90      105   33.260      300
                            0   91       92   32.917      300
                            0   92       91   27.469      300
                            0   93       73   22.417      300
                            0   94       73   19.656      300
                            0   95       46   10.833      300
                            0   96       46   17.979      300
Y - Directed channels: layer   x   max occ   ave occ   ave cap
                        ----- ---- -------- -------- --------
                            0    0       77   44.562      300
                            0    1      101   56.240      300
                            0    2      121   68.312      300
                            0    3       65   27.542      300
                            0    4       67   23.531      300
                            0    5       65   24.208      300
                            0    6        4    0.500      300
                            0    7        1    0.167      300
                            0    8        1    0.125      300
                            0    9        0    0.000      300
                            0   10        0    0.000      300
                            0   11       51   12.542      300
                            0   12       89   24.365      300
                            0   13      125   47.792      300
                            0   14      137   59.875      300
                            0   15      107   50.938      300
                            0   16      113   65.479      300
                            0   17      139   98.948      300
                            0   18      148  101.552      300
                            0   19      134   73.146      300
                            0   20      111   73.844      300
                            0   21       73   42.062      300
                            0   22        3    0.562      300
                            0   23        3    1.083      300
                            0   24        1    0.208      300
                            0   25        3    0.583      300
                            0   26        3    0.500      300
                            0   27       52   26.125      300
                            0   28       94   37.542      300
                            0   29      141   70.229      300
                            0   30      153   79.990      300
                            0   31      129   72.281      300
                            0   32      149   80.521      300
                            0   33      149  112.281      300
                            0   34      170  115.406      300
                            0   35      150   84.802      300
                            0   36      152   83.708      300
                            0   37      131   64.083      300
                            0   38       10    4.427      300
                            0   39        4    1.375      300
                            0   40        7    2.667      300
                            0   41       13    5.417      300
                            0   42       10    3.906      300
                            0   43      108   51.896      300
                            0   44      161   75.083      300
                            0   45      175   95.427      300
                            0   46      171  103.844      300
                            0   47      167  100.698      300
                            0   48      175  106.708      300
                            0   49      183  126.521      300
                            0   50      177  120.885      300
                            0   51      159   91.323      300
                            0   52      140   80.833      300
                            0   53      107   53.406      300
                            0   54        2    0.333      300
                            0   55        5    1.000      300
                            0   56        1    0.625      300
                            0   57        3    0.667      300
                            0   58        7    1.083      300
                            0   59       96   37.542      300
                            0   60      121   50.167      300
                            0   61      147   70.583      300
                            0   62      157   77.958      300
                            0   63      149   73.260      300
                            0   64      136   85.573      300
                            0   65      160  106.500      300
                            0   66      163  106.688      300
                            0   67      115   72.906      300
                            0   68      101   60.844      300
                            0   69       78   37.167      300
                            0   70        5    1.208      300
                            0   71        4    0.833      300
                            0   72        1    0.208      300
                            0   73        1    0.208      300
                            0   74        1    0.167      300
                            0   75       64   20.708      300
                            0   76       72   26.583      300
                            0   77      122   54.333      300
                            0   78      132   69.854      300
                            0   79      120   58.000      300
                            0   80      112   66.323      300
                            0   81      144   95.094      300
                            0   82      143   89.552      300
                            0   83       75   35.396      300
                            0   84       62   20.958      300
                            0   85       26   10.667      300
                            0   86        0    0.000      300
                            0   87        0    0.000      300
                            0   88        0    0.000      300
                            0   89        0    0.000      300
                            0   90        0    0.000      300
                            0   91        0    0.000      300
                            0   92        0    0.000      300
                            0   93        0    0.000      300
                            0   94        0    0.000      300
                            0   95        0    0.000      300
                            0   96        0    0.000      300

Total existing wires segments: CHANX 424272, CHANY 391972, ALL 816244
Total used wires segments:     CHANX 424272, CHANY 391972, ALL 816244
Usage percentage:               CHANX 0%, CHANY -1%, ALL 1408353956%

Logic area (in minimum width transistor areas, excludes I/Os and empty grid tiles)...
	Total logic block area (Warning, need to add pitch of routing to blocks with height > 3): 4.70259e+08
	Total used logic block area: 1.2058e+08

Routing area (in minimum width transistor areas)...
	Total routing area: 1.59359e+08, per logic tile: 16592.9

Total Number of Wiring Segments by Direction: direction length number
                                              --------- ------ -------
                                                      X      4 624194
                                                      Y      4 624194
                                                      X     16  26918
                                                      Y     16  26918

X - Directed Wiring Segment usage by length: length utilization
                                             ------ -----------
                                             4       0.128
                                            16        0.25

Y - Directed Wiring Segment usage by length: length utilization
                                             ------ -----------
                                             4        0.13
                                            16       0.156

Segment occupancy by length: Length Occupancy Capacity Utilization
                             ------ --------- -------- -----------
                             L4        161130  1248388       0.129
                             L16        10944    53836       0.203

Segment occupancy by type: name type utilization
                           ---- ---- -----------
                             L4    0       0.129
                            L16    1       0.203

Final hold Worst Negative Slack (hWNS): -0.01891 ns
Final hold Total Negative Slack (hTNS): -4.84097 ns

Final hold slack histogram:
[ -1.9e-11:  9.2e-10) 14850 ( 16.3%) |***************************
[  9.2e-10:  1.9e-09)  6237 (  6.9%) |***********
[  1.9e-09:  2.8e-09) 21579 ( 23.7%) |****************************************
[  2.8e-09:  3.7e-09) 24530 ( 27.0%) |*********************************************
[  3.7e-09:  4.7e-09) 14546 ( 16.0%) |***************************
[  4.7e-09:  5.6e-09)  6080 (  6.7%) |***********
[  5.6e-09:  6.5e-09)  1903 (  2.1%) |***
[  6.5e-09:  7.5e-09)   822 (  0.9%) |**
[  7.5e-09:  8.4e-09)   269 (  0.3%) |
[  8.4e-09:  9.3e-09)    82 (  0.1%) |

Final critical path delay (least slack): 20.926 ns, Fmax: 47.7875 MHz
Final setup Worst Negative Slack (sWNS): -20.926 ns
Final setup Total Negative Slack (sTNS): -474392 ns

Final setup slack histogram:
[ -2.1e-08: -1.9e-08)   811 (  0.9%) |*
[ -1.9e-08: -1.7e-08)   575 (  0.6%) |*
[ -1.7e-08: -1.5e-08)   338 (  0.4%) |
[ -1.5e-08: -1.3e-08)   676 (  0.7%) |*
[ -1.3e-08:   -1e-08)  1232 (  1.4%) |**
[   -1e-08: -8.4e-09)  4515 (  5.0%) |******
[ -8.4e-09: -6.3e-09) 18554 ( 20.4%) |*************************
[ -6.3e-09: -4.2e-09) 33643 ( 37.0%) |*********************************************
[ -4.2e-09: -2.1e-09) 18263 ( 20.1%) |************************
[ -2.1e-09: -1.9e-11) 12291 ( 13.5%) |****************

Final geomean non-virtual intra-domain period: 20.926 ns (47.7875 MHz)
Final fanout-weighted geomean non-virtual intra-domain period: 20.926 ns (47.7875 MHz)

Incr Slack updates 1 in 0.00270137 sec
Full Max Req/Worst Slack updates 1 in 0.00124806 sec
Incr Max Req/Worst Slack updates 0 in 0 sec
Incr Criticality updates 0 in 0 sec
Full Criticality updates 1 in 0.0105767 sec
Flow timing analysis took 13.3848 seconds (11.5484 STA, 1.83635 slack) (123 full updates: 101 setup, 0 hold, 22 combined).
VPR succeeded
The entire flow of VPR took 100.94 seconds (max_rss 1255.2 MiB)
Incr Slack updates 21 in 0.0533705 sec
Full Max Req/Worst Slack updates 4 in 0.00498301 sec
Incr Max Req/Worst Slack updates 17 in 0.0291787 sec
Incr Criticality updates 14 in 0.0524642 sec
Full Criticality updates 7 in 0.0705229 sec
