VPR FPGA Placement and Routing.
Version: 9.0.0-dev+v8.0.0-14979-gdefb4b454
Revision: v8.0.0-14979-gdefb4b454
Compiled: 2026-01-23T19:48:56
Compiler: GNU 13.3.0 on Linux-6.14.0-36-generic x86_64
Build Info: release IPO VTR_ASSERT_LEVEL=2

University of Toronto
verilogtorouting.org
vtr-users@googlegroups.com
This is free open source code under MIT license.

VPR was run with the following command-line:
/mnt/vault0/jiajunh5/vtr-verilog-to-routing/vpr/vpr azure_lily_auto.xml softmax_AL5_s256 --circuit_file softmax_AL5_s256.pre-vpr.blif --route_chan_width 300 --pack_high_fanout_threshold memory:100000 --seed 3

Using up to 1 parallel worker(s)

Architecture file: azure_lily_auto.xml
Circuit name: softmax_AL5_s256

# Loading Architecture Description
# Loading Architecture Description took 0.01 seconds (max_rss 18.5 MiB, delta_rss +2.3 MiB)

Timing analysis: ON
Circuit netlist file: softmax_AL5_s256.net
Circuit placement file: softmax_AL5_s256.place
Circuit routing file: softmax_AL5_s256.route
Circuit SDC file: softmax_AL5_s256.sdc
Vpr floorplanning constraints file: not specified

Packer: ENABLED
Placer: ENABLED
Analytical Placer: DISABLED
Router: ENABLED
Analysis: SKIP IF PRIOR FAIL

VPR was run with the following options:

NetlistOpts.absorb_buffer_luts            : true
NetlistOpts.sweep_dangling_primary_ios    : true
NetlistOpts.sweep_dangling_nets           : true
NetlistOpts.sweep_dangling_blocks         : true
NetlistOpts.sweep_constant_primary_outputs: false
NetlistOpts.netlist_verbosity             : 1
NetlistOpts.const_gen_inference           : COMB_SEQ

PackerOpts.allow_unrelated_clustering: auto
PackerOpts.timing_gain_weight: 0.750000
PackerOpts.connection_gain_weight: 0.900000
PackerOpts.cluster_seed_type: BLEND2
PackerOpts.connection_driven: true
PackerOpts.timing_driven: true
PackerOpts.target_external_pin_util: auto

PlacerOpts.place_freq: PLACE_ONCE
PlacerOpts.place_algorithm: CRITICALITY_TIMING_PLACE
PlacerOpts.pad_loc_type: FREE
PlacerOpts.constraints_file: No constraints file given
PlacerOpts.place_chan_width: 300
PlacerOpts.inner_loop_recompute_divider: 0
PlacerOpts.recompute_crit_iter: 1
PlacerOpts.timing_tradeoff: 0.500000
PlacerOpts.td_place_exp_first: 1.000000
PlacerOpts.td_place_exp_last: 8.000000
PlacerOpts.delay_offset: 0.000000
PlacerOpts.delay_ramp_delta_threshold: -1
PlacerOpts.delay_ramp_slope: 0.000000
PlacerOpts.tsu_rel_margin: 1.000000
PlacerOpts.tsu_abs_margin: 0.000000
PlacerOpts.post_place_timing_report_file: 
PlacerOpts.allowed_tiles_for_delay_model: 
PlacerOpts.delay_model_reducer: MIN
PlacerOpts.delay_model_type: SIMPLE
PlacerOpts.rlim_escape_fraction: 0.000000
PlacerOpts.move_stats_file: 
PlacerOpts.placement_saves_per_temperature: 0
PlacerOpts.effort_scaling: CIRCUIT
PlacerOpts.place_delta_delay_matrix_calculation_method: ASTAR_ROUTE
PlaceOpts.seed: 3
AnnealSched.type: AUTO_SCHED
AnnealSched.inner_num: 0.500000

RouterOpts.route_type: DETAILED
RouterOpts.flat_routing: false
RouterOpts.choke_points: on
RouterOpts.router_algorithm: TIMING_DRIVEN
RouterOpts.base_cost_type: DELAY_NORMALIZED_LENGTH
RouterOpts.fixed_channel_width: 300
RouterOpts.check_route: FULL
RouterOpts.acc_fac: 1.000000
RouterOpts.bb_factor: 3
RouterOpts.bend_cost: 0.000000
RouterOpts.first_iter_pres_fac: 0.000000
RouterOpts.initial_pres_fac: 0.500000
RouterOpts.pres_fac_mult: 1.300000
RouterOpts.max_pres_fac: 1000.000000
RouterOpts.max_router_iterations: 50
RouterOpts.min_incremental_reroute_fanout: 16
RouterOpts.initial_acc_cost_chan_congestion_threshold: 0.500000
RouterOpts.initial_acc_cost_chan_congestion_weight: 0.500000
RouterOpts.do_check_rr_graph: true
RouterOpts.verify_binary_search: false
RouterOpts.min_channel_width_hint: 0
RouterOpts.read_rr_edge_metadata: false
RouterOpts.exit_after_first_routing_iteration: false
RouterOpts.astar_fac: 1.200000
RouterOpts.astar_offset: 0.000000
RouterOpts.router_profiler_astar_fac: 1.200000
RouterOpts.enable_parallel_connection_router: false
RouterOpts.post_target_prune_fac: 1.200000
RouterOpts.post_target_prune_offset: 0
RouterOpts.multi_queue_num_threads: 1
RouterOpts.multi_queue_num_queues: 2
RouterOpts.multi_queue_direct_draining: false
RouterOpts.criticality_exp: 1.000000
RouterOpts.max_criticality: 0.990000
RouterOpts.init_wirelength_abort_threshold: 0.850000
RouterOpts.incr_reroute_delay_ripup: AUTO
RouterOpts.save_routing_per_iteration: false
RouterOpts.congested_routing_iteration_threshold_frac: 1.000000
RouterOpts.high_fanout_threshold: 64
RouterOpts.router_debug_net: -2
RouterOpts.router_debug_sink_rr: -2
RouterOpts.router_debug_iteration: -2
RouterOpts.max_convergence_count: 1
RouterOpts.reconvergence_cpd_threshold: 0.990000
RouterOpts.update_lower_bound_delays: true
RouterOpts.first_iteration_timing_report_file: 
RouterOpts.route_bb_update: DYNAMIC
RouterOpts.lookahead_type: MAP
RouterOpts.initial_timing: LOOKAHEAD
RouterOpts.router_heap: FOUR_ARY_HEAP
RouterOpts.routing_failure_predictor = SAFE
RouterOpts.routing_budgets_algorithm = DISABLE

AnalysisOpts.gen_post_synthesis_netlist: false
AnalysisOpts.gen_post_implementation_merged_netlist: false
AnalysisOpts.gen_post_implementation_sdc: false
AnalysisOpts.timing_report_npaths: 100
AnalysisOpts.timing_report_skew: false
AnalysisOpts.echo_dot_timing_graph_node: -1
AnalysisOpts.timing_report_detail: NETLIST
AnalysisOpts.post_synth_netlist_unconn_input_handling: UNCONNECTED
AnalysisOpts.post_synth_netlist_unconn_output_handling: UNCONNECTED
AnalysisOpts.post_synth_netlist_module_parameters: on

# Building complex block graph
Warning 1: io[0].clock[0] unconnected pin in architecture.
Warning 2: dsp_top[0].dsp_I2[44] unconnected pin in architecture.
Warning 3: dsp_top[0].dsp_I2[45] unconnected pin in architecture.
Warning 4: dsp_top[0].dsp_I2[46] unconnected pin in architecture.
Warning 5: dsp_top[0].dsp_I2[47] unconnected pin in architecture.
Warning 6: dsp_top[0].dsp_I2[48] unconnected pin in architecture.
Warning 7: dsp_top[0].dsp_I2[49] unconnected pin in architecture.
Warning 8: dsp_top[0].dsp_I2[50] unconnected pin in architecture.
Warning 9: dsp_top[0].dsp_I2[51] unconnected pin in architecture.
Warning 10: dsp_top[0].dsp_I2[52] unconnected pin in architecture.
Warning 11: dsp_top[0].dsp_I2[53] unconnected pin in architecture.
Warning 12: dsp_top[0].dsp_I2[54] unconnected pin in architecture.
Warning 13: dsp_top[0].dsp_I2[55] unconnected pin in architecture.
Warning 14: dsp_top[0].dsp_I2[56] unconnected pin in architecture.
Warning 15: dsp_top[0].dsp_I2[57] unconnected pin in architecture.
Warning 16: dsp_top[0].dsp_I2[58] unconnected pin in architecture.
Warning 17: dsp_top[0].dsp_I2[59] unconnected pin in architecture.
Warning 18: dsp_top[0].dsp_I2[60] unconnected pin in architecture.
Warning 19: dsp_top[0].dsp_I2[61] unconnected pin in architecture.
Warning 20: dsp_top[0].dsp_I2[62] unconnected pin in architecture.
Warning 21: dsp_top[0].dsp_I2[63] unconnected pin in architecture.
Warning 22: dsp[0].dsp_I2[44] unconnected pin in architecture.
Warning 23: dsp[0].dsp_I2[45] unconnected pin in architecture.
Warning 24: dsp[0].dsp_I2[46] unconnected pin in architecture.
Warning 25: dsp[0].dsp_I2[47] unconnected pin in architecture.
Warning 26: dsp[0].dsp_I2[48] unconnected pin in architecture.
Warning 27: dsp[0].dsp_I2[49] unconnected pin in architecture.
Warning 28: dsp[0].dsp_I2[50] unconnected pin in architecture.
Warning 29: dsp[0].dsp_I2[51] unconnected pin in architecture.
Warning 30: dsp[0].dsp_I2[52] unconnected pin in architecture.
Warning 31: dsp[0].dsp_I2[53] unconnected pin in architecture.
Warning 32: dsp[0].dsp_I2[54] unconnected pin in architecture.
Warning 33: dsp[0].dsp_I2[55] unconnected pin in architecture.
Warning 34: dsp[0].dsp_I2[56] unconnected pin in architecture.
Warning 35: dsp[0].dsp_I2[57] unconnected pin in architecture.
Warning 36: dsp[0].dsp_I2[58] unconnected pin in architecture.
Warning 37: dsp[0].dsp_I2[59] unconnected pin in architecture.
Warning 38: dsp[0].dsp_I2[60] unconnected pin in architecture.
Warning 39: dsp[0].dsp_I2[61] unconnected pin in architecture.
Warning 40: dsp[0].dsp_I2[62] unconnected pin in architecture.
Warning 41: dsp[0].dsp_I2[63] unconnected pin in architecture.
Warning 42: dsp_pb[0].datain[96] unconnected pin in architecture.
Warning 43: dsp_pb[0].datain[97] unconnected pin in architecture.
Warning 44: dsp_pb[0].datain[98] unconnected pin in architecture.
Warning 45: dsp_pb[0].datain[99] unconnected pin in architecture.
Warning 46: dsp_pb[0].datain[100] unconnected pin in architecture.
Warning 47: dsp_pb[0].datain[101] unconnected pin in architecture.
Warning 48: dsp_pb[0].datain[102] unconnected pin in architecture.
Warning 49: dsp_pb[0].datain[103] unconnected pin in architecture.
Warning 50: dsp_pb[0].datain[104] unconnected pin in architecture.
Warning 51: dsp_pb[0].datain[105] unconnected pin in architecture.
Warning 52: dsp_pb[0].datain[106] unconnected pin in architecture.
Warning 53: dsp_pb[0].datain[107] unconnected pin in architecture.
Warning 54: dsp_pb[0].datain[108] unconnected pin in architecture.
Warning 55: dsp_pb[0].datain[109] unconnected pin in architecture.
Warning 56: dsp_pb[0].datain[110] unconnected pin in architecture.
Warning 57: dsp_pb[0].datain[111] unconnected pin in architecture.
Warning 58: dsp_pb[0].datain[112] unconnected pin in architecture.
Warning 59: dsp_pb[0].datain[113] unconnected pin in architecture.
Warning 60: dsp_pb[0].datain[114] unconnected pin in architecture.
Warning 61: dsp_pb[0].datain[115] unconnected pin in architecture.
# Building complex block graph took 0.06 seconds (max_rss 33.5 MiB, delta_rss +15.0 MiB)
Circuit file: softmax_AL5_s256.pre-vpr.blif
# Load circuit
Found constant-zero generator 'gnd'
Found constant-one generator 'vcc'
Found constant-zero generator 'unconn'
# Load circuit took 0.26 seconds (max_rss 96.6 MiB, delta_rss +63.1 MiB)
# Clean circuit
Absorbed 477 LUT buffers
Inferred    0 additional primitive pins as constant generators since they have no combinationally connected inputs
Inferred  348 additional primitive pins as constant generators due to constant inputs
Inferred    0 additional primitive pins as constant generators since they have no combinationally connected inputs
Inferred    0 additional primitive pins as constant generators due to constant inputs
Inferred    0 additional primitive pins as constant generators since they have no combinationally connected inputs
Inferred    0 additional primitive pins as constant generators due to constant inputs
Swept input(s)      : 8
Swept output(s)     : 0 (0 dangling, 0 constant)
Swept net(s)        : 1134
Swept block(s)      : 0
Constant Pins Marked: 348
# Clean circuit took 0.01 seconds (max_rss 96.6 MiB, delta_rss +0.0 MiB)
# Compress circuit
# Compress circuit took 0.03 seconds (max_rss 96.6 MiB, delta_rss +0.0 MiB)
# Verify circuit
# Verify circuit took 0.01 seconds (max_rss 96.6 MiB, delta_rss +0.0 MiB)
Circuit Statistics:
  Blocks: 31055
    .input         :      48
    .latch         :    6862
    .names         :   18959
        0-LUT:       2
        1-LUT:     640
        2-LUT:    1166
        3-LUT:    4767
        4-LUT:    2495
        5-LUT:    5128
        6-LUT:    4761
    .output        :       9
    adder          :    1894
    mac_int_9x9    :      80
    multiply       :       3
    single_port_ram:    3200
  Nets  : 33333
    Avg Fanout:     4.2
    Max Fanout: 10142.0
    Min Fanout:     1.0
  Netlist Clocks: 1
# Build Timing Graph
  Timing Graph Nodes: 210870
  Timing Graph Edges: 370337
  Timing Graph Levels: 86
# Build Timing Graph took 0.20 seconds (max_rss 144.6 MiB, delta_rss +48.0 MiB)
Netlist contains 1 clocks
  Netlist Clock 'clk' Fanout: 10142 pins (5.9%), 10142 blocks (32.7%)
# Load Timing Constraints

SDC file 'softmax_AL5_s256.sdc' not found
Setting default timing constraints:
   * constrain all primary inputs and primary outputs on netlist clock 'clk'
   * optimize netlist clock to run as fast as possible
Timing constraints created 1 clocks
  Constrained Clock 'clk' Source: 'clk.inpad[0]'

# Load Timing Constraints took 0.02 seconds (max_rss 144.6 MiB, delta_rss +0.0 MiB)
# Packing
## Prepacker

There is one chain in this architecture called "chain" with the following starting points:
	clb[0]/lab[0]/fle[0]/ble5[0]/arithmetic[0]/adder[0].cin[0]

## Prepacker took 0.03 seconds (max_rss 145.1 MiB, delta_rss +0.0 MiB)
## Initializing Pre-Cluster Timing
Warning 62: Block type 'wc' grid location specification endx (6 + w - 1 = 11) falls outside device horizontal range [0,9]
Warning 63: Block type 'dsp_top' grid location specification startx (14 = 14) falls outside device horizontal range [0,9]
Using inter-cluster delay: 2.1832e-09
## Initializing Pre-Cluster Timing took 0.07 seconds (max_rss 148.1 MiB, delta_rss +3.0 MiB)
Begin packing 'softmax_AL5_s256.pre-vpr.blif'.

After removing unused inputs...
	total blocks: 31055, total nets: 33333, total inputs: 48, total outputs: 9
Packing with pin utilization targets: io:1,1 clb:0.8,0.6 wc:1,1 dsp_top:1,1 memory:1,1
Packing with high fanout thresholds: io:128 clb:128 wc:128 dsp_top:128 memory:100000
Starting Clustering - Clustering Progress: 
-------------------   --------------------------   ---------
Molecules processed   Number of clusters created   FPGA size
-------------------   --------------------------   ---------
   905/22521     4%                          108    16 x 16    
  1808/22521     8%                          158    19 x 19    
  2720/22521    12%                          220    46 x 46    
  3632/22521    16%                          276    52 x 52    
  4560/22521    20%                          318    64 x 64    
  5472/22521    24%                          343    68 x 68    
  6380/22521    28%                          394    68 x 68    
  7295/22521    32%                          445    68 x 68    
  8210/22521    36%                          497    68 x 68    
  9121/22521    40%                          549    68 x 68    
 10025/22521    44%                          614    68 x 68    
 10932/22521    48%                          678    68 x 68    
 11838/22521    52%                          740    68 x 68    
 12739/22521    56%                          808    68 x 68    
 13650/22521    60%                          866    68 x 68    
 14562/22521    64%                          933    68 x 68    
 15470/22521    68%                          990    68 x 68    
 16383/22521    72%                         1051    68 x 68    
 17284/22521    76%                         1119    68 x 68    
 18196/22521    80%                         1172    68 x 68    
 19098/22521    84%                         1226    68 x 68    
 19998/22521    88%                         1283    68 x 68    
 20901/22521    92%                         1350    68 x 68    
 21819/22521    96%                         1413    68 x 68    
 22521/22521   100%                         1505    68 x 68    

Logic Element (fle) detailed count:
  Total number of Logic Elements used : 12518
  LEs used for logic and registers    : 4164
  LEs used for logic only             : 8353
  LEs used for registers only         : 1

FPGA sized to 68 x 68 (auto)
Device Utilization: 0.36 (target 1.00)
	Block Utilization: 0.03 Type: io
	Block Utilization: 0.58 Type: clb
	Block Utilization: 0.34 Type: dsp_top
	Block Utilization: 0.87 Type: memory

Final Clustering Statistics: 
----------   --------   ------------------------------------   --------------------------
Block Type   # Blocks   Avg. # of input clocks and pins used   Avg. # of output pins used
----------   --------   ------------------------------------   --------------------------
     EMPTY          0                                      0                            0   
        io         57                               0.157895                     0.842105   
       clb       1283                                27.3874                      8.59002   
        wc          0                                      0                            0   
   dsp_top         22                                     70                      37.4545   
    memory        143                                33.4825                      22.3776   
Absorbed logical nets 18240 out of 33333 nets, 15093 nets not absorbed.

Netlist conversion complete.

Incr Slack updates 1 in 0.0016658 sec
Full Max Req/Worst Slack updates 1 in 0.000650374 sec
Incr Max Req/Worst Slack updates 0 in 0 sec
Incr Criticality updates 0 in 0 sec
Full Criticality updates 1 in 0.00601755 sec
# Packing took 43.80 seconds (max_rss 286.1 MiB, delta_rss +141.0 MiB)
# Load packing
## Loading packed FPGA netlist file.
Netlist generated from file 'softmax_AL5_s256.net'.
Detected 2 constant generators (to see names run with higher pack verbosity)
Warning 64: Netlist connects net reset to both global and non-global pins.
Warning 65: Netlist connects net reset to both global and non-global pins.
## Loading packed FPGA netlist file. took 1.30 seconds (max_rss 300.1 MiB, delta_rss +14.0 MiB)
Warning 66: Treated 2 constant nets as global which will not be routed (to see net names increase packer verbosity).
Netlist contains 624 global net to non-global architecture pin connections
Warning 67: Logic block #1446 (gnd) has only 1 output pin 'gnd.O[39]'. It may be a constant generator.
Warning 68: Logic block #1447 (vcc) has only 1 output pin 'vcc.O[39]'. It may be a constant generator.
Completed clustering consistency check successfully.

Pb types usage...
  io                     : 57
   inpad                 : 48
   outpad                : 9
  clb                    : 1283
   lab                   : 1283
    fle                  : 12518
     ble5                : 15464
      flut5              : 13570
       lut5              : 13565
        lut              : 13565
       ff                : 6478
      arithmetic         : 1894
       lut4              : 631
        lut              : 631
       adder             : 1894
     ble6                : 4763
      lut6               : 4763
       lut               : 4763
      ff                 : 384
  dsp_top                : 22
   dsp                   : 22
    dsp_pb               : 22
     two_mult_18x19      : 3
      mult_18x19         : 3
     mac_9x9_fixed_pt    : 80
  memory                 : 143
   mem_512x40_sp         : 32
    memory_slice         : 1280
   mem_1024x20_sp        : 111
    memory_slice         : 1920

# Load packing took 1.54 seconds (max_rss 300.1 MiB, delta_rss +14.0 MiB)
# Create Device
## Build Device Grid
FPGA sized to 68 x 68: 4624 grid tiles (auto)
## Build Device Grid took 0.01 seconds (max_rss 300.1 MiB, delta_rss +0.0 MiB)
## Build routing resource graph
## Build routing resource graph took 6.46 seconds (max_rss 657.9 MiB, delta_rss +357.8 MiB)
  RR Graph Nodes: 1061142
  RR Graph Edges: 13039092
# Create Device took 6.87 seconds (max_rss 657.9 MiB, delta_rss +357.8 MiB)

Resource usage...
	Netlist
		57	blocks of type: io
	Architecture
		2112	blocks of type: io
	Netlist
		1283	blocks of type: clb
	Architecture
		2210	blocks of type: clb
	Netlist
		0	blocks of type: wc
	Architecture
		52	blocks of type: wc
	Netlist
		22	blocks of type: dsp_top
	Architecture
		64	blocks of type: dsp_top
	Netlist
		143	blocks of type: memory
	Architecture
		165	blocks of type: memory

Device Utilization: 0.36 (target 1.00)
	Physical Tile io:
	Block Utilization: 0.03 Logical Block: io
	Physical Tile clb:
	Block Utilization: 0.58 Logical Block: clb
	Physical Tile wc:
	Block Utilization: 0.00 Logical Block: wc
	Physical Tile dsp_top:
	Block Utilization: 0.34 Logical Block: dsp_top
	Physical Tile memory:
	Block Utilization: 0.87 Logical Block: memory

FPGA size limited by block type(s): memory


# Computing router lookahead map
## Computing wire lookahead
## Computing wire lookahead took 6.20 seconds (max_rss 657.9 MiB, delta_rss +0.0 MiB)
## Computing src/opin lookahead
## Computing src/opin lookahead took 0.11 seconds (max_rss 657.9 MiB, delta_rss +0.0 MiB)
# Computing router lookahead map took 6.32 seconds (max_rss 657.9 MiB, delta_rss +0.0 MiB)
# Compressed grid construction
# Compressed grid construction took 0.00 seconds (max_rss 657.9 MiB, delta_rss +0.0 MiB)

Bounding box mode is Cube

# Computing placement delta delay look-up
RR graph channel widths unchanged, skipping RR graph rebuild
Serial Connection Router is being destroyed. Time spent on path search: 0.000 seconds.
# Computing placement delta delay look-up took 0.02 seconds (max_rss 657.9 MiB, delta_rss +0.0 MiB)
# Placement
## Initial Placement
Initial placement iteration 0 has finished successfully
## Initial Placement took 0.01 seconds (max_rss 657.9 MiB, delta_rss +0.0 MiB)
Using simple RL 'Softmax agent' for choosing move and block types

Completed placement consistency check successfully.
Initial placement cost: 1 bb_cost: 2681.13 td_cost: 2.37212e-05
Initial placement BB estimate of wirelength: 804326
Initial placement estimated Critical Path Delay (CPD): 29.4121 ns
Initial placement estimated setup Total Negative Slack (sTNS): -378842 ns
Initial placement estimated setup Worst Negative Slack (sWNS): -29.4121 ns

Initial placement estimated setup slack histogram:
[ -2.9e-08: -2.6e-08)   733 (  1.6%) |**
[ -2.6e-08: -2.4e-08)  1556 (  3.4%) |*****
[ -2.4e-08: -2.1e-08)  1323 (  2.9%) |****
[ -2.1e-08: -1.8e-08)   981 (  2.2%) |***
[ -1.8e-08: -1.5e-08)  1412 (  3.1%) |****
[ -1.5e-08: -1.2e-08)  1452 (  3.2%) |****
[ -1.2e-08: -8.8e-09)  7200 ( 15.8%) |*********************
[ -8.8e-09: -5.9e-09) 15536 ( 34.1%) |*********************************************
[ -5.9e-09:   -3e-09)  9849 ( 21.6%) |*****************************
[   -3e-09: -1.9e-11)  5469 ( 12.0%) |****************
Placement contains 0 placement macros involving 0 blocks (average macro size -nan)

Moves per temperature: 8621

---- ------ ------- ------- ---------- ---------- ------- ---------- -------- ------- ------- ------ -------- --------- ------
Tnum   Time       T Av Cost Av BB Cost Av TD Cost     CPD       sTNS     sWNS Ac Rate Std Dev  R lim Crit Exp Tot Moves  Alpha
      (sec)                                          (ns)       (ns)     (ns)                                                 
---- ------ ------- ------- ---------- ---------- ------- ---------- -------- ------- ------- ------ -------- --------- ------
   1    0.2 5.9e-04   0.990    2220.45 2.1024e-05  27.521  -3.47e+05  -27.521   0.715  0.0081   67.0     1.00      8621  1.000
   2    0.2 5.6e-04   0.982    2144.75 2.1758e-05  26.408  -3.51e+05  -26.408   0.695  0.0089   67.0     1.00     17242  0.950
   3    0.2 5.3e-04   1.002    2121.36 2.2308e-05  24.957  -3.39e+05  -24.957   0.672  0.0049   67.0     1.00     25863  0.950
   4    0.2 5.1e-04   0.993    2103.13 2.1994e-05  26.174  -3.45e+05  -26.174   0.661  0.0060   67.0     1.00     34484  0.950
   5    0.2 4.8e-04   0.976    2082.79 2.266e-05   24.975  -3.44e+05  -24.975   0.654  0.0134   67.0     1.00     43105  0.950
   6    0.2 4.6e-04   0.983    2014.13 2.0899e-05  25.572  -3.31e+05  -25.572   0.635  0.0091   67.0     1.00     51726  0.950
   7    0.2 4.3e-04   0.994    1993.80 2.2309e-05  24.132  -3.26e+05  -24.132   0.625  0.0068   67.0     1.00     60347  0.950
   8    0.2 4.1e-04   0.989    1951.81 2.1271e-05  25.371  -3.37e+05  -25.371   0.601  0.0075   67.0     1.00     68968  0.950
   9    0.2 3.9e-04   0.982    1888.10 2.0927e-05  24.800  -3.26e+05  -24.800   0.575  0.0086   67.0     1.00     77589  0.950
  10    0.2 3.7e-04   0.980    1849.01 2.107e-05   24.563  -3.39e+05  -24.563   0.579  0.0129   67.0     1.00     86210  0.950
  11    0.2 3.5e-04   0.973    1753.63 2.0484e-05  24.029  -3.25e+05  -24.029   0.558  0.0132   67.0     1.00     94831  0.950
  12    0.2 3.4e-04   0.981    1675.40 1.9364e-05  24.951   -3.3e+05  -24.951   0.532  0.0086   67.0     1.00    103452  0.950
  13    0.2 3.2e-04   0.988    1634.99 2.021e-05   23.227  -3.14e+05  -23.227   0.505  0.0055   67.0     1.00    112073  0.950
  14    0.2 3.0e-04   0.986    1585.46 2.0861e-05  21.707  -3.22e+05  -21.707   0.492  0.0057   67.0     1.00    120694  0.950
  15    0.2 2.9e-04   0.973    1534.98 1.9185e-05  23.595  -3.18e+05  -23.595   0.485  0.0110   67.0     1.00    129315  0.950
  16    0.1 2.7e-04   0.973    1446.81 1.9447e-05  22.704  -3.05e+05  -22.704   0.455  0.0163   67.0     1.00    137936  0.950
  17    0.2 2.6e-04   0.990    1394.03 1.8461e-05  22.555  -3.07e+05  -22.555   0.441  0.0075   67.0     1.00    146557  0.950
  18    0.1 2.5e-04   0.985    1343.44 1.8816e-05  21.778  -2.97e+05  -21.778   0.433  0.0070   67.0     1.00    155178  0.950
  19    0.1 2.3e-04   0.979    1286.53 1.7822e-05  21.002     -3e+05  -21.002   0.410  0.0091   66.5     1.05    163799  0.950
  20    0.2 2.2e-04   0.984    1237.00 1.4961e-05  21.735  -2.99e+05  -21.735   0.390  0.0091   64.5     1.26    172420  0.950
  21    0.1 2.1e-04   0.986    1204.16 1.2357e-05  21.722  -2.94e+05  -21.722   0.385  0.0075   61.3     1.61    181041  0.950
  22    0.2 2.0e-04   0.978    1164.21 1.0449e-05  20.873  -2.87e+05  -20.873   0.362  0.0081   57.9     1.97    189662  0.950
  23    0.1 1.9e-04   0.973    1117.41 9.9233e-06  19.232  -2.85e+05  -19.232   0.362  0.0117   53.4     2.45    198283  0.950
  24    0.1 1.8e-04   0.983    1075.65 7.8623e-06  19.494  -2.76e+05  -19.494   0.330  0.0064   49.2     2.89    206904  0.950
  25    0.1 1.7e-04   0.996    1059.48 7.1414e-06  18.646  -2.75e+05  -18.646   0.320  0.0037   43.8     3.46    215525  0.950
  26    0.1 1.6e-04   0.992    1051.15 6.7428e-06  18.248  -2.81e+05  -18.248   0.299  0.0063   38.6     4.02    224146  0.950
  27    0.1 1.6e-04   0.980    1020.46 4.4748e-06  19.216  -2.79e+05  -19.216   0.301  0.0100   33.1     4.60    232767  0.950
  28    0.1 1.5e-04   0.994    1009.21 4.344e-06   18.554  -2.77e+05  -18.554   0.285  0.0035   28.5     5.08    241388  0.950
  29    0.1 1.4e-04   0.988     997.83 3.7292e-06  18.533  -2.72e+05  -18.533   0.278  0.0046   24.1     5.55    250009  0.950
  30    0.1 1.3e-04   0.987     986.30 2.3742e-06  19.958  -2.74e+05  -19.958   0.279  0.0065   20.2     5.97    258630  0.950
  31    0.1 1.3e-04   0.987     972.03 3.7301e-06  18.115  -2.73e+05  -18.115   0.273  0.0052   16.9     6.31    267251  0.950
  32    0.1 1.2e-04   0.989     966.28 3.7582e-06  17.775  -2.74e+05  -17.775   0.267  0.0054   14.1     6.61    275872  0.950
  33    0.1 1.1e-04   0.985     940.44 3.3707e-06  17.809  -2.72e+05  -17.809   0.256  0.0074   11.7     6.87    284493  0.950
  34    0.2 1.1e-04   0.977     904.21 3.2163e-06  17.743  -2.72e+05  -17.743   0.399  0.0116    9.5     7.10    293114  0.950
  35    0.2 1.0e-04   0.986     874.38 3.325e-06   17.171  -2.75e+05  -17.171   0.359  0.0052    9.1     7.14    301735  0.950
  36    0.1 9.8e-05   0.992     865.87 2.8806e-06  17.452  -2.73e+05  -17.452   0.347  0.0031    8.4     7.22    310356  0.950
  37    0.2 9.3e-05   0.991     853.70 2.8123e-06  17.407  -2.69e+05  -17.407   0.345  0.0032    7.6     7.30    318977  0.950
  38    0.1 8.9e-05   0.989     843.19 2.9096e-06  17.203  -2.64e+05  -17.203   0.328  0.0059    6.9     7.38    327598  0.950
  39    0.1 8.4e-05   0.990     829.02 3.2082e-06  16.731  -2.66e+05  -16.731   0.318  0.0036    6.1     7.46    336219  0.950
  40    0.2 8.0e-05   0.994     821.34 2.7854e-06  17.003  -2.67e+05  -17.003   0.298  0.0036    5.4     7.54    344840  0.950
  41    0.2 7.6e-05   0.996     812.03 2.4586e-06  17.179  -2.64e+05  -17.179   0.301  0.0025    4.6     7.62    353461  0.950
  42    0.1 7.2e-05   0.999     809.32 2.7845e-06  16.914  -2.62e+05  -16.914   0.308  0.0020    4.0     7.69    362082  0.950
  43    0.1 6.9e-05   0.996     800.42 2.5921e-06  17.051  -2.65e+05  -17.051   0.311  0.0042    3.4     7.74    370703  0.950
  44    0.2 6.5e-05   0.995     794.70 2.4748e-06  17.063  -2.66e+05  -17.063   0.372  0.0020    3.0     7.79    379324  0.950
  45    0.2 6.2e-05   0.993     789.71 2.303e-06   17.154  -2.61e+05  -17.154   0.360  0.0026    2.8     7.81    387945  0.950
  46    0.1 5.9e-05   0.996     784.34 2.3922e-06  17.032  -2.66e+05  -17.032   0.362  0.0017    2.6     7.83    396566  0.950
  47    0.2 5.6e-05   0.997     782.31 2.2433e-06  17.158  -2.68e+05  -17.158   0.345  0.0018    2.4     7.85    405187  0.950
  48    0.2 5.3e-05   0.996     778.61 2.4823e-06  16.871  -2.66e+05  -16.871   0.335  0.0021    2.1     7.88    413808  0.950
  49    0.2 5.0e-05   0.996     772.00 2.1495e-06  17.106  -2.66e+05  -17.106   0.454  0.0016    1.9     7.90    422429  0.950
  50    0.1 4.8e-05   0.996     767.05 2.1378e-06  17.108  -2.66e+05  -17.108   0.452  0.0018    1.9     7.90    431050  0.950
  51    0.2 4.5e-05   0.998     763.61 1.9945e-06  17.248  -2.64e+05  -17.248   0.431  0.0011    2.0     7.90    439671  0.950
  52    0.2 4.3e-05   0.998     761.55 2.3141e-06  16.921  -2.64e+05  -16.921   0.409  0.0008    2.0     7.90    448292  0.950
  53    0.2 4.1e-05   0.997     759.33 2.2154e-06  16.866  -2.63e+05  -16.866   0.406  0.0011    1.9     7.91    456913  0.950
  54    0.2 3.9e-05   0.998     759.00 2.3397e-06  16.788  -2.59e+05  -16.788   0.392  0.0009    1.8     7.91    465534  0.950
  55    0.2 3.7e-05   0.997     758.34 2.263e-06   16.777   -2.6e+05  -16.777   0.382  0.0010    1.7     7.92    474155  0.950
  56    0.2 3.5e-05   0.999     758.10 2.1846e-06  16.879  -2.59e+05  -16.879   0.379  0.0008    1.6     7.93    482776  0.950
  57    0.2 3.3e-05   0.998     755.49 2.1662e-06  16.879  -2.61e+05  -16.879   0.364  0.0007    1.5     7.94    491397  0.950
  58    0.1 3.2e-05   0.999     755.35 2.1048e-06  16.937  -2.62e+05  -16.937   0.353  0.0008    1.4     7.96    500018  0.950
  59    0.2 3.0e-05   0.998     752.20 2.0448e-06  17.043  -2.63e+05  -17.043   0.343  0.0006    1.3     7.97    508639  0.950
  60    0.2 2.9e-05   0.999     750.90 1.9602e-06  17.095  -2.61e+05  -17.095   0.341  0.0005    1.2     7.98    517260  0.950
  61    0.2 2.7e-05   0.998     749.74 1.8817e-06  17.212  -2.63e+05  -17.212   0.314  0.0010    1.1     7.99    525881  0.950
  62    0.2 2.6e-05   0.998     748.36 1.8513e-06  17.212  -2.61e+05  -17.212   0.306  0.0008    1.0     8.00    534502  0.950
  63    0.1 2.5e-05   0.999     746.74 1.9569e-06  17.107  -2.61e+05  -17.107   0.294  0.0005    1.0     8.00    543123  0.950
  64    0.1 2.3e-05   0.999     745.66 1.8584e-06  17.198  -2.64e+05  -17.198   0.284  0.0006    1.0     8.00    551744  0.950
  65    0.2 2.2e-05   0.998     744.25 2.2431e-06  16.782   -2.6e+05  -16.782   0.276  0.0009    1.0     8.00    560365  0.950
  66    0.2 2.1e-05   0.999     743.05 2.1101e-06  16.908  -2.61e+05  -16.908   0.249  0.0003    1.0     8.00    568986  0.950
  67    0.1 2.0e-05   0.999     742.01 2.1744e-06  16.817   -2.6e+05  -16.817   0.241  0.0007    1.0     8.00    577607  0.950
  68    0.2 1.9e-05   0.999     740.85 2.3787e-06  16.632  -2.59e+05  -16.632   0.240  0.0004    1.0     8.00    586228  0.950
  69    0.2 1.8e-05   0.999     741.21 2.3896e-06  16.596  -2.61e+05  -16.596   0.238  0.0005    1.0     8.00    594849  0.950
  70    0.1 1.7e-05   0.998     739.94 2.2922e-06  16.671  -2.61e+05  -16.671   0.232  0.0007    1.0     8.00    603470  0.950
  71    0.2 1.6e-05   1.000     739.14 2.2476e-06  16.692  -2.62e+05  -16.692   0.218  0.0002    1.0     8.00    612091  0.950
  72    0.1 1.5e-05   0.999     738.93 1.9556e-06  17.017  -2.62e+05  -17.017   0.207  0.0004    1.0     8.00    620712  0.950
  73    0.1 1.5e-05   1.000     738.94 2.0166e-06  16.914  -2.62e+05  -16.914   0.196  0.0003    1.0     8.00    629333  0.950
  74    0.1 1.4e-05   0.999     738.40 2.0109e-06  16.914  -2.64e+05  -16.914   0.194  0.0004    1.0     8.00    637954  0.950
  75    0.2 1.3e-05   0.999     737.56 1.9377e-06  17.005   -2.6e+05  -17.005   0.181  0.0003    1.0     8.00    646575  0.950
  76    0.2 1.3e-05   1.000     736.87 1.932e-06   17.005  -2.63e+05  -17.005   0.177  0.0002    1.0     8.00    655196  0.950
  77    0.1 1.2e-05   0.999     736.34 1.9475e-06  17.005  -2.64e+05  -17.005   0.167  0.0004    1.0     8.00    663817  0.950
  78    0.1 1.1e-05   0.999     735.93 2.0409e-06  16.900  -2.61e+05  -16.900   0.159  0.0004    1.0     8.00    672438  0.950
  79    0.1 1.1e-05   1.000     735.33 1.9838e-06  16.914   -2.6e+05  -16.914   0.153  0.0002    1.0     8.00    681059  0.950
  80    0.2 1.0e-05   0.999     734.60 2.1006e-06  16.809  -2.61e+05  -16.809   0.149  0.0003    1.0     8.00    689680  0.950
Agent's 2nd state: 
  81    0.1 8.2e-06   0.999     734.12 2.0868e-06  16.809   -2.6e+05  -16.809   0.125  0.0004    1.0     8.00    698301  0.800
Checkpoint saved: bb_costs=733.433, TD costs=2.08491e-06, CPD= 16.809 (ns) 
  82    0.1 6.6e-06   0.999     733.28 2.083e-06   16.809  -2.62e+05  -16.809   0.084  0.0003    1.0     8.00    706922  0.800
  83    0.2 5.3e-06   0.999     732.58 1.9712e-06  16.914   -2.6e+05  -16.914   0.071  0.0003    1.0     8.00    715543  0.800
  84    0.1 4.2e-06   1.000     732.22 1.9715e-06  16.914   -2.6e+05  -16.914   0.058  0.0002    1.0     8.00    724164  0.800
  85    0.1 3.4e-06   1.000     732.00 1.9481e-06  16.914   -2.6e+05  -16.914   0.047  0.0001    1.0     8.00    732785  0.800
  86    0.1 2.7e-06   1.000     731.71 1.9579e-06  16.914  -2.61e+05  -16.914   0.039  0.0001    1.0     8.00    741406  0.800
  87    0.1 2.2e-06   1.000     731.41 1.9525e-06  16.914   -2.6e+05  -16.914   0.033  0.0001    1.0     8.00    750027  0.800
  88    0.1 1.7e-06   1.000     731.27 1.951e-06   16.914   -2.6e+05  -16.914   0.026  0.0001    1.0     8.00    758648  0.800
  89    0.1 1.4e-06   1.000     731.25 1.9426e-06  16.914   -2.6e+05  -16.914   0.023  0.0001    1.0     8.00    767269  0.800
  90    0.1 1.1e-06   1.000     731.31 1.9286e-06  16.914   -2.6e+05  -16.914   0.019  0.0000    1.0     8.00    775890  0.800
  91    0.1 8.8e-07   1.000     731.15 1.9268e-06  16.914   -2.6e+05  -16.914   0.018  0.0001    1.0     8.00    784511  0.800
  92    0.1 7.1e-07   1.000     730.96 1.9319e-06  16.914   -2.6e+05  -16.914   0.015  0.0000    1.0     8.00    793132  0.800
  93    0.1 5.6e-07   1.000     731.15 1.9263e-06  16.914   -2.6e+05  -16.914   0.014  0.0000    1.0     8.00    801753  0.800
  94    0.1 4.5e-07   1.000     731.06 1.9272e-06  16.914   -2.6e+05  -16.914   0.012  0.0000    1.0     8.00    810374  0.800
  95    0.1 3.6e-07   1.000     730.93 1.9285e-06  16.914   -2.6e+05  -16.914   0.008  0.0000    1.0     8.00    818995  0.800
  96    0.1 0.0e+00   1.000     730.94 1.9289e-06  16.914   -2.6e+05  -16.914   0.008  0.0000    1.0     8.00    827616  0.800
## Placement Quench took 0.11 seconds (max_rss 657.9 MiB)
post-quench CPD = 16.9142 (ns) 

Checkpoint restored

Completed placement consistency check successfully.

Swaps called: 829121

Aborted Move Reasons:
  No moves aborted

BB estimate of min-dist (placement) wire length: 220023

Placement estimated critical path delay (least slack): 16.8092 ns, Fmax: 59.4911 MHz
Placement estimated setup Worst Negative Slack (sWNS): -16.8092 ns
Placement estimated setup Total Negative Slack (sTNS): -261544 ns

Placement estimated setup slack histogram:
[ -1.7e-08: -1.5e-08) 1080 (  2.4%) |*****
[ -1.5e-08: -1.3e-08) 1254 (  2.8%) |******
[ -1.3e-08: -1.2e-08) 1038 (  2.3%) |*****
[ -1.2e-08:   -1e-08) 2738 (  6.0%) |*************
[   -1e-08: -8.4e-09) 1305 (  2.9%) |******
[ -8.4e-09: -6.7e-09) 7320 ( 16.1%) |***********************************
[ -6.7e-09: -5.1e-09) 8339 ( 18.3%) |***************************************
[ -5.1e-09: -3.4e-09) 9738 ( 21.4%) |**********************************************
[ -3.4e-09: -1.7e-09) 8839 ( 19.4%) |******************************************
[ -1.7e-09: -1.9e-11) 3860 (  8.5%) |******************

Placement estimated geomean non-virtual intra-domain period: 16.8092 ns (59.4911 MHz)
Placement estimated fanout-weighted geomean non-virtual intra-domain period: 16.8092 ns (59.4911 MHz)

Placement cost: 1, bb_cost: 733.433, td_cost: 2.08491e-06, 

Placement resource usage:
  io      implemented as io     : 57
  clb     implemented as clb    : 1283
  dsp_top implemented as dsp_top: 22
  memory  implemented as memory : 143

Placement number of temperatures: 96
Placement total # of swap attempts: 829121
	Swaps accepted: 258984 (31.2 %)
	Swaps rejected: 566431 (68.3 %)
	Swaps aborted:   3706 ( 0.4 %)


Placement perturbation distribution by block and move type: 
------------------ ----------------- ---------------- ---------------- --------------- ------------ 
    Block Type         Move Type       (%) of Total      Accepted(%)     Rejected(%)    Aborted(%)
------------------ ----------------- ---------------- ---------------- --------------- ------------ 
io                 Uniform                0.88             70.78           29.22          0.00         
                   Median                 0.86             66.76           27.84          5.40         
                   Centroid               0.90             71.14           28.80          0.05         
                   W. Centroid            0.87             71.61           28.23          0.17         
                   W. Median              0.09             22.66           71.19          6.15         

clb                Uniform                20.02            21.19           78.81          0.00         
                   Median                 19.92            41.89           57.38          0.72         
                   Centroid               19.71            35.87           63.82          0.31         
                   W. Centroid            19.92            36.60           63.08          0.32         
                   W. Median              1.89             3.80            94.56          1.65         
                   Crit. Uniform          2.21             0.13            99.87          0.00         
                   Feasible Region        2.23             0.04            99.96          0.00         

dsp_top            Uniform                0.34             4.03            95.97          0.00         
                   Median                 0.33             6.38            86.84          6.78         
                   Centroid               0.34             6.29            88.94          4.77         
                   W. Centroid            0.34             4.87            94.25          0.88         
                   W. Median              0.03             0.00            88.10          11.90        

memory             Uniform                2.22             12.80           87.20          0.00         
                   Median                 2.24             22.23           75.75          2.02         
                   Centroid               2.22             19.06           80.94          0.00         
                   W. Centroid            2.21             19.69           80.31          0.00         
                   W. Median              0.22             8.26            90.96          0.78         


Placement Quench timing analysis took 0.0399542 seconds (0.0356889 STA, 0.00426537 slack) (1 full updates: 1 setup, 0 hold, 0 combined).
Placement Total  timing analysis took 6.37756 seconds (5.29106 STA, 1.0865 slack) (99 full updates: 99 setup, 0 hold, 0 combined).
update_td_costs: connections 0 nets 0 sum_nets 0 total 0
# Placement took 15.22 seconds (max_rss 657.9 MiB, delta_rss +0.0 MiB)

# Routing
RR graph channel widths unchanged, skipping RR graph rebuild
## Initializing router criticalities
Initial Net Connection Criticality Histogram:
[        0:      0.1) 3679 (  8.9%) |**********************
[      0.1:      0.2) 7797 ( 18.8%) |**********************************************
[      0.2:      0.3) 4841 ( 11.7%) |*****************************
[      0.3:      0.4) 3189 (  7.7%) |*******************
[      0.4:      0.5) 2873 (  6.9%) |*****************
[      0.5:      0.6) 4242 ( 10.2%) |*************************
[      0.6:      0.7) 4232 ( 10.2%) |*************************
[      0.7:      0.8) 5692 ( 13.7%) |**********************************
[      0.8:      0.9) 4435 ( 10.7%) |**************************
[      0.9:        1)  495 (  1.2%) |***
## Initializing router criticalities took 0.59 seconds (max_rss 657.9 MiB, delta_rss +0.0 MiB)
---- ------ ------- ---- ------- ------- ------- ----------------- --------------- -------- ---------- ---------- ---------- ---------- --------
Iter   Time    pres  BBs    Heap  Re-Rtd  Re-Rtd Overused RR Nodes      Wirelength      CPD       sTNS       sWNS       hTNS       hWNS Est Succ
      (sec)     fac Updt    push    Nets   Conns                                       (ns)       (ns)       (ns)       (ns)       (ns)     Iter
---- ------ ------- ---- ------- ------- ------- ----------------- --------------- -------- ---------- ---------- ---------- ---------- --------
   1    0.8     0.0    0 5029812   15089   39971   15999 ( 1.508%)  348227 (13.1%)   17.186 -2.913e+05    -17.186     -1.513     -0.019      N/A
Incr Slack updates 99 in 0.199873 sec
Full Max Req/Worst Slack updates 50 in 0.0331856 sec
Incr Max Req/Worst Slack updates 49 in 0.042475 sec
Incr Criticality updates 20 in 0.0463074 sec
Full Criticality updates 79 in 0.702006 sec
   2    0.6     0.5    0 4481356   10158   32222    7720 ( 0.728%)  345944 (13.0%)   17.394 -2.944e+05    -17.394     -1.513     -0.019      N/A
   3    0.5     0.6    0 3047582    6801   22888    5731 ( 0.540%)  346820 (13.1%)   17.394 -3.025e+05    -17.394     -1.513     -0.019      N/A
   4    0.4     0.8    0 2459279    5388   19062    4272 ( 0.403%)  346828 (13.1%)   17.394 -3.014e+05    -17.394     -1.513     -0.019      N/A
   5    0.4     1.1    0 1869448    4275   15172    3221 ( 0.304%)  348888 (13.1%)   17.394 -2.999e+05    -17.394     -1.513     -0.019      N/A
   6    0.3     1.4    0 1364080    3236   11686    2225 ( 0.210%)  350483 (13.2%)   17.394 -2.996e+05    -17.394     -1.513     -0.019      N/A
   7    0.2     1.9    0  980038    2414    9069    1589 ( 0.150%)  351796 (13.3%)   17.394 -2.988e+05    -17.394     -1.513     -0.019      N/A
   8    0.2     2.4    0  696718    1784    6970    1016 ( 0.096%)  352978 (13.3%)   17.394 -2.992e+05    -17.394     -1.513     -0.019      N/A
   9    0.2     3.1    0  470965    1286    5046     614 ( 0.058%)  354096 (13.3%)   17.394 -2.990e+05    -17.394     -1.513     -0.019      N/A
  10    0.2     4.1    0  350143     921    3676     369 ( 0.035%)  354796 (13.4%)   17.592 -2.993e+05    -17.592     -1.513     -0.019       25
  11    0.1     5.3    0  227123     604    2376     191 ( 0.018%)  355400 (13.4%)   17.592 -2.991e+05    -17.592     -1.513     -0.019       23
  12    0.1     6.9    0  153619     400    1572      87 ( 0.008%)  355820 (13.4%)   17.592 -2.993e+05    -17.592     -1.513     -0.019       22
  13    0.1     9.0    0  104498     273    1137      42 ( 0.004%)  355801 (13.4%)   17.592 -2.994e+05    -17.592     -1.513     -0.019       20
  14    0.1    11.6    0   84786     226     960      23 ( 0.002%)  355937 (13.4%)   17.592 -2.993e+05    -17.592     -1.513     -0.019       19
  15    0.1    15.1    0   69441     180     801      11 ( 0.001%)  355933 (13.4%)   17.592 -2.993e+05    -17.592     -1.513     -0.019       19
  16    0.1    19.7    0   69528     177     811       2 ( 0.000%)  356021 (13.4%)   17.592 -2.993e+05    -17.592     -1.513     -0.019       19
  17    0.1    25.6    0   60805     159     732       2 ( 0.000%)  356021 (13.4%)   17.592 -2.993e+05    -17.592     -1.513     -0.019       18
  18    0.1    33.3    0   62800     167     765       0 ( 0.000%)  356041 (13.4%)   17.592 -2.993e+05    -17.592     -1.513     -0.019       18
Restoring best routing
Critical path: 17.5921 ns
Successfully routed after 18 routing iterations.
Final Net Connection Criticality Histogram:
[        0:      0.1) 3054 (  7.4%) |***********************
[      0.1:      0.2) 4784 ( 11.5%) |************************************
[      0.2:      0.3) 6031 ( 14.5%) |**********************************************
[      0.3:      0.4) 3785 (  9.1%) |*****************************
[      0.4:      0.5) 3931 (  9.5%) |******************************
[      0.5:      0.6) 4463 ( 10.8%) |**********************************
[      0.6:      0.7) 4418 ( 10.7%) |**********************************
[      0.7:      0.8) 4751 ( 11.5%) |************************************
[      0.8:      0.9) 5254 ( 12.7%) |****************************************
[      0.9:        1) 1004 (  2.4%) |********
Router Stats: total_nets_routed: 53538 total_connections_routed: 174916 total_heap_pushes: 21582021 total_heap_pops: 5062050 
Serial Connection Router is being destroyed. Time spent on path search: 2.171 seconds.
# Routing took 5.61 seconds (max_rss 657.9 MiB, delta_rss +0.0 MiB)

Checking to ensure routing is legal...
# Checking to ensure non-configurable edges are legal
# Checking to ensure non-configurable edges are legal took 0.07 seconds (max_rss 657.9 MiB, delta_rss +0.0 MiB)
Completed routing consistency check successfully.

Serial number (magic cookie) for the routing is: 1564661683
Circuit successfully routed with a channel width factor of 300.
# Synchronize the packed netlist to routing optimization
## Annotating rr_node with routed nets
## Annotating rr_node with routed nets took 0.01 seconds (max_rss 657.9 MiB, delta_rss +0.0 MiB)
Found 48935 mismatches between routing and packing results.
Fixed 32166 routing traces due to mismatch between routing and packing results.
# Synchronize the packed netlist to routing optimization took 0.22 seconds (max_rss 657.9 MiB, delta_rss +0.0 MiB)
Final Clustering Statistics: 
----------   --------   ------------------------------------   --------------------------
Block Type   # Blocks   Avg. # of input clocks and pins used   Avg. # of output pins used
----------   --------   ------------------------------------   --------------------------
     EMPTY          0                                      0                            0   
        io         57                               0.157895                     0.842105   
       clb       1283                                27.3874                      8.59002   
        wc          0                                      0                            0   
   dsp_top         22                                     70                      37.4545   
    memory        143                                33.4825                      22.3776   
Absorbed logical nets 18240 out of 33333 nets, 15093 nets not absorbed.


Average number of bends per net: 1.89648  Maximum # of bends: 132

Number of global nets: 4
Number of routed nets (nonglobal): 15089
Wire length results (in units of 1 clb segments)...
	Total wirelength: 356041, average net length: 23.5961
	Maximum net length: 2007

Wire length results in terms of physical segments...
	Total wiring segments used: 76870, average wire segments per net: 5.09444
	Maximum segments used by a net: 476
	Total local nets with reserved CLB opins: 0
Total number of nets absorbed: 0

Routing channel utilization histogram:
[        1:      inf)    0 (  0.0%) |
[      0.9:        1)    0 (  0.0%) |
[      0.8:      0.9)    0 (  0.0%) |
[      0.7:      0.8)    0 (  0.0%) |
[      0.5:      0.6)    4 (  0.0%) |
[      0.4:      0.5)  236 (  2.6%) |**
[      0.3:      0.4) 1033 ( 11.5%) |***********
[      0.2:      0.3) 1353 ( 15.1%) |**************
[      0.1:      0.2) 1847 ( 20.6%) |*******************
[        0:      0.1) 4505 ( 50.2%) |**********************************************
Maximum routing channel utilization:      0.52 at (46,44)

X - Directed channels: layer   y   max occ   ave occ   ave cap
                        ----- ---- -------- -------- --------
                            0    0        8    1.333      300
                            0    1        1    0.242      300
                            0    2        8    1.606      300
                            0    3       10    1.424      300
                            0    4       12    1.561      300
                            0    5       17    2.591      300
                            0    6       12    2.197      300
                            0    7       23    4.106      300
                            0    8       22    5.727      300
                            0    9       29    8.091      300
                            0   10       38   11.394      300
                            0   11       55   11.333      300
                            0   12       62   13.152      300
                            0   13       59   15.152      300
                            0   14       92   24.742      300
                            0   15       81   27.606      300
                            0   16      103   35.455      300
                            0   17       99   47.606      300
                            0   18      107   54.379      300
                            0   19      127   61.939      300
                            0   20      118   58.136      300
                            0   21      118   53.970      300
                            0   22      104   53.182      300
                            0   23      113   55.924      300
                            0   24      120   61.409      300
                            0   25      120   57.076      300
                            0   26      102   53.894      300
                            0   27      107   54.030      300
                            0   28      102   57.152      300
                            0   29      124   60.576      300
                            0   30      120   60.621      300
                            0   31      118   60.258      300
                            0   32      117   60.318      300
                            0   33      118   65.712      300
                            0   34      115   61.530      300
                            0   35      114   66.742      300
                            0   36      104   58.848      300
                            0   37      109   56.818      300
                            0   38      112   55.727      300
                            0   39      126   61.924      300
                            0   40      131   60.455      300
                            0   41      147   65.591      300
                            0   42      128   60.197      300
                            0   43      131   60.303      300
                            0   44      125   58.197      300
                            0   45      119   54.561      300
                            0   46      114   57.333      300
                            0   47      119   61.864      300
                            0   48      111   54.227      300
                            0   49      106   51.909      300
                            0   50      124   58.712      300
                            0   51      118   53.061      300
                            0   52      106   50.894      300
                            0   53      110   49.030      300
                            0   54      114   53.803      300
                            0   55       99   43.515      300
                            0   56       94   43.106      300
                            0   57      106   46.242      300
                            0   58      112   40.667      300
                            0   59      122   43.470      300
                            0   60      100   36.682      300
                            0   61       86   31.061      300
                            0   62       95   28.561      300
                            0   63       83   29.348      300
                            0   64       61   22.182      300
                            0   65       68   29.394      300
                            0   66       67   32.424      300
Y - Directed channels: layer   x   max occ   ave occ   ave cap
                        ----- ---- -------- -------- --------
                            0    0       56   31.939      300
                            0    1       68   40.167      300
                            0    2      120   56.758      300
                            0    3       85   36.424      300
                            0    4       93   38.727      300
                            0    5       58   28.242      300
                            0    6        0    0.000      300
                            0    7        1    0.364      300
                            0    8        1    0.121      300
                            0    9        0    0.000      300
                            0   10        1    0.242      300
                            0   11       55   19.515      300
                            0   12       88   35.091      300
                            0   13      100   28.227      300
                            0   14       92   40.606      300
                            0   15      116   66.500      300
                            0   16      134   69.939      300
                            0   17      134   84.455      300
                            0   18      143   88.985      300
                            0   19      120   76.152      300
                            0   20      113   73.152      300
                            0   21       70   44.788      300
                            0   22        9    4.712      300
                            0   23       15    1.773      300
                            0   24       14    1.182      300
                            0   25        9    1.015      300
                            0   26       13    2.106      300
                            0   27       85   44.742      300
                            0   28      116   64.742      300
                            0   29      139   71.061      300
                            0   30      142   74.439      300
                            0   31      126   78.288      300
                            0   32      134   76.167      300
                            0   33      144   87.818      300
                            0   34      132   88.909      300
                            0   35      125   71.652      300
                            0   36      121   70.803      300
                            0   37       91   50.439      300
                            0   38        9    3.364      300
                            0   39        9    1.333      300
                            0   40        9    2.167      300
                            0   41        5    0.333      300
                            0   42        9    2.697      300
                            0   43       91   45.500      300
                            0   44      125   68.258      300
                            0   45      141   81.273      300
                            0   46      157   87.364      300
                            0   47      144   75.788      300
                            0   48      147   80.015      300
                            0   49      151   86.455      300
                            0   50      150   87.621      300
                            0   51      143   70.530      300
                            0   52      128   60.303      300
                            0   53       94   40.606      300
                            0   54       14    1.803      300
                            0   55        8    0.758      300
                            0   56       15    1.591      300
                            0   57       11    0.333      300
                            0   58       16    0.500      300
                            0   59       51   20.379      300
                            0   60       40   14.909      300
                            0   61       60   12.652      300
                            0   62       52   15.030      300
                            0   63       28   10.727      300
                            0   64       37   10.061      300
                            0   65       72   29.242      300
                            0   66      102   50.455      300

Total existing wires segments: CHANX 183630, CHANY 172411, ALL 356041
Total used wires segments:     CHANX 183630, CHANY 172411, ALL 356041
Usage percentage:               CHANX 0%, CHANY -1%, ALL -1938700636%

Logic area (in minimum width transistor areas, excludes I/Os and empty grid tiles)...
	Total logic block area (Warning, need to add pitch of routing to blocks with height > 3): 2.21265e+08
	Total used logic block area: 6.10707e+07

Routing area (in minimum width transistor areas)...
	Total routing area: 7.71778e+07, per logic tile: 16690.7

Total Number of Wiring Segments by Direction: direction length number
                                              --------- ------ -------
                                                      X      4 300494
                                                      Y      4 300494
                                                      X     16  13570
                                                      Y     16  13570

X - Directed Wiring Segment usage by length: length utilization
                                             ------ -----------
                                             4        0.12
                                            16       0.196

Y - Directed Wiring Segment usage by length: length utilization
                                             ------ -----------
                                             4       0.121
                                            16        0.13

Segment occupancy by length: Length Occupancy Capacity Utilization
                             ------ --------- -------- -----------
                             L4         72443   600988       0.121
                             L16         4427    27140       0.163

Segment occupancy by type: name type utilization
                           ---- ---- -----------
                             L4    0       0.121
                            L16    1       0.163

Final hold Worst Negative Slack (hWNS): -0.01891 ns
Final hold Total Negative Slack (hTNS): -1.5128 ns

Final hold slack histogram:
[ -1.9e-11:  6.3e-10)  6858 ( 15.1%) |**************************
[  6.3e-10:  1.3e-09)  4302 (  9.5%) |****************
[  1.3e-09:  1.9e-09)  5975 ( 13.1%) |***********************
[  1.9e-09:  2.6e-09) 11777 ( 25.9%) |*********************************************
[  2.6e-09:  3.2e-09) 10513 ( 23.1%) |****************************************
[  3.2e-09:  3.9e-09)  4380 (  9.6%) |*****************
[  3.9e-09:  4.5e-09)   911 (  2.0%) |***
[  4.5e-09:  5.2e-09)   418 (  0.9%) |**
[  5.2e-09:  5.8e-09)   283 (  0.6%) |*
[  5.8e-09:  6.5e-09)    94 (  0.2%) |

Final critical path delay (least slack): 17.5921 ns, Fmax: 56.8438 MHz
Final setup Worst Negative Slack (sWNS): -17.5921 ns
Final setup Total Negative Slack (sTNS): -299327 ns

Final setup slack histogram:
[ -1.8e-08: -1.6e-08)   692 (  1.5%) |***
[ -1.6e-08: -1.4e-08)  1547 (  3.4%) |******
[ -1.4e-08: -1.2e-08)   864 (  1.9%) |***
[ -1.2e-08: -1.1e-08)  2894 (  6.4%) |***********
[ -1.1e-08: -8.8e-09)  1686 (  3.7%) |*******
[ -8.8e-09:   -7e-09) 11454 ( 25.2%) |*********************************************
[   -7e-09: -5.3e-09)  9389 ( 20.6%) |*************************************
[ -5.3e-09: -3.5e-09)  9488 ( 20.8%) |*************************************
[ -3.5e-09: -1.8e-09)  3929 (  8.6%) |***************
[ -1.8e-09: -1.9e-11)  3568 (  7.8%) |**************

Final geomean non-virtual intra-domain period: 17.5921 ns (56.8438 MHz)
Final fanout-weighted geomean non-virtual intra-domain period: 17.5921 ns (56.8438 MHz)

Incr Slack updates 1 in 0.00157038 sec
Full Max Req/Worst Slack updates 1 in 0.000635354 sec
Incr Max Req/Worst Slack updates 0 in 0 sec
Incr Criticality updates 0 in 0 sec
Full Criticality updates 1 in 0.00542794 sec
Flow timing analysis took 8.94863 seconds (7.64027 STA, 1.30836 slack) (120 full updates: 100 setup, 0 hold, 20 combined).
VPR succeeded
The entire flow of VPR took 82.04 seconds (max_rss 657.9 MiB)
Incr Slack updates 19 in 0.0247778 sec
Full Max Req/Worst Slack updates 2 in 0.00124481 sec
Incr Max Req/Worst Slack updates 17 in 0.014975 sec
Incr Criticality updates 15 in 0.031255 sec
Full Criticality updates 4 in 0.0265485 sec
