VPR FPGA Placement and Routing.
Version: 9.0.0-dev+v8.0.0-14979-gdefb4b454
Revision: v8.0.0-14979-gdefb4b454
Compiled: 2026-01-23T19:48:56
Compiler: GNU 13.3.0 on Linux-6.14.0-36-generic x86_64
Build Info: release IPO VTR_ASSERT_LEVEL=2

University of Toronto
verilogtorouting.org
vtr-users@googlegroups.com
This is free open source code under MIT license.

VPR was run with the following command-line:
/mnt/vault0/jiajunh5/vtr-verilog-to-routing/vpr/vpr proposed_auto.xml softmax_P1_s256 --circuit_file softmax_P1_s256.pre-vpr.blif --route_chan_width 300 --pack_high_fanout_threshold memory:100000 --seed 2

Using up to 1 parallel worker(s)

Architecture file: proposed_auto.xml
Circuit name: softmax_P1_s256

# Loading Architecture Description
# Loading Architecture Description took 0.01 seconds (max_rss 18.6 MiB, delta_rss +2.8 MiB)

Timing analysis: ON
Circuit netlist file: softmax_P1_s256.net
Circuit placement file: softmax_P1_s256.place
Circuit routing file: softmax_P1_s256.route
Circuit SDC file: softmax_P1_s256.sdc
Vpr floorplanning constraints file: not specified

Packer: ENABLED
Placer: ENABLED
Analytical Placer: DISABLED
Router: ENABLED
Analysis: SKIP IF PRIOR FAIL

VPR was run with the following options:

NetlistOpts.absorb_buffer_luts            : true
NetlistOpts.sweep_dangling_primary_ios    : true
NetlistOpts.sweep_dangling_nets           : true
NetlistOpts.sweep_dangling_blocks         : true
NetlistOpts.sweep_constant_primary_outputs: false
NetlistOpts.netlist_verbosity             : 1
NetlistOpts.const_gen_inference           : COMB_SEQ

PackerOpts.allow_unrelated_clustering: auto
PackerOpts.timing_gain_weight: 0.750000
PackerOpts.connection_gain_weight: 0.900000
PackerOpts.cluster_seed_type: BLEND2
PackerOpts.connection_driven: true
PackerOpts.timing_driven: true
PackerOpts.target_external_pin_util: auto

PlacerOpts.place_freq: PLACE_ONCE
PlacerOpts.place_algorithm: CRITICALITY_TIMING_PLACE
PlacerOpts.pad_loc_type: FREE
PlacerOpts.constraints_file: No constraints file given
PlacerOpts.place_chan_width: 300
PlacerOpts.inner_loop_recompute_divider: 0
PlacerOpts.recompute_crit_iter: 1
PlacerOpts.timing_tradeoff: 0.500000
PlacerOpts.td_place_exp_first: 1.000000
PlacerOpts.td_place_exp_last: 8.000000
PlacerOpts.delay_offset: 0.000000
PlacerOpts.delay_ramp_delta_threshold: -1
PlacerOpts.delay_ramp_slope: 0.000000
PlacerOpts.tsu_rel_margin: 1.000000
PlacerOpts.tsu_abs_margin: 0.000000
PlacerOpts.post_place_timing_report_file: 
PlacerOpts.allowed_tiles_for_delay_model: 
PlacerOpts.delay_model_reducer: MIN
PlacerOpts.delay_model_type: SIMPLE
PlacerOpts.rlim_escape_fraction: 0.000000
PlacerOpts.move_stats_file: 
PlacerOpts.placement_saves_per_temperature: 0
PlacerOpts.effort_scaling: CIRCUIT
PlacerOpts.place_delta_delay_matrix_calculation_method: ASTAR_ROUTE
PlaceOpts.seed: 2
AnnealSched.type: AUTO_SCHED
AnnealSched.inner_num: 0.500000

RouterOpts.route_type: DETAILED
RouterOpts.flat_routing: false
RouterOpts.choke_points: on
RouterOpts.router_algorithm: TIMING_DRIVEN
RouterOpts.base_cost_type: DELAY_NORMALIZED_LENGTH
RouterOpts.fixed_channel_width: 300
RouterOpts.check_route: FULL
RouterOpts.acc_fac: 1.000000
RouterOpts.bb_factor: 3
RouterOpts.bend_cost: 0.000000
RouterOpts.first_iter_pres_fac: 0.000000
RouterOpts.initial_pres_fac: 0.500000
RouterOpts.pres_fac_mult: 1.300000
RouterOpts.max_pres_fac: 1000.000000
RouterOpts.max_router_iterations: 50
RouterOpts.min_incremental_reroute_fanout: 16
RouterOpts.initial_acc_cost_chan_congestion_threshold: 0.500000
RouterOpts.initial_acc_cost_chan_congestion_weight: 0.500000
RouterOpts.do_check_rr_graph: true
RouterOpts.verify_binary_search: false
RouterOpts.min_channel_width_hint: 0
RouterOpts.read_rr_edge_metadata: false
RouterOpts.exit_after_first_routing_iteration: false
RouterOpts.astar_fac: 1.200000
RouterOpts.astar_offset: 0.000000
RouterOpts.router_profiler_astar_fac: 1.200000
RouterOpts.enable_parallel_connection_router: false
RouterOpts.post_target_prune_fac: 1.200000
RouterOpts.post_target_prune_offset: 0
RouterOpts.multi_queue_num_threads: 1
RouterOpts.multi_queue_num_queues: 2
RouterOpts.multi_queue_direct_draining: false
RouterOpts.criticality_exp: 1.000000
RouterOpts.max_criticality: 0.990000
RouterOpts.init_wirelength_abort_threshold: 0.850000
RouterOpts.incr_reroute_delay_ripup: AUTO
RouterOpts.save_routing_per_iteration: false
RouterOpts.congested_routing_iteration_threshold_frac: 1.000000
RouterOpts.high_fanout_threshold: 64
RouterOpts.router_debug_net: -2
RouterOpts.router_debug_sink_rr: -2
RouterOpts.router_debug_iteration: -2
RouterOpts.max_convergence_count: 1
RouterOpts.reconvergence_cpd_threshold: 0.990000
RouterOpts.update_lower_bound_delays: true
RouterOpts.first_iteration_timing_report_file: 
RouterOpts.route_bb_update: DYNAMIC
RouterOpts.lookahead_type: MAP
RouterOpts.initial_timing: LOOKAHEAD
RouterOpts.router_heap: FOUR_ARY_HEAP
RouterOpts.routing_failure_predictor = SAFE
RouterOpts.routing_budgets_algorithm = DISABLE

AnalysisOpts.gen_post_synthesis_netlist: false
AnalysisOpts.gen_post_implementation_merged_netlist: false
AnalysisOpts.gen_post_implementation_sdc: false
AnalysisOpts.timing_report_npaths: 100
AnalysisOpts.timing_report_skew: false
AnalysisOpts.echo_dot_timing_graph_node: -1
AnalysisOpts.timing_report_detail: NETLIST
AnalysisOpts.post_synth_netlist_unconn_input_handling: UNCONNECTED
AnalysisOpts.post_synth_netlist_unconn_output_handling: UNCONNECTED
AnalysisOpts.post_synth_netlist_module_parameters: on

# Building complex block graph
Warning 1: io[0].clock[0] unconnected pin in architecture.
Warning 2: dsp_top[0].dsp_I2[44] unconnected pin in architecture.
Warning 3: dsp_top[0].dsp_I2[45] unconnected pin in architecture.
Warning 4: dsp_top[0].dsp_I2[46] unconnected pin in architecture.
Warning 5: dsp_top[0].dsp_I2[47] unconnected pin in architecture.
Warning 6: dsp_top[0].dsp_I2[48] unconnected pin in architecture.
Warning 7: dsp_top[0].dsp_I2[49] unconnected pin in architecture.
Warning 8: dsp_top[0].dsp_I2[50] unconnected pin in architecture.
Warning 9: dsp_top[0].dsp_I2[51] unconnected pin in architecture.
Warning 10: dsp_top[0].dsp_I2[52] unconnected pin in architecture.
Warning 11: dsp_top[0].dsp_I2[53] unconnected pin in architecture.
Warning 12: dsp_top[0].dsp_I2[54] unconnected pin in architecture.
Warning 13: dsp_top[0].dsp_I2[55] unconnected pin in architecture.
Warning 14: dsp_top[0].dsp_I2[56] unconnected pin in architecture.
Warning 15: dsp_top[0].dsp_I2[57] unconnected pin in architecture.
Warning 16: dsp_top[0].dsp_I2[58] unconnected pin in architecture.
Warning 17: dsp_top[0].dsp_I2[59] unconnected pin in architecture.
Warning 18: dsp_top[0].dsp_I2[60] unconnected pin in architecture.
Warning 19: dsp_top[0].dsp_I2[61] unconnected pin in architecture.
Warning 20: dsp_top[0].dsp_I2[62] unconnected pin in architecture.
Warning 21: dsp_top[0].dsp_I2[63] unconnected pin in architecture.
Warning 22: dsp[0].dsp_I2[44] unconnected pin in architecture.
Warning 23: dsp[0].dsp_I2[45] unconnected pin in architecture.
Warning 24: dsp[0].dsp_I2[46] unconnected pin in architecture.
Warning 25: dsp[0].dsp_I2[47] unconnected pin in architecture.
Warning 26: dsp[0].dsp_I2[48] unconnected pin in architecture.
Warning 27: dsp[0].dsp_I2[49] unconnected pin in architecture.
Warning 28: dsp[0].dsp_I2[50] unconnected pin in architecture.
Warning 29: dsp[0].dsp_I2[51] unconnected pin in architecture.
Warning 30: dsp[0].dsp_I2[52] unconnected pin in architecture.
Warning 31: dsp[0].dsp_I2[53] unconnected pin in architecture.
Warning 32: dsp[0].dsp_I2[54] unconnected pin in architecture.
Warning 33: dsp[0].dsp_I2[55] unconnected pin in architecture.
Warning 34: dsp[0].dsp_I2[56] unconnected pin in architecture.
Warning 35: dsp[0].dsp_I2[57] unconnected pin in architecture.
Warning 36: dsp[0].dsp_I2[58] unconnected pin in architecture.
Warning 37: dsp[0].dsp_I2[59] unconnected pin in architecture.
Warning 38: dsp[0].dsp_I2[60] unconnected pin in architecture.
Warning 39: dsp[0].dsp_I2[61] unconnected pin in architecture.
Warning 40: dsp[0].dsp_I2[62] unconnected pin in architecture.
Warning 41: dsp[0].dsp_I2[63] unconnected pin in architecture.
Warning 42: dsp_pb[0].datain[96] unconnected pin in architecture.
Warning 43: dsp_pb[0].datain[97] unconnected pin in architecture.
Warning 44: dsp_pb[0].datain[98] unconnected pin in architecture.
Warning 45: dsp_pb[0].datain[99] unconnected pin in architecture.
Warning 46: dsp_pb[0].datain[100] unconnected pin in architecture.
Warning 47: dsp_pb[0].datain[101] unconnected pin in architecture.
Warning 48: dsp_pb[0].datain[102] unconnected pin in architecture.
Warning 49: dsp_pb[0].datain[103] unconnected pin in architecture.
Warning 50: dsp_pb[0].datain[104] unconnected pin in architecture.
Warning 51: dsp_pb[0].datain[105] unconnected pin in architecture.
Warning 52: dsp_pb[0].datain[106] unconnected pin in architecture.
Warning 53: dsp_pb[0].datain[107] unconnected pin in architecture.
Warning 54: dsp_pb[0].datain[108] unconnected pin in architecture.
Warning 55: dsp_pb[0].datain[109] unconnected pin in architecture.
Warning 56: dsp_pb[0].datain[110] unconnected pin in architecture.
Warning 57: dsp_pb[0].datain[111] unconnected pin in architecture.
Warning 58: dsp_pb[0].datain[112] unconnected pin in architecture.
Warning 59: dsp_pb[0].datain[113] unconnected pin in architecture.
Warning 60: dsp_pb[0].datain[114] unconnected pin in architecture.
Warning 61: dsp_pb[0].datain[115] unconnected pin in architecture.
# Building complex block graph took 0.06 seconds (max_rss 33.6 MiB, delta_rss +15.0 MiB)
Circuit file: softmax_P1_s256.pre-vpr.blif
# Load circuit
Found constant-one generator 'vcc'
Found constant-zero generator 'unconn'
Found constant-zero generator 'gnd'
# Load circuit took 0.35 seconds (max_rss 118.2 MiB, delta_rss +84.6 MiB)
# Clean circuit
Absorbed 518 LUT buffers
Inferred    0 additional primitive pins as constant generators since they have no combinationally connected inputs
Inferred 1704 additional primitive pins as constant generators due to constant inputs
Inferred    0 additional primitive pins as constant generators since they have no combinationally connected inputs
Inferred    0 additional primitive pins as constant generators due to constant inputs
Inferred    0 additional primitive pins as constant generators since they have no combinationally connected inputs
Inferred    0 additional primitive pins as constant generators due to constant inputs
Swept input(s)      : 2
Swept output(s)     : 0 (0 dangling, 0 constant)
Swept net(s)        : 1915
Swept block(s)      : 0
Constant Pins Marked: 1704
# Clean circuit took 0.01 seconds (max_rss 118.2 MiB, delta_rss +0.0 MiB)
# Compress circuit
# Compress circuit took 0.04 seconds (max_rss 118.2 MiB, delta_rss +0.0 MiB)
# Verify circuit
# Verify circuit took 0.01 seconds (max_rss 118.2 MiB, delta_rss +0.0 MiB)
Circuit Statistics:
  Blocks: 37973
    .input         :      46
    .latch         :    6839
    .names         :   15565
        0-LUT:       2
        2-LUT:     650
        3-LUT:    3748
        4-LUT:    3663
        5-LUT:    2436
        6-LUT:    5066
    .output        :       9
    adder          :    8056
    dpe            :      33
    multiply       :       1
    single_port_ram:    7424
  Nets  : 45612
    Avg Fanout:     4.2
    Max Fanout: 14296.0
    Min Fanout:     1.0
  Netlist Clocks: 1
# Build Timing Graph
  Timing Graph Nodes: 322766
  Timing Graph Edges: 627662
  Timing Graph Levels: 48
# Build Timing Graph took 0.34 seconds (max_rss 202.6 MiB, delta_rss +84.0 MiB)
Netlist contains 1 clocks
  Netlist Clock 'clk' Fanout: 14296 pins (6.0%), 14296 blocks (37.6%)
# Load Timing Constraints

SDC file 'softmax_P1_s256.sdc' not found
Setting default timing constraints:
   * constrain all primary inputs and primary outputs on netlist clock 'clk'
   * optimize netlist clock to run as fast as possible
Timing constraints created 1 clocks
  Constrained Clock 'clk' Source: 'clk.inpad[0]'

# Load Timing Constraints took 0.03 seconds (max_rss 202.6 MiB, delta_rss +0.0 MiB)
# Packing
## Prepacker

There is one chain in this architecture called "chain" with the following starting points:
	clb[0]/lab[0]/fle[0]/ble5[0]/arithmetic[0]/adder[0].cin[0]

## Prepacker took 0.04 seconds (max_rss 203.1 MiB, delta_rss +0.0 MiB)
## Initializing Pre-Cluster Timing
Using inter-cluster delay: 2.1832e-09
## Initializing Pre-Cluster Timing took 0.10 seconds (max_rss 203.6 MiB, delta_rss +0.5 MiB)
Begin packing 'softmax_P1_s256.pre-vpr.blif'.

After removing unused inputs...
	total blocks: 37973, total nets: 45612, total inputs: 46, total outputs: 9
Packing with pin utilization targets: io:1,1 clb:0.8,0.6 wc:1,1 dsp_top:1,1 memory:1,1
Packing with high fanout thresholds: io:128 clb:128 wc:128 dsp_top:128 memory:100000
Starting Clustering - Clustering Progress: 
-------------------   --------------------------   ---------
Molecules processed   Number of clusters created   FPGA size
-------------------   --------------------------   ---------
   960/23958     4%                          270    64 x 64    
  1925/23958     8%                          520    64 x 64    
  2891/23958    12%                          546    64 x 64    
  3851/23958    16%                          570    64 x 64    
  4835/23958    20%                          597    64 x 64    
  5819/23958    24%                          626    64 x 64    
  6811/23958    28%                          658    68 x 68    
  7771/23958    32%                          693    70 x 70    
  8747/23958    36%                          725    84 x 84    
  9711/23958    40%                          763    84 x 84    
 10675/23958    44%                          817    84 x 84    
 11639/23958    48%                          877    84 x 84    
 12608/23958    52%                          945    84 x 84    
 13574/23958    56%                         1015    84 x 84    
 14537/23958    60%                         1087    84 x 84    
 15496/23958    64%                         1158    84 x 84    
 16469/23958    68%                         1212    84 x 84    
 17428/23958    72%                         1278    84 x 84    
 18387/23958    76%                         1345    84 x 84    
 19345/23958    80%                         1408    84 x 84    
 20307/23958    84%                         1474    84 x 84    
 21277/23958    88%                         1532    84 x 84    
 22239/23958    92%                         1589    84 x 84    
 23201/23958    96%                         1661    84 x 84    
 23958/23958   100%                         1785    84 x 84    

Logic Element (fle) detailed count:
  Total number of Logic Elements used : 14392
  LEs used for logic and registers    : 4233
  LEs used for logic only             : 10159
  LEs used for registers only         : 0

FPGA sized to 84 x 84 (auto)
Device Utilization: 0.37 (target 1.00)
	Block Utilization: 0.02 Type: io
	Block Utilization: 0.33 Type: clb
	Block Utilization: 0.50 Type: wc
	Block Utilization: 0.01 Type: dsp_top
	Block Utilization: 0.91 Type: memory

Final Clustering Statistics: 
----------   --------   ------------------------------------   --------------------------
Block Type   # Blocks   Avg. # of input clocks and pins used   Avg. # of output pins used
----------   --------   ------------------------------------   --------------------------
     EMPTY          0                                      0                            0   
        io         55                               0.163636                     0.836364   
       clb       1473                                 30.683                      9.18669   
        wc         33                                     49                      40.0606   
   dsp_top          1                                     12                            8   
    memory        223                                43.4619                      33.2915   
Absorbed logical nets 23280 out of 45612 nets, 22332 nets not absorbed.

Netlist conversion complete.

Incr Slack updates 1 in 0.0025604 sec
Full Max Req/Worst Slack updates 1 in 0.00127338 sec
Incr Max Req/Worst Slack updates 0 in 0 sec
Incr Criticality updates 0 in 0 sec
Full Criticality updates 1 in 0.00867553 sec
# Packing took 22.60 seconds (max_rss 369.6 MiB, delta_rss +166.6 MiB)
# Load packing
## Loading packed FPGA netlist file.
Netlist generated from file 'softmax_P1_s256.net'.
Detected 2 constant generators (to see names run with higher pack verbosity)
Warning 62: Netlist connects net reset to both global and non-global pins.
Warning 63: Netlist connects net reset to both global and non-global pins.
Warning 64: Netlist connects net reset to both global and non-global pins.
Warning 65: Netlist connects net reset to both global and non-global pins.
Warning 66: Netlist connects net reset to both global and non-global pins.
Warning 67: Netlist connects net reset to both global and non-global pins.
Warning 68: Netlist connects net reset to both global and non-global pins.
Warning 69: Netlist connects net reset to both global and non-global pins.
Warning 70: Netlist connects net reset to both global and non-global pins.
Warning 71: Netlist connects net reset to both global and non-global pins.
Warning 72: Netlist connects net reset to both global and non-global pins.
## Loading packed FPGA netlist file. took 1.58 seconds (max_rss 383.1 MiB, delta_rss +13.5 MiB)
Warning 73: Treated 2 constant nets as global which will not be routed (to see net names increase packer verbosity).
Netlist contains 1432 global net to non-global architecture pin connections
Warning 74: Logic block #1737 (gnd) has only 1 output pin 'gnd.O[39]'. It may be a constant generator.
Completed clustering consistency check successfully.

Pb types usage...
  io                      : 55
   inpad                  : 46
   outpad                 : 9
  clb                     : 1473
   lab                    : 1473
    fle                   : 14392
     ble5                 : 18557
      flut5               : 10501
       lut5               : 10496
        lut               : 10496
       ff                 : 6152
      arithmetic          : 8056
       lut4               : 3
        lut               : 3
       adder              : 8056
     ble6                 : 5066
      lut6                : 5066
       lut                : 5066
      ff                  : 687
  wc                      : 33
   wc_slice               : 33
    nl_dpe                : 33
  dsp_top                 : 1
   dsp                    : 1
    dsp_pb                : 1
     mult_9x9_fixed_pt    : 1
  memory                  : 223
   mem_512x40_sp          : 223
    memory_slice          : 7424

# Load packing took 1.84 seconds (max_rss 383.1 MiB, delta_rss +13.5 MiB)
# Create Device
## Build Device Grid
FPGA sized to 84 x 84: 7056 grid tiles (auto)
## Build Device Grid took 0.02 seconds (max_rss 383.1 MiB, delta_rss +0.0 MiB)
## Build routing resource graph
## Build routing resource graph took 10.77 seconds (max_rss 1019.6 MiB, delta_rss +636.5 MiB)
  RR Graph Nodes: 1781320
  RR Graph Edges: 24150359
# Create Device took 11.47 seconds (max_rss 1019.6 MiB, delta_rss +636.5 MiB)

Resource usage...
	Netlist
		55	blocks of type: io
	Architecture
		2624	blocks of type: io
	Netlist
		1473	blocks of type: clb
	Architecture
		4446	blocks of type: clb
	Netlist
		33	blocks of type: wc
	Architecture
		66	blocks of type: wc
	Netlist
		1	blocks of type: dsp_top
	Architecture
		100	blocks of type: dsp_top
	Netlist
		223	blocks of type: memory
	Architecture
		246	blocks of type: memory

Device Utilization: 0.37 (target 1.00)
	Physical Tile io:
	Block Utilization: 0.02 Logical Block: io
	Physical Tile clb:
	Block Utilization: 0.33 Logical Block: clb
	Physical Tile wc:
	Block Utilization: 0.50 Logical Block: wc
	Physical Tile dsp_top:
	Block Utilization: 0.01 Logical Block: dsp_top
	Physical Tile memory:
	Block Utilization: 0.91 Logical Block: memory

FPGA size limited by block type(s): memory


# Computing router lookahead map
## Computing wire lookahead
## Computing wire lookahead took 8.11 seconds (max_rss 1019.6 MiB, delta_rss +0.0 MiB)
## Computing src/opin lookahead
## Computing src/opin lookahead took 0.18 seconds (max_rss 1019.6 MiB, delta_rss +0.0 MiB)
# Computing router lookahead map took 8.31 seconds (max_rss 1019.6 MiB, delta_rss +0.0 MiB)
# Compressed grid construction
# Compressed grid construction took 0.00 seconds (max_rss 1019.6 MiB, delta_rss +0.0 MiB)

Bounding box mode is Cube

# Computing placement delta delay look-up
RR graph channel widths unchanged, skipping RR graph rebuild
Serial Connection Router is being destroyed. Time spent on path search: 0.000 seconds.
# Computing placement delta delay look-up took 0.03 seconds (max_rss 1019.6 MiB, delta_rss +0.0 MiB)
# Placement
## Initial Placement
Initial placement iteration 0 has finished successfully
## Initial Placement took 0.01 seconds (max_rss 1019.6 MiB, delta_rss +0.0 MiB)
Using simple RL 'Softmax agent' for choosing move and block types

Completed placement consistency check successfully.
Initial placement cost: 1 bb_cost: 3847.38 td_cost: 2.26494e-05
Initial placement BB estimate of wirelength: 1.15415e+06
Initial placement estimated Critical Path Delay (CPD): 28.9036 ns
Initial placement estimated setup Total Negative Slack (sTNS): -470661 ns
Initial placement estimated setup Worst Negative Slack (sWNS): -28.9036 ns

Initial placement estimated setup slack histogram:
[ -2.9e-08: -2.6e-08)   166 (  0.2%) |
[ -2.6e-08: -2.3e-08)   655 (  0.7%) |*
[ -2.3e-08:   -2e-08)   946 (  1.0%) |*
[   -2e-08: -1.7e-08)   137 (  0.1%) |
[ -1.7e-08: -1.4e-08)    45 (  0.0%) |
[ -1.4e-08: -1.2e-08)  1283 (  1.4%) |*
[ -1.2e-08: -8.7e-09) 10124 ( 10.9%) |*********
[ -8.7e-09: -5.8e-09) 11232 ( 12.1%) |**********
[ -5.8e-09: -2.9e-09) 49797 ( 53.8%) |*********************************************
[ -2.9e-09: -1.9e-11) 18110 ( 19.6%) |****************
Placement contains 0 placement macros involving 0 blocks (average macro size -nan)

Moves per temperature: 10823

---- ------ ------- ------- ---------- ---------- ------- ---------- -------- ------- ------- ------ -------- --------- ------
Tnum   Time       T Av Cost Av BB Cost Av TD Cost     CPD       sTNS     sWNS Ac Rate Std Dev  R lim Crit Exp Tot Moves  Alpha
      (sec)                                          (ns)       (ns)     (ns)                                                 
---- ------ ------- ------- ---------- ---------- ------- ---------- -------- ------- ------- ------ -------- --------- ------
   1    0.2 5.6e-04   1.034    3435.05 2.0357e-05  27.979  -4.43e+05  -27.979   0.744  0.0178   83.0     1.00     10823  1.000
   2    0.2 5.4e-04   0.985    3339.51 2.0424e-05  28.497  -4.68e+05  -28.497   0.725  0.0087   83.0     1.00     21646  0.950
   3    0.2 5.1e-04   0.980    3280.90 2.1732e-05  26.544  -4.69e+05  -26.544   0.723  0.0083   83.0     1.00     32469  0.950
   4    0.2 4.8e-04   0.980    3198.51 2.0392e-05  27.455  -4.78e+05  -27.455   0.710  0.0081   83.0     1.00     43292  0.950
   5    0.2 4.6e-04   0.991    3188.99 1.9438e-05  28.214   -4.5e+05  -28.214   0.695  0.0111   83.0     1.00     54115  0.950
   6    0.2 4.4e-04   0.980    3103.13 2.155e-05   24.600  -4.58e+05  -24.600   0.686  0.0087   83.0     1.00     64938  0.950
   7    0.2 4.1e-04   0.982    2995.91 1.9708e-05  26.199  -4.44e+05  -26.199   0.662  0.0114   83.0     1.00     75761  0.950
   8    0.2 3.9e-04   0.975    2842.06 2.0908e-05  23.592  -4.39e+05  -23.592   0.648  0.0138   83.0     1.00     86584  0.950
   9    0.2 3.7e-04   0.993    2814.08 2.0411e-05  24.482   -4.5e+05  -24.482   0.635  0.0051   83.0     1.00     97407  0.950
  10    0.2 3.5e-04   0.975    2748.45 1.7959e-05  27.073  -4.71e+05  -27.073   0.620  0.0124   83.0     1.00    108230  0.950
  11    0.2 3.4e-04   0.983    2679.66 1.9402e-05  23.840  -4.14e+05  -23.840   0.604  0.0084   83.0     1.00    119053  0.950
  12    0.2 3.2e-04   0.981    2602.87 1.8834e-05  24.474  -4.41e+05  -24.474   0.599  0.0082   83.0     1.00    129876  0.950
  13    0.2 3.0e-04   0.973    2501.68 1.7509e-05  25.177  -4.26e+05  -25.177   0.573  0.0113   83.0     1.00    140699  0.950
  14    0.2 2.9e-04   0.980    2387.59 1.8236e-05  23.333  -4.32e+05  -23.333   0.571  0.0084   83.0     1.00    151522  0.950
  15    0.2 2.7e-04   0.989    2321.20 1.8853e-05  22.030  -4.28e+05  -22.030   0.559  0.0045   83.0     1.00    162345  0.950
  16    0.2 2.6e-04   0.981    2278.70 1.8967e-05  21.628  -4.41e+05  -21.628   0.537  0.0093   83.0     1.00    173168  0.950
  17    0.2 2.5e-04   0.982    2233.69 1.8725e-05  21.376  -4.03e+05  -21.376   0.539  0.0110   83.0     1.00    183991  0.950
  18    0.2 2.4e-04   0.999    2214.87 1.8382e-05  21.678  -4.18e+05  -21.678   0.529  0.0033   83.0     1.00    194814  0.950
  19    0.2 2.2e-04   0.981    2145.29 1.8282e-05  21.499  -4.22e+05  -21.499   0.521  0.0079   83.0     1.00    205637  0.950
  20    0.2 2.1e-04   0.981    2107.58 1.8725e-05  20.587  -4.15e+05  -20.587   0.508  0.0092   83.0     1.00    216460  0.950
  21    0.2 2.0e-04   0.985    2029.08 1.7924e-05  20.639  -4.12e+05  -20.639   0.495  0.0075   83.0     1.00    227283  0.950
  22    0.2 1.9e-04   0.983    1978.63 1.8164e-05  20.117   -4.1e+05  -20.117   0.482  0.0092   83.0     1.00    238106  0.950
  23    0.2 1.8e-04   0.984    1927.26 1.7219e-05  20.635  -4.15e+05  -20.635   0.468  0.0063   83.0     1.00    248929  0.950
  24    0.2 1.7e-04   0.988    1881.62 1.6686e-05  21.095  -4.03e+05  -21.095   0.454  0.0055   83.0     1.00    259752  0.950
  25    0.2 1.6e-04   0.986    1832.84 1.6686e-05  20.688  -4.22e+05  -20.688   0.461  0.0063   83.0     1.00    270575  0.950
  26    0.2 1.6e-04   0.990    1804.56 1.6691e-05  20.342  -4.16e+05  -20.342   0.440  0.0048   83.0     1.00    281398  0.950
  27    0.2 1.5e-04   0.984    1771.21 1.742e-05   19.502  -4.14e+05  -19.502   0.436  0.0083   83.0     1.00    292221  0.950
  28    0.2 1.4e-04   0.988    1722.79 1.5974e-05  20.004     -4e+05  -20.004   0.424  0.0047   82.6     1.03    303044  0.950
  29    0.2 1.3e-04   0.993    1693.40 1.4286e-05  19.840  -4.01e+05  -19.840   0.407  0.0033   81.4     1.14    313867  0.950
  30    0.2 1.3e-04   0.989    1670.05 1.2058e-05  19.098  -3.87e+05  -19.098   0.404  0.0056   78.6     1.37    324690  0.950
  31    0.2 1.2e-04   0.995    1652.16 9.9792e-06  18.995  -3.88e+05  -18.995   0.393  0.0022   75.8     1.61    335513  0.950
  32    0.2 1.1e-04   0.995    1645.80 8.2339e-06  18.608  -3.94e+05  -18.608   0.389  0.0049   72.2     1.92    346336  0.950
  33    0.2 1.1e-04   0.991    1612.83 5.7412e-06  19.725  -3.88e+05  -19.725   0.381  0.0050   68.6     2.23    357159  0.950
  34    0.2 1.0e-04   0.990    1597.41 5.5493e-06  18.224  -3.94e+05  -18.224   0.358  0.0049   64.5     2.58    367982  0.950
  35    0.2 9.8e-05   0.992    1584.33 4.3225e-06  18.220  -3.87e+05  -18.220   0.356  0.0051   59.2     3.03    378805  0.950
  36    0.2 9.4e-05   0.993    1571.47 4.0284e-06  17.573  -3.94e+05  -17.573   0.338  0.0031   54.2     3.46    389628  0.950
  37    0.2 8.9e-05   0.994    1566.97 2.6448e-06  18.475  -3.98e+05  -18.475   0.334  0.0024   48.7     3.93    400451  0.950
  38    0.2 8.4e-05   0.992    1555.35 2.0338e-06  18.768  -3.95e+05  -18.768   0.316  0.0044   43.5     4.37    411274  0.950
  39    0.2 8.0e-05   0.991    1532.41 2.0467e-06  17.908   -3.9e+05  -17.908   0.314  0.0039   38.2     4.83    422097  0.950
  40    0.2 7.6e-05   0.994    1524.36 1.9674e-06  17.527  -3.93e+05  -17.527   0.297  0.0038   33.3     5.24    432920  0.950
  41    0.2 7.2e-05   0.998    1515.50 1.7276e-06  17.314  -3.87e+05  -17.314   0.291  0.0012   28.6     5.65    443743  0.950
  42    0.2 6.9e-05   0.993    1503.41 1.5067e-06  17.516  -3.89e+05  -17.516   0.286  0.0030   24.3     6.01    454566  0.950
  43    0.2 6.5e-05   0.998    1497.56 1.6437e-06  16.920   -3.9e+05  -16.920   0.280  0.0011   20.6     6.33    465389  0.950
  44    0.2 6.2e-05   0.995    1486.23 1.5528e-06  16.838  -3.86e+05  -16.838   0.274  0.0023   17.3     6.61    476212  0.950
  45    0.2 5.9e-05   0.997    1479.12 1.5284e-06  16.636  -3.85e+05  -16.636   0.272  0.0020   14.4     6.85    487035  0.950
  46    0.2 5.6e-05   0.990    1451.23 1.4078e-06  16.547  -3.86e+05  -16.547   0.427  0.0053   12.0     7.06    497858  0.950
  47    0.2 5.3e-05   0.995    1424.81 1.3488e-06  16.565  -3.89e+05  -16.565   0.400  0.0025   11.8     7.08    508681  0.950
  48    0.2 5.1e-05   0.995    1414.75 1.3118e-06  16.547  -3.88e+05  -16.547   0.378  0.0020   11.4     7.12    519504  0.950
  49    0.2 4.8e-05   0.997    1409.61 1.3194e-06  16.502  -3.89e+05  -16.502   0.374  0.0019   10.7     7.18    530327  0.950
  50    0.2 4.6e-05   0.997    1400.88 1.3855e-06  16.442  -3.94e+05  -16.442   0.369  0.0016   10.0     7.24    541150  0.950
  51    0.2 4.3e-05   1.000    1397.13 1.2711e-06  16.526  -3.87e+05  -16.526   0.354  0.0006    9.2     7.30    551973  0.950
  52    0.2 4.1e-05   0.998    1394.91 1.2701e-06  16.563  -3.83e+05  -16.563   0.355  0.0010    8.5     7.36    562796  0.950
  53    0.2 3.9e-05   0.996    1387.71 1.2754e-06  16.482   -3.8e+05  -16.482   0.350  0.0014    7.7     7.42    573619  0.950
  54    0.2 3.7e-05   0.997    1380.81 1.0651e-06  16.809  -3.86e+05  -16.809   0.334  0.0012    7.0     7.48    584442  0.950
  55    0.2 3.5e-05   0.998    1376.16 9.5031e-07  17.002  -3.85e+05  -17.002   0.328  0.0008    6.3     7.55    595265  0.950
  56    0.2 3.4e-05   0.997    1372.63 9.8028e-07  16.907  -3.84e+05  -16.907   0.333  0.0015    5.6     7.61    606088  0.950
  57    0.2 3.2e-05   0.997    1367.77 1.2424e-06  16.231  -3.84e+05  -16.231   0.325  0.0011    5.0     7.66    616911  0.950
  58    0.2 3.0e-05   0.998    1364.01 1.2664e-06  16.186  -3.84e+05  -16.186   0.326  0.0007    4.4     7.71    627734  0.950
  59    0.2 2.9e-05   0.998    1360.26 1.0312e-06  16.544  -3.82e+05  -16.544   0.323  0.0007    3.9     7.75    638557  0.950
  60    0.2 2.7e-05   0.999    1358.43 1.0981e-06  16.291  -3.79e+05  -16.291   0.317  0.0004    3.5     7.79    649380  0.950
  61    0.2 2.6e-05   1.000    1358.38 1.1159e-06  16.235  -3.79e+05  -16.235   0.311  0.0005    3.0     7.83    660203  0.950
  62    0.2 2.5e-05   0.997    1351.96 1.0503e-06  16.338  -3.79e+05  -16.338   0.358  0.0013    2.6     7.86    671026  0.950
  63    0.2 2.3e-05   0.998    1344.92 1.1238e-06  16.227  -3.79e+05  -16.227   0.349  0.0007    2.4     7.88    681849  0.950
  64    0.2 2.2e-05   0.998    1341.77 1.058e-06   16.305  -3.79e+05  -16.305   0.344  0.0006    2.2     7.90    692672  0.950
  65    0.2 2.1e-05   0.998    1336.42 1.0474e-06  16.305  -3.78e+05  -16.305   0.414  0.0006    2.0     7.92    703495  0.950
  66    0.2 2.0e-05   0.999    1334.50 1.0844e-06  16.205  -3.78e+05  -16.205   0.405  0.0006    1.9     7.92    714318  0.950
  67    0.2 1.9e-05   1.000    1332.67 1.0362e-06  16.305  -3.79e+05  -16.305   0.389  0.0003    1.9     7.93    725141  0.950
  68    0.2 1.8e-05   1.000    1331.66 1.0409e-06  16.305  -3.79e+05  -16.305   0.402  0.0004    1.8     7.93    735964  0.950
  69    0.2 1.7e-05   0.999    1328.72 9.6036e-07  16.521  -3.78e+05  -16.521   0.375  0.0005    1.7     7.94    746787  0.950
  70    0.2 1.6e-05   0.999    1326.37 9.3814e-07  16.521   -3.8e+05  -16.521   0.367  0.0005    1.6     7.95    757610  0.950
  71    0.2 1.6e-05   0.999    1325.19 9.8422e-07  16.416  -3.79e+05  -16.416   0.357  0.0004    1.5     7.96    768433  0.950
  72    0.2 1.5e-05   1.000    1324.72 9.2963e-07  16.521   -3.8e+05  -16.521   0.358  0.0003    1.4     7.97    779256  0.950
  73    0.2 1.4e-05   0.999    1323.67 9.5317e-07  16.416   -3.8e+05  -16.416   0.349  0.0003    1.2     7.98    790079  0.950
  74    0.2 1.3e-05   0.999    1322.39 9.5636e-07  16.416  -3.78e+05  -16.416   0.336  0.0003    1.1     7.99    800902  0.950
  75    0.2 1.3e-05   0.999    1321.18 9.79e-07    16.338  -3.77e+05  -16.338   0.322  0.0002    1.0     8.00    811725  0.950
  76    0.2 1.2e-05   0.999    1320.13 9.8921e-07  16.338  -3.77e+05  -16.338   0.318  0.0003    1.0     8.00    822548  0.950
  77    0.2 1.1e-05   0.999    1317.93 9.8941e-07  16.338  -3.79e+05  -16.338   0.305  0.0005    1.0     8.00    833371  0.950
  78    0.2 1.1e-05   1.000    1316.80 9.8009e-07  16.338  -3.79e+05  -16.338   0.303  0.0002    1.0     8.00    844194  0.950
  79    0.2 1.0e-05   1.000    1316.44 9.6815e-07  16.338  -3.78e+05  -16.338   0.296  0.0002    1.0     8.00    855017  0.950
  80    0.2 9.8e-06   1.000    1315.52 9.6515e-07  16.338  -3.75e+05  -16.338   0.291  0.0002    1.0     8.00    865840  0.950
  81    0.2 9.3e-06   0.999    1314.42 9.6042e-07  16.338  -3.78e+05  -16.338   0.285  0.0002    1.0     8.00    876663  0.950
  82    0.2 8.8e-06   0.999    1312.62 9.7532e-07  16.338  -3.76e+05  -16.338   0.273  0.0004    1.0     8.00    887486  0.950
  83    0.2 8.4e-06   1.000    1311.67 9.7823e-07  16.338  -3.76e+05  -16.338   0.263  0.0001    1.0     8.00    898309  0.950
  84    0.2 8.0e-06   0.999    1310.78 9.7691e-07  16.338  -3.75e+05  -16.338   0.247  0.0002    1.0     8.00    909132  0.950
  85    0.2 7.6e-06   1.000    1309.33 9.6873e-07  16.338  -3.75e+05  -16.338   0.246  0.0002    1.0     8.00    919955  0.950
  86    0.2 7.2e-06   1.000    1308.89 9.6108e-07  16.338  -3.74e+05  -16.338   0.229  0.0001    1.0     8.00    930778  0.950
  87    0.2 6.8e-06   1.000    1308.12 9.6525e-07  16.338  -3.73e+05  -16.338   0.228  0.0002    1.0     8.00    941601  0.950
  88    0.2 6.5e-06   1.000    1307.26 9.6476e-07  16.338  -3.78e+05  -16.338   0.218  0.0001    1.0     8.00    952424  0.950
  89    0.2 6.2e-06   1.000    1307.09 9.7267e-07  16.338  -3.77e+05  -16.338   0.212  0.0001    1.0     8.00    963247  0.950
  90    0.2 5.9e-06   1.000    1306.31 9.6215e-07  16.338  -3.78e+05  -16.338   0.204  0.0001    1.0     8.00    974070  0.950
  91    0.2 5.6e-06   1.000    1306.29 9.7533e-07  16.338   -3.8e+05  -16.338   0.199  0.0002    1.0     8.00    984893  0.950
  92    0.2 5.3e-06   1.000    1305.61 9.6876e-07  16.338  -3.77e+05  -16.338   0.187  0.0001    1.0     8.00    995716  0.950
  93    0.2 5.0e-06   1.000    1304.49 1.0148e-06  16.235  -3.76e+05  -16.235   0.185  0.0001    1.0     8.00   1006539  0.950
  94    0.2 4.8e-06   1.000    1303.91 9.7554e-07  16.338  -3.81e+05  -16.338   0.184  0.0001    1.0     8.00   1017362  0.950
  95    0.2 4.5e-06   1.000    1303.39 9.6965e-07  16.338  -3.78e+05  -16.338   0.181  0.0002    1.0     8.00   1028185  0.950
  96    0.2 4.3e-06   1.000    1303.16 9.719e-07   16.338   -3.8e+05  -16.338   0.164  0.0001    1.0     8.00   1039008  0.950
  97    0.2 4.1e-06   1.000    1302.59 9.7645e-07  16.338  -3.78e+05  -16.338   0.158  0.0001    1.0     8.00   1049831  0.950
  98    0.2 3.9e-06   1.000    1302.29 9.763e-07   16.338  -3.79e+05  -16.338   0.157  0.0001    1.0     8.00   1060654  0.950
  99    0.2 3.7e-06   1.000    1302.08 9.7878e-07  16.338   -3.8e+05  -16.338   0.149  0.0001    1.0     8.00   1071477  0.950
Agent's 2nd state: 
 100    0.2 3.0e-06   1.000    1301.19 9.6645e-07  16.338   -3.8e+05  -16.338   0.131  0.0001    1.0     8.00   1082300  0.800
Checkpoint saved: bb_costs=1300.81, TD costs=9.76676e-07, CPD= 16.338 (ns) 
 101    0.2 2.4e-06   1.000    1300.78 9.7611e-07  16.338  -3.78e+05  -16.338   0.082  0.0002    1.0     8.00   1093123  0.800
Checkpoint saved: bb_costs=1300.57, TD costs=1.05606e-06, CPD= 16.132 (ns) 
 102    0.2 1.9e-06   1.000    1300.09 1.0561e-06  16.132  -3.76e+05  -16.132   0.074  0.0001    1.0     8.00   1103946  0.800
 103    0.2 1.5e-06   1.000    1300.02 1.0607e-06  16.132  -3.77e+05  -16.132   0.064  0.0000    1.0     8.00   1114769  0.800
 104    0.2 1.2e-06   1.000    1299.75 1.0575e-06  16.132  -3.78e+05  -16.132   0.053  0.0001    1.0     8.00   1125592  0.800
 105    0.2 9.7e-07   1.000    1299.47 1.0581e-06  16.132  -3.78e+05  -16.132   0.045  0.0000    1.0     8.00   1136415  0.800
 106    0.2 7.7e-07   1.000    1299.11 1.0591e-06  16.132  -3.77e+05  -16.132   0.045  0.0000    1.0     8.00   1147238  0.800
 107    0.2 6.2e-07   1.000    1299.06 1.0593e-06  16.132  -3.77e+05  -16.132   0.041  0.0000    1.0     8.00   1158061  0.800
 108    0.2 5.0e-07   1.000    1298.94 1.0615e-06  16.132  -3.77e+05  -16.132   0.033  0.0000    1.0     8.00   1168884  0.800
 109    0.2 4.0e-07   1.000    1298.97 1.0592e-06  16.132  -3.76e+05  -16.132   0.033  0.0000    1.0     8.00   1179707  0.800
 110    0.2 3.2e-07   1.000    1298.79 1.0603e-06  16.132  -3.77e+05  -16.132   0.033  0.0000    1.0     8.00   1190530  0.800
 111    0.2 2.5e-07   1.000    1298.98 1.0602e-06  16.132  -3.77e+05  -16.132   0.030  0.0000    1.0     8.00   1201353  0.800
 112    0.2 0.0e+00   1.000    1298.73 1.0575e-06  16.132  -3.77e+05  -16.132   0.009  0.0000    1.0     8.00   1212176  0.800
## Placement Quench took 0.16 seconds (max_rss 1019.6 MiB)
post-quench CPD = 16.1316 (ns) 

Completed placement consistency check successfully.

Swaps called: 1213961

Aborted Move Reasons:
  No moves aborted

BB estimate of min-dist (placement) wire length: 389579

Placement estimated critical path delay (least slack): 16.1316 ns, Fmax: 61.9902 MHz
Placement estimated setup Worst Negative Slack (sWNS): -16.1316 ns
Placement estimated setup Total Negative Slack (sTNS): -377091 ns

Placement estimated setup slack histogram:
[ -1.6e-08: -1.5e-08)   161 (  0.2%) |
[ -1.5e-08: -1.3e-08)  1082 (  1.2%) |**
[ -1.3e-08: -1.1e-08)   645 (  0.7%) |*
[ -1.1e-08: -9.7e-09)    16 (  0.0%) |
[ -9.7e-09: -8.1e-09)  7261 (  7.9%) |***********
[ -8.1e-09: -6.5e-09)  6716 (  7.3%) |**********
[ -6.5e-09: -4.9e-09)  5412 (  5.9%) |********
[ -4.9e-09: -3.2e-09) 30967 ( 33.5%) |*********************************************
[ -3.2e-09: -1.6e-09) 29497 ( 31.9%) |*******************************************
[ -1.6e-09: -1.9e-11) 10738 ( 11.6%) |****************

Placement estimated geomean non-virtual intra-domain period: 16.1316 ns (61.9902 MHz)
Placement estimated fanout-weighted geomean non-virtual intra-domain period: 16.1316 ns (61.9902 MHz)

Placement cost: 0.999949, bb_cost: 1298.68, td_cost: 1.05817e-06, 

Placement resource usage:
  io      implemented as io     : 55
  clb     implemented as clb    : 1473
  wc      implemented as wc     : 33
  dsp_top implemented as dsp_top: 1
  memory  implemented as memory : 223

Placement number of temperatures: 112
Placement total # of swap attempts: 1213961
	Swaps accepted:  418663 (34.5 %)
	Swaps rejected:  759044 (62.5 %)
	Swaps aborted:   36254 ( 3.0 %)


Placement perturbation distribution by block and move type: 
------------------ ----------------- ---------------- ---------------- --------------- ------------ 
    Block Type         Move Type       (%) of Total      Accepted(%)     Rejected(%)    Aborted(%)
------------------ ----------------- ---------------- ---------------- --------------- ------------ 
io                 Uniform                0.73             73.08           26.92          0.00         
                   Median                 0.74             57.65           22.21          20.14        
                   Centroid               0.73             73.96           25.89          0.15         
                   W. Centroid            0.74             74.14           25.72          0.13         
                   W. Median              0.05             17.32           61.63          21.05        

clb                Uniform                19.65            21.10           78.70          0.19         
                   Median                 19.74            49.22           46.31          4.47         
                   Centroid               19.59            43.68           52.45          3.87         
                   W. Centroid            19.77            44.17           51.87          3.96         
                   W. Median              1.27             7.12            83.31          9.57         
                   Crit. Uniform          1.30             0.07            99.12          0.81         
                   Feasible Region        1.28             0.02            99.98          0.00         

wc                 Uniform                0.44             1.94            98.06          0.00         
                   Median                 0.43             3.15            88.92          7.93         
                   Centroid               0.44             3.41            88.66          7.93         
                   W. Centroid            0.43             2.84            89.49          7.67         
                   W. Median              0.03             0.00            84.77          15.23        

dsp_top            Uniform                0.01             18.42           81.58          0.00         
                   Median                 0.01             26.03           73.97          0.00         
                   Centroid               0.01             32.45           67.55          0.00         
                   W. Centroid            0.01             26.90           73.10          0.00         
                   W. Median              0.00             0.00            100.00         0.00         

memory             Uniform                3.01             6.90            93.10          0.00         
                   Median                 2.98             11.35           86.80          1.85         
                   Centroid               2.96             9.43            90.57          0.00         
                   W. Centroid            2.98             9.92            89.06          1.02         
                   W. Median              0.18             3.80            93.12          3.08         
                   Crit. Uniform          0.24             0.00            100.00         0.00         
                   Feasible Region        0.24             0.00            85.66          14.34        


Placement Quench timing analysis took 0.0681414 seconds (0.0606304 STA, 0.00751101 slack) (1 full updates: 1 setup, 0 hold, 0 combined).
Placement Total  timing analysis took 8.97055 seconds (7.60662 STA, 1.36393 slack) (114 full updates: 114 setup, 0 hold, 0 combined).
update_td_costs: connections 0 nets 0 sum_nets 0 total 0
# Placement took 21.25 seconds (max_rss 1019.6 MiB, delta_rss +0.0 MiB)

# Routing
RR graph channel widths unchanged, skipping RR graph rebuild
## Initializing router criticalities
Initial Net Connection Criticality Histogram:
[        0:      0.1)  5681 ( 10.1%) |*****************
[      0.1:      0.2)  9010 ( 15.9%) |****************************
[      0.2:      0.3) 11074 ( 19.6%) |**********************************
[      0.3:      0.4) 14635 ( 25.9%) |*********************************************
[      0.4:      0.5)  6317 ( 11.2%) |*******************
[      0.5:      0.6)   868 (  1.5%) |***
[      0.6:      0.7)  1863 (  3.3%) |******
[      0.7:      0.8)  4014 (  7.1%) |************
[      0.8:      0.9)  2700 (  4.8%) |********
[      0.9:        1)   364 (  0.6%) |*
## Initializing router criticalities took 0.62 seconds (max_rss 1019.6 MiB, delta_rss +0.0 MiB)
---- ------ ------- ---- ------- ------- ------- ----------------- --------------- -------- ---------- ---------- ---------- ---------- --------
Iter   Time    pres  BBs    Heap  Re-Rtd  Re-Rtd Overused RR Nodes      Wirelength      CPD       sTNS       sWNS       hTNS       hWNS Est Succ
      (sec)     fac Updt    push    Nets   Conns                                       (ns)       (ns)       (ns)       (ns)       (ns)     Iter
---- ------ ------- ---- ------- ------- ------- ----------------- --------------- -------- ---------- ---------- ---------- ---------- --------
   1    1.0     0.0    0 8672098   22328   54052   23799 ( 1.336%)  575335 (14.1%)   16.880 -4.717e+05    -16.880    -0.6240     -0.019      N/A
Incr Slack updates 114 in 0.283604 sec
Full Max Req/Worst Slack updates 52 in 0.0663887 sec
Incr Max Req/Worst Slack updates 62 in 0.107681 sec
Incr Criticality updates 39 in 0.138545 sec
Full Criticality updates 75 in 0.643811 sec
   2    1.1     0.5    0 7850130   14863   43819   11169 ( 0.627%)  567970 (13.9%)   16.569 -4.695e+05    -16.569    -0.6240     -0.019      N/A
   3    1.0     0.6    0 5358403    9987   30838    8162 ( 0.458%)  570869 (14.0%)   16.985 -4.714e+05    -16.985    -0.6240     -0.019      N/A
   4    0.8     0.8    0 3960677    7868   24786    6217 ( 0.349%)  572817 (14.0%)   16.569 -4.789e+05    -16.569    -0.6240     -0.019      N/A
   5    0.6     1.1    0 2876300    6230   20247    4694 ( 0.264%)  574189 (14.1%)   16.985 -4.785e+05    -16.985    -0.6240     -0.019      N/A
   6    0.4     1.4    0 2081006    4725   15652    3228 ( 0.181%)  576374 (14.1%)   16.569 -4.821e+05    -16.569    -0.6240     -0.019      N/A
   7    0.3     1.9    0 1275760    3499   12477    2325 ( 0.131%)  578396 (14.2%)   16.777 -4.823e+05    -16.777    -0.6240     -0.019      N/A
   8    0.3     2.4    0  869104    2537    9849    1503 ( 0.084%)  580425 (14.2%)   16.569 -4.825e+05    -16.569    -0.6240     -0.019      N/A
   9    0.2     3.1    0  601371    1678    6994     882 ( 0.050%)  582245 (14.3%)   16.569 -4.825e+05    -16.569    -0.6240     -0.019      N/A
  10    0.2     4.1    0  395634    1088    4760     514 ( 0.029%)  583600 (14.3%)   16.569 -4.837e+05    -16.569    -0.6240     -0.019       26
  11    0.2     5.3    0  270006     674    3191     263 ( 0.015%)  584378 (14.3%)   16.569 -4.837e+05    -16.569    -0.6240     -0.019       24
  12    0.2     6.9    0  156527     350    1783     114 ( 0.006%)  585022 (14.3%)   16.569 -4.837e+05    -16.569    -0.6240     -0.019       22
  13    0.2     9.0    0   62575     146     688      33 ( 0.002%)  585242 (14.3%)   16.569 -4.837e+05    -16.569    -0.6240     -0.019       20
  14    0.1    11.6    0   18669      48     188      11 ( 0.001%)  585319 (14.3%)   16.569 -4.837e+05    -16.569    -0.6240     -0.019       19
  15    0.1    15.1    0    5087      14      48       2 ( 0.000%)  585349 (14.3%)   16.569 -4.837e+05    -16.569    -0.6240     -0.019       17
  16    0.1    19.7    0     895       4       8       1 ( 0.000%)  585352 (14.3%)   16.569 -4.837e+05    -16.569    -0.6240     -0.019       17
  17    0.1    25.6    0     251       1       2       0 ( 0.000%)  585356 (14.3%)   16.569 -4.837e+05    -16.569    -0.6240     -0.019       16
Restoring best routing
Critical path: 16.5688 ns
Successfully routed after 17 routing iterations.
Final Net Connection Criticality Histogram:
[        0:      0.1)  3212 (  5.7%) |***********
[      0.1:      0.2)  7570 ( 13.4%) |**************************
[      0.2:      0.3)  8572 ( 15.2%) |*****************************
[      0.3:      0.4) 11466 ( 20.3%) |***************************************
[      0.4:      0.5) 13320 ( 23.6%) |*********************************************
[      0.5:      0.6)  3555 (  6.3%) |************
[      0.6:      0.7)  2536 (  4.5%) |*********
[      0.7:      0.8)  4134 (  7.3%) |**************
[      0.8:      0.9)  1866 (  3.3%) |******
[      0.9:        1)   295 (  0.5%) |*
Router Stats: total_nets_routed: 76040 total_connections_routed: 229382 total_heap_pushes: 34454493 total_heap_pops: 7564403 
Serial Connection Router is being destroyed. Time spent on path search: 3.673 seconds.
# Routing took 8.17 seconds (max_rss 1019.6 MiB, delta_rss +0.0 MiB)

Checking to ensure routing is legal...
# Checking to ensure non-configurable edges are legal
# Checking to ensure non-configurable edges are legal took 0.10 seconds (max_rss 1019.6 MiB, delta_rss +0.0 MiB)
Completed routing consistency check successfully.

Serial number (magic cookie) for the routing is: 193443387
Circuit successfully routed with a channel width factor of 300.
# Synchronize the packed netlist to routing optimization
## Annotating rr_node with routed nets
## Annotating rr_node with routed nets took 0.02 seconds (max_rss 1019.6 MiB, delta_rss +0.0 MiB)
Found 60034 mismatches between routing and packing results.
Fixed 41457 routing traces due to mismatch between routing and packing results.
# Synchronize the packed netlist to routing optimization took 0.30 seconds (max_rss 1019.6 MiB, delta_rss +0.0 MiB)
Final Clustering Statistics: 
----------   --------   ------------------------------------   --------------------------
Block Type   # Blocks   Avg. # of input clocks and pins used   Avg. # of output pins used
----------   --------   ------------------------------------   --------------------------
     EMPTY          0                                      0                            0   
        io         55                               0.163636                     0.836364   
       clb       1473                                 30.683                      9.18669   
        wc         33                                     49                      40.0606   
   dsp_top          1                                     12                            8   
    memory        223                                43.4619                      33.2915   
Absorbed logical nets 23280 out of 45612 nets, 22332 nets not absorbed.


Average number of bends per net: 2.18004  Maximum # of bends: 142

Number of global nets: 4
Number of routed nets (nonglobal): 22328
Wire length results (in units of 1 clb segments)...
	Total wirelength: 585356, average net length: 26.2162
	Maximum net length: 1988

Wire length results in terms of physical segments...
	Total wiring segments used: 124943, average wire segments per net: 5.59580
	Maximum segments used by a net: 473
	Total local nets with reserved CLB opins: 0
Total number of nets absorbed: 0

Routing channel utilization histogram:
[        1:      inf)    0 (  0.0%) |
[      0.9:        1)    0 (  0.0%) |
[      0.8:      0.9)    0 (  0.0%) |
[      0.7:      0.8)   11 (  0.1%) |
[      0.5:      0.6)   93 (  0.7%) |*
[      0.4:      0.5)  593 (  4.3%) |****
[      0.3:      0.4) 1557 ( 11.3%) |**********
[      0.2:      0.3) 1898 ( 13.8%) |*************
[      0.1:      0.2) 2678 ( 19.4%) |******************
[        0:      0.1) 6948 ( 50.4%) |**********************************************
Maximum routing channel utilization:      0.63 at (49,29)

X - Directed channels: layer   y   max occ   ave occ   ave cap
                        ----- ---- -------- -------- --------
                            0    0        7    0.683      300
                            0    1        1    0.049      300
                            0    2        0    0.000      300
                            0    3        3    0.390      300
                            0    4        6    1.171      300
                            0    5       11    1.585      300
                            0    6       10    1.915      300
                            0    7       12    3.415      300
                            0    8       13    4.220      300
                            0    9       16    4.854      300
                            0   10       20    7.195      300
                            0   11       31    8.280      300
                            0   12       35    9.963      300
                            0   13       42   12.817      300
                            0   14       59   15.415      300
                            0   15       50   15.451      300
                            0   16       61   22.061      300
                            0   17       68   23.537      300
                            0   18       70   24.293      300
                            0   19       70   23.671      300
                            0   20       80   29.354      300
                            0   21       77   33.622      300
                            0   22       73   30.427      300
                            0   23       92   42.061      300
                            0   24      113   45.732      300
                            0   25      112   42.134      300
                            0   26       90   37.524      300
                            0   27       83   35.683      300
                            0   28       98   48.366      300
                            0   29       98   49.000      300
                            0   30      129   60.244      300
                            0   31      125   66.549      300
                            0   32      116   60.585      300
                            0   33      119   61.220      300
                            0   34      118   66.598      300
                            0   35      140   79.256      300
                            0   36      130   67.915      300
                            0   37      146   70.744      300
                            0   38      145   74.512      300
                            0   39      142   72.561      300
                            0   40      128   70.427      300
                            0   41      127   70.963      300
                            0   42      142   78.146      300
                            0   43      136   71.988      300
                            0   44      129   68.171      300
                            0   45      135   70.341      300
                            0   46      136   76.695      300
                            0   47      144   71.073      300
                            0   48      128   65.439      300
                            0   49      131   72.476      300
                            0   50      127   64.963      300
                            0   51      134   69.500      300
                            0   52      144   66.463      300
                            0   53      128   69.195      300
                            0   54      138   71.098      300
                            0   55      153   71.720      300
                            0   56      155   76.866      300
                            0   57      155   67.159      300
                            0   58      148   69.146      300
                            0   59      151   69.732      300
                            0   60      157   74.232      300
                            0   61      170   78.110      300
                            0   62      146   70.988      300
                            0   63      165   76.390      300
                            0   64      145   68.232      300
                            0   65      144   63.378      300
                            0   66      143   62.707      300
                            0   67      118   53.915      300
                            0   68       96   46.500      300
                            0   69      106   48.976      300
                            0   70      124   51.451      300
                            0   71      104   44.195      300
                            0   72      119   45.951      300
                            0   73       98   42.549      300
                            0   74       90   34.280      300
                            0   75       81   31.939      300
                            0   76       64   25.939      300
                            0   77       91   31.207      300
                            0   78       67   26.659      300
                            0   79       55   18.061      300
                            0   80       39   10.293      300
                            0   81       34    8.512      300
                            0   82       39   14.232      300
Y - Directed channels: layer   x   max occ   ave occ   ave cap
                        ----- ---- -------- -------- --------
                            0    0       82   37.159      300
                            0    1      105   54.707      300
                            0    2      126   59.463      300
                            0    3       79   28.780      300
                            0    4       78   26.671      300
                            0    5       72   24.146      300
                            0    6       37   10.780      300
                            0    7       45   10.000      300
                            0    8       36   12.195      300
                            0    9       35    8.537      300
                            0   10       45    8.878      300
                            0   11       65   14.341      300
                            0   12       69   16.000      300
                            0   13       89   25.073      300
                            0   14       76   30.000      300
                            0   15        1    0.512      300
                            0   16        2    0.293      300
                            0   17      127   81.256      300
                            0   18      150   91.317      300
                            0   19      105   45.720      300
                            0   20      124   54.866      300
                            0   21      111   55.122      300
                            0   22       71   32.390      300
                            0   23       62   27.902      300
                            0   24       14    5.268      300
                            0   25       17    5.415      300
                            0   26       86   34.829      300
                            0   27      106   40.976      300
                            0   28      104   45.122      300
                            0   29      114   52.610      300
                            0   30      115   66.390      300
                            0   31      103   58.817      300
                            0   32      119   64.305      300
                            0   33      164  104.122      300
                            0   34      150   96.390      300
                            0   35      132   67.537      300
                            0   36      146   76.939      300
                            0   37      111   61.134      300
                            0   38      119   53.902      300
                            0   39      135   64.207      300
                            0   40      140   74.000      300
                            0   41      117   61.610      300
                            0   42       37   16.573      300
                            0   43       35   14.683      300
                            0   44      146   64.671      300
                            0   45      156   74.646      300
                            0   46      176   90.476      300
                            0   47      158   88.659      300
                            0   48      165   99.463      300
                            0   49      190  127.756      300
                            0   50      139   95.890      300
                            0   51       28   10.488      300
                            0   52       24   11.378      300
                            0   53       77   40.183      300
                            0   54      103   37.951      300
                            0   55      128   47.756      300
                            0   56      102   34.829      300
                            0   57       69   25.207      300
                            0   58       93   39.561      300
                            0   59       92   36.829      300
                            0   60       20    9.512      300
                            0   61       19    9.171      300
                            0   62      109   62.671      300
                            0   63      116   63.354      300
                            0   64      120   56.939      300
                            0   65      162   93.476      300
                            0   66      145   87.927      300
                            0   67       70   34.951      300
                            0   68       55   22.439      300
                            0   69       39   17.268      300
                            0   70       28    7.293      300
                            0   71       25    3.354      300
                            0   72        8    1.951      300
                            0   73       11    2.488      300
                            0   74       15    5.073      300
                            0   75       20    5.073      300
                            0   76       50   14.146      300
                            0   77       63   20.683      300
                            0   78       21    3.805      300
                            0   79       15    2.878      300
                            0   80       66   30.098      300
                            0   81      124   64.890      300
                            0   82      150   77.061      300

Total existing wires segments: CHANX 303015, CHANY 282341, ALL 585356
Total used wires segments:     CHANX 303015, CHANY 282341, ALL 585356
Usage percentage:               CHANX 0%, CHANY -1%, ALL 1718732452%

Logic area (in minimum width transistor areas, excludes I/Os and empty grid tiles)...
	Total logic block area (Warning, need to add pitch of routing to blocks with height > 3): 2.74333e+08
	Total used logic block area: 1.1757e+08

Routing area (in minimum width transistor areas)...
	Total routing area: 1.34573e+08, per logic tile: 19072.2

Total Number of Wiring Segments by Direction: direction length number
                                              --------- ------ -------
                                                      X      4 458574
                                                      Y      4 458574
                                                      X     16  20130
                                                      Y     16  20130

X - Directed Wiring Segment usage by length: length utilization
                                             ------ -----------
                                             4       0.131
                                            16        0.21

Y - Directed Wiring Segment usage by length: length utilization
                                             ------ -----------
                                             4       0.125
                                            16       0.168

Segment occupancy by length: Length Occupancy Capacity Utilization
                             ------ --------- -------- -----------
                             L4        117345   917148       0.128
                             L16         7598    40260       0.189

Segment occupancy by type: name type utilization
                           ---- ---- -----------
                             L4    0       0.128
                            L16    1       0.189

Final hold Worst Negative Slack (hWNS): -0.01891 ns
Final hold Total Negative Slack (hTNS): -0.62403 ns

Final hold slack histogram:
[ -1.9e-11:  7.1e-10)  6839 (  7.4%) |**************
[  7.1e-10:  1.4e-09) 11389 ( 12.3%) |***********************
[  1.4e-09:  2.2e-09) 15132 ( 16.4%) |******************************
[  2.2e-09:  2.9e-09) 22642 ( 24.5%) |*********************************************
[  2.9e-09:  3.7e-09) 21310 ( 23.0%) |******************************************
[  3.7e-09:  4.4e-09)  9838 ( 10.6%) |********************
[  4.4e-09:  5.1e-09)  4130 (  4.5%) |********
[  5.1e-09:  5.9e-09)  1044 (  1.1%) |**
[  5.9e-09:  6.6e-09)   119 (  0.1%) |
[  6.6e-09:  7.3e-09)    52 (  0.1%) |

Final critical path delay (least slack): 16.5688 ns, Fmax: 60.3546 MHz
Final setup Worst Negative Slack (sWNS): -16.5688 ns
Final setup Total Negative Slack (sTNS): -483721 ns

Final setup slack histogram:
[ -1.7e-08: -1.5e-08)   115 (  0.1%) |
[ -1.5e-08: -1.3e-08)   652 (  0.7%) |*
[ -1.3e-08: -1.2e-08)   939 (  1.0%) |*
[ -1.2e-08: -9.9e-09)   633 (  0.7%) |*
[ -9.9e-09: -8.3e-09) 10229 ( 11.1%) |***************
[ -8.3e-09: -6.6e-09)  8415 (  9.1%) |************
[ -6.6e-09:   -5e-09) 24431 ( 26.4%) |************************************
[   -5e-09: -3.3e-09) 30515 ( 33.0%) |*********************************************
[ -3.3e-09: -1.7e-09)  8691 (  9.4%) |*************
[ -1.7e-09: -1.9e-11)  7875 (  8.5%) |************

Final geomean non-virtual intra-domain period: 16.5688 ns (60.3546 MHz)
Final fanout-weighted geomean non-virtual intra-domain period: 16.5688 ns (60.3546 MHz)

Incr Slack updates 1 in 0.00263181 sec
Full Max Req/Worst Slack updates 1 in 0.00131184 sec
Incr Max Req/Worst Slack updates 0 in 0 sec
Incr Criticality updates 0 in 0 sec
Full Criticality updates 1 in 0.00923609 sec
Flow timing analysis took 12.2456 seconds (10.5223 STA, 1.72332 slack) (134 full updates: 115 setup, 0 hold, 19 combined).
VPR succeeded
The entire flow of VPR took 77.15 seconds (max_rss 1019.6 MiB)
Incr Slack updates 18 in 0.0403671 sec
Full Max Req/Worst Slack updates 7 in 0.00907266 sec
Incr Max Req/Worst Slack updates 11 in 0.019421 sec
Incr Criticality updates 9 in 0.0278891 sec
Full Criticality updates 9 in 0.0787145 sec
