VPR FPGA Placement and Routing.
Version: 9.0.0-dev+v8.0.0-14979-gdefb4b454
Revision: v8.0.0-14979-gdefb4b454
Compiled: 2026-01-23T19:48:56
Compiler: GNU 13.3.0 on Linux-6.14.0-36-generic x86_64
Build Info: release IPO VTR_ASSERT_LEVEL=2

University of Toronto
verilogtorouting.org
vtr-users@googlegroups.com
This is free open source code under MIT license.

VPR was run with the following command-line:
/mnt/vault0/jiajunh5/vtr-verilog-to-routing/vpr/vpr proposed_auto.xml softmax_P1_s128 --circuit_file softmax_P1_s128.pre-vpr.blif --route_chan_width 300 --pack_high_fanout_threshold memory:100000 --seed 1

Using up to 1 parallel worker(s)

Architecture file: proposed_auto.xml
Circuit name: softmax_P1_s128

# Loading Architecture Description
# Loading Architecture Description took 0.01 seconds (max_rss 19.0 MiB, delta_rss +2.7 MiB)

Timing analysis: ON
Circuit netlist file: softmax_P1_s128.net
Circuit placement file: softmax_P1_s128.place
Circuit routing file: softmax_P1_s128.route
Circuit SDC file: softmax_P1_s128.sdc
Vpr floorplanning constraints file: not specified

Packer: ENABLED
Placer: ENABLED
Analytical Placer: DISABLED
Router: ENABLED
Analysis: SKIP IF PRIOR FAIL

VPR was run with the following options:

NetlistOpts.absorb_buffer_luts            : true
NetlistOpts.sweep_dangling_primary_ios    : true
NetlistOpts.sweep_dangling_nets           : true
NetlistOpts.sweep_dangling_blocks         : true
NetlistOpts.sweep_constant_primary_outputs: false
NetlistOpts.netlist_verbosity             : 1
NetlistOpts.const_gen_inference           : COMB_SEQ

PackerOpts.allow_unrelated_clustering: auto
PackerOpts.timing_gain_weight: 0.750000
PackerOpts.connection_gain_weight: 0.900000
PackerOpts.cluster_seed_type: BLEND2
PackerOpts.connection_driven: true
PackerOpts.timing_driven: true
PackerOpts.target_external_pin_util: auto

PlacerOpts.place_freq: PLACE_ONCE
PlacerOpts.place_algorithm: CRITICALITY_TIMING_PLACE
PlacerOpts.pad_loc_type: FREE
PlacerOpts.constraints_file: No constraints file given
PlacerOpts.place_chan_width: 300
PlacerOpts.inner_loop_recompute_divider: 0
PlacerOpts.recompute_crit_iter: 1
PlacerOpts.timing_tradeoff: 0.500000
PlacerOpts.td_place_exp_first: 1.000000
PlacerOpts.td_place_exp_last: 8.000000
PlacerOpts.delay_offset: 0.000000
PlacerOpts.delay_ramp_delta_threshold: -1
PlacerOpts.delay_ramp_slope: 0.000000
PlacerOpts.tsu_rel_margin: 1.000000
PlacerOpts.tsu_abs_margin: 0.000000
PlacerOpts.post_place_timing_report_file: 
PlacerOpts.allowed_tiles_for_delay_model: 
PlacerOpts.delay_model_reducer: MIN
PlacerOpts.delay_model_type: SIMPLE
PlacerOpts.rlim_escape_fraction: 0.000000
PlacerOpts.move_stats_file: 
PlacerOpts.placement_saves_per_temperature: 0
PlacerOpts.effort_scaling: CIRCUIT
PlacerOpts.place_delta_delay_matrix_calculation_method: ASTAR_ROUTE
PlaceOpts.seed: 1
AnnealSched.type: AUTO_SCHED
AnnealSched.inner_num: 0.500000

RouterOpts.route_type: DETAILED
RouterOpts.flat_routing: false
RouterOpts.choke_points: on
RouterOpts.router_algorithm: TIMING_DRIVEN
RouterOpts.base_cost_type: DELAY_NORMALIZED_LENGTH
RouterOpts.fixed_channel_width: 300
RouterOpts.check_route: FULL
RouterOpts.acc_fac: 1.000000
RouterOpts.bb_factor: 3
RouterOpts.bend_cost: 0.000000
RouterOpts.first_iter_pres_fac: 0.000000
RouterOpts.initial_pres_fac: 0.500000
RouterOpts.pres_fac_mult: 1.300000
RouterOpts.max_pres_fac: 1000.000000
RouterOpts.max_router_iterations: 50
RouterOpts.min_incremental_reroute_fanout: 16
RouterOpts.initial_acc_cost_chan_congestion_threshold: 0.500000
RouterOpts.initial_acc_cost_chan_congestion_weight: 0.500000
RouterOpts.do_check_rr_graph: true
RouterOpts.verify_binary_search: false
RouterOpts.min_channel_width_hint: 0
RouterOpts.read_rr_edge_metadata: false
RouterOpts.exit_after_first_routing_iteration: false
RouterOpts.astar_fac: 1.200000
RouterOpts.astar_offset: 0.000000
RouterOpts.router_profiler_astar_fac: 1.200000
RouterOpts.enable_parallel_connection_router: false
RouterOpts.post_target_prune_fac: 1.200000
RouterOpts.post_target_prune_offset: 0
RouterOpts.multi_queue_num_threads: 1
RouterOpts.multi_queue_num_queues: 2
RouterOpts.multi_queue_direct_draining: false
RouterOpts.criticality_exp: 1.000000
RouterOpts.max_criticality: 0.990000
RouterOpts.init_wirelength_abort_threshold: 0.850000
RouterOpts.incr_reroute_delay_ripup: AUTO
RouterOpts.save_routing_per_iteration: false
RouterOpts.congested_routing_iteration_threshold_frac: 1.000000
RouterOpts.high_fanout_threshold: 64
RouterOpts.router_debug_net: -2
RouterOpts.router_debug_sink_rr: -2
RouterOpts.router_debug_iteration: -2
RouterOpts.max_convergence_count: 1
RouterOpts.reconvergence_cpd_threshold: 0.990000
RouterOpts.update_lower_bound_delays: true
RouterOpts.first_iteration_timing_report_file: 
RouterOpts.route_bb_update: DYNAMIC
RouterOpts.lookahead_type: MAP
RouterOpts.initial_timing: LOOKAHEAD
RouterOpts.router_heap: FOUR_ARY_HEAP
RouterOpts.routing_failure_predictor = SAFE
RouterOpts.routing_budgets_algorithm = DISABLE

AnalysisOpts.gen_post_synthesis_netlist: false
AnalysisOpts.gen_post_implementation_merged_netlist: false
AnalysisOpts.gen_post_implementation_sdc: false
AnalysisOpts.timing_report_npaths: 100
AnalysisOpts.timing_report_skew: false
AnalysisOpts.echo_dot_timing_graph_node: -1
AnalysisOpts.timing_report_detail: NETLIST
AnalysisOpts.post_synth_netlist_unconn_input_handling: UNCONNECTED
AnalysisOpts.post_synth_netlist_unconn_output_handling: UNCONNECTED
AnalysisOpts.post_synth_netlist_module_parameters: on

# Building complex block graph
Warning 1: io[0].clock[0] unconnected pin in architecture.
Warning 2: dsp_top[0].dsp_I2[44] unconnected pin in architecture.
Warning 3: dsp_top[0].dsp_I2[45] unconnected pin in architecture.
Warning 4: dsp_top[0].dsp_I2[46] unconnected pin in architecture.
Warning 5: dsp_top[0].dsp_I2[47] unconnected pin in architecture.
Warning 6: dsp_top[0].dsp_I2[48] unconnected pin in architecture.
Warning 7: dsp_top[0].dsp_I2[49] unconnected pin in architecture.
Warning 8: dsp_top[0].dsp_I2[50] unconnected pin in architecture.
Warning 9: dsp_top[0].dsp_I2[51] unconnected pin in architecture.
Warning 10: dsp_top[0].dsp_I2[52] unconnected pin in architecture.
Warning 11: dsp_top[0].dsp_I2[53] unconnected pin in architecture.
Warning 12: dsp_top[0].dsp_I2[54] unconnected pin in architecture.
Warning 13: dsp_top[0].dsp_I2[55] unconnected pin in architecture.
Warning 14: dsp_top[0].dsp_I2[56] unconnected pin in architecture.
Warning 15: dsp_top[0].dsp_I2[57] unconnected pin in architecture.
Warning 16: dsp_top[0].dsp_I2[58] unconnected pin in architecture.
Warning 17: dsp_top[0].dsp_I2[59] unconnected pin in architecture.
Warning 18: dsp_top[0].dsp_I2[60] unconnected pin in architecture.
Warning 19: dsp_top[0].dsp_I2[61] unconnected pin in architecture.
Warning 20: dsp_top[0].dsp_I2[62] unconnected pin in architecture.
Warning 21: dsp_top[0].dsp_I2[63] unconnected pin in architecture.
Warning 22: dsp[0].dsp_I2[44] unconnected pin in architecture.
Warning 23: dsp[0].dsp_I2[45] unconnected pin in architecture.
Warning 24: dsp[0].dsp_I2[46] unconnected pin in architecture.
Warning 25: dsp[0].dsp_I2[47] unconnected pin in architecture.
Warning 26: dsp[0].dsp_I2[48] unconnected pin in architecture.
Warning 27: dsp[0].dsp_I2[49] unconnected pin in architecture.
Warning 28: dsp[0].dsp_I2[50] unconnected pin in architecture.
Warning 29: dsp[0].dsp_I2[51] unconnected pin in architecture.
Warning 30: dsp[0].dsp_I2[52] unconnected pin in architecture.
Warning 31: dsp[0].dsp_I2[53] unconnected pin in architecture.
Warning 32: dsp[0].dsp_I2[54] unconnected pin in architecture.
Warning 33: dsp[0].dsp_I2[55] unconnected pin in architecture.
Warning 34: dsp[0].dsp_I2[56] unconnected pin in architecture.
Warning 35: dsp[0].dsp_I2[57] unconnected pin in architecture.
Warning 36: dsp[0].dsp_I2[58] unconnected pin in architecture.
Warning 37: dsp[0].dsp_I2[59] unconnected pin in architecture.
Warning 38: dsp[0].dsp_I2[60] unconnected pin in architecture.
Warning 39: dsp[0].dsp_I2[61] unconnected pin in architecture.
Warning 40: dsp[0].dsp_I2[62] unconnected pin in architecture.
Warning 41: dsp[0].dsp_I2[63] unconnected pin in architecture.
Warning 42: dsp_pb[0].datain[96] unconnected pin in architecture.
Warning 43: dsp_pb[0].datain[97] unconnected pin in architecture.
Warning 44: dsp_pb[0].datain[98] unconnected pin in architecture.
Warning 45: dsp_pb[0].datain[99] unconnected pin in architecture.
Warning 46: dsp_pb[0].datain[100] unconnected pin in architecture.
Warning 47: dsp_pb[0].datain[101] unconnected pin in architecture.
Warning 48: dsp_pb[0].datain[102] unconnected pin in architecture.
Warning 49: dsp_pb[0].datain[103] unconnected pin in architecture.
Warning 50: dsp_pb[0].datain[104] unconnected pin in architecture.
Warning 51: dsp_pb[0].datain[105] unconnected pin in architecture.
Warning 52: dsp_pb[0].datain[106] unconnected pin in architecture.
Warning 53: dsp_pb[0].datain[107] unconnected pin in architecture.
Warning 54: dsp_pb[0].datain[108] unconnected pin in architecture.
Warning 55: dsp_pb[0].datain[109] unconnected pin in architecture.
Warning 56: dsp_pb[0].datain[110] unconnected pin in architecture.
Warning 57: dsp_pb[0].datain[111] unconnected pin in architecture.
Warning 58: dsp_pb[0].datain[112] unconnected pin in architecture.
Warning 59: dsp_pb[0].datain[113] unconnected pin in architecture.
Warning 60: dsp_pb[0].datain[114] unconnected pin in architecture.
Warning 61: dsp_pb[0].datain[115] unconnected pin in architecture.
# Building complex block graph took 0.06 seconds (max_rss 34.5 MiB, delta_rss +15.5 MiB)
Circuit file: softmax_P1_s128.pre-vpr.blif
# Load circuit
Found constant-one generator 'vcc'
Found constant-zero generator 'unconn'
Found constant-zero generator 'gnd'
# Load circuit took 0.25 seconds (max_rss 98.0 MiB, delta_rss +63.6 MiB)
# Clean circuit
Absorbed 516 LUT buffers
Inferred    0 additional primitive pins as constant generators since they have no combinationally connected inputs
Inferred 1384 additional primitive pins as constant generators due to constant inputs
Inferred    0 additional primitive pins as constant generators since they have no combinationally connected inputs
Inferred    0 additional primitive pins as constant generators due to constant inputs
Inferred    0 additional primitive pins as constant generators since they have no combinationally connected inputs
Inferred    0 additional primitive pins as constant generators due to constant inputs
Swept input(s)      : 4
Swept output(s)     : 0 (0 dangling, 0 constant)
Swept net(s)        : 1518
Swept block(s)      : 0
Constant Pins Marked: 1384
# Clean circuit took 0.01 seconds (max_rss 98.0 MiB, delta_rss +0.0 MiB)
# Compress circuit
# Compress circuit took 0.03 seconds (max_rss 98.0 MiB, delta_rss +0.0 MiB)
# Verify circuit
# Verify circuit took 0.01 seconds (max_rss 98.0 MiB, delta_rss +0.0 MiB)
Circuit Statistics:
  Blocks: 27820
    .input         :      44
    .latch         :    3890
    .names         :   10640
        0-LUT:       2
        2-LUT:     474
        3-LUT:    1694
        4-LUT:    3226
        5-LUT:    2092
        6-LUT:    3152
    .output        :       9
    adder          :    6435
    dpe            :      17
    multiply       :       1
    single_port_ram:    6784
  Nets  : 33533
    Avg Fanout:     4.1
    Max Fanout: 10691.0
    Min Fanout:     1.0
  Netlist Clocks: 1
# Build Timing Graph
  Timing Graph Nodes: 235149
  Timing Graph Edges: 443392
  Timing Graph Levels: 44
# Build Timing Graph took 0.23 seconds (max_rss 155.2 MiB, delta_rss +57.2 MiB)
Netlist contains 1 clocks
  Netlist Clock 'clk' Fanout: 10691 pins (6.2%), 10691 blocks (38.4%)
# Load Timing Constraints

SDC file 'softmax_P1_s128.sdc' not found
Setting default timing constraints:
   * constrain all primary inputs and primary outputs on netlist clock 'clk'
   * optimize netlist clock to run as fast as possible
Timing constraints created 1 clocks
  Constrained Clock 'clk' Source: 'clk.inpad[0]'

# Load Timing Constraints took 0.03 seconds (max_rss 155.2 MiB, delta_rss +0.0 MiB)
# Packing
## Prepacker

There is one chain in this architecture called "chain" with the following starting points:
	clb[0]/lab[0]/fle[0]/ble5[0]/arithmetic[0]/adder[0].cin[0]

## Prepacker took 0.03 seconds (max_rss 155.7 MiB, delta_rss +0.0 MiB)
## Initializing Pre-Cluster Timing
Using inter-cluster delay: 2.1832e-09
## Initializing Pre-Cluster Timing took 0.07 seconds (max_rss 157.2 MiB, delta_rss +1.5 MiB)
Begin packing 'softmax_P1_s128.pre-vpr.blif'.

After removing unused inputs...
	total blocks: 27820, total nets: 33533, total inputs: 44, total outputs: 9
Packing with pin utilization targets: io:1,1 clb:0.8,0.6 wc:1,1 dsp_top:1,1 memory:1,1
Packing with high fanout thresholds: io:128 clb:128 wc:128 dsp_top:128 memory:100000
Starting Clustering - Clustering Progress: 
-------------------   --------------------------   ---------
Molecules processed   Number of clusters created   FPGA size
-------------------   --------------------------   ---------
   728/18214     3%                          188    46 x 46    
  1468/18214     8%                          388    46 x 46    
  2222/18214    12%                          415    46 x 46    
  2982/18214    16%                          434    46 x 46    
  3742/18214    20%                          453    46 x 46    
  4482/18214    24%                          478    48 x 48    
  5222/18214    28%                          515    52 x 52    
  5974/18214    32%                          540    52 x 52    
  6710/18214    36%                          564    64 x 64    
  7462/18214    40%                          590    68 x 68    
  8190/18214    44%                          615    72 x 72    
  8941/18214    49%                          654    84 x 84    
  9676/18214    53%                          700    84 x 84    
 10408/18214    57%                          747    84 x 84    
 11141/18214    61%                          795    84 x 84    
 11875/18214    65%                          843    84 x 84    
 12615/18214    69%                          890    84 x 84    
 13353/18214    73%                          940    84 x 84    
 14089/18214    77%                          990    84 x 84    
 14825/18214    81%                         1040    84 x 84    
 15557/18214    85%                         1095    84 x 84    
 16293/18214    89%                         1145    84 x 84    
 17032/18214    93%                         1192    84 x 84    
 17771/18214    97%                         1253    84 x 84    
 18214/18214   100%                         1340    84 x 84    

Logic Element (fle) detailed count:
  Total number of Logic Elements used : 10142
  LEs used for logic and registers    : 2152
  LEs used for logic only             : 7990
  LEs used for registers only         : 0

FPGA sized to 84 x 84 (auto)
Device Utilization: 0.26 (target 1.00)
	Block Utilization: 0.02 Type: io
	Block Utilization: 0.24 Type: clb
	Block Utilization: 0.26 Type: wc
	Block Utilization: 0.01 Type: dsp_top
	Block Utilization: 0.89 Type: memory

Final Clustering Statistics: 
----------   --------   ------------------------------------   --------------------------
Block Type   # Blocks   Avg. # of input clocks and pins used   Avg. # of output pins used
----------   --------   ------------------------------------   --------------------------
     EMPTY          0                                      0                            0   
        io         53                               0.169811                     0.830189   
       clb       1049                                30.2355                      8.99142   
        wc         17                                     49                      40.1176   
   dsp_top          1                                     12                            7   
    memory        220                                38.9818                      30.8364   
Absorbed logical nets 16584 out of 33533 nets, 16949 nets not absorbed.

Netlist conversion complete.

Incr Slack updates 1 in 0.00195294 sec
Full Max Req/Worst Slack updates 1 in 0.000933683 sec
Incr Max Req/Worst Slack updates 0 in 0 sec
Incr Criticality updates 0 in 0 sec
Full Criticality updates 1 in 0.00591883 sec
# Packing took 19.25 seconds (max_rss 282.2 MiB, delta_rss +126.5 MiB)
# Load packing
## Loading packed FPGA netlist file.
Netlist generated from file 'softmax_P1_s128.net'.
Detected 2 constant generators (to see names run with higher pack verbosity)
Warning 62: Netlist connects net reset to both global and non-global pins.
Warning 63: Netlist connects net reset to both global and non-global pins.
Warning 64: Netlist connects net reset to both global and non-global pins.
Warning 65: Netlist connects net reset to both global and non-global pins.
Warning 66: Netlist connects net reset to both global and non-global pins.
Warning 67: Netlist connects net reset to both global and non-global pins.
Warning 68: Netlist connects net reset to both global and non-global pins.
Warning 69: Netlist connects net reset to both global and non-global pins.
Warning 70: Netlist connects net reset to both global and non-global pins.
Warning 71: Netlist connects net reset to both global and non-global pins.
## Loading packed FPGA netlist file. took 1.12 seconds (max_rss 292.2 MiB, delta_rss +10.0 MiB)
Warning 72: Treated 2 constant nets as global which will not be routed (to see net names increase packer verbosity).
Netlist contains 1027 global net to non-global architecture pin connections
Warning 73: Logic block #1294 (gnd) has only 1 output pin 'gnd.O[39]'. It may be a constant generator.
Completed clustering consistency check successfully.

Pb types usage...
  io                      : 53
   inpad                  : 44
   outpad                 : 9
  clb                     : 1049
   lab                    : 1049
    fle                   : 10142
     ble5                 : 13927
      flut5               : 7492
       lut5               : 7485
        lut               : 7485
       ff                 : 3763
      arithmetic          : 6435
       lut4               : 3
        lut               : 3
       adder              : 6435
     ble6                 : 3152
      lut6                : 3152
       lut                : 3152
      ff                  : 127
  wc                      : 17
   wc_slice               : 17
    nl_dpe                : 17
  dsp_top                 : 1
   dsp                    : 1
    dsp_pb                : 1
     mult_9x9_fixed_pt    : 1
  memory                  : 220
   mem_512x40_sp          : 220
    memory_slice          : 6784

# Load packing took 1.32 seconds (max_rss 292.2 MiB, delta_rss +10.0 MiB)
# Create Device
## Build Device Grid
FPGA sized to 84 x 84: 7056 grid tiles (auto)
## Build Device Grid took 0.02 seconds (max_rss 292.2 MiB, delta_rss +0.0 MiB)
## Build routing resource graph
## Build routing resource graph took 11.46 seconds (max_rss 957.6 MiB, delta_rss +665.3 MiB)
  RR Graph Nodes: 1781320
  RR Graph Edges: 24150359
# Create Device took 12.23 seconds (max_rss 957.6 MiB, delta_rss +665.3 MiB)

Resource usage...
	Netlist
		53	blocks of type: io
	Architecture
		2624	blocks of type: io
	Netlist
		1049	blocks of type: clb
	Architecture
		4446	blocks of type: clb
	Netlist
		17	blocks of type: wc
	Architecture
		66	blocks of type: wc
	Netlist
		1	blocks of type: dsp_top
	Architecture
		100	blocks of type: dsp_top
	Netlist
		220	blocks of type: memory
	Architecture
		246	blocks of type: memory

Device Utilization: 0.26 (target 1.00)
	Physical Tile io:
	Block Utilization: 0.02 Logical Block: io
	Physical Tile clb:
	Block Utilization: 0.24 Logical Block: clb
	Physical Tile wc:
	Block Utilization: 0.26 Logical Block: wc
	Physical Tile dsp_top:
	Block Utilization: 0.01 Logical Block: dsp_top
	Physical Tile memory:
	Block Utilization: 0.89 Logical Block: memory

FPGA size limited by block type(s): memory


# Computing router lookahead map
## Computing wire lookahead
## Computing wire lookahead took 10.53 seconds (max_rss 957.6 MiB, delta_rss +0.0 MiB)
## Computing src/opin lookahead
## Computing src/opin lookahead took 0.19 seconds (max_rss 957.6 MiB, delta_rss +0.0 MiB)
# Computing router lookahead map took 10.74 seconds (max_rss 957.6 MiB, delta_rss +0.0 MiB)
# Compressed grid construction
# Compressed grid construction took 0.00 seconds (max_rss 957.6 MiB, delta_rss +0.0 MiB)

Bounding box mode is Cube

# Computing placement delta delay look-up
RR graph channel widths unchanged, skipping RR graph rebuild
Serial Connection Router is being destroyed. Time spent on path search: 0.000 seconds.
# Computing placement delta delay look-up took 0.04 seconds (max_rss 957.6 MiB, delta_rss +0.0 MiB)
# Placement
## Initial Placement
Initial placement iteration 0 has finished successfully
## Initial Placement took 0.01 seconds (max_rss 957.6 MiB, delta_rss +0.0 MiB)
Using simple RL 'Softmax agent' for choosing move and block types

Completed placement consistency check successfully.
Initial placement cost: 1 bb_cost: 2963.42 td_cost: 1.42621e-05
Initial placement BB estimate of wirelength: 889001
Initial placement estimated Critical Path Delay (CPD): 30.4412 ns
Initial placement estimated setup Total Negative Slack (sTNS): -311523 ns
Initial placement estimated setup Worst Negative Slack (sWNS): -30.4412 ns

Initial placement estimated setup slack histogram:
[   -3e-08: -2.7e-08)    97 (  0.1%) |
[ -2.7e-08: -2.4e-08)    88 (  0.1%) |
[ -2.4e-08: -2.1e-08)    64 (  0.1%) |
[ -2.1e-08: -1.8e-08)   439 (  0.6%) |
[ -1.8e-08: -1.5e-08)   315 (  0.5%) |
[ -1.5e-08: -1.2e-08)     8 (  0.0%) |
[ -1.2e-08: -9.1e-09)  5217 (  7.7%) |******
[ -9.1e-09: -6.1e-09)  5240 (  7.7%) |******
[ -6.1e-09: -3.1e-09) 40576 ( 60.0%) |*********************************************
[ -3.1e-09: -1.9e-11) 15582 ( 23.0%) |*****************
Placement contains 0 placement macros involving 0 blocks (average macro size -nan)

Moves per temperature: 7384

---- ------ ------- ------- ---------- ---------- ------- ---------- -------- ------- ------- ------ -------- --------- ------
Tnum   Time       T Av Cost Av BB Cost Av TD Cost     CPD       sTNS     sWNS Ac Rate Std Dev  R lim Crit Exp Tot Moves  Alpha
      (sec)                                          (ns)       (ns)     (ns)                                                 
---- ------ ------- ------- ---------- ---------- ------- ---------- -------- ------- ------- ------ -------- --------- ------
   1    0.1 6.7e-04   1.001    2559.93 1.5755e-05  23.779  -2.94e+05  -23.779   0.730  0.0081   83.0     1.00      7384  1.000
   2    0.1 6.4e-04   0.980    2462.62 1.7029e-05  21.843     -3e+05  -21.843   0.706  0.0134   83.0     1.00     14768  0.950
   3    0.2 6.1e-04   0.968    2346.46 1.5099e-05  24.146  -2.98e+05  -24.146   0.693  0.0142   83.0     1.00     22152  0.950
   4    0.1 5.8e-04   0.974    2276.45 1.635e-05   21.064  -2.89e+05  -21.064   0.680  0.0082   83.0     1.00     29536  0.950
   5    0.2 5.5e-04   0.951    2187.90 1.46e-05    22.311   -2.8e+05  -22.311   0.670  0.0153   83.0     1.00     36920  0.950
   6    0.2 5.2e-04   0.974    2095.33 1.3186e-05  23.985  -2.84e+05  -23.985   0.649  0.0211   83.0     1.00     44304  0.950
   7    0.1 5.0e-04   0.979    1954.73 1.4597e-05  20.517  -2.78e+05  -20.517   0.633  0.0089   83.0     1.00     51688  0.950
   8    0.1 4.7e-04   0.977    1911.10 1.2769e-05  22.926  -2.76e+05  -22.926   0.614  0.0114   83.0     1.00     59072  0.950
   9    0.1 4.5e-04   0.966    1828.67 1.5145e-05  18.595  -2.85e+05  -18.595   0.602  0.0121   83.0     1.00     66456  0.950
  10    0.1 4.2e-04   0.984    1789.38 1.5023e-05  18.245  -2.71e+05  -18.245   0.590  0.0082   83.0     1.00     73840  0.950
  11    0.1 4.0e-04   0.982    1735.52 1.4882e-05  18.038  -2.79e+05  -18.038   0.588  0.0075   83.0     1.00     81224  0.950
  12    0.1 3.8e-04   0.977    1663.97 1.3439e-05  19.938  -2.88e+05  -19.938   0.580  0.0077   83.0     1.00     88608  0.950
  13    0.1 3.6e-04   0.977    1636.98 1.4246e-05  18.065  -2.83e+05  -18.065   0.579  0.0110   83.0     1.00     95992  0.950
  14    0.1 3.5e-04   0.971    1559.23 1.3645e-05  18.165  -2.57e+05  -18.165   0.556  0.0136   83.0     1.00    103376  0.950
  15    0.1 3.3e-04   0.991    1486.44 1.4113e-05  16.980  -2.69e+05  -16.980   0.541  0.0081   83.0     1.00    110760  0.950
  16    0.1 3.1e-04   0.980    1439.81 1.3532e-05  17.535   -2.7e+05  -17.535   0.537  0.0092   83.0     1.00    118144  0.950
  17    0.1 3.0e-04   0.994    1398.47 1.347e-05   17.033  -2.62e+05  -17.033   0.514  0.0039   83.0     1.00    125528  0.950
  18    0.1 2.8e-04   0.991    1366.16 1.3353e-05  17.198  -2.63e+05  -17.198   0.511  0.0057   83.0     1.00    132912  0.950
  19    0.1 2.7e-04   0.988    1341.42 1.3678e-05  16.612  -2.59e+05  -16.612   0.509  0.0053   83.0     1.00    140296  0.950
  20    0.1 2.5e-04   0.995    1333.32 1.3519e-05  16.594   -2.6e+05  -16.594   0.493  0.0056   83.0     1.00    147680  0.950
  21    0.1 2.4e-04   0.993    1320.48 1.4108e-05  15.600  -2.56e+05  -15.600   0.479  0.0021   83.0     1.00    155064  0.950
  22    0.1 2.3e-04   0.991    1304.12 1.3757e-05  15.917  -2.68e+05  -15.917   0.487  0.0041   83.0     1.00    162448  0.950
  23    0.1 2.2e-04   0.991    1289.45 1.3576e-05  16.102  -2.66e+05  -16.102   0.483  0.0058   83.0     1.00    169832  0.950
  24    0.1 2.1e-04   0.991    1266.32 1.3044e-05  16.450  -2.61e+05  -16.450   0.464  0.0059   83.0     1.00    177216  0.950
  25    0.1 2.0e-04   0.995    1238.97 1.2715e-05  16.537  -2.59e+05  -16.537   0.455  0.0040   83.0     1.00    184600  0.950
  26    0.1 1.9e-04   0.991    1217.74 1.1897e-05  17.538   -2.5e+05  -17.538   0.449  0.0062   83.0     1.00    191984  0.950
  27    0.1 1.8e-04   0.998    1206.30 1.217e-05   16.928  -2.49e+05  -16.928   0.435  0.0018   83.0     1.00    199368  0.950
  28    0.1 1.7e-04   0.995    1200.06 1.2349e-05  16.236  -2.58e+05  -16.236   0.422  0.0018   82.6     1.03    206752  0.950
  29    0.1 1.6e-04   0.993    1188.86 1.0978e-05  16.394  -2.57e+05  -16.394   0.421  0.0041   81.1     1.16    214136  0.950
  30    0.1 1.5e-04   0.996    1178.45 9.395e-06   16.875  -2.55e+05  -16.875   0.422  0.0016   79.6     1.29    221520  0.950
  31    0.1 1.4e-04   0.995    1171.51 9.1792e-06  15.635  -2.55e+05  -15.635   0.398  0.0018   78.2     1.41    228904  0.950
  32    0.1 1.4e-04   0.994    1164.22 6.9679e-06  16.436  -2.57e+05  -16.436   0.387  0.0039   74.8     1.70    236288  0.950
  33    0.1 1.3e-04   0.993    1155.30 5.7718e-06  16.084  -2.52e+05  -16.084   0.384  0.0038   70.9     2.03    243672  0.950
  34    0.1 1.2e-04   0.995    1146.61 4.7247e-06  15.927  -2.57e+05  -15.927   0.373  0.0029   66.9     2.37    251056  0.950
  35    0.2 1.2e-04   0.996    1141.73 3.9805e-06  15.769  -2.53e+05  -15.769   0.355  0.0039   62.4     2.75    258440  0.950
  36    0.1 1.1e-04   0.996    1131.50 3.0498e-06  15.925  -2.49e+05  -15.925   0.341  0.0026   57.1     3.21    265824  0.950
  37    0.1 1.1e-04   0.994    1130.11 2.5681e-06  15.982  -2.51e+05  -15.982   0.336  0.0036   51.5     3.69    273208  0.950
  38    0.1 1.0e-04   0.995    1124.83 2.2561e-06  15.743  -2.57e+05  -15.743   0.333  0.0015   46.1     4.15    280592  0.950
  39    0.1 9.6e-05   0.994    1125.62 2.1164e-06  15.235  -2.56e+05  -15.235   0.319  0.0019   41.2     4.57    287976  0.950
  40    0.1 9.1e-05   0.995    1123.26 1.6961e-06  15.523  -2.53e+05  -15.523   0.320  0.0031   36.2     5.00    295360  0.950
  41    0.1 8.7e-05   0.994    1112.49 1.781e-06   14.839  -2.51e+05  -14.839   0.299  0.0036   31.9     5.37    302744  0.950
  42    0.1 8.2e-05   0.996    1110.79 1.483e-06   15.034  -2.52e+05  -15.034   0.293  0.0037   27.4     5.75    310128  0.950
  43    0.1 7.8e-05   0.995    1101.58 1.2592e-06  15.196  -2.53e+05  -15.196   0.298  0.0022   23.3     6.09    317512  0.950
  44    0.1 7.4e-05   0.996    1102.62 1.0433e-06  15.345  -2.48e+05  -15.345   0.296  0.0021   20.0     6.38    324896  0.950
  45    0.1 7.1e-05   0.995    1098.60 1.3016e-06  14.614  -2.48e+05  -14.614   0.290  0.0027   17.1     6.62    332280  0.950
  46    0.1 6.7e-05   0.999    1096.74 1.1496e-06  14.537  -2.44e+05  -14.537   0.292  0.0009   14.6     6.84    339664  0.950
  47    0.1 6.4e-05   0.992    1084.95 1.1083e-06  14.777   -2.5e+05  -14.777   0.381  0.0038   12.4     7.03    347048  0.950
  48    0.1 6.1e-05   0.995    1073.44 1.0106e-06  14.720  -2.43e+05  -14.720   0.359  0.0021   11.7     7.09    354432  0.950
  49    0.1 5.7e-05   0.996    1065.72 9.7266e-07  14.760  -2.46e+05  -14.760   0.360  0.0023   10.7     7.17    361816  0.950
  50    0.1 5.5e-05   0.997    1058.66 8.7593e-07  14.734  -2.46e+05  -14.734   0.355  0.0017    9.9     7.24    369200  0.950
  51    0.1 5.2e-05   0.995    1051.98 1.0049e-06  14.497  -2.48e+05  -14.497   0.340  0.0022    9.0     7.31    376584  0.950
  52    0.1 4.9e-05   0.997    1047.09 9.2837e-07  14.494  -2.47e+05  -14.494   0.335  0.0018    8.1     7.39    383968  0.950
  53    0.1 4.7e-05   0.997    1039.95 8.9123e-07  14.467  -2.46e+05  -14.467   0.324  0.0020    7.3     7.46    391352  0.950
  54    0.1 4.4e-05   0.998    1036.62 8.4769e-07  14.576  -2.45e+05  -14.576   0.328  0.0009    6.4     7.54    398736  0.950
  55    0.1 4.2e-05   0.998    1032.50 9.464e-07   14.307  -2.48e+05  -14.307   0.322  0.0014    5.7     7.60    406120  0.950
  56    0.1 4.0e-05   0.997    1027.14 8.9515e-07  14.391  -2.41e+05  -14.391   0.324  0.0014    5.0     7.66    413504  0.950
  57    0.1 3.8e-05   0.999    1024.33 8.2915e-07  14.480  -2.45e+05  -14.480   0.315  0.0010    4.5     7.71    420888  0.950
  58    0.1 3.6e-05   1.000    1023.81 8.3281e-07  14.517  -2.44e+05  -14.517   0.336  0.0005    3.9     7.75    428272  0.950
  59    0.1 3.4e-05   0.999    1022.29 8.5825e-07  14.321  -2.39e+05  -14.321   0.320  0.0004    3.5     7.79    435656  0.950
  60    0.1 3.3e-05   0.999    1021.18 7.2445e-07  14.739  -2.42e+05  -14.739   0.311  0.0008    3.1     7.82    443040  0.950
  61    0.1 3.1e-05   0.998    1017.00 8.1468e-07  14.467  -2.42e+05  -14.467   0.359  0.0010    2.7     7.86    450424  0.950
  62    0.1 3.0e-05   0.998    1014.03 7.8435e-07  14.467  -2.41e+05  -14.467   0.363  0.0005    2.5     7.88    457808  0.950
  63    0.1 2.8e-05   0.999    1012.39 7.7471e-07  14.512  -2.42e+05  -14.512   0.335  0.0007    2.3     7.89    465192  0.950
  64    0.1 2.7e-05   0.999    1010.28 8.0832e-07  14.467  -2.42e+05  -14.467   0.326  0.0004    2.0     7.91    472576  0.950
  65    0.1 2.5e-05   0.998    1009.03 7.82e-07    14.467  -2.44e+05  -14.467   0.413  0.0008    1.8     7.93    479960  0.950
  66    0.1 2.4e-05   0.999    1005.98 7.7607e-07  14.467  -2.41e+05  -14.467   0.402  0.0004    1.8     7.94    487344  0.950
  67    0.1 2.3e-05   0.999    1004.69 7.9311e-07  14.467  -2.36e+05  -14.467   0.394  0.0003    1.7     7.94    494728  0.950
  68    0.1 2.2e-05   0.999    1004.39 7.6621e-07  14.512  -2.39e+05  -14.512   0.392  0.0007    1.6     7.95    502112  0.950
  69    0.1 2.1e-05   0.999    1002.14 7.6554e-07  14.512  -2.38e+05  -14.512   0.379  0.0008    1.5     7.95    509496  0.950
  70    0.1 2.0e-05   1.000    1001.23 7.6286e-07  14.512   -2.4e+05  -14.512   0.360  0.0002    1.4     7.96    516880  0.950
  71    0.1 1.9e-05   0.999    1000.69 7.4516e-07  14.531  -2.36e+05  -14.531   0.372  0.0004    1.3     7.97    524264  0.950
  72    0.1 1.8e-05   1.000     999.33 7.3545e-07  14.512  -2.39e+05  -14.512   0.346  0.0002    1.2     7.98    531648  0.950
  73    0.1 1.7e-05   0.999     998.59 7.2759e-07  14.615   -2.4e+05  -14.615   0.348  0.0003    1.1     7.99    539032  0.950
  74    0.1 1.6e-05   0.999     997.25 7.5819e-07  14.512  -2.38e+05  -14.512   0.341  0.0003    1.0     8.00    546416  0.950
  75    0.1 1.5e-05   0.999     996.16 7.6675e-07  14.512  -2.37e+05  -14.512   0.324  0.0006    1.0     8.00    553800  0.950
  76    0.1 1.4e-05   0.999     995.01 7.4858e-07  14.512  -2.39e+05  -14.512   0.303  0.0003    1.0     8.00    561184  0.950
  77    0.1 1.4e-05   0.999     993.77 7.4784e-07  14.512  -2.36e+05  -14.512   0.310  0.0004    1.0     8.00    568568  0.950
  78    0.1 1.3e-05   1.000     992.49 7.5906e-07  14.512  -2.36e+05  -14.512   0.301  0.0002    1.0     8.00    575952  0.950
  79    0.1 1.2e-05   1.000     992.21 7.6816e-07  14.512  -2.39e+05  -14.512   0.284  0.0001    1.0     8.00    583336  0.950
  80    0.1 1.2e-05   1.000     992.34 7.699e-07   14.512   -2.4e+05  -14.512   0.303  0.0003    1.0     8.00    590720  0.950
  81    0.1 1.1e-05   0.999     991.23 7.69e-07    14.512  -2.34e+05  -14.512   0.279  0.0002    1.0     8.00    598104  0.950
  82    0.1 1.1e-05   0.999     989.89 7.7214e-07  14.512  -2.33e+05  -14.512   0.268  0.0002    1.0     8.00    605488  0.950
  83    0.1 1.0e-05   1.000     989.39 7.7521e-07  14.512  -2.33e+05  -14.512   0.256  0.0001    1.0     8.00    612872  0.950
  84    0.1 9.5e-06   1.000     989.10 7.8632e-07  14.467  -2.33e+05  -14.467   0.253  0.0002    1.0     8.00    620256  0.950
  85    0.1 9.1e-06   1.000     987.94 7.6647e-07  14.512  -2.33e+05  -14.512   0.235  0.0002    1.0     8.00    627640  0.950
  86    0.1 8.6e-06   1.000     988.06 7.6351e-07  14.512  -2.36e+05  -14.512   0.238  0.0002    1.0     8.00    635024  0.950
  87    0.1 8.2e-06   1.000     987.40 7.6305e-07  14.512  -2.32e+05  -14.512   0.232  0.0001    1.0     8.00    642408  0.950
  88    0.1 7.8e-06   1.000     986.94 7.6578e-07  14.512  -2.34e+05  -14.512   0.224  0.0001    1.0     8.00    649792  0.950
  89    0.1 7.4e-06   1.000     986.83 7.6267e-07  14.512  -2.32e+05  -14.512   0.223  0.0001    1.0     8.00    657176  0.950
  90    0.1 7.0e-06   0.999     985.78 7.6207e-07  14.512  -2.32e+05  -14.512   0.215  0.0002    1.0     8.00    664560  0.950
  91    0.1 6.7e-06   1.000     985.27 7.6353e-07  14.512  -2.34e+05  -14.512   0.210  0.0002    1.0     8.00    671944  0.950
  92    0.1 6.3e-06   1.000     985.21 7.6055e-07  14.512  -2.33e+05  -14.512   0.198  0.0001    1.0     8.00    679328  0.950
  93    0.1 6.0e-06   1.000     984.67 7.6145e-07  14.512  -2.32e+05  -14.512   0.195  0.0001    1.0     8.00    686712  0.950
  94    0.1 5.7e-06   1.000     984.10 7.5744e-07  14.512  -2.32e+05  -14.512   0.181  0.0001    1.0     8.00    694096  0.950
  95    0.1 5.4e-06   1.000     983.90 7.6027e-07  14.512  -2.32e+05  -14.512   0.179  0.0001    1.0     8.00    701480  0.950
  96    0.1 5.2e-06   1.000     983.79 7.5801e-07  14.512  -2.33e+05  -14.512   0.174  0.0001    1.0     8.00    708864  0.950
  97    0.1 4.9e-06   1.000     983.22 7.5853e-07  14.512  -2.32e+05  -14.512   0.158  0.0001    1.0     8.00    716248  0.950
  98    0.1 4.7e-06   1.000     983.23 7.6151e-07  14.512  -2.32e+05  -14.512   0.162  0.0001    1.0     8.00    723632  0.950
  99    0.1 4.4e-06   1.000     983.05 7.6146e-07  14.512  -2.32e+05  -14.512   0.156  0.0001    1.0     8.00    731016  0.950
 100    0.1 4.2e-06   1.000     982.98 7.6113e-07  14.512  -2.33e+05  -14.512   0.161  0.0001    1.0     8.00    738400  0.950
 101    0.1 4.0e-06   1.000     982.99 7.5854e-07  14.512  -2.32e+05  -14.512   0.143  0.0000    1.0     8.00    745784  0.950
Agent's 2nd state: 
 102    0.1 3.2e-06   1.000     982.51 7.6019e-07  14.512  -2.32e+05  -14.512   0.119  0.0001    1.0     8.00    753168  0.800
Checkpoint saved: bb_costs=982.29, TD costs=7.59613e-07, CPD= 14.512 (ns) 
 103    0.1 2.6e-06   1.000     982.25 7.5954e-07  14.512  -2.31e+05  -14.512   0.087  0.0000    1.0     8.00    760552  0.800
 104    0.1 2.0e-06   1.000     982.17 7.6079e-07  14.512  -2.32e+05  -14.512   0.073  0.0000    1.0     8.00    767936  0.800
 105    0.1 1.6e-06   1.000     982.03 7.611e-07   14.512  -2.31e+05  -14.512   0.072  0.0000    1.0     8.00    775320  0.800
 106    0.1 1.3e-06   1.000     981.79 7.6053e-07  14.512  -2.31e+05  -14.512   0.057  0.0000    1.0     8.00    782704  0.800
 107    0.1 1.0e-06   1.000     981.63 7.6019e-07  14.512  -2.31e+05  -14.512   0.047  0.0000    1.0     8.00    790088  0.800
 108    0.1 8.4e-07   1.000     981.50 7.5966e-07  14.512  -2.31e+05  -14.512   0.044  0.0000    1.0     8.00    797472  0.800
 109    0.1 6.7e-07   1.000     981.45 7.5921e-07  14.512  -2.31e+05  -14.512   0.048  0.0000    1.0     8.00    804856  0.800
 110    0.1 5.4e-07   1.000     981.32 7.605e-07   14.512  -2.31e+05  -14.512   0.041  0.0000    1.0     8.00    812240  0.800
 111    0.1 4.3e-07   1.000     981.24 7.5928e-07  14.512  -2.31e+05  -14.512   0.045  0.0000    1.0     8.00    819624  0.800
 112    0.1 3.4e-07   1.000     981.18 7.5967e-07  14.512  -2.31e+05  -14.512   0.037  0.0000    1.0     8.00    827008  0.800
 113    0.1 0.0e+00   1.000     980.98 7.5978e-07  14.512  -2.32e+05  -14.512   0.017  0.0000    1.0     8.00    834392  0.800
## Placement Quench took 0.11 seconds (max_rss 957.6 MiB)
post-quench CPD = 14.0944 (ns) 

Completed placement consistency check successfully.

Swaps called: 835732

Aborted Move Reasons:
  No moves aborted

BB estimate of min-dist (placement) wire length: 294237

Placement estimated critical path delay (least slack): 14.0944 ns, Fmax: 70.95 MHz
Placement estimated setup Worst Negative Slack (sWNS): -14.0944 ns
Placement estimated setup Total Negative Slack (sTNS): -231692 ns

Placement estimated setup slack histogram:
[ -1.4e-08: -1.3e-08)   222 (  0.3%) |
[ -1.3e-08: -1.1e-08)   631 (  0.9%) |*
[ -1.1e-08: -9.9e-09)   155 (  0.2%) |
[ -9.9e-09: -8.5e-09)     0 (  0.0%) |
[ -8.5e-09: -7.1e-09)  1659 (  2.5%) |**
[ -7.1e-09: -5.6e-09)  4982 (  7.4%) |*******
[ -5.6e-09: -4.2e-09)  6661 (  9.8%) |**********
[ -4.2e-09: -2.8e-09) 30066 ( 44.5%) |*********************************************
[ -2.8e-09: -1.4e-09) 15383 ( 22.7%) |***********************
[ -1.4e-09: -1.9e-11)  7867 ( 11.6%) |************

Placement estimated geomean non-virtual intra-domain period: 14.0944 ns (70.95 MHz)
Placement estimated fanout-weighted geomean non-virtual intra-domain period: 14.0944 ns (70.95 MHz)

Placement cost: 0.99988, bb_cost: 980.879, td_cost: 9.27148e-07, 

Placement resource usage:
  io      implemented as io     : 53
  clb     implemented as clb    : 1049
  wc      implemented as wc     : 17
  dsp_top implemented as dsp_top: 1
  memory  implemented as memory : 220

Placement number of temperatures: 113
Placement total # of swap attempts: 835732
	Swaps accepted: 284785 (34.1 %)
	Swaps rejected: 516517 (61.8 %)
	Swaps aborted:  34430 ( 4.1 %)


Placement perturbation distribution by block and move type: 
------------------ ----------------- ---------------- ---------------- --------------- ------------ 
    Block Type         Move Type       (%) of Total      Accepted(%)     Rejected(%)    Aborted(%)
------------------ ----------------- ---------------- ---------------- --------------- ------------ 
io                 Uniform                0.95             71.30           28.70          0.00         
                   Median                 0.95             56.06           22.88          21.06        
                   Centroid               0.94             73.10           26.74          0.15         
                   W. Centroid            0.93             72.61           27.25          0.14         
                   W. Median              0.05             11.82           66.52          21.66        

clb                Uniform                18.74            18.54           80.73          0.72         
                   Median                 18.78            49.39           44.29          6.32         
                   Centroid               18.73            46.31           48.26          5.43         
                   W. Centroid            18.84            46.03           48.53          5.44         
                   W. Median              1.08             8.40            79.65          11.95        
                   Crit. Uniform          0.80             0.10            99.90          0.00         
                   Feasible Region        0.79             0.03            99.97          0.00         

wc                 Uniform                0.30             1.85            98.15          0.00         
                   Median                 0.29             3.36            96.64          0.00         
                   Centroid               0.30             3.22            96.78          0.00         
                   W. Centroid            0.30             2.84            97.16          0.00         
                   W. Median              0.02             0.00            100.00         0.00         

dsp_top            Uniform                0.02             14.29           85.71          0.00         
                   Median                 0.02             25.50           74.50          0.00         
                   Centroid               0.02             22.48           77.52          0.00         
                   W. Centroid            0.02             23.40           76.60          0.00         
                   W. Median              0.00             0.00            100.00         0.00         

memory             Uniform                3.95             5.88            94.12          0.00         
                   Median                 3.89             9.85            85.29          4.86         
                   Centroid               3.93             7.65            92.35          0.00         
                   W. Centroid            3.94             8.64            86.26          5.10         
                   W. Median              0.23             1.69            89.26          9.05         
                   Crit. Uniform          0.59             0.00            100.00         0.00         
                   Feasible Region        0.60             0.00            100.00         0.00         


Placement Quench timing analysis took 0.0433221 seconds (0.0378855 STA, 0.00543658 slack) (1 full updates: 1 setup, 0 hold, 0 combined).
Placement Total  timing analysis took 6.84502 seconds (5.57196 STA, 1.27306 slack) (115 full updates: 115 setup, 0 hold, 0 combined).
update_td_costs: connections 0 nets 0 sum_nets 0 total 0
# Placement took 15.17 seconds (max_rss 957.6 MiB, delta_rss +0.0 MiB)

# Routing
RR graph channel widths unchanged, skipping RR graph rebuild
## Initializing router criticalities
Initial Net Connection Criticality Histogram:
[        0:      0.1)  3006 (  7.3%) |*************
[      0.1:      0.2)  7763 ( 18.9%) |*********************************
[      0.2:      0.3)  5609 ( 13.6%) |************************
[      0.3:      0.4) 10496 ( 25.5%) |*********************************************
[      0.4:      0.5)  4963 ( 12.1%) |*********************
[      0.5:      0.6)   693 (  1.7%) |***
[      0.6:      0.7)  1667 (  4.1%) |*******
[      0.7:      0.8)  3354 (  8.2%) |**************
[      0.8:      0.9)  2771 (  6.7%) |************
[      0.9:        1)   825 (  2.0%) |****
## Initializing router criticalities took 0.46 seconds (max_rss 957.6 MiB, delta_rss +0.0 MiB)
---- ------ ------- ---- ------- ------- ------- ----------------- --------------- -------- ---------- ---------- ---------- ---------- --------
Iter   Time    pres  BBs    Heap  Re-Rtd  Re-Rtd Overused RR Nodes      Wirelength      CPD       sTNS       sWNS       hTNS       hWNS Est Succ
      (sec)     fac Updt    push    Nets   Conns                                       (ns)       (ns)       (ns)       (ns)       (ns)     Iter
---- ------ ------- ---- ------- ------- ------- ----------------- --------------- -------- ---------- ---------- ---------- ---------- --------
   1    1.0     0.0    0 6769417   16945   39394   17520 ( 0.984%)  443751 (10.9%)   14.091 -2.963e+05    -14.091    -0.3215     -0.019      N/A
Incr Slack updates 115 in 0.268013 sec
Full Max Req/Worst Slack updates 45 in 0.042528 sec
Incr Max Req/Worst Slack updates 70 in 0.0902609 sec
Incr Criticality updates 40 in 0.107164 sec
Full Criticality updates 75 in 0.679569 sec
   2    1.0     0.5    0 6099633   11456   31342    7999 ( 0.449%)  439399 (10.8%)   14.091 -2.884e+05    -14.091    -0.3215     -0.019      N/A
   3    0.7     0.6    0 3825891    7672   21880    5698 ( 0.320%)  440940 (10.8%)   14.091 -2.888e+05    -14.091    -0.3215     -0.019      N/A
   4    0.5     0.8    0 2633604    5883   17136    4091 ( 0.230%)  442664 (10.8%)   14.091 -2.913e+05    -14.091    -0.3215     -0.019      N/A
   5    0.4     1.1    0 1874304    4569   13859    2986 ( 0.168%)  443673 (10.9%)   14.091 -2.907e+05    -14.091    -0.3215     -0.019      N/A
   6    0.3     1.4    0 1280285    3548   11325    2178 ( 0.122%)  444915 (10.9%)   14.091 -2.904e+05    -14.091    -0.3215     -0.019      N/A
   7    0.3     1.9    0  861928    2663    9189    1598 ( 0.090%)  445949 (10.9%)   14.091 -2.909e+05    -14.091    -0.3215     -0.019      N/A
   8    0.2     2.4    0  705108    2062    7782    1076 ( 0.060%)  447086 (10.9%)   14.091 -2.906e+05    -14.091    -0.3215     -0.019      N/A
   9    0.2     3.1    0  498218    1488    5837     688 ( 0.039%)  448241 (11.0%)   14.091 -2.905e+05    -14.091    -0.3215     -0.019      N/A
  10    0.2     4.1    0  327582     967    4020     420 ( 0.024%)  449037 (11.0%)   14.091 -2.906e+05    -14.091    -0.3215     -0.019       27
  11    0.1     5.3    0  213217     609    2523     222 ( 0.012%)  449622 (11.0%)   14.091 -2.906e+05    -14.091    -0.3215     -0.019       25
  12    0.1     6.9    0  111655     326    1364     106 ( 0.006%)  450135 (11.0%)   14.091 -2.908e+05    -14.091    -0.3215     -0.019       23
  13    0.1     9.0    0   54932     167     657      45 ( 0.003%)  450204 (11.0%)   14.091 -2.908e+05    -14.091    -0.3215     -0.019       21
  14    0.1    11.6    0   21697      68     262      18 ( 0.001%)  450328 (11.0%)   14.091 -2.908e+05    -14.091    -0.3215     -0.019       20
  15    0.1    15.1    0    7240      23      88       6 ( 0.000%)  450330 (11.0%)   14.091 -2.908e+05    -14.091    -0.3215     -0.019       19
  16    0.1    19.7    0    2696       6      21       2 ( 0.000%)  450382 (11.0%)   14.091 -2.908e+05    -14.091    -0.3215     -0.019       18
  17    0.1    25.6    0     919       2      11       0 ( 0.000%)  450362 (11.0%)   14.091 -2.908e+05    -14.091    -0.3215     -0.019       17
Restoring best routing
Critical path: 14.0908 ns
Successfully routed after 17 routing iterations.
Final Net Connection Criticality Histogram:
[        0:      0.1) 2276 (  5.5%) |*************
[      0.1:      0.2) 5005 ( 12.2%) |****************************
[      0.2:      0.3) 6398 ( 15.5%) |************************************
[      0.3:      0.4) 8158 ( 19.8%) |**********************************************
[      0.4:      0.5) 8113 ( 19.7%) |**********************************************
[      0.5:      0.6) 2689 (  6.5%) |***************
[      0.6:      0.7) 2091 (  5.1%) |************
[      0.7:      0.8) 3588 (  8.7%) |********************
[      0.8:      0.9) 2300 (  5.6%) |*************
[      0.9:        1)  529 (  1.3%) |***
Router Stats: total_nets_routed: 58454 total_connections_routed: 166690 total_heap_pushes: 25288326 total_heap_pops: 5592547 
Serial Connection Router is being destroyed. Time spent on path search: 3.054 seconds.
# Routing took 6.43 seconds (max_rss 957.6 MiB, delta_rss +0.0 MiB)

Checking to ensure routing is legal...
# Checking to ensure non-configurable edges are legal
# Checking to ensure non-configurable edges are legal took 0.08 seconds (max_rss 957.6 MiB, delta_rss +0.0 MiB)
Completed routing consistency check successfully.

Serial number (magic cookie) for the routing is: 853489577
Circuit successfully routed with a channel width factor of 300.
# Synchronize the packed netlist to routing optimization
## Annotating rr_node with routed nets
## Annotating rr_node with routed nets took 0.01 seconds (max_rss 957.6 MiB, delta_rss +0.0 MiB)
Found 42464 mismatches between routing and packing results.
Fixed 29159 routing traces due to mismatch between routing and packing results.
# Synchronize the packed netlist to routing optimization took 0.19 seconds (max_rss 957.6 MiB, delta_rss +0.0 MiB)
Final Clustering Statistics: 
----------   --------   ------------------------------------   --------------------------
Block Type   # Blocks   Avg. # of input clocks and pins used   Avg. # of output pins used
----------   --------   ------------------------------------   --------------------------
     EMPTY          0                                      0                            0   
        io         53                               0.169811                     0.830189   
       clb       1049                                30.2355                      8.99142   
        wc         17                                     49                      40.1176   
   dsp_top          1                                     12                            7   
    memory        220                                38.9818                      30.8364   
Absorbed logical nets 16584 out of 33533 nets, 16949 nets not absorbed.


Average number of bends per net: 2.22266  Maximum # of bends: 170

Number of global nets: 4
Number of routed nets (nonglobal): 16945
Wire length results (in units of 1 clb segments)...
	Total wirelength: 450362, average net length: 26.5779
	Maximum net length: 1425

Wire length results in terms of physical segments...
	Total wiring segments used: 95165, average wire segments per net: 5.61611
	Maximum segments used by a net: 321
	Total local nets with reserved CLB opins: 0
Total number of nets absorbed: 0

Routing channel utilization histogram:
[        1:      inf)    0 (  0.0%) |
[      0.9:        1)    0 (  0.0%) |
[      0.8:      0.9)    0 (  0.0%) |
[      0.7:      0.8)    0 (  0.0%) |
[      0.5:      0.6)   60 (  0.4%) |
[      0.4:      0.5)  347 (  2.5%) |**
[      0.3:      0.4)  811 (  5.9%) |****
[      0.2:      0.3) 1599 ( 11.6%) |*********
[      0.1:      0.2) 2627 ( 19.1%) |**************
[        0:      0.1) 8334 ( 60.5%) |**********************************************
Maximum routing channel utilization:      0.58 at (33,46)

X - Directed channels: layer   y   max occ   ave occ   ave cap
                        ----- ---- -------- -------- --------
                            0    0        0    0.000      300
                            0    1        1    0.049      300
                            0    2        5    0.244      300
                            0    3        9    0.439      300
                            0    4       10    1.268      300
                            0    5       13    2.439      300
                            0    6       19    3.024      300
                            0    7       18    3.805      300
                            0    8       34    5.171      300
                            0    9       33    6.024      300
                            0   10       37    7.098      300
                            0   11       56    9.061      300
                            0   12       48    8.427      300
                            0   13       51   11.695      300
                            0   14       65   14.183      300
                            0   15       49   13.976      300
                            0   16       50   11.756      300
                            0   17       58   17.573      300
                            0   18       60   16.183      300
                            0   19       67   18.366      300
                            0   20       80   18.695      300
                            0   21       68   21.098      300
                            0   22       78   20.573      300
                            0   23       67   22.951      300
                            0   24       80   27.244      300
                            0   25       87   32.280      300
                            0   26       86   33.646      300
                            0   27       87   33.451      300
                            0   28       91   36.817      300
                            0   29       94   35.951      300
                            0   30       95   33.610      300
                            0   31       76   33.829      300
                            0   32       78   31.951      300
                            0   33       81   39.854      300
                            0   34       79   39.171      300
                            0   35       85   37.244      300
                            0   36       93   41.866      300
                            0   37      105   44.110      300
                            0   38      102   47.012      300
                            0   39       95   49.756      300
                            0   40      121   62.744      300
                            0   41      144   67.976      300
                            0   42      148   72.659      300
                            0   43      153   72.951      300
                            0   44      154   71.073      300
                            0   45      155   76.037      300
                            0   46      164   74.085      300
                            0   47      153   77.622      300
                            0   48      157   79.134      300
                            0   49      159   74.951      300
                            0   50      147   72.683      300
                            0   51      144   71.793      300
                            0   52      126   60.598      300
                            0   53      105   56.439      300
                            0   54      107   54.671      300
                            0   55      110   58.573      300
                            0   56      129   63.427      300
                            0   57      103   49.854      300
                            0   58      115   49.354      300
                            0   59      113   49.256      300
                            0   60      108   51.780      300
                            0   61      102   56.829      300
                            0   62      108   55.268      300
                            0   63      114   54.293      300
                            0   64      114   44.866      300
                            0   65      118   45.171      300
                            0   66      105   39.524      300
                            0   67      111   36.683      300
                            0   68       93   38.256      300
                            0   69      107   37.415      300
                            0   70       88   34.220      300
                            0   71       76   25.683      300
                            0   72       69   23.793      300
                            0   73       76   23.256      300
                            0   74       73   21.451      300
                            0   75       77   18.976      300
                            0   76       74   20.561      300
                            0   77       77   17.171      300
                            0   78       81   15.195      300
                            0   79       51   11.512      300
                            0   80       34    7.561      300
                            0   81       33    5.171      300
                            0   82       40   11.659      300
Y - Directed channels: layer   x   max occ   ave occ   ave cap
                        ----- ---- -------- -------- --------
                            0    0       77   32.146      300
                            0    1       98   49.512      300
                            0    2      113   52.878      300
                            0    3       74   21.122      300
                            0    4       50   14.049      300
                            0    5       37   17.707      300
                            0    6       32    8.488      300
                            0    7       24    3.610      300
                            0    8       19    4.244      300
                            0    9       15    5.854      300
                            0   10       16    3.951      300
                            0   11        7    2.390      300
                            0   12       30    7.122      300
                            0   13       67   17.305      300
                            0   14       52   20.585      300
                            0   15        1    0.085      300
                            0   16        4    0.683      300
                            0   17      107   71.744      300
                            0   18      141   84.585      300
                            0   19       94   45.780      300
                            0   20       90   42.976      300
                            0   21       77   43.939      300
                            0   22       60   22.780      300
                            0   23       62   22.390      300
                            0   24       16    4.049      300
                            0   25       19    5.390      300
                            0   26       98   25.293      300
                            0   27      130   31.024      300
                            0   28      138   34.902      300
                            0   29      149   44.524      300
                            0   30      168   56.427      300
                            0   31      161   58.634      300
                            0   32      158   66.793      300
                            0   33      173  100.268      300
                            0   34      158   96.988      300
                            0   35      150   65.037      300
                            0   36      126   58.134      300
                            0   37       99   47.768      300
                            0   38       88   33.220      300
                            0   39      108   36.634      300
                            0   40      121   41.585      300
                            0   41      105   33.780      300
                            0   42       21    5.866      300
                            0   43       27    6.622      300
                            0   44       91   37.207      300
                            0   45      115   50.378      300
                            0   46      146   72.439      300
                            0   47      168   86.098      300
                            0   48      142   91.341      300
                            0   49      162  113.549      300
                            0   50      123   84.098      300
                            0   51       17    6.634      300
                            0   52       18    5.305      300
                            0   53       49   22.829      300
                            0   54       59   20.927      300
                            0   55       75   26.829      300
                            0   56       52   16.439      300
                            0   57       36   10.878      300
                            0   58       55   19.805      300
                            0   59       52   17.317      300
                            0   60       18    2.537      300
                            0   61       16    3.122      300
                            0   62       76   32.598      300
                            0   63       93   36.293      300
                            0   64       91   43.366      300
                            0   65      132   72.744      300
                            0   66      128   63.402      300
                            0   67       74   29.122      300
                            0   68       84   23.012      300
                            0   69       46   15.024      300
                            0   70       38    6.293      300
                            0   71       24    3.415      300
                            0   72       15    3.024      300
                            0   73       21    3.854      300
                            0   74       14    3.073      300
                            0   75       28    6.439      300
                            0   76       56   12.732      300
                            0   77       65   16.537      300
                            0   78        2    0.488      300
                            0   79        0    0.000      300
                            0   80       78   25.220      300
                            0   81      125   56.537      300
                            0   82      140   58.390      300

Total existing wires segments: CHANX 233213, CHANY 217149, ALL 450362
Total used wires segments:     CHANX 233213, CHANY 217149, ALL 450362
Usage percentage:               CHANX 0%, CHANY -1%, ALL -86915420%

Logic area (in minimum width transistor areas, excludes I/Os and empty grid tiles)...
	Total logic block area (Warning, need to add pitch of routing to blocks with height > 3): 2.74333e+08
	Total used logic block area: 8.32587e+07

Routing area (in minimum width transistor areas)...
	Total routing area: 1.34573e+08, per logic tile: 19072.2

Total Number of Wiring Segments by Direction: direction length number
                                              --------- ------ -------
                                                      X      4 458574
                                                      Y      4 458574
                                                      X     16  20130
                                                      Y     16  20130

X - Directed Wiring Segment usage by length: length utilization
                                             ------ -----------
                                             4      0.0993
                                            16       0.171

Y - Directed Wiring Segment usage by length: length utilization
                                             ------ -----------
                                             4      0.0947
                                            16       0.136

Segment occupancy by length: Length Occupancy Capacity Utilization
                             ------ --------- -------- -----------
                             L4         88987   917148       0.097
                             L16         6178    40260       0.153

Segment occupancy by type: name type utilization
                           ---- ---- -----------
                             L4    0       0.097
                            L16    1       0.153

Final hold Worst Negative Slack (hWNS): -0.01891 ns
Final hold Total Negative Slack (hTNS): -0.32147 ns

Final hold slack histogram:
[ -1.9e-11:  7.1e-10)  3932 (  5.8%) |***********
[  7.1e-10:  1.4e-09) 10401 ( 15.4%) |****************************
[  1.4e-09:  2.2e-09) 14306 ( 21.2%) |**************************************
[  2.2e-09:  2.9e-09) 16806 ( 24.9%) |*********************************************
[  2.9e-09:  3.6e-09) 13798 ( 20.4%) |*************************************
[  3.6e-09:  4.4e-09)  6340 (  9.4%) |*****************
[  4.4e-09:  5.1e-09)  1468 (  2.2%) |****
[  5.1e-09:  5.8e-09)   550 (  0.8%) |*
[  5.8e-09:  6.5e-09)    15 (  0.0%) |
[  6.5e-09:  7.3e-09)    10 (  0.0%) |

Final critical path delay (least slack): 14.0908 ns, Fmax: 70.9681 MHz
Final setup Worst Negative Slack (sWNS): -14.0908 ns
Final setup Total Negative Slack (sTNS): -290801 ns

Final setup slack histogram:
[ -1.4e-08: -1.3e-08)   244 (  0.4%) |
[ -1.3e-08: -1.1e-08)   448 (  0.7%) |*
[ -1.1e-08: -9.9e-09)   310 (  0.5%) |*
[ -9.9e-09: -8.5e-09)     9 (  0.0%) |
[ -8.5e-09: -7.1e-09)  4028 (  6.0%) |********
[ -7.1e-09: -5.6e-09)  8808 ( 13.0%) |*****************
[ -5.6e-09: -4.2e-09) 18592 ( 27.5%) |************************************
[ -4.2e-09: -2.8e-09) 23146 ( 34.2%) |*********************************************
[ -2.8e-09: -1.4e-09)  4986 (  7.4%) |**********
[ -1.4e-09: -1.9e-11)  7055 ( 10.4%) |**************

Final geomean non-virtual intra-domain period: 14.0908 ns (70.9681 MHz)
Final fanout-weighted geomean non-virtual intra-domain period: 14.0908 ns (70.9681 MHz)

Incr Slack updates 1 in 0.00191573 sec
Full Max Req/Worst Slack updates 1 in 0.000969192 sec
Incr Max Req/Worst Slack updates 0 in 0 sec
Incr Criticality updates 0 in 0 sec
Full Criticality updates 1 in 0.0062489 sec
Flow timing analysis took 9.23684 seconds (7.7148 STA, 1.52203 slack) (135 full updates: 116 setup, 0 hold, 19 combined).
VPR succeeded
The entire flow of VPR took 67.78 seconds (max_rss 957.6 MiB)
Incr Slack updates 18 in 0.0304555 sec
Full Max Req/Worst Slack updates 2 in 0.00192751 sec
Incr Max Req/Worst Slack updates 16 in 0.0206807 sec
Incr Criticality updates 16 in 0.0404764 sec
Full Criticality updates 2 in 0.0128006 sec
