VPR FPGA Placement and Routing.
Version: 9.0.0-dev+v8.0.0-14979-gdefb4b454
Revision: v8.0.0-14979-gdefb4b454
Compiled: 2026-01-23T19:48:56
Compiler: GNU 13.3.0 on Linux-6.14.0-36-generic x86_64
Build Info: release IPO VTR_ASSERT_LEVEL=2

University of Toronto
verilogtorouting.org
vtr-users@googlegroups.com
This is free open source code under MIT license.

VPR was run with the following command-line:
/mnt/vault0/jiajunh5/vtr-verilog-to-routing/vpr/vpr al_like_auto.xml softmax_P2_s128 --circuit_file softmax_P2_s128.pre-vpr.blif --route_chan_width 300 --pack_high_fanout_threshold memory:100000 --seed 1

Using up to 1 parallel worker(s)

Architecture file: al_like_auto.xml
Circuit name: softmax_P2_s128

# Loading Architecture Description
# Loading Architecture Description took 0.01 seconds (max_rss 18.5 MiB, delta_rss +2.2 MiB)

Timing analysis: ON
Circuit netlist file: softmax_P2_s128.net
Circuit placement file: softmax_P2_s128.place
Circuit routing file: softmax_P2_s128.route
Circuit SDC file: softmax_P2_s128.sdc
Vpr floorplanning constraints file: not specified

Packer: ENABLED
Placer: ENABLED
Analytical Placer: DISABLED
Router: ENABLED
Analysis: SKIP IF PRIOR FAIL

VPR was run with the following options:

NetlistOpts.absorb_buffer_luts            : true
NetlistOpts.sweep_dangling_primary_ios    : true
NetlistOpts.sweep_dangling_nets           : true
NetlistOpts.sweep_dangling_blocks         : true
NetlistOpts.sweep_constant_primary_outputs: false
NetlistOpts.netlist_verbosity             : 1
NetlistOpts.const_gen_inference           : COMB_SEQ

PackerOpts.allow_unrelated_clustering: auto
PackerOpts.timing_gain_weight: 0.750000
PackerOpts.connection_gain_weight: 0.900000
PackerOpts.cluster_seed_type: BLEND2
PackerOpts.connection_driven: true
PackerOpts.timing_driven: true
PackerOpts.target_external_pin_util: auto

PlacerOpts.place_freq: PLACE_ONCE
PlacerOpts.place_algorithm: CRITICALITY_TIMING_PLACE
PlacerOpts.pad_loc_type: FREE
PlacerOpts.constraints_file: No constraints file given
PlacerOpts.place_chan_width: 300
PlacerOpts.inner_loop_recompute_divider: 0
PlacerOpts.recompute_crit_iter: 1
PlacerOpts.timing_tradeoff: 0.500000
PlacerOpts.td_place_exp_first: 1.000000
PlacerOpts.td_place_exp_last: 8.000000
PlacerOpts.delay_offset: 0.000000
PlacerOpts.delay_ramp_delta_threshold: -1
PlacerOpts.delay_ramp_slope: 0.000000
PlacerOpts.tsu_rel_margin: 1.000000
PlacerOpts.tsu_abs_margin: 0.000000
PlacerOpts.post_place_timing_report_file: 
PlacerOpts.allowed_tiles_for_delay_model: 
PlacerOpts.delay_model_reducer: MIN
PlacerOpts.delay_model_type: SIMPLE
PlacerOpts.rlim_escape_fraction: 0.000000
PlacerOpts.move_stats_file: 
PlacerOpts.placement_saves_per_temperature: 0
PlacerOpts.effort_scaling: CIRCUIT
PlacerOpts.place_delta_delay_matrix_calculation_method: ASTAR_ROUTE
PlaceOpts.seed: 1
AnnealSched.type: AUTO_SCHED
AnnealSched.inner_num: 0.500000

RouterOpts.route_type: DETAILED
RouterOpts.flat_routing: false
RouterOpts.choke_points: on
RouterOpts.router_algorithm: TIMING_DRIVEN
RouterOpts.base_cost_type: DELAY_NORMALIZED_LENGTH
RouterOpts.fixed_channel_width: 300
RouterOpts.check_route: FULL
RouterOpts.acc_fac: 1.000000
RouterOpts.bb_factor: 3
RouterOpts.bend_cost: 0.000000
RouterOpts.first_iter_pres_fac: 0.000000
RouterOpts.initial_pres_fac: 0.500000
RouterOpts.pres_fac_mult: 1.300000
RouterOpts.max_pres_fac: 1000.000000
RouterOpts.max_router_iterations: 50
RouterOpts.min_incremental_reroute_fanout: 16
RouterOpts.initial_acc_cost_chan_congestion_threshold: 0.500000
RouterOpts.initial_acc_cost_chan_congestion_weight: 0.500000
RouterOpts.do_check_rr_graph: true
RouterOpts.verify_binary_search: false
RouterOpts.min_channel_width_hint: 0
RouterOpts.read_rr_edge_metadata: false
RouterOpts.exit_after_first_routing_iteration: false
RouterOpts.astar_fac: 1.200000
RouterOpts.astar_offset: 0.000000
RouterOpts.router_profiler_astar_fac: 1.200000
RouterOpts.enable_parallel_connection_router: false
RouterOpts.post_target_prune_fac: 1.200000
RouterOpts.post_target_prune_offset: 0
RouterOpts.multi_queue_num_threads: 1
RouterOpts.multi_queue_num_queues: 2
RouterOpts.multi_queue_direct_draining: false
RouterOpts.criticality_exp: 1.000000
RouterOpts.max_criticality: 0.990000
RouterOpts.init_wirelength_abort_threshold: 0.850000
RouterOpts.incr_reroute_delay_ripup: AUTO
RouterOpts.save_routing_per_iteration: false
RouterOpts.congested_routing_iteration_threshold_frac: 1.000000
RouterOpts.high_fanout_threshold: 64
RouterOpts.router_debug_net: -2
RouterOpts.router_debug_sink_rr: -2
RouterOpts.router_debug_iteration: -2
RouterOpts.max_convergence_count: 1
RouterOpts.reconvergence_cpd_threshold: 0.990000
RouterOpts.update_lower_bound_delays: true
RouterOpts.first_iteration_timing_report_file: 
RouterOpts.route_bb_update: DYNAMIC
RouterOpts.lookahead_type: MAP
RouterOpts.initial_timing: LOOKAHEAD
RouterOpts.router_heap: FOUR_ARY_HEAP
RouterOpts.routing_failure_predictor = SAFE
RouterOpts.routing_budgets_algorithm = DISABLE

AnalysisOpts.gen_post_synthesis_netlist: false
AnalysisOpts.gen_post_implementation_merged_netlist: false
AnalysisOpts.gen_post_implementation_sdc: false
AnalysisOpts.timing_report_npaths: 100
AnalysisOpts.timing_report_skew: false
AnalysisOpts.echo_dot_timing_graph_node: -1
AnalysisOpts.timing_report_detail: NETLIST
AnalysisOpts.post_synth_netlist_unconn_input_handling: UNCONNECTED
AnalysisOpts.post_synth_netlist_unconn_output_handling: UNCONNECTED
AnalysisOpts.post_synth_netlist_module_parameters: on

# Building complex block graph
Warning 1: io[0].clock[0] unconnected pin in architecture.
Warning 2: dsp_top[0].dsp_I2[44] unconnected pin in architecture.
Warning 3: dsp_top[0].dsp_I2[45] unconnected pin in architecture.
Warning 4: dsp_top[0].dsp_I2[46] unconnected pin in architecture.
Warning 5: dsp_top[0].dsp_I2[47] unconnected pin in architecture.
Warning 6: dsp_top[0].dsp_I2[48] unconnected pin in architecture.
Warning 7: dsp_top[0].dsp_I2[49] unconnected pin in architecture.
Warning 8: dsp_top[0].dsp_I2[50] unconnected pin in architecture.
Warning 9: dsp_top[0].dsp_I2[51] unconnected pin in architecture.
Warning 10: dsp_top[0].dsp_I2[52] unconnected pin in architecture.
Warning 11: dsp_top[0].dsp_I2[53] unconnected pin in architecture.
Warning 12: dsp_top[0].dsp_I2[54] unconnected pin in architecture.
Warning 13: dsp_top[0].dsp_I2[55] unconnected pin in architecture.
Warning 14: dsp_top[0].dsp_I2[56] unconnected pin in architecture.
Warning 15: dsp_top[0].dsp_I2[57] unconnected pin in architecture.
Warning 16: dsp_top[0].dsp_I2[58] unconnected pin in architecture.
Warning 17: dsp_top[0].dsp_I2[59] unconnected pin in architecture.
Warning 18: dsp_top[0].dsp_I2[60] unconnected pin in architecture.
Warning 19: dsp_top[0].dsp_I2[61] unconnected pin in architecture.
Warning 20: dsp_top[0].dsp_I2[62] unconnected pin in architecture.
Warning 21: dsp_top[0].dsp_I2[63] unconnected pin in architecture.
Warning 22: dsp[0].dsp_I2[44] unconnected pin in architecture.
Warning 23: dsp[0].dsp_I2[45] unconnected pin in architecture.
Warning 24: dsp[0].dsp_I2[46] unconnected pin in architecture.
Warning 25: dsp[0].dsp_I2[47] unconnected pin in architecture.
Warning 26: dsp[0].dsp_I2[48] unconnected pin in architecture.
Warning 27: dsp[0].dsp_I2[49] unconnected pin in architecture.
Warning 28: dsp[0].dsp_I2[50] unconnected pin in architecture.
Warning 29: dsp[0].dsp_I2[51] unconnected pin in architecture.
Warning 30: dsp[0].dsp_I2[52] unconnected pin in architecture.
Warning 31: dsp[0].dsp_I2[53] unconnected pin in architecture.
Warning 32: dsp[0].dsp_I2[54] unconnected pin in architecture.
Warning 33: dsp[0].dsp_I2[55] unconnected pin in architecture.
Warning 34: dsp[0].dsp_I2[56] unconnected pin in architecture.
Warning 35: dsp[0].dsp_I2[57] unconnected pin in architecture.
Warning 36: dsp[0].dsp_I2[58] unconnected pin in architecture.
Warning 37: dsp[0].dsp_I2[59] unconnected pin in architecture.
Warning 38: dsp[0].dsp_I2[60] unconnected pin in architecture.
Warning 39: dsp[0].dsp_I2[61] unconnected pin in architecture.
Warning 40: dsp[0].dsp_I2[62] unconnected pin in architecture.
Warning 41: dsp[0].dsp_I2[63] unconnected pin in architecture.
Warning 42: dsp_pb[0].datain[96] unconnected pin in architecture.
Warning 43: dsp_pb[0].datain[97] unconnected pin in architecture.
Warning 44: dsp_pb[0].datain[98] unconnected pin in architecture.
Warning 45: dsp_pb[0].datain[99] unconnected pin in architecture.
Warning 46: dsp_pb[0].datain[100] unconnected pin in architecture.
Warning 47: dsp_pb[0].datain[101] unconnected pin in architecture.
Warning 48: dsp_pb[0].datain[102] unconnected pin in architecture.
Warning 49: dsp_pb[0].datain[103] unconnected pin in architecture.
Warning 50: dsp_pb[0].datain[104] unconnected pin in architecture.
Warning 51: dsp_pb[0].datain[105] unconnected pin in architecture.
Warning 52: dsp_pb[0].datain[106] unconnected pin in architecture.
Warning 53: dsp_pb[0].datain[107] unconnected pin in architecture.
Warning 54: dsp_pb[0].datain[108] unconnected pin in architecture.
Warning 55: dsp_pb[0].datain[109] unconnected pin in architecture.
Warning 56: dsp_pb[0].datain[110] unconnected pin in architecture.
Warning 57: dsp_pb[0].datain[111] unconnected pin in architecture.
Warning 58: dsp_pb[0].datain[112] unconnected pin in architecture.
Warning 59: dsp_pb[0].datain[113] unconnected pin in architecture.
Warning 60: dsp_pb[0].datain[114] unconnected pin in architecture.
Warning 61: dsp_pb[0].datain[115] unconnected pin in architecture.
# Building complex block graph took 0.06 seconds (max_rss 34.5 MiB, delta_rss +16.0 MiB)
Circuit file: softmax_P2_s128.pre-vpr.blif
# Load circuit
Found constant-one generator 'vcc'
Found constant-zero generator 'unconn'
Found constant-zero generator 'gnd'
# Load circuit took 0.25 seconds (max_rss 97.9 MiB, delta_rss +63.4 MiB)
# Clean circuit
Absorbed 516 LUT buffers
Inferred    0 additional primitive pins as constant generators since they have no combinationally connected inputs
Inferred 1384 additional primitive pins as constant generators due to constant inputs
Inferred    0 additional primitive pins as constant generators since they have no combinationally connected inputs
Inferred    0 additional primitive pins as constant generators due to constant inputs
Inferred    0 additional primitive pins as constant generators since they have no combinationally connected inputs
Inferred    0 additional primitive pins as constant generators due to constant inputs
Swept input(s)      : 4
Swept output(s)     : 0 (0 dangling, 0 constant)
Swept net(s)        : 1518
Swept block(s)      : 0
Constant Pins Marked: 1384
# Clean circuit took 0.01 seconds (max_rss 97.9 MiB, delta_rss +0.0 MiB)
# Compress circuit
# Compress circuit took 0.03 seconds (max_rss 97.9 MiB, delta_rss +0.0 MiB)
# Verify circuit
# Verify circuit took 0.01 seconds (max_rss 97.9 MiB, delta_rss +0.0 MiB)
Circuit Statistics:
  Blocks: 27820
    .input         :      44
    .latch         :    3890
    .names         :   10640
        0-LUT:       2
        2-LUT:     474
        3-LUT:    1694
        4-LUT:    3226
        5-LUT:    2092
        6-LUT:    3152
    .output        :       9
    adder          :    6435
    dpe            :      17
    multiply       :       1
    single_port_ram:    6784
  Nets  : 33533
    Avg Fanout:     4.1
    Max Fanout: 10691.0
    Min Fanout:     1.0
  Netlist Clocks: 1
# Build Timing Graph
  Timing Graph Nodes: 235149
  Timing Graph Edges: 443392
  Timing Graph Levels: 44
# Build Timing Graph took 0.22 seconds (max_rss 153.9 MiB, delta_rss +56.0 MiB)
Netlist contains 1 clocks
  Netlist Clock 'clk' Fanout: 10691 pins (6.2%), 10691 blocks (38.4%)
# Load Timing Constraints

SDC file 'softmax_P2_s128.sdc' not found
Setting default timing constraints:
   * constrain all primary inputs and primary outputs on netlist clock 'clk'
   * optimize netlist clock to run as fast as possible
Timing constraints created 1 clocks
  Constrained Clock 'clk' Source: 'clk.inpad[0]'

# Load Timing Constraints took 0.02 seconds (max_rss 153.9 MiB, delta_rss +0.0 MiB)
# Packing
## Prepacker

There is one chain in this architecture called "chain" with the following starting points:
	clb[0]/lab[0]/fle[0]/ble5[0]/arithmetic[0]/adder[0].cin[0]

## Prepacker took 0.03 seconds (max_rss 153.9 MiB, delta_rss +0.0 MiB)
## Initializing Pre-Cluster Timing
Warning 62: Block type 'wc' grid location specification endx (6 + w - 1 = 10) falls outside device horizontal range [0,9]
Using inter-cluster delay: 2.1832e-09
## Initializing Pre-Cluster Timing took 0.07 seconds (max_rss 155.9 MiB, delta_rss +2.0 MiB)
Begin packing 'softmax_P2_s128.pre-vpr.blif'.

After removing unused inputs...
	total blocks: 27820, total nets: 33533, total inputs: 44, total outputs: 9
Packing with pin utilization targets: io:1,1 clb:0.8,0.6 wc:1,1 dsp_top:1,1 memory:1,1
Packing with high fanout thresholds: io:128 clb:128 wc:128 dsp_top:128 memory:100000
Starting Clustering - Clustering Progress: 
-------------------   --------------------------   ---------
Molecules processed   Number of clusters created   FPGA size
-------------------   --------------------------   ---------
   728/18214     3%                          188    96 x 96    
  1468/18214     8%                          388    96 x 96    
  2222/18214    12%                          415    96 x 96    
  2982/18214    16%                          434    96 x 96    
  3742/18214    20%                          453    96 x 96    
  4482/18214    24%                          478    96 x 96    
  5222/18214    28%                          515    96 x 96    
  5974/18214    32%                          540    96 x 96    
  6710/18214    36%                          564    96 x 96    
  7462/18214    40%                          590    96 x 96    
  8190/18214    44%                          615    96 x 96    
  8941/18214    49%                          654    96 x 96    
  9676/18214    53%                          700    96 x 96    
 10408/18214    57%                          747    96 x 96    
 11141/18214    61%                          795    96 x 96    
 11875/18214    65%                          843    96 x 96    
 12615/18214    69%                          890    96 x 96    
 13353/18214    73%                          940    96 x 96    
 14089/18214    77%                          990    96 x 96    
 14825/18214    81%                         1040    96 x 96    
 15557/18214    85%                         1095    96 x 96    
 16293/18214    89%                         1145    96 x 96    
 17032/18214    93%                         1192    96 x 96    
 17771/18214    97%                         1253    96 x 96    
 18214/18214   100%                         1340    96 x 96    

Logic Element (fle) detailed count:
  Total number of Logic Elements used : 10142
  LEs used for logic and registers    : 2152
  LEs used for logic only             : 7990
  LEs used for registers only         : 0

FPGA sized to 96 x 96 (auto)
Device Utilization: 0.24 (target 1.00)
	Block Utilization: 0.02 Type: io
	Block Utilization: 0.15 Type: clb
	Block Utilization: 0.77 Type: wc
	Block Utilization: 0.01 Type: dsp_top
	Block Utilization: 0.78 Type: memory

Final Clustering Statistics: 
----------   --------   ------------------------------------   --------------------------
Block Type   # Blocks   Avg. # of input clocks and pins used   Avg. # of output pins used
----------   --------   ------------------------------------   --------------------------
     EMPTY          0                                      0                            0   
        io         53                               0.169811                     0.830189   
       clb       1049                                30.2355                      8.99142   
        wc         17                                     49                      40.1176   
   dsp_top          1                                     12                            7   
    memory        220                                38.9818                      30.8364   
Absorbed logical nets 16584 out of 33533 nets, 16949 nets not absorbed.

Netlist conversion complete.

Incr Slack updates 1 in 0.00184044 sec
Full Max Req/Worst Slack updates 1 in 0.00093168 sec
Incr Max Req/Worst Slack updates 0 in 0 sec
Incr Criticality updates 0 in 0 sec
Full Criticality updates 1 in 0.00633055 sec
# Packing took 19.31 seconds (max_rss 279.4 MiB, delta_rss +125.5 MiB)
# Load packing
## Loading packed FPGA netlist file.
Netlist generated from file 'softmax_P2_s128.net'.
Detected 2 constant generators (to see names run with higher pack verbosity)
Warning 63: Netlist connects net reset to both global and non-global pins.
Warning 64: Netlist connects net reset to both global and non-global pins.
Warning 65: Netlist connects net reset to both global and non-global pins.
Warning 66: Netlist connects net reset to both global and non-global pins.
Warning 67: Netlist connects net reset to both global and non-global pins.
Warning 68: Netlist connects net reset to both global and non-global pins.
Warning 69: Netlist connects net reset to both global and non-global pins.
Warning 70: Netlist connects net reset to both global and non-global pins.
Warning 71: Netlist connects net reset to both global and non-global pins.
Warning 72: Netlist connects net reset to both global and non-global pins.
## Loading packed FPGA netlist file. took 1.11 seconds (max_rss 289.9 MiB, delta_rss +10.5 MiB)
Warning 73: Treated 2 constant nets as global which will not be routed (to see net names increase packer verbosity).
Netlist contains 1027 global net to non-global architecture pin connections
Warning 74: Logic block #1294 (gnd) has only 1 output pin 'gnd.O[39]'. It may be a constant generator.
Completed clustering consistency check successfully.

Pb types usage...
  io                      : 53
   inpad                  : 44
   outpad                 : 9
  clb                     : 1049
   lab                    : 1049
    fle                   : 10142
     ble5                 : 13927
      flut5               : 7492
       lut5               : 7485
        lut               : 7485
       ff                 : 3763
      arithmetic          : 6435
       lut4               : 3
        lut               : 3
       adder              : 6435
     ble6                 : 3152
      lut6                : 3152
       lut                : 3152
      ff                  : 127
  wc                      : 17
   wc_slice               : 17
    nl_dpe                : 17
  dsp_top                 : 1
   dsp                    : 1
    dsp_pb                : 1
     mult_9x9_fixed_pt    : 1
  memory                  : 220
   mem_512x40_sp          : 220
    memory_slice          : 6784

# Load packing took 1.30 seconds (max_rss 289.9 MiB, delta_rss +10.5 MiB)
# Create Device
## Build Device Grid
FPGA sized to 96 x 96: 9216 grid tiles (auto)
## Build Device Grid took 0.02 seconds (max_rss 289.9 MiB, delta_rss +0.0 MiB)
## Build routing resource graph
## Build routing resource graph took 15.22 seconds (max_rss 1253.5 MiB, delta_rss +963.6 MiB)
  RR Graph Nodes: 2463660
  RR Graph Edges: 35068210
# Create Device took 16.27 seconds (max_rss 1253.5 MiB, delta_rss +963.6 MiB)

Resource usage...
	Netlist
		53	blocks of type: io
	Architecture
		3008	blocks of type: io
	Netlist
		1049	blocks of type: clb
	Architecture
		6840	blocks of type: clb
	Netlist
		17	blocks of type: wc
	Architecture
		22	blocks of type: wc
	Netlist
		1	blocks of type: dsp_top
	Architecture
		138	blocks of type: dsp_top
	Netlist
		220	blocks of type: memory
	Architecture
		282	blocks of type: memory

Device Utilization: 0.24 (target 1.00)
	Physical Tile io:
	Block Utilization: 0.02 Logical Block: io
	Physical Tile clb:
	Block Utilization: 0.15 Logical Block: clb
	Physical Tile wc:
	Block Utilization: 0.77 Logical Block: wc
	Physical Tile dsp_top:
	Block Utilization: 0.01 Logical Block: dsp_top
	Physical Tile memory:
	Block Utilization: 0.78 Logical Block: memory

FPGA size limited by block type(s): wc


# Computing router lookahead map
## Computing wire lookahead
## Computing wire lookahead took 13.99 seconds (max_rss 1253.5 MiB, delta_rss +0.0 MiB)
## Computing src/opin lookahead
## Computing src/opin lookahead took 0.25 seconds (max_rss 1253.5 MiB, delta_rss +0.0 MiB)
# Computing router lookahead map took 14.27 seconds (max_rss 1253.5 MiB, delta_rss +0.0 MiB)
# Compressed grid construction
# Compressed grid construction took 0.00 seconds (max_rss 1253.5 MiB, delta_rss +0.0 MiB)

Bounding box mode is Cube

# Computing placement delta delay look-up
RR graph channel widths unchanged, skipping RR graph rebuild
Serial Connection Router is being destroyed. Time spent on path search: 0.000 seconds.
# Computing placement delta delay look-up took 0.06 seconds (max_rss 1253.5 MiB, delta_rss +0.0 MiB)
# Placement
## Initial Placement
Initial placement iteration 0 has finished successfully
## Initial Placement took 0.01 seconds (max_rss 1253.5 MiB, delta_rss +0.0 MiB)
Using simple RL 'Softmax agent' for choosing move and block types

Completed placement consistency check successfully.
Initial placement cost: 1 bb_cost: 2878.06 td_cost: 1.59267e-05
Initial placement BB estimate of wirelength: 863397
Initial placement estimated Critical Path Delay (CPD): 26.6671 ns
Initial placement estimated setup Total Negative Slack (sTNS): -313944 ns
Initial placement estimated setup Worst Negative Slack (sWNS): -26.6671 ns

Initial placement estimated setup slack histogram:
[ -2.7e-08: -2.4e-08)    65 (  0.1%) |
[ -2.4e-08: -2.1e-08)    73 (  0.1%) |
[ -2.1e-08: -1.9e-08)   354 (  0.5%) |
[ -1.9e-08: -1.6e-08)   442 (  0.7%) |*
[ -1.6e-08: -1.3e-08)    85 (  0.1%) |
[ -1.3e-08: -1.1e-08)   106 (  0.2%) |
[ -1.1e-08:   -8e-09)  6719 (  9.9%) |********
[   -8e-09: -5.3e-09)  9773 ( 14.5%) |************
[ -5.3e-09: -2.7e-09) 36400 ( 53.8%) |*********************************************
[ -2.7e-09: -1.9e-11) 13609 ( 20.1%) |*****************
Placement contains 0 placement macros involving 0 blocks (average macro size -nan)

Moves per temperature: 7384

---- ------ ------- ------- ---------- ---------- ------- ---------- -------- ------- ------- ------ -------- --------- ------
Tnum   Time       T Av Cost Av BB Cost Av TD Cost     CPD       sTNS     sWNS Ac Rate Std Dev  R lim Crit Exp Tot Moves  Alpha
      (sec)                                          (ns)       (ns)     (ns)                                                 
---- ------ ------- ------- ---------- ---------- ------- ---------- -------- ------- ------- ------ -------- --------- ------
   1    0.1 6.8e-04   1.009    2527.21 1.5009e-05  24.376  -2.89e+05  -24.376   0.724  0.0102   95.0     1.00      7384  1.000
   2    0.1 6.4e-04   0.966    2387.40 1.5711e-05  23.459  -2.93e+05  -23.459   0.722  0.0172   95.0     1.00     14768  0.950
   3    0.1 6.1e-04   0.961    2226.77 1.552e-05   22.446     -3e+05  -22.446   0.688  0.0165   95.0     1.00     22152  0.950
   4    0.1 5.8e-04   0.972    2072.81 1.5645e-05  20.856  -2.92e+05  -20.856   0.669  0.0136   95.0     1.00     29536  0.950
   5    0.1 5.5e-04   0.975    1991.35 1.6619e-05  18.532  -2.82e+05  -18.532   0.655  0.0145   95.0     1.00     36920  0.950
   6    0.1 5.2e-04   0.985    1940.90 1.6103e-05  18.976  -2.96e+05  -18.976   0.648  0.0053   95.0     1.00     44304  0.950
   7    0.1 5.0e-04   0.979    1876.69 1.4948e-05  19.691  -2.92e+05  -19.691   0.626  0.0148   95.0     1.00     51688  0.950
   8    0.1 4.7e-04   0.977    1761.61 1.4802e-05  19.219  -2.85e+05  -19.219   0.609  0.0114   95.0     1.00     59072  0.950
   9    0.1 4.5e-04   0.975    1676.18 1.4203e-05  18.980  -2.71e+05  -18.980   0.601  0.0119   95.0     1.00     66456  0.950
  10    0.1 4.3e-04   0.985    1601.30 1.4221e-05  18.776  -2.77e+05  -18.776   0.590  0.0062   95.0     1.00     73840  0.950
  11    0.1 4.0e-04   0.980    1565.33 1.3268e-05  19.703  -2.76e+05  -19.703   0.588  0.0136   95.0     1.00     81224  0.950
  12    0.1 3.8e-04   0.982    1507.87 1.3089e-05  19.595  -2.81e+05  -19.595   0.574  0.0125   95.0     1.00     88608  0.950
  13    0.1 3.7e-04   0.982    1449.95 1.3367e-05  18.541  -2.71e+05  -18.541   0.554  0.0059   95.0     1.00     95992  0.950
  14    0.1 3.5e-04   0.998    1451.00 1.3446e-05  17.988  -2.66e+05  -17.988   0.554  0.0047   95.0     1.00    103376  0.950
  15    0.1 3.3e-04   0.981    1425.30 1.3254e-05  18.509  -2.66e+05  -18.509   0.545  0.0109   95.0     1.00    110760  0.950
  16    0.1 3.1e-04   0.995    1377.20 1.3117e-05  18.087  -2.72e+05  -18.087   0.540  0.0031   95.0     1.00    118144  0.950
  17    0.1 3.0e-04   0.986    1365.68 1.3031e-05  18.023  -2.72e+05  -18.023   0.527  0.0061   95.0     1.00    125528  0.950
  18    0.1 2.8e-04   0.990    1342.85 1.3096e-05  17.795  -2.65e+05  -17.795   0.528  0.0033   95.0     1.00    132912  0.950
  19    0.1 2.7e-04   0.994    1327.11 1.309e-05   17.692  -2.69e+05  -17.692   0.508  0.0026   95.0     1.00    140296  0.950
  20    0.1 2.6e-04   0.993    1299.95 1.2481e-05  18.405  -2.71e+05  -18.405   0.496  0.0027   95.0     1.00    147680  0.950
  21    0.1 2.4e-04   0.991    1278.36 1.3331e-05  17.016  -2.63e+05  -17.016   0.496  0.0039   95.0     1.00    155064  0.950
  22    0.1 2.3e-04   0.991    1266.55 1.3099e-05  17.283  -2.58e+05  -17.283   0.490  0.0032   95.0     1.00    162448  0.950
  23    0.1 2.2e-04   0.995    1258.46 1.2464e-05  18.136  -2.64e+05  -18.136   0.479  0.0046   95.0     1.00    169832  0.950
  24    0.1 2.1e-04   0.998    1242.26 1.2609e-05  17.807  -2.61e+05  -17.807   0.482  0.0026   95.0     1.00    177216  0.950
  25    0.1 2.0e-04   0.993    1235.14 1.2498e-05  17.780  -2.58e+05  -17.780   0.471  0.0028   95.0     1.00    184600  0.950
  26    0.1 1.9e-04   0.995    1223.16 1.1703e-05  18.787  -2.69e+05  -18.787   0.462  0.0022   95.0     1.00    191984  0.950
  27    0.1 1.8e-04   1.000    1220.79 1.328e-05   16.501  -2.62e+05  -16.501   0.447  0.0027   95.0     1.00    199368  0.950
  28    0.1 1.7e-04   0.995    1209.98 1.2293e-05  17.720   -2.6e+05  -17.720   0.444  0.0052   95.0     1.00    206752  0.950
  29    0.1 1.6e-04   0.997    1191.70 1.2559e-05  17.230  -2.66e+05  -17.230   0.426  0.0025   95.0     1.00    214136  0.950
  30    0.1 1.5e-04   0.995    1183.05 1.1001e-05  17.699  -2.58e+05  -17.699   0.413  0.0034   93.7     1.10    221520  0.950
  31    0.1 1.5e-04   0.994    1178.97 1.0698e-05  15.902  -2.67e+05  -15.902   0.423  0.0027   91.2     1.29    228904  0.950
  32    0.1 1.4e-04   0.993    1175.17 8.1877e-06  18.166  -2.62e+05  -18.166   0.401  0.0032   89.6     1.41    236288  0.950
  33    0.1 1.3e-04   0.992    1169.84 6.7966e-06  17.405  -2.55e+05  -17.405   0.395  0.0053   86.0     1.67    243672  0.950
  34    0.1 1.2e-04   0.996    1163.10 6.9736e-06  15.232   -2.6e+05  -15.232   0.385  0.0021   82.2     1.95    251056  0.950
  35    0.1 1.2e-04   0.992    1162.55 4.5878e-06  17.137  -2.71e+05  -17.137   0.373  0.0043   77.7     2.29    258440  0.950
  36    0.1 1.1e-04   0.994    1153.68 4.1181e-06  15.905  -2.67e+05  -15.905   0.372  0.0040   72.4     2.68    265824  0.950
  37    0.1 1.1e-04   0.996    1148.01 3.7927e-06  15.476  -2.58e+05  -15.476   0.352  0.0033   67.5     3.05    273208  0.950
  38    0.1 1.0e-04   0.998    1146.44 3.002e-06   15.458  -2.59e+05  -15.458   0.342  0.0014   61.5     3.49    280592  0.950
  39    0.1 9.6e-05   0.994    1145.45 2.6132e-06  15.309  -2.66e+05  -15.309   0.330  0.0026   55.5     3.94    287976  0.950
  40    0.1 9.2e-05   0.995    1140.68 2.1453e-06  15.392  -2.63e+05  -15.392   0.322  0.0022   49.4     4.40    295360  0.950
  41    0.1 8.7e-05   0.995    1136.89 1.8389e-06  15.311  -2.63e+05  -15.311   0.321  0.0030   43.6     4.83    302744  0.950
  42    0.1 8.3e-05   0.997    1132.63 1.9373e-06  14.681   -2.6e+05  -14.681   0.317  0.0019   38.4     5.22    310128  0.950
  43    0.1 7.8e-05   0.994    1126.22 1.5192e-06  15.001  -2.68e+05  -15.001   0.306  0.0028   33.6     5.57    317512  0.950
  44    0.1 7.5e-05   0.995    1121.50 1.8833e-06  14.178  -2.63e+05  -14.178   0.302  0.0023   29.1     5.91    324896  0.950
  45    0.1 7.1e-05   0.992    1120.77 8.2115e-07  16.283  -2.64e+05  -16.283   0.293  0.0041   25.1     6.21    332280  0.950
  46    0.1 6.7e-05   0.997    1115.30 1.1728e-06  14.751  -2.63e+05  -14.751   0.298  0.0022   21.4     6.48    339664  0.950
  47    0.1 6.4e-05   0.996    1115.48 1.3847e-06  14.487  -2.62e+05  -14.487   0.289  0.0017   18.4     6.71    347048  0.950
  48    0.1 6.1e-05   0.995    1106.33 1.3059e-06  14.319  -2.61e+05  -14.319   0.275  0.0024   15.6     6.91    354432  0.950
  49    0.1 5.8e-05   0.991    1094.13 6.2106e-07  16.026  -2.67e+05  -16.026   0.368  0.0040   13.0     7.10    361816  0.950
  50    0.1 5.5e-05   0.994    1084.12 1.1687e-06  14.500  -2.65e+05  -14.500   0.364  0.0027   12.1     7.17    369200  0.950
  51    0.1 5.2e-05   0.995    1076.24 9.8906e-07  14.591  -2.65e+05  -14.591   0.337  0.0021   11.2     7.24    376584  0.950
  52    0.1 4.9e-05   0.997    1073.44 9.6143e-07  14.606  -2.63e+05  -14.606   0.335  0.0013   10.0     7.33    383968  0.950
  53    0.1 4.7e-05   0.997    1069.13 1.009e-06   14.396  -2.65e+05  -14.396   0.334  0.0014    9.0     7.41    391352  0.950
  54    0.1 4.5e-05   0.998    1067.01 1.3692e-06  13.593  -2.63e+05  -13.593   0.328  0.0016    8.0     7.48    398736  0.950
  55    0.1 4.2e-05   0.997    1063.01 1.3501e-06  13.593  -2.59e+05  -13.593   0.321  0.0012    7.1     7.54    406120  0.950
  56    0.1 4.0e-05   0.997    1060.07 1.0455e-06  14.153  -2.63e+05  -14.153   0.327  0.0016    6.3     7.61    413504  0.950
  57    0.1 3.8e-05   0.999    1057.31 1.2639e-06  13.671  -2.59e+05  -13.671   0.322  0.0008    5.6     7.66    420888  0.950
  58    0.1 3.6e-05   0.999    1055.82 1.204e-06   13.667  -2.58e+05  -13.667   0.329  0.0006    4.9     7.71    428272  0.950
  59    0.1 3.5e-05   0.998    1053.95 1.1657e-06  13.667  -2.62e+05  -13.667   0.309  0.0008    4.4     7.75    435656  0.950
  60    0.1 3.3e-05   0.997    1050.07 1.1919e-06  13.667  -2.61e+05  -13.667   0.304  0.0012    3.8     7.79    443040  0.950
  61    0.1 3.1e-05   0.999    1047.78 1.1192e-06  13.667  -2.55e+05  -13.667   0.296  0.0009    3.3     7.83    450424  0.950
  62    0.1 3.0e-05   0.998    1044.09 1.1363e-06  13.574  -2.58e+05  -13.574   0.361  0.0010    2.8     7.87    457808  0.950
  63    0.1 2.8e-05   0.999    1042.49 1.1458e-06  13.574  -2.59e+05  -13.574   0.353  0.0008    2.6     7.88    465192  0.950
  64    0.1 2.7e-05   0.998    1038.82 1.1921e-06  13.468  -2.59e+05  -13.468   0.335  0.0010    2.4     7.90    472576  0.950
  65    0.1 2.5e-05   0.999    1036.91 1.1029e-06  13.571  -2.56e+05  -13.571   0.329  0.0004    2.1     7.92    479960  0.950
  66    0.1 2.4e-05   0.997    1035.35 1.1378e-06  13.499   -2.6e+05  -13.499   0.417  0.0012    1.9     7.93    487344  0.950
  67    0.1 2.3e-05   0.999    1032.63 1.0938e-06  13.593  -2.56e+05  -13.593   0.405  0.0004    1.8     7.94    494728  0.950
  68    0.1 2.2e-05   0.999    1030.43 1.1363e-06  13.499  -2.55e+05  -13.499   0.391  0.0005    1.8     7.94    502112  0.950
  69    0.1 2.1e-05   0.999    1028.94 1.1288e-06  13.499  -2.53e+05  -13.499   0.374  0.0005    1.7     7.95    509496  0.950
  70    0.1 2.0e-05   0.999    1027.22 1.1218e-06  13.499  -2.52e+05  -13.499   0.383  0.0007    1.6     7.96    516880  0.950
  71    0.1 1.9e-05   0.999    1025.85 1.0969e-06  13.499  -2.52e+05  -13.499   0.353  0.0005    1.5     7.96    524264  0.950
  72    0.1 1.8e-05   1.000    1025.16 1.0719e-06  13.499  -2.52e+05  -13.499   0.351  0.0004    1.4     7.97    531648  0.950
  73    0.1 1.7e-05   1.000    1023.55 1.0245e-06  13.593  -2.53e+05  -13.593   0.342  0.0002    1.2     7.98    539032  0.950
  74    0.1 1.6e-05   1.000    1023.05 1.0283e-06  13.593  -2.55e+05  -13.593   0.335  0.0002    1.1     7.99    546416  0.950
  75    0.1 1.5e-05   0.999    1022.17 1.0918e-06  13.499  -2.52e+05  -13.499   0.331  0.0002    1.0     8.00    553800  0.950
  76    0.1 1.4e-05   0.999    1022.04 1.0751e-06  13.499  -2.49e+05  -13.499   0.322  0.0004    1.0     8.00    561184  0.950
  77    0.1 1.4e-05   0.999    1020.83 1.0359e-06  13.574  -2.49e+05  -13.574   0.309  0.0005    1.0     8.00    568568  0.950
  78    0.1 1.3e-05   0.999    1019.32 1.0678e-06  13.499  -2.52e+05  -13.499   0.300  0.0004    1.0     8.00    575952  0.950
  79    0.1 1.2e-05   1.000    1019.04 1.0477e-06  13.499  -2.49e+05  -13.499   0.294  0.0002    1.0     8.00    583336  0.950
  80    0.1 1.2e-05   1.000    1018.44 1.0362e-06  13.499  -2.47e+05  -13.499   0.286  0.0001    1.0     8.00    590720  0.950
  81    0.1 1.1e-05   1.000    1018.14 1.0407e-06  13.499  -2.47e+05  -13.499   0.288  0.0002    1.0     8.00    598104  0.950
  82    0.1 1.1e-05   0.999    1017.28 1.0462e-06  13.499  -2.48e+05  -13.499   0.276  0.0002    1.0     8.00    605488  0.950
  83    0.1 1.0e-05   0.999    1016.88 1.0596e-06  13.499  -2.45e+05  -13.499   0.272  0.0002    1.0     8.00    612872  0.950
  84    0.1 9.6e-06   0.999    1016.00 1.0531e-06  13.499  -2.46e+05  -13.499   0.259  0.0003    1.0     8.00    620256  0.950
  85    0.1 9.1e-06   1.000    1015.25 1.048e-06   13.499  -2.47e+05  -13.499   0.260  0.0002    1.0     8.00    627640  0.950
  86    0.1 8.6e-06   1.000    1014.43 1.0443e-06  13.499  -2.49e+05  -13.499   0.253  0.0002    1.0     8.00    635024  0.950
  87    0.1 8.2e-06   1.000    1014.19 1.0569e-06  13.499  -2.49e+05  -13.499   0.238  0.0001    1.0     8.00    642408  0.950
  88    0.1 7.8e-06   1.000    1013.71 1.0485e-06  13.499  -2.45e+05  -13.499   0.230  0.0001    1.0     8.00    649792  0.950
  89    0.1 7.4e-06   1.000    1012.86 1.0601e-06  13.499  -2.47e+05  -13.499   0.225  0.0002    1.0     8.00    657176  0.950
  90    0.1 7.0e-06   1.000    1012.29 1.0585e-06  13.499  -2.46e+05  -13.499   0.211  0.0002    1.0     8.00    664560  0.950
  91    0.1 6.7e-06   1.000    1011.35 1.0484e-06  13.499  -2.46e+05  -13.499   0.207  0.0001    1.0     8.00    671944  0.950
  92    0.1 6.4e-06   0.999    1011.11 9.9787e-07  13.593  -2.45e+05  -13.593   0.215  0.0002    1.0     8.00    679328  0.950
  93    0.1 6.0e-06   1.000    1010.83 1.0438e-06  13.499  -2.44e+05  -13.499   0.194  0.0001    1.0     8.00    686712  0.950
  94    0.1 5.7e-06   1.000    1010.39 9.932e-07   13.593  -2.44e+05  -13.593   0.192  0.0001    1.0     8.00    694096  0.950
  95    0.1 5.4e-06   1.000    1010.01 1.0445e-06  13.499  -2.47e+05  -13.499   0.191  0.0001    1.0     8.00    701480  0.950
  96    0.1 5.2e-06   1.000    1009.36 1.0468e-06  13.499  -2.45e+05  -13.499   0.182  0.0001    1.0     8.00    708864  0.950
  97    0.1 4.9e-06   1.000    1009.29 1.0421e-06  13.499  -2.44e+05  -13.499   0.168  0.0002    1.0     8.00    716248  0.950
  98    0.1 4.7e-06   1.000    1009.12 1.0478e-06  13.499  -2.44e+05  -13.499   0.173  0.0001    1.0     8.00    723632  0.950
  99    0.1 4.4e-06   1.000    1008.84 1.0524e-06  13.499  -2.45e+05  -13.499   0.171  0.0001    1.0     8.00    731016  0.950
 100    0.1 4.2e-06   1.000    1008.67 1.0434e-06  13.499  -2.44e+05  -13.499   0.158  0.0002    1.0     8.00    738400  0.950
 101    0.1 4.0e-06   1.000    1008.07 1.0493e-06  13.499  -2.44e+05  -13.499   0.148  0.0001    1.0     8.00    745784  0.950
Agent's 2nd state: 
 102    0.1 3.2e-06   1.000    1007.75 1.0421e-06  13.499  -2.44e+05  -13.499   0.134  0.0001    1.0     8.00    753168  0.800
Checkpoint saved: bb_costs=1007.52, TD costs=1.0436e-06, CPD= 13.499 (ns) 
 103    0.1 2.6e-06   1.000    1008.47 1.0416e-06  13.499  -2.43e+05  -13.499   0.095  0.0003    1.0     8.00    760552  0.800
 104    0.2 2.1e-06   1.000    1008.48 1.2921e-06  13.061  -2.43e+05  -13.061   0.082  0.0003    1.0     8.00    767936  0.800
 105    0.1 1.6e-06   1.000    1008.93 1.2605e-06  13.061  -2.44e+05  -13.061   0.063  0.0001    1.0     8.00    775320  0.800
 106    0.1 1.3e-06   1.000    1008.98 1.3647e-06  12.853  -2.43e+05  -12.853   0.063  0.0001    1.0     8.00    782704  0.800
 107    0.1 1.0e-06   1.000    1009.45 1.3623e-06  12.853  -2.43e+05  -12.853   0.054  0.0001    1.0     8.00    790088  0.800
 108    0.1 8.4e-07   1.000    1009.41 1.3372e-06  12.853  -2.43e+05  -12.853   0.056  0.0000    1.0     8.00    797472  0.800
 109    0.1 6.7e-07   1.000    1009.27 1.342e-06   12.853  -2.43e+05  -12.853   0.048  0.0001    1.0     8.00    804856  0.800
 110    0.1 5.4e-07   1.000    1009.20 1.3378e-06  12.853  -2.43e+05  -12.853   0.048  0.0001    1.0     8.00    812240  0.800
 111    0.1 4.3e-07   1.000    1009.15 1.3416e-06  12.853  -2.43e+05  -12.853   0.042  0.0000    1.0     8.00    819624  0.800
 112    0.1 3.4e-07   1.000    1009.13 1.3422e-06  12.853  -2.43e+05  -12.853   0.037  0.0000    1.0     8.00    827008  0.800
 113    0.1 0.0e+00   1.000    1009.15 1.3369e-06  12.853  -2.43e+05  -12.853   0.018  0.0000    1.0     8.00    834392  0.800
## Placement Quench took 0.11 seconds (max_rss 1253.5 MiB)
post-quench CPD = 12.8533 (ns) 

Completed placement consistency check successfully.

Swaps called: 835732

Aborted Move Reasons:
  No moves aborted

BB estimate of min-dist (placement) wire length: 302716

Placement estimated critical path delay (least slack): 12.8533 ns, Fmax: 77.8013 MHz
Placement estimated setup Worst Negative Slack (sWNS): -12.8533 ns
Placement estimated setup Total Negative Slack (sTNS): -242247 ns

Placement estimated setup slack histogram:
[ -1.3e-08: -1.2e-08)   640 (  0.9%) |*
[ -1.2e-08:   -1e-08)   368 (  0.5%) |
[   -1e-08:   -9e-09)     8 (  0.0%) |
[   -9e-09: -7.7e-09)    24 (  0.0%) |
[ -7.7e-09: -6.4e-09)  4766 (  7.0%) |******
[ -6.4e-09: -5.2e-09)  6492 (  9.6%) |*********
[ -5.2e-09: -3.9e-09)  6131 (  9.1%) |********
[ -3.9e-09: -2.6e-09) 33546 ( 49.6%) |*********************************************
[ -2.6e-09: -1.3e-09)  8283 ( 12.2%) |***********
[ -1.3e-09: -1.9e-11)  7368 ( 10.9%) |**********

Placement estimated geomean non-virtual intra-domain period: 12.8533 ns (77.8013 MHz)
Placement estimated fanout-weighted geomean non-virtual intra-domain period: 12.8533 ns (77.8013 MHz)

Placement cost: 0.999874, bb_cost: 1009.1, td_cost: 1.34057e-06, 

Placement resource usage:
  io      implemented as io     : 53
  clb     implemented as clb    : 1049
  wc      implemented as wc     : 17
  dsp_top implemented as dsp_top: 1
  memory  implemented as memory : 220

Placement number of temperatures: 113
Placement total # of swap attempts: 835732
	Swaps accepted: 286657 (34.3 %)
	Swaps rejected: 538267 (64.4 %)
	Swaps aborted:  10808 ( 1.3 %)


Placement perturbation distribution by block and move type: 
------------------ ----------------- ---------------- ---------------- --------------- ------------ 
    Block Type         Move Type       (%) of Total      Accepted(%)     Rejected(%)    Aborted(%)
------------------ ----------------- ---------------- ---------------- --------------- ------------ 
io                 Uniform                0.95             67.51           32.49          0.00         
                   Median                 0.95             50.93           27.71          21.36        
                   Centroid               0.95             70.44           29.47          0.09         
                   W. Centroid            0.94             70.39           29.51          0.10         
                   W. Median              0.05             14.03           66.37          19.60        

clb                Uniform                18.66            16.42           83.58          0.00         
                   Median                 18.80            50.83           48.44          0.73         
                   Centroid               18.75            47.64           51.49          0.87         
                   W. Centroid            18.84            47.61           51.82          0.58         
                   W. Median              1.09             9.63            88.55          1.82         
                   Crit. Uniform          1.00             0.08            99.92          0.00         
                   Feasible Region        0.98             0.12            99.88          0.00         

wc                 Uniform                0.30             4.26            95.74          0.00         
                   Median                 0.31             4.85            73.35          21.81        
                   Centroid               0.30             4.85            88.77          6.38         
                   W. Centroid            0.31             5.27            84.51          10.22        
                   W. Median              0.02             0.65            57.79          41.56        

dsp_top            Uniform                0.02             8.27            91.73          0.00         
                   Median                 0.02             22.00           78.00          0.00         
                   Centroid               0.02             17.52           82.48          0.00         
                   W. Centroid            0.02             17.42           82.58          0.00         
                   W. Median              0.00             0.00            100.00         0.00         

memory             Uniform                3.94             4.87            95.13          0.00         
                   Median                 3.93             9.04            83.33          7.63         
                   Centroid               3.90             7.15            92.75          0.10         
                   W. Centroid            3.93             7.74            87.50          4.76         
                   W. Median              0.23             1.41            83.62          14.97        
                   Crit. Uniform          0.39             0.06            99.94          0.00         
                   Feasible Region        0.41             0.00            99.94          0.06         


Placement Quench timing analysis took 0.0453583 seconds (0.0396873 STA, 0.00567094 slack) (1 full updates: 1 setup, 0 hold, 0 combined).
Placement Total  timing analysis took 6.06638 seconds (4.91476 STA, 1.15162 slack) (115 full updates: 115 setup, 0 hold, 0 combined).
update_td_costs: connections 0 nets 0 sum_nets 0 total 0
# Placement took 13.83 seconds (max_rss 1253.5 MiB, delta_rss +0.0 MiB)

# Routing
RR graph channel widths unchanged, skipping RR graph rebuild
## Initializing router criticalities
Initial Net Connection Criticality Histogram:
[        0:      0.1) 2730 (  6.6%) |*************
[      0.1:      0.2) 6600 ( 16.0%) |********************************
[      0.2:      0.3) 5411 ( 13.2%) |**************************
[      0.3:      0.4) 6804 ( 16.5%) |*********************************
[      0.4:      0.5) 9414 ( 22.9%) |**********************************************
[      0.5:      0.6) 1346 (  3.3%) |*******
[      0.6:      0.7) 1282 (  3.1%) |******
[      0.7:      0.8) 3108 (  7.6%) |***************
[      0.8:      0.9) 3380 (  8.2%) |*****************
[      0.9:        1) 1072 (  2.6%) |*****
## Initializing router criticalities took 0.47 seconds (max_rss 1253.5 MiB, delta_rss +0.0 MiB)
---- ------ ------- ---- ------- ------- ------- ----------------- --------------- -------- ---------- ---------- ---------- ---------- --------
Iter   Time    pres  BBs    Heap  Re-Rtd  Re-Rtd Overused RR Nodes      Wirelength      CPD       sTNS       sWNS       hTNS       hWNS Est Succ
      (sec)     fac Updt    push    Nets   Conns                                       (ns)       (ns)       (ns)       (ns)       (ns)     Iter
---- ------ ------- ---- ------- ------- ------- ----------------- --------------- -------- ---------- ---------- ---------- ---------- --------
   1    1.3     0.0    0 6528160   16945   39394   17440 ( 0.708%)  448537 ( 8.4%)   12.476 -3.080e+05    -12.476    -0.3215     -0.019      N/A
Incr Slack updates 115 in 0.221963 sec
Full Max Req/Worst Slack updates 52 in 0.0480715 sec
Incr Max Req/Worst Slack updates 63 in 0.0796117 sec
Incr Criticality updates 41 in 0.111194 sec
Full Criticality updates 74 in 0.598552 sec
   2    1.1     0.5    0 5791940   11317   31050    7994 ( 0.324%)  445369 ( 8.3%)   12.476 -2.958e+05    -12.476    -0.3215     -0.019      N/A
   3    0.6     0.6    0 3491801    7610   21611    5455 ( 0.221%)  447217 ( 8.3%)   12.476 -2.970e+05    -12.476    -0.3215     -0.019      N/A
   4    0.4     0.8    0 2154306    5831   16568    4022 ( 0.163%)  448201 ( 8.4%)   12.476 -2.976e+05    -12.476    -0.3215     -0.019      N/A
   5    0.3     1.1    0 1499073    4616   13512    3016 ( 0.122%)  449702 ( 8.4%)   12.476 -2.994e+05    -12.476    -0.3215     -0.019      N/A
   6    0.3     1.4    0 1105389    3625   11420    2236 ( 0.091%)  450921 ( 8.4%)   12.476 -2.996e+05    -12.476    -0.3215     -0.019      N/A
   7    0.2     1.9    0  858477    2899    9637    1770 ( 0.072%)  451928 ( 8.4%)   12.476 -3.012e+05    -12.476    -0.3215     -0.019      N/A
   8    0.2     2.4    0  744749    2251    8234    1223 ( 0.050%)  452745 ( 8.4%)   12.476 -3.013e+05    -12.476    -0.3215     -0.019      N/A
   9    0.2     3.1    0  530059    1655    6582     840 ( 0.034%)  453544 ( 8.5%)   12.476 -3.014e+05    -12.476    -0.3215     -0.019      N/A
  10    0.2     4.1    0  380152    1172    4782     552 ( 0.022%)  454453 ( 8.5%)   12.476 -3.015e+05    -12.476    -0.3215     -0.019       30
  11    0.2     5.3    0  261323     764    3171     326 ( 0.013%)  455140 ( 8.5%)   12.476 -3.015e+05    -12.476    -0.3215     -0.019       28
  12    0.1     6.9    0  157916     478    1952     177 ( 0.007%)  455554 ( 8.5%)   12.476 -3.015e+05    -12.476    -0.3215     -0.019       26
  13    0.1     9.0    0   89936     260     953      91 ( 0.004%)  455897 ( 8.5%)   12.476 -3.015e+05    -12.476    -0.3215     -0.019       24
  14    0.1    11.6    0   41619     141     440      49 ( 0.002%)  456072 ( 8.5%)   12.476 -3.015e+05    -12.476    -0.3215     -0.019       23
  15    0.1    15.1    0   19814      66     209      19 ( 0.001%)  456232 ( 8.5%)   12.476 -3.015e+05    -12.476    -0.3215     -0.019       21
  16    0.1    19.7    0    9543      31      97       6 ( 0.000%)  456224 ( 8.5%)   12.476 -3.015e+05    -12.476    -0.3215     -0.019       21
  17    0.1    25.6    0    2600       7      25       3 ( 0.000%)  456232 ( 8.5%)   12.476 -3.015e+05    -12.476    -0.3215     -0.019       19
  18    0.1    33.3    0    2025       6      16       1 ( 0.000%)  456261 ( 8.5%)   12.476 -3.015e+05    -12.476    -0.3215     -0.019       19
  19    0.1    43.3    0     412       1       3       1 ( 0.000%)  456261 ( 8.5%)   12.476 -3.015e+05    -12.476    -0.3215     -0.019       18
  20    0.1    56.2    0     633       1       5       0 ( 0.000%)  456273 ( 8.5%)   12.476 -3.015e+05    -12.476    -0.3215     -0.019       19
Restoring best routing
Critical path: 12.4761 ns
Successfully routed after 20 routing iterations.
Final Net Connection Criticality Histogram:
[        0:      0.1) 2298 (  5.6%) |*************
[      0.1:      0.2) 3352 (  8.1%) |*******************
[      0.2:      0.3) 5785 ( 14.1%) |********************************
[      0.3:      0.4) 5479 ( 13.3%) |******************************
[      0.4:      0.5) 8299 ( 20.2%) |**********************************************
[      0.5:      0.6) 6244 ( 15.2%) |***********************************
[      0.6:      0.7) 1834 (  4.5%) |**********
[      0.7:      0.8) 3028 (  7.4%) |*****************
[      0.8:      0.9) 3598 (  8.7%) |********************
[      0.9:        1) 1230 (  3.0%) |*******
Router Stats: total_nets_routed: 59676 total_connections_routed: 169661 total_heap_pushes: 23669927 total_heap_pops: 5191073 
Serial Connection Router is being destroyed. Time spent on path search: 3.204 seconds.
# Routing took 7.03 seconds (max_rss 1253.5 MiB, delta_rss +0.0 MiB)

Checking to ensure routing is legal...
# Checking to ensure non-configurable edges are legal
# Checking to ensure non-configurable edges are legal took 0.14 seconds (max_rss 1253.5 MiB, delta_rss +0.0 MiB)
Completed routing consistency check successfully.

Serial number (magic cookie) for the routing is: 111211714
Circuit successfully routed with a channel width factor of 300.
# Synchronize the packed netlist to routing optimization
## Annotating rr_node with routed nets
## Annotating rr_node with routed nets took 0.01 seconds (max_rss 1253.5 MiB, delta_rss +0.0 MiB)
Found 42495 mismatches between routing and packing results.
Fixed 29158 routing traces due to mismatch between routing and packing results.
# Synchronize the packed netlist to routing optimization took 0.23 seconds (max_rss 1253.5 MiB, delta_rss +0.0 MiB)
Final Clustering Statistics: 
----------   --------   ------------------------------------   --------------------------
Block Type   # Blocks   Avg. # of input clocks and pins used   Avg. # of output pins used
----------   --------   ------------------------------------   --------------------------
     EMPTY          0                                      0                            0   
        io         53                               0.169811                     0.830189   
       clb       1049                                30.2355                      8.99142   
        wc         17                                     49                      40.1176   
   dsp_top          1                                     12                            7   
    memory        220                                38.9818                      30.8364   
Absorbed logical nets 16584 out of 33533 nets, 16949 nets not absorbed.


Average number of bends per net: 2.18477  Maximum # of bends: 152

Number of global nets: 4
Number of routed nets (nonglobal): 16945
Wire length results (in units of 1 clb segments)...
	Total wirelength: 456273, average net length: 26.9267
	Maximum net length: 1376

Wire length results in terms of physical segments...
	Total wiring segments used: 95911, average wire segments per net: 5.66014
	Maximum segments used by a net: 305
	Total local nets with reserved CLB opins: 0
Total number of nets absorbed: 0

Routing channel utilization histogram:
[        1:      inf)     0 (  0.0%) |
[      0.9:        1)     0 (  0.0%) |
[      0.8:      0.9)     0 (  0.0%) |
[      0.7:      0.8)     2 (  0.0%) |
[      0.5:      0.6)    32 (  0.2%) |
[      0.4:      0.5)   130 (  0.7%) |
[      0.3:      0.4)   637 (  3.5%) |**
[      0.2:      0.3)  1668 (  9.2%) |******
[      0.1:      0.2)  3362 ( 18.6%) |************
[        0:      0.1) 12219 ( 67.7%) |*********************************************
Maximum routing channel utilization:      0.61 at (33,35)

X - Directed channels: layer   y   max occ   ave occ   ave cap
                        ----- ---- -------- -------- --------
                            0    0        9    0.979      300
                            0    1        0    0.000      300
                            0    2        5    0.213      300
                            0    3        6    0.426      300
                            0    4       16    0.766      300
                            0    5       29    2.298      300
                            0    6       30    2.340      300
                            0    7       41    4.043      300
                            0    8       49    5.404      300
                            0    9       54    8.979      300
                            0   10       44    8.043      300
                            0   11       61   10.383      300
                            0   12       59    9.957      300
                            0   13       52    9.234      300
                            0   14       53   11.181      300
                            0   15       64   12.851      300
                            0   16       76   14.851      300
                            0   17       62   17.670      300
                            0   18       70   20.426      300
                            0   19       73   25.064      300
                            0   20       78   21.691      300
                            0   21       73   19.532      300
                            0   22       73   21.915      300
                            0   23       67   21.266      300
                            0   24       64   22.543      300
                            0   25       76   22.532      300
                            0   26       79   28.362      300
                            0   27       87   30.904      300
                            0   28       98   33.426      300
                            0   29      123   41.702      300
                            0   30      142   44.904      300
                            0   31      147   47.585      300
                            0   32      154   51.223      300
                            0   33      159   54.319      300
                            0   34      157   55.245      300
                            0   35      145   51.585      300
                            0   36      150   52.543      300
                            0   37      151   46.872      300
                            0   38      126   42.266      300
                            0   39      121   40.723      300
                            0   40      110   45.245      300
                            0   41       92   34.840      300
                            0   42       85   34.979      300
                            0   43       88   35.032      300
                            0   44       89   37.670      300
                            0   45       93   42.489      300
                            0   46       97   45.840      300
                            0   47      103   41.277      300
                            0   48      103   48.979      300
                            0   49       99   46.532      300
                            0   50      109   45.787      300
                            0   51       96   45.585      300
                            0   52       89   40.564      300
                            0   53      100   42.936      300
                            0   54      128   55.064      300
                            0   55      117   52.574      300
                            0   56       97   50.128      300
                            0   57       99   48.989      300
                            0   58      112   51.766      300
                            0   59       99   46.787      300
                            0   60      106   53.606      300
                            0   61      106   50.043      300
                            0   62      110   43.840      300
                            0   63      119   46.085      300
                            0   64      106   43.915      300
                            0   65      100   40.968      300
                            0   66       94   41.755      300
                            0   67       94   40.074      300
                            0   68       71   30.723      300
                            0   69       83   24.596      300
                            0   70       89   30.128      300
                            0   71       85   32.596      300
                            0   72       96   36.894      300
                            0   73       96   34.894      300
                            0   74       89   34.096      300
                            0   75      106   37.117      300
                            0   76      101   28.596      300
                            0   77       84   23.862      300
                            0   78       76   21.766      300
                            0   79       68   19.606      300
                            0   80       67   22.064      300
                            0   81       58   13.298      300
                            0   82       50    8.096      300
                            0   83       41    6.351      300
                            0   84       33    6.404      300
                            0   85       14    2.670      300
                            0   86       10    1.723      300
                            0   87       10    1.500      300
                            0   88        6    0.851      300
                            0   89        1    0.085      300
                            0   90        2    0.468      300
                            0   91        2    0.681      300
                            0   92        1    0.170      300
                            0   93        0    0.000      300
                            0   94       16    1.787      300
Y - Directed channels: layer   x   max occ   ave occ   ave cap
                        ----- ---- -------- -------- --------
                            0    0       57   18.511      300
                            0    1       96   29.447      300
                            0    2      115   27.660      300
                            0    3       82    9.617      300
                            0    4       67   10.468      300
                            0    5       18    5.319      300
                            0    6        7    1.617      300
                            0    7        4    0.681      300
                            0    8        3    0.894      300
                            0    9        9    1.532      300
                            0   10        3    0.851      300
                            0   11        1    0.128      300
                            0   12        9    1.660      300
                            0   13       23    4.085      300
                            0   14       29   11.394      300
                            0   15       45   14.085      300
                            0   16       66   23.787      300
                            0   17      118   65.319      300
                            0   18      124   66.809      300
                            0   19       91   35.064      300
                            0   20       88   28.936      300
                            0   21       61   21.872      300
                            0   22       38   13.872      300
                            0   23       31    9.617      300
                            0   24       29    7.957      300
                            0   25       36    7.702      300
                            0   26       27    4.170      300
                            0   27        7    1.617      300
                            0   28       13    4.798      300
                            0   29       54   15.128      300
                            0   30      111   29.979      300
                            0   31      130   38.362      300
                            0   32      140   46.287      300
                            0   33      182   86.798      300
                            0   34      172   86.447      300
                            0   35      156   63.213      300
                            0   36      162   55.574      300
                            0   37      115   41.745      300
                            0   38       92   27.404      300
                            0   39      105   25.957      300
                            0   40       62   16.681      300
                            0   41       40   10.340      300
                            0   42       53   14.213      300
                            0   43       52   13.872      300
                            0   44       66   15.745      300
                            0   45       58   18.681      300
                            0   46       69   29.096      300
                            0   47       79   34.872      300
                            0   48       96   41.649      300
                            0   49      117   77.447      300
                            0   50      129   76.043      300
                            0   51       94   48.979      300
                            0   52      104   43.957      300
                            0   53       71   31.404      300
                            0   54       55   17.234      300
                            0   55       76   23.277      300
                            0   56       52   16.681      300
                            0   57       41   11.362      300
                            0   58       46   13.085      300
                            0   59       51   14.191      300
                            0   60       45    9.947      300
                            0   61       51   13.819      300
                            0   62       87   30.447      300
                            0   63       92   28.553      300
                            0   64      100   30.170      300
                            0   65      145   67.191      300
                            0   66      137   62.809      300
                            0   67       96   33.723      300
                            0   68       72   22.840      300
                            0   69       56   17.702      300
                            0   70       50   13.362      300
                            0   71       68   15.362      300
                            0   72       89   20.766      300
                            0   73       98   26.043      300
                            0   74      119   44.553      300
                            0   75       81   32.809      300
                            0   76        3    1.064      300
                            0   77       16    6.128      300
                            0   78       18    6.255      300
                            0   79       14    5.404      300
                            0   80       97   39.617      300
                            0   81      135   59.957      300
                            0   82      127   54.043      300
                            0   83       92   30.851      300
                            0   84       68   23.234      300
                            0   85       38   12.426      300
                            0   86       31    7.957      300
                            0   87       18    4.936      300
                            0   88       19    4.043      300
                            0   89       21    4.383      300
                            0   90        3    0.936      300
                            0   91       12    3.957      300
                            0   92       10    3.830      300
                            0   93       11    3.915      300
                            0   94       13    5.149      300

Total existing wires segments: CHANX 243518, CHANY 212755, ALL 456273
Total used wires segments:     CHANX 243518, CHANY 212755, ALL 456273
Usage percentage:               CHANX 0%, CHANY -1%, ALL 1609680548%

Logic area (in minimum width transistor areas, excludes I/Os and empty grid tiles)...
	Total logic block area (Warning, need to add pitch of routing to blocks with height > 3): 3.23551e+08
	Total used logic block area: 1.05282e+08

Routing area (in minimum width transistor areas)...
	Total routing area: 1.88780e+08, per logic tile: 20484.0

Total Number of Wiring Segments by Direction: direction length number
                                              --------- ------ -------
                                                      X      4 598974
                                                      Y      4 598974
                                                      X     16  25886
                                                      Y     16  25886

X - Directed Wiring Segment usage by length: length utilization
                                             ------ -----------
                                             4      0.0779
                                            16        0.14

Y - Directed Wiring Segment usage by length: length utilization
                                             ------ -----------
                                             4      0.0719
                                            16      0.0978

Segment occupancy by length: Length Occupancy Capacity Utilization
                             ------ --------- -------- -----------
                             L4         89750  1197948      0.0749
                             L16         6161    51772       0.119

Segment occupancy by type: name type utilization
                           ---- ---- -----------
                             L4    0      0.0749
                            L16    1       0.119

Final hold Worst Negative Slack (hWNS): -0.01891 ns
Final hold Total Negative Slack (hTNS): -0.32147 ns

Final hold slack histogram:
[ -1.9e-11:  6.3e-10)  3900 (  5.8%) |***********
[  6.3e-10:  1.3e-09)  7584 ( 11.2%) |**********************
[  1.3e-09:  1.9e-09)  5588 (  8.3%) |****************
[  1.9e-09:  2.6e-09) 15299 ( 22.6%) |********************************************
[  2.6e-09:  3.2e-09) 15588 ( 23.1%) |*********************************************
[  3.2e-09:  3.9e-09) 11935 ( 17.6%) |**********************************
[  3.9e-09:  4.5e-09)  5197 (  7.7%) |***************
[  4.5e-09:  5.2e-09)  2119 (  3.1%) |******
[  5.2e-09:  5.8e-09)   393 (  0.6%) |*
[  5.8e-09:  6.5e-09)    23 (  0.0%) |

Final critical path delay (least slack): 12.4761 ns, Fmax: 80.1533 MHz
Final setup Worst Negative Slack (sWNS): -12.4761 ns
Final setup Total Negative Slack (sTNS): -301507 ns

Final setup slack histogram:
[ -1.2e-08: -1.1e-08)   376 (  0.6%) |*
[ -1.1e-08:   -1e-08)   619 (  0.9%) |*
[   -1e-08: -8.7e-09)    42 (  0.1%) |
[ -8.7e-09: -7.5e-09)  2487 (  3.7%) |*****
[ -7.5e-09: -6.2e-09)  6329 (  9.4%) |***********
[ -6.2e-09:   -5e-09) 13896 ( 20.5%) |*************************
[   -5e-09: -3.8e-09) 24813 ( 36.7%) |*********************************************
[ -3.8e-09: -2.5e-09)  9105 ( 13.5%) |*****************
[ -2.5e-09: -1.3e-09)  3008 (  4.4%) |*****
[ -1.3e-09: -1.9e-11)  6951 ( 10.3%) |*************

Final geomean non-virtual intra-domain period: 12.4761 ns (80.1533 MHz)
Final fanout-weighted geomean non-virtual intra-domain period: 12.4761 ns (80.1533 MHz)

Incr Slack updates 1 in 0.00204274 sec
Full Max Req/Worst Slack updates 1 in 0.000946701 sec
Incr Max Req/Worst Slack updates 0 in 0 sec
Incr Criticality updates 0 in 0 sec
Full Criticality updates 1 in 0.00654709 sec
Flow timing analysis took 8.76688 seconds (7.33333 STA, 1.43355 slack) (138 full updates: 116 setup, 0 hold, 22 combined).
VPR succeeded
The entire flow of VPR took 74.87 seconds (max_rss 1253.5 MiB)
Incr Slack updates 21 in 0.0364218 sec
Full Max Req/Worst Slack updates 2 in 0.00191039 sec
Incr Max Req/Worst Slack updates 19 in 0.0244911 sec
Incr Criticality updates 19 in 0.0462853 sec
Full Criticality updates 2 in 0.0184597 sec
