VPR FPGA Placement and Routing.
Version: 9.0.0-dev+v8.0.0-14979-gdefb4b454
Revision: v8.0.0-14979-gdefb4b454
Compiled: 2026-01-23T19:48:56
Compiler: GNU 13.3.0 on Linux-6.14.0-36-generic x86_64
Build Info: release IPO VTR_ASSERT_LEVEL=2

University of Toronto
verilogtorouting.org
vtr-users@googlegroups.com
This is free open source code under MIT license.

VPR was run with the following command-line:
/mnt/vault0/jiajunh5/vtr-verilog-to-routing/vpr/vpr al_like_auto.xml softmax_P2_s128 --circuit_file softmax_P2_s128.pre-vpr.blif --route_chan_width 300 --pack_high_fanout_threshold memory:100000 --seed 2

Using up to 1 parallel worker(s)

Architecture file: al_like_auto.xml
Circuit name: softmax_P2_s128

# Loading Architecture Description
# Loading Architecture Description took 0.01 seconds (max_rss 19.0 MiB, delta_rss +2.7 MiB)

Timing analysis: ON
Circuit netlist file: softmax_P2_s128.net
Circuit placement file: softmax_P2_s128.place
Circuit routing file: softmax_P2_s128.route
Circuit SDC file: softmax_P2_s128.sdc
Vpr floorplanning constraints file: not specified

Packer: ENABLED
Placer: ENABLED
Analytical Placer: DISABLED
Router: ENABLED
Analysis: SKIP IF PRIOR FAIL

VPR was run with the following options:

NetlistOpts.absorb_buffer_luts            : true
NetlistOpts.sweep_dangling_primary_ios    : true
NetlistOpts.sweep_dangling_nets           : true
NetlistOpts.sweep_dangling_blocks         : true
NetlistOpts.sweep_constant_primary_outputs: false
NetlistOpts.netlist_verbosity             : 1
NetlistOpts.const_gen_inference           : COMB_SEQ

PackerOpts.allow_unrelated_clustering: auto
PackerOpts.timing_gain_weight: 0.750000
PackerOpts.connection_gain_weight: 0.900000
PackerOpts.cluster_seed_type: BLEND2
PackerOpts.connection_driven: true
PackerOpts.timing_driven: true
PackerOpts.target_external_pin_util: auto

PlacerOpts.place_freq: PLACE_ONCE
PlacerOpts.place_algorithm: CRITICALITY_TIMING_PLACE
PlacerOpts.pad_loc_type: FREE
PlacerOpts.constraints_file: No constraints file given
PlacerOpts.place_chan_width: 300
PlacerOpts.inner_loop_recompute_divider: 0
PlacerOpts.recompute_crit_iter: 1
PlacerOpts.timing_tradeoff: 0.500000
PlacerOpts.td_place_exp_first: 1.000000
PlacerOpts.td_place_exp_last: 8.000000
PlacerOpts.delay_offset: 0.000000
PlacerOpts.delay_ramp_delta_threshold: -1
PlacerOpts.delay_ramp_slope: 0.000000
PlacerOpts.tsu_rel_margin: 1.000000
PlacerOpts.tsu_abs_margin: 0.000000
PlacerOpts.post_place_timing_report_file: 
PlacerOpts.allowed_tiles_for_delay_model: 
PlacerOpts.delay_model_reducer: MIN
PlacerOpts.delay_model_type: SIMPLE
PlacerOpts.rlim_escape_fraction: 0.000000
PlacerOpts.move_stats_file: 
PlacerOpts.placement_saves_per_temperature: 0
PlacerOpts.effort_scaling: CIRCUIT
PlacerOpts.place_delta_delay_matrix_calculation_method: ASTAR_ROUTE
PlaceOpts.seed: 2
AnnealSched.type: AUTO_SCHED
AnnealSched.inner_num: 0.500000

RouterOpts.route_type: DETAILED
RouterOpts.flat_routing: false
RouterOpts.choke_points: on
RouterOpts.router_algorithm: TIMING_DRIVEN
RouterOpts.base_cost_type: DELAY_NORMALIZED_LENGTH
RouterOpts.fixed_channel_width: 300
RouterOpts.check_route: FULL
RouterOpts.acc_fac: 1.000000
RouterOpts.bb_factor: 3
RouterOpts.bend_cost: 0.000000
RouterOpts.first_iter_pres_fac: 0.000000
RouterOpts.initial_pres_fac: 0.500000
RouterOpts.pres_fac_mult: 1.300000
RouterOpts.max_pres_fac: 1000.000000
RouterOpts.max_router_iterations: 50
RouterOpts.min_incremental_reroute_fanout: 16
RouterOpts.initial_acc_cost_chan_congestion_threshold: 0.500000
RouterOpts.initial_acc_cost_chan_congestion_weight: 0.500000
RouterOpts.do_check_rr_graph: true
RouterOpts.verify_binary_search: false
RouterOpts.min_channel_width_hint: 0
RouterOpts.read_rr_edge_metadata: false
RouterOpts.exit_after_first_routing_iteration: false
RouterOpts.astar_fac: 1.200000
RouterOpts.astar_offset: 0.000000
RouterOpts.router_profiler_astar_fac: 1.200000
RouterOpts.enable_parallel_connection_router: false
RouterOpts.post_target_prune_fac: 1.200000
RouterOpts.post_target_prune_offset: 0
RouterOpts.multi_queue_num_threads: 1
RouterOpts.multi_queue_num_queues: 2
RouterOpts.multi_queue_direct_draining: false
RouterOpts.criticality_exp: 1.000000
RouterOpts.max_criticality: 0.990000
RouterOpts.init_wirelength_abort_threshold: 0.850000
RouterOpts.incr_reroute_delay_ripup: AUTO
RouterOpts.save_routing_per_iteration: false
RouterOpts.congested_routing_iteration_threshold_frac: 1.000000
RouterOpts.high_fanout_threshold: 64
RouterOpts.router_debug_net: -2
RouterOpts.router_debug_sink_rr: -2
RouterOpts.router_debug_iteration: -2
RouterOpts.max_convergence_count: 1
RouterOpts.reconvergence_cpd_threshold: 0.990000
RouterOpts.update_lower_bound_delays: true
RouterOpts.first_iteration_timing_report_file: 
RouterOpts.route_bb_update: DYNAMIC
RouterOpts.lookahead_type: MAP
RouterOpts.initial_timing: LOOKAHEAD
RouterOpts.router_heap: FOUR_ARY_HEAP
RouterOpts.routing_failure_predictor = SAFE
RouterOpts.routing_budgets_algorithm = DISABLE

AnalysisOpts.gen_post_synthesis_netlist: false
AnalysisOpts.gen_post_implementation_merged_netlist: false
AnalysisOpts.gen_post_implementation_sdc: false
AnalysisOpts.timing_report_npaths: 100
AnalysisOpts.timing_report_skew: false
AnalysisOpts.echo_dot_timing_graph_node: -1
AnalysisOpts.timing_report_detail: NETLIST
AnalysisOpts.post_synth_netlist_unconn_input_handling: UNCONNECTED
AnalysisOpts.post_synth_netlist_unconn_output_handling: UNCONNECTED
AnalysisOpts.post_synth_netlist_module_parameters: on

# Building complex block graph
Warning 1: io[0].clock[0] unconnected pin in architecture.
Warning 2: dsp_top[0].dsp_I2[44] unconnected pin in architecture.
Warning 3: dsp_top[0].dsp_I2[45] unconnected pin in architecture.
Warning 4: dsp_top[0].dsp_I2[46] unconnected pin in architecture.
Warning 5: dsp_top[0].dsp_I2[47] unconnected pin in architecture.
Warning 6: dsp_top[0].dsp_I2[48] unconnected pin in architecture.
Warning 7: dsp_top[0].dsp_I2[49] unconnected pin in architecture.
Warning 8: dsp_top[0].dsp_I2[50] unconnected pin in architecture.
Warning 9: dsp_top[0].dsp_I2[51] unconnected pin in architecture.
Warning 10: dsp_top[0].dsp_I2[52] unconnected pin in architecture.
Warning 11: dsp_top[0].dsp_I2[53] unconnected pin in architecture.
Warning 12: dsp_top[0].dsp_I2[54] unconnected pin in architecture.
Warning 13: dsp_top[0].dsp_I2[55] unconnected pin in architecture.
Warning 14: dsp_top[0].dsp_I2[56] unconnected pin in architecture.
Warning 15: dsp_top[0].dsp_I2[57] unconnected pin in architecture.
Warning 16: dsp_top[0].dsp_I2[58] unconnected pin in architecture.
Warning 17: dsp_top[0].dsp_I2[59] unconnected pin in architecture.
Warning 18: dsp_top[0].dsp_I2[60] unconnected pin in architecture.
Warning 19: dsp_top[0].dsp_I2[61] unconnected pin in architecture.
Warning 20: dsp_top[0].dsp_I2[62] unconnected pin in architecture.
Warning 21: dsp_top[0].dsp_I2[63] unconnected pin in architecture.
Warning 22: dsp[0].dsp_I2[44] unconnected pin in architecture.
Warning 23: dsp[0].dsp_I2[45] unconnected pin in architecture.
Warning 24: dsp[0].dsp_I2[46] unconnected pin in architecture.
Warning 25: dsp[0].dsp_I2[47] unconnected pin in architecture.
Warning 26: dsp[0].dsp_I2[48] unconnected pin in architecture.
Warning 27: dsp[0].dsp_I2[49] unconnected pin in architecture.
Warning 28: dsp[0].dsp_I2[50] unconnected pin in architecture.
Warning 29: dsp[0].dsp_I2[51] unconnected pin in architecture.
Warning 30: dsp[0].dsp_I2[52] unconnected pin in architecture.
Warning 31: dsp[0].dsp_I2[53] unconnected pin in architecture.
Warning 32: dsp[0].dsp_I2[54] unconnected pin in architecture.
Warning 33: dsp[0].dsp_I2[55] unconnected pin in architecture.
Warning 34: dsp[0].dsp_I2[56] unconnected pin in architecture.
Warning 35: dsp[0].dsp_I2[57] unconnected pin in architecture.
Warning 36: dsp[0].dsp_I2[58] unconnected pin in architecture.
Warning 37: dsp[0].dsp_I2[59] unconnected pin in architecture.
Warning 38: dsp[0].dsp_I2[60] unconnected pin in architecture.
Warning 39: dsp[0].dsp_I2[61] unconnected pin in architecture.
Warning 40: dsp[0].dsp_I2[62] unconnected pin in architecture.
Warning 41: dsp[0].dsp_I2[63] unconnected pin in architecture.
Warning 42: dsp_pb[0].datain[96] unconnected pin in architecture.
Warning 43: dsp_pb[0].datain[97] unconnected pin in architecture.
Warning 44: dsp_pb[0].datain[98] unconnected pin in architecture.
Warning 45: dsp_pb[0].datain[99] unconnected pin in architecture.
Warning 46: dsp_pb[0].datain[100] unconnected pin in architecture.
Warning 47: dsp_pb[0].datain[101] unconnected pin in architecture.
Warning 48: dsp_pb[0].datain[102] unconnected pin in architecture.
Warning 49: dsp_pb[0].datain[103] unconnected pin in architecture.
Warning 50: dsp_pb[0].datain[104] unconnected pin in architecture.
Warning 51: dsp_pb[0].datain[105] unconnected pin in architecture.
Warning 52: dsp_pb[0].datain[106] unconnected pin in architecture.
Warning 53: dsp_pb[0].datain[107] unconnected pin in architecture.
Warning 54: dsp_pb[0].datain[108] unconnected pin in architecture.
Warning 55: dsp_pb[0].datain[109] unconnected pin in architecture.
Warning 56: dsp_pb[0].datain[110] unconnected pin in architecture.
Warning 57: dsp_pb[0].datain[111] unconnected pin in architecture.
Warning 58: dsp_pb[0].datain[112] unconnected pin in architecture.
Warning 59: dsp_pb[0].datain[113] unconnected pin in architecture.
Warning 60: dsp_pb[0].datain[114] unconnected pin in architecture.
Warning 61: dsp_pb[0].datain[115] unconnected pin in architecture.
# Building complex block graph took 0.06 seconds (max_rss 34.5 MiB, delta_rss +15.5 MiB)
Circuit file: softmax_P2_s128.pre-vpr.blif
# Load circuit
Found constant-one generator 'vcc'
Found constant-zero generator 'unconn'
Found constant-zero generator 'gnd'
# Load circuit took 0.28 seconds (max_rss 98.0 MiB, delta_rss +63.6 MiB)
# Clean circuit
Absorbed 516 LUT buffers
Inferred    0 additional primitive pins as constant generators since they have no combinationally connected inputs
Inferred 1384 additional primitive pins as constant generators due to constant inputs
Inferred    0 additional primitive pins as constant generators since they have no combinationally connected inputs
Inferred    0 additional primitive pins as constant generators due to constant inputs
Inferred    0 additional primitive pins as constant generators since they have no combinationally connected inputs
Inferred    0 additional primitive pins as constant generators due to constant inputs
Swept input(s)      : 4
Swept output(s)     : 0 (0 dangling, 0 constant)
Swept net(s)        : 1518
Swept block(s)      : 0
Constant Pins Marked: 1384
# Clean circuit took 0.01 seconds (max_rss 98.0 MiB, delta_rss +0.0 MiB)
# Compress circuit
# Compress circuit took 0.03 seconds (max_rss 98.0 MiB, delta_rss +0.0 MiB)
# Verify circuit
# Verify circuit took 0.01 seconds (max_rss 98.0 MiB, delta_rss +0.0 MiB)
Circuit Statistics:
  Blocks: 27820
    .input         :      44
    .latch         :    3890
    .names         :   10640
        0-LUT:       2
        2-LUT:     474
        3-LUT:    1694
        4-LUT:    3226
        5-LUT:    2092
        6-LUT:    3152
    .output        :       9
    adder          :    6435
    dpe            :      17
    multiply       :       1
    single_port_ram:    6784
  Nets  : 33533
    Avg Fanout:     4.1
    Max Fanout: 10691.0
    Min Fanout:     1.0
  Netlist Clocks: 1
# Build Timing Graph
  Timing Graph Nodes: 235149
  Timing Graph Edges: 443392
  Timing Graph Levels: 44
# Build Timing Graph took 0.26 seconds (max_rss 154.5 MiB, delta_rss +56.5 MiB)
Netlist contains 1 clocks
  Netlist Clock 'clk' Fanout: 10691 pins (6.2%), 10691 blocks (38.4%)
# Load Timing Constraints

SDC file 'softmax_P2_s128.sdc' not found
Setting default timing constraints:
   * constrain all primary inputs and primary outputs on netlist clock 'clk'
   * optimize netlist clock to run as fast as possible
Timing constraints created 1 clocks
  Constrained Clock 'clk' Source: 'clk.inpad[0]'

# Load Timing Constraints took 0.03 seconds (max_rss 154.5 MiB, delta_rss +0.0 MiB)
# Packing
## Prepacker

There is one chain in this architecture called "chain" with the following starting points:
	clb[0]/lab[0]/fle[0]/ble5[0]/arithmetic[0]/adder[0].cin[0]

## Prepacker took 0.03 seconds (max_rss 154.5 MiB, delta_rss +0.0 MiB)
## Initializing Pre-Cluster Timing
Warning 62: Block type 'wc' grid location specification endx (6 + w - 1 = 10) falls outside device horizontal range [0,9]
Using inter-cluster delay: 2.1832e-09
## Initializing Pre-Cluster Timing took 0.07 seconds (max_rss 156.5 MiB, delta_rss +2.0 MiB)
Begin packing 'softmax_P2_s128.pre-vpr.blif'.

After removing unused inputs...
	total blocks: 27820, total nets: 33533, total inputs: 44, total outputs: 9
Packing with pin utilization targets: io:1,1 clb:0.8,0.6 wc:1,1 dsp_top:1,1 memory:1,1
Packing with high fanout thresholds: io:128 clb:128 wc:128 dsp_top:128 memory:100000
Starting Clustering - Clustering Progress: 
-------------------   --------------------------   ---------
Molecules processed   Number of clusters created   FPGA size
-------------------   --------------------------   ---------
   728/18214     3%                          188    96 x 96    
  1468/18214     8%                          388    96 x 96    
  2222/18214    12%                          415    96 x 96    
  2982/18214    16%                          434    96 x 96    
  3742/18214    20%                          453    96 x 96    
  4482/18214    24%                          478    96 x 96    
  5222/18214    28%                          515    96 x 96    
  5974/18214    32%                          540    96 x 96    
  6710/18214    36%                          564    96 x 96    
  7462/18214    40%                          590    96 x 96    
  8190/18214    44%                          615    96 x 96    
  8941/18214    49%                          654    96 x 96    
  9676/18214    53%                          700    96 x 96    
 10408/18214    57%                          747    96 x 96    
 11141/18214    61%                          795    96 x 96    
 11875/18214    65%                          843    96 x 96    
 12615/18214    69%                          890    96 x 96    
 13353/18214    73%                          940    96 x 96    
 14089/18214    77%                          990    96 x 96    
 14825/18214    81%                         1040    96 x 96    
 15557/18214    85%                         1095    96 x 96    
 16293/18214    89%                         1145    96 x 96    
 17032/18214    93%                         1192    96 x 96    
 17771/18214    97%                         1253    96 x 96    
 18214/18214   100%                         1340    96 x 96    

Logic Element (fle) detailed count:
  Total number of Logic Elements used : 10142
  LEs used for logic and registers    : 2152
  LEs used for logic only             : 7990
  LEs used for registers only         : 0

FPGA sized to 96 x 96 (auto)
Device Utilization: 0.24 (target 1.00)
	Block Utilization: 0.02 Type: io
	Block Utilization: 0.15 Type: clb
	Block Utilization: 0.77 Type: wc
	Block Utilization: 0.01 Type: dsp_top
	Block Utilization: 0.78 Type: memory

Final Clustering Statistics: 
----------   --------   ------------------------------------   --------------------------
Block Type   # Blocks   Avg. # of input clocks and pins used   Avg. # of output pins used
----------   --------   ------------------------------------   --------------------------
     EMPTY          0                                      0                            0   
        io         53                               0.169811                     0.830189   
       clb       1049                                30.2355                      8.99142   
        wc         17                                     49                      40.1176   
   dsp_top          1                                     12                            7   
    memory        220                                38.9818                      30.8364   
Absorbed logical nets 16584 out of 33533 nets, 16949 nets not absorbed.

Netlist conversion complete.

Incr Slack updates 1 in 0.00199646 sec
Full Max Req/Worst Slack updates 1 in 0.00093131 sec
Incr Max Req/Worst Slack updates 0 in 0 sec
Incr Criticality updates 0 in 0 sec
Full Criticality updates 1 in 0.00593772 sec
# Packing took 19.33 seconds (max_rss 280.0 MiB, delta_rss +125.5 MiB)
# Load packing
## Loading packed FPGA netlist file.
Netlist generated from file 'softmax_P2_s128.net'.
Detected 2 constant generators (to see names run with higher pack verbosity)
Warning 63: Netlist connects net reset to both global and non-global pins.
Warning 64: Netlist connects net reset to both global and non-global pins.
Warning 65: Netlist connects net reset to both global and non-global pins.
Warning 66: Netlist connects net reset to both global and non-global pins.
Warning 67: Netlist connects net reset to both global and non-global pins.
Warning 68: Netlist connects net reset to both global and non-global pins.
Warning 69: Netlist connects net reset to both global and non-global pins.
Warning 70: Netlist connects net reset to both global and non-global pins.
Warning 71: Netlist connects net reset to both global and non-global pins.
Warning 72: Netlist connects net reset to both global and non-global pins.
## Loading packed FPGA netlist file. took 1.05 seconds (max_rss 290.5 MiB, delta_rss +10.5 MiB)
Warning 73: Treated 2 constant nets as global which will not be routed (to see net names increase packer verbosity).
Netlist contains 1027 global net to non-global architecture pin connections
Warning 74: Logic block #1294 (gnd) has only 1 output pin 'gnd.O[39]'. It may be a constant generator.
Completed clustering consistency check successfully.

Pb types usage...
  io                      : 53
   inpad                  : 44
   outpad                 : 9
  clb                     : 1049
   lab                    : 1049
    fle                   : 10142
     ble5                 : 13927
      flut5               : 7492
       lut5               : 7485
        lut               : 7485
       ff                 : 3763
      arithmetic          : 6435
       lut4               : 3
        lut               : 3
       adder              : 6435
     ble6                 : 3152
      lut6                : 3152
       lut                : 3152
      ff                  : 127
  wc                      : 17
   wc_slice               : 17
    nl_dpe                : 17
  dsp_top                 : 1
   dsp                    : 1
    dsp_pb                : 1
     mult_9x9_fixed_pt    : 1
  memory                  : 220
   mem_512x40_sp          : 220
    memory_slice          : 6784

# Load packing took 1.24 seconds (max_rss 290.5 MiB, delta_rss +10.5 MiB)
# Create Device
## Build Device Grid
FPGA sized to 96 x 96: 9216 grid tiles (auto)
## Build Device Grid took 0.02 seconds (max_rss 290.5 MiB, delta_rss +0.0 MiB)
## Build routing resource graph
## Build routing resource graph took 15.11 seconds (max_rss 1252.7 MiB, delta_rss +962.2 MiB)
  RR Graph Nodes: 2463660
  RR Graph Edges: 35068210
# Create Device took 16.13 seconds (max_rss 1252.7 MiB, delta_rss +962.2 MiB)

Resource usage...
	Netlist
		53	blocks of type: io
	Architecture
		3008	blocks of type: io
	Netlist
		1049	blocks of type: clb
	Architecture
		6840	blocks of type: clb
	Netlist
		17	blocks of type: wc
	Architecture
		22	blocks of type: wc
	Netlist
		1	blocks of type: dsp_top
	Architecture
		138	blocks of type: dsp_top
	Netlist
		220	blocks of type: memory
	Architecture
		282	blocks of type: memory

Device Utilization: 0.24 (target 1.00)
	Physical Tile io:
	Block Utilization: 0.02 Logical Block: io
	Physical Tile clb:
	Block Utilization: 0.15 Logical Block: clb
	Physical Tile wc:
	Block Utilization: 0.77 Logical Block: wc
	Physical Tile dsp_top:
	Block Utilization: 0.01 Logical Block: dsp_top
	Physical Tile memory:
	Block Utilization: 0.78 Logical Block: memory

FPGA size limited by block type(s): wc


# Computing router lookahead map
## Computing wire lookahead
## Computing wire lookahead took 14.02 seconds (max_rss 1252.7 MiB, delta_rss +0.0 MiB)
## Computing src/opin lookahead
## Computing src/opin lookahead took 0.25 seconds (max_rss 1252.7 MiB, delta_rss +0.0 MiB)
# Computing router lookahead map took 14.29 seconds (max_rss 1252.7 MiB, delta_rss +0.0 MiB)
# Compressed grid construction
# Compressed grid construction took 0.00 seconds (max_rss 1252.7 MiB, delta_rss +0.0 MiB)

Bounding box mode is Cube

# Computing placement delta delay look-up
RR graph channel widths unchanged, skipping RR graph rebuild
Serial Connection Router is being destroyed. Time spent on path search: 0.000 seconds.
# Computing placement delta delay look-up took 0.06 seconds (max_rss 1252.7 MiB, delta_rss +0.0 MiB)
# Placement
## Initial Placement
Initial placement iteration 0 has finished successfully
## Initial Placement took 0.00 seconds (max_rss 1252.7 MiB, delta_rss +0.0 MiB)
Using simple RL 'Softmax agent' for choosing move and block types

Completed placement consistency check successfully.
Initial placement cost: 1 bb_cost: 2984.42 td_cost: 1.71726e-05
Initial placement BB estimate of wirelength: 895307
Initial placement estimated Critical Path Delay (CPD): 25.6778 ns
Initial placement estimated setup Total Negative Slack (sTNS): -333363 ns
Initial placement estimated setup Worst Negative Slack (sWNS): -25.6778 ns

Initial placement estimated setup slack histogram:
[ -2.6e-08: -2.3e-08)   194 (  0.3%) |
[ -2.3e-08: -2.1e-08)   179 (  0.3%) |
[ -2.1e-08: -1.8e-08)   367 (  0.5%) |
[ -1.8e-08: -1.5e-08)   212 (  0.3%) |
[ -1.5e-08: -1.3e-08)    88 (  0.1%) |
[ -1.3e-08:   -1e-08)  5094 (  7.5%) |*******
[   -1e-08: -7.7e-09)  6252 (  9.2%) |********
[ -7.7e-09: -5.2e-09)  6675 (  9.9%) |*********
[ -5.2e-09: -2.6e-09) 34896 ( 51.6%) |*********************************************
[ -2.6e-09: -1.9e-11) 13669 ( 20.2%) |******************
Placement contains 0 placement macros involving 0 blocks (average macro size -nan)

Moves per temperature: 7384

---- ------ ------- ------- ---------- ---------- ------- ---------- -------- ------- ------- ------ -------- --------- ------
Tnum   Time       T Av Cost Av BB Cost Av TD Cost     CPD       sTNS     sWNS Ac Rate Std Dev  R lim Crit Exp Tot Moves  Alpha
      (sec)                                          (ns)       (ns)     (ns)                                                 
---- ------ ------- ------- ---------- ---------- ------- ---------- -------- ------- ------- ------ -------- --------- ------
   1    0.1 7.5e-04   1.000    2551.45 1.5423e-05  23.873  -2.99e+05  -23.873   0.731  0.0150   95.0     1.00      7384  1.000
   2    0.1 7.1e-04   0.988    2487.01 1.5796e-05  23.899  -3.01e+05  -23.899   0.729  0.0117   95.0     1.00     14768  0.950
   3    0.1 6.8e-04   0.972    2374.60 1.6189e-05  22.622  -2.95e+05  -22.622   0.720  0.0151   95.0     1.00     22152  0.950
   4    0.1 6.4e-04   0.979    2322.16 1.5985e-05  22.151  -2.93e+05  -22.151   0.682  0.0099   95.0     1.00     29536  0.950
   5    0.1 6.1e-04   0.972    2204.59 1.5261e-05  22.466  -2.83e+05  -22.466   0.679  0.0124   95.0     1.00     36920  0.950
   6    0.1 5.8e-04   0.956    2061.27 1.6608e-05  19.405  -3.08e+05  -19.405   0.665  0.0235   95.0     1.00     44304  0.950
   7    0.1 5.5e-04   0.991    1974.16 1.5273e-05  19.930  -2.82e+05  -19.930   0.647  0.0056   95.0     1.00     51688  0.950
   8    0.1 5.2e-04   0.981    1938.76 1.4295e-05  21.108  -2.77e+05  -21.108   0.633  0.0155   95.0     1.00     59072  0.950
   9    0.1 5.0e-04   0.976    1839.07 1.4607e-05  20.215  -2.85e+05  -20.215   0.629  0.0080   95.0     1.00     66456  0.950
  10    0.1 4.7e-04   0.994    1800.92 1.4425e-05  20.320  -2.83e+05  -20.320   0.608  0.0061   95.0     1.00     73840  0.950
  11    0.1 4.5e-04   0.983    1739.07 1.4568e-05  19.576  -2.78e+05  -19.576   0.596  0.0141   95.0     1.00     81224  0.950
  12    0.1 4.3e-04   0.977    1644.77 1.4188e-05  19.493  -2.91e+05  -19.493   0.586  0.0098   95.0     1.00     88608  0.950
  13    0.1 4.0e-04   0.976    1608.46 1.4652e-05  18.641  -2.82e+05  -18.641   0.576  0.0094   95.0     1.00     95992  0.950
  14    0.1 3.8e-04   0.980    1537.23 1.2929e-05  20.597  -2.78e+05  -20.597   0.563  0.0143   95.0     1.00    103376  0.950
  15    0.1 3.6e-04   0.982    1474.55 1.2929e-05  19.678  -2.74e+05  -19.678   0.565  0.0063   95.0     1.00    110760  0.950
  16    0.1 3.5e-04   0.984    1442.76 1.325e-05   18.823  -2.75e+05  -18.823   0.542  0.0105   95.0     1.00    118144  0.950
  17    0.1 3.3e-04   0.991    1410.97 1.3643e-05  17.883  -2.67e+05  -17.883   0.539  0.0031   95.0     1.00    125528  0.950
  18    0.1 3.1e-04   0.990    1390.41 1.3051e-05  18.509  -2.69e+05  -18.509   0.532  0.0066   95.0     1.00    132912  0.950
  19    0.1 3.0e-04   0.995    1384.00 1.3335e-05  18.137  -2.62e+05  -18.137   0.537  0.0032   95.0     1.00    140296  0.950
  20    0.1 2.8e-04   0.991    1359.97 1.3235e-05  18.091  -2.71e+05  -18.091   0.509  0.0049   95.0     1.00    147680  0.950
  21    0.1 2.7e-04   0.992    1333.08 1.3218e-05  17.875  -2.66e+05  -17.875   0.504  0.0063   95.0     1.00    155064  0.950
  22    0.1 2.5e-04   0.994    1316.68 1.2741e-05  18.495  -2.69e+05  -18.495   0.505  0.0033   95.0     1.00    162448  0.950
  23    0.1 2.4e-04   0.991    1300.74 1.2575e-05  18.599  -2.73e+05  -18.599   0.490  0.0041   95.0     1.00    169832  0.950
  24    0.1 2.3e-04   0.992    1286.58 1.2154e-05  19.029  -2.76e+05  -19.029   0.493  0.0034   95.0     1.00    177216  0.950
  25    0.1 2.2e-04   0.992    1262.05 1.176e-05   19.378  -2.69e+05  -19.378   0.492  0.0044   95.0     1.00    184600  0.950
  26    0.1 2.1e-04   0.990    1248.40 1.1266e-05  19.991  -2.63e+05  -19.991   0.469  0.0048   95.0     1.00    191984  0.950
  27    0.1 2.0e-04   0.992    1244.88 1.1796e-05  19.136  -2.61e+05  -19.136   0.465  0.0043   95.0     1.00    199368  0.950
  28    0.1 1.9e-04   0.993    1228.84 1.2612e-05  17.764  -2.53e+05  -17.764   0.459  0.0035   95.0     1.00    206752  0.950
  29    0.1 1.8e-04   0.992    1220.64 1.2699e-05  17.756  -2.59e+05  -17.756   0.452  0.0042   95.0     1.00    214136  0.950
  30    0.1 1.7e-04   0.995    1210.28 1.2534e-05  17.665  -2.68e+05  -17.665   0.441  0.0033   95.0     1.00    221520  0.950
  31    0.1 1.6e-04   0.992    1187.49 1.287e-05   17.131  -2.59e+05  -17.131   0.435  0.0030   95.0     1.00    228904  0.950
  32    0.1 1.5e-04   0.996    1182.13 1.1149e-05  18.924  -2.61e+05  -18.924   0.415  0.0022   94.6     1.03    236288  0.950
  33    0.1 1.4e-04   0.991    1168.18 1.0889e-05  16.471  -2.65e+05  -16.471   0.409  0.0047   92.1     1.21    243672  0.950
  34    0.1 1.4e-04   0.996    1163.93 7.8986e-06  18.507  -2.63e+05  -18.507   0.396  0.0030   89.3     1.42    251056  0.950
  35    0.1 1.3e-04   0.991    1155.53 5.8452e-06  18.971  -2.64e+05  -18.971   0.382  0.0043   85.4     1.72    258440  0.950
  36    0.1 1.2e-04   0.993    1150.03 5.5554e-06  16.804  -2.65e+05  -16.804   0.376  0.0027   80.4     2.09    265824  0.950
  37    0.1 1.2e-04   0.994    1146.09 3.9599e-06  17.568  -2.61e+05  -17.568   0.378  0.0052   75.2     2.47    273208  0.950
  38    0.1 1.1e-04   0.996    1140.06 3.7514e-06  16.681  -2.59e+05  -16.681   0.364  0.0021   70.6     2.82    280592  0.950
  39    0.1 1.1e-04   0.996    1138.72 3.5978e-06  15.676  -2.66e+05  -15.676   0.347  0.0020   65.2     3.22    287976  0.950
  40    0.1 1.0e-04   0.992    1133.36 2.6302e-06  16.081  -2.67e+05  -16.081   0.342  0.0039   59.2     3.67    295360  0.950
  41    0.1 9.6e-05   0.992    1124.31 1.9918e-06  16.784  -2.64e+05  -16.784   0.340  0.0037   53.4     4.10    302744  0.950
  42    0.1 9.1e-05   0.993    1120.75 1.8848e-06  16.060  -2.62e+05  -16.060   0.323  0.0036   48.1     4.50    310128  0.950
  43    0.1 8.7e-05   0.996    1121.90 2.0465e-06  15.178   -2.6e+05  -15.178   0.323  0.0024   42.4     4.92    317512  0.950
  44    0.1 8.2e-05   0.996    1114.02 1.8292e-06  14.889  -2.61e+05  -14.889   0.312  0.0018   37.5     5.28    324896  0.950
  45    0.1 7.8e-05   0.995    1112.24 1.745e-06   14.918  -2.65e+05  -14.918   0.298  0.0016   32.7     5.64    332280  0.950
  46    0.1 7.4e-05   0.996    1107.95 1.2183e-06  15.370  -2.56e+05  -15.370   0.298  0.0017   28.0     5.99    339664  0.950
  47    0.1 7.1e-05   0.996    1107.15 8.6013e-07  16.409  -2.59e+05  -16.409   0.308  0.0025   24.1     6.28    347048  0.950
  48    0.1 6.7e-05   0.998    1103.82 8.2283e-07  16.409  -2.61e+05  -16.409   0.295  0.0015   20.9     6.52    354432  0.950
  49    0.1 6.4e-05   0.994    1103.20 1.2081e-06  15.265  -2.65e+05  -15.265   0.292  0.0030   17.8     6.75    361816  0.950
  50    0.1 6.1e-05   0.997    1102.73 9.6919e-07  15.321  -2.67e+05  -15.321   0.296  0.0016   15.2     6.94    369200  0.950
  51    0.1 5.8e-05   0.983    1087.40 4.4883e-07  17.871  -2.61e+05  -17.871   0.391  0.0068   13.0     7.11    376584  0.950
  52    0.1 5.5e-05   0.993    1072.71 1.1593e-06  14.868  -2.61e+05  -14.868   0.369  0.0039   12.4     7.15    383968  0.950
  53    0.1 5.2e-05   0.996    1065.14 1.3563e-06  14.305  -2.62e+05  -14.305   0.348  0.0025   11.5     7.22    391352  0.950
  54    0.1 4.9e-05   0.996    1058.80 1.0744e-06  14.649  -2.63e+05  -14.649   0.341  0.0014   10.4     7.30    398736  0.950
  55    0.1 4.7e-05   0.997    1054.79 1.1034e-06  14.504  -2.58e+05  -14.504   0.338  0.0016    9.4     7.37    406120  0.950
  56    0.1 4.5e-05   0.998    1053.10 1.2106e-06  14.228  -2.65e+05  -14.228   0.335  0.0022    8.4     7.45    413504  0.950
  57    0.1 4.2e-05   0.999    1047.96 1.1425e-06  14.175   -2.6e+05  -14.175   0.324  0.0011    7.6     7.51    420888  0.950
  58    0.1 4.0e-05   0.998    1044.65 1.1918e-06  14.069   -2.6e+05  -14.069   0.320  0.0011    6.7     7.58    428272  0.950
  59    0.1 3.8e-05   0.998    1043.06 1.1198e-06  14.110  -2.56e+05  -14.110   0.317  0.0011    5.9     7.64    435656  0.950
  60    0.1 3.6e-05   0.998    1040.39 9.1166e-07  14.466  -2.55e+05  -14.466   0.315  0.0008    5.2     7.69    443040  0.950
  61    0.1 3.4e-05   0.998    1038.80 7.8559e-07  14.705  -2.55e+05  -14.705   0.312  0.0011    4.5     7.74    450424  0.950
  62    0.1 3.3e-05   0.999    1037.13 8.6898e-07  14.392  -2.56e+05  -14.392   0.302  0.0008    3.9     7.78    457808  0.950
  63    0.1 3.1e-05   0.998    1036.32 8.8678e-07  14.392  -2.53e+05  -14.392   0.299  0.0008    3.4     7.82    465192  0.950
  64    0.1 3.0e-05   0.997    1032.15 9.9318e-07  14.079  -2.57e+05  -14.079   0.350  0.0012    2.9     7.86    472576  0.950
  65    0.1 2.8e-05   0.999    1030.05 9.5726e-07  14.079  -2.56e+05  -14.079   0.351  0.0005    2.7     7.88    479960  0.950
  66    0.1 2.7e-05   0.998    1028.37 9.5226e-07  14.124  -2.56e+05  -14.124   0.341  0.0009    2.4     7.89    487344  0.950
  67    0.1 2.5e-05   0.999    1026.26 1.0536e-06  13.883  -2.54e+05  -13.883   0.331  0.0007    2.2     7.91    494728  0.950
  68    0.1 2.4e-05   0.998    1022.66 9.4025e-07  14.079  -2.52e+05  -14.079   0.415  0.0009    1.9     7.93    502112  0.950
  69    0.1 2.3e-05   0.999    1021.11 1.0786e-06  13.811  -2.49e+05  -13.811   0.426  0.0005    1.9     7.93    509496  0.950
  70    0.1 2.2e-05   0.999    1019.00 9.1986e-07  14.079  -2.52e+05  -14.079   0.401  0.0007    1.9     7.94    516880  0.950
  71    0.1 2.1e-05   0.999    1017.47 1.0762e-06  13.811  -2.51e+05  -13.811   0.391  0.0003    1.8     7.94    524264  0.950
  72    0.1 2.0e-05   1.000    1016.53 9.1388e-07  14.079  -2.51e+05  -14.079   0.374  0.0003    1.7     7.95    531648  0.950
  73    0.1 1.9e-05   0.999    1015.42 1.1117e-06  13.727  -2.49e+05  -13.727   0.371  0.0006    1.6     7.96    539032  0.950
  74    0.1 1.8e-05   0.999    1014.35 1.1284e-06  13.727  -2.54e+05  -13.727   0.361  0.0003    1.5     7.96    546416  0.950
  75    0.1 1.7e-05   1.000    1013.69 1.1635e-06  13.666  -2.51e+05  -13.666   0.352  0.0004    1.4     7.97    553800  0.950
  76    0.1 1.6e-05   0.999    1013.00 1.0963e-06  13.727  -2.53e+05  -13.727   0.360  0.0004    1.2     7.98    561184  0.950
  77    0.1 1.5e-05   1.000    1012.05 1.086e-06   13.727  -2.52e+05  -13.727   0.336  0.0002    1.1     7.99    568568  0.950
  78    0.1 1.4e-05   0.999    1010.71 1.0898e-06  13.727  -2.52e+05  -13.727   0.332  0.0004    1.0     8.00    575952  0.950
  79    0.1 1.4e-05   1.000    1009.99 1.0835e-06  13.727  -2.48e+05  -13.727   0.316  0.0003    1.0     8.00    583336  0.950
  80    0.1 1.3e-05   0.999    1009.40 1.0979e-06  13.727  -2.46e+05  -13.727   0.309  0.0002    1.0     8.00    590720  0.950
  81    0.1 1.2e-05   0.999    1008.86 1.0739e-06  13.727  -2.48e+05  -13.727   0.297  0.0005    1.0     8.00    598104  0.950
  82    0.1 1.2e-05   0.999    1007.58 1.0684e-06  13.727  -2.48e+05  -13.727   0.287  0.0003    1.0     8.00    605488  0.950
  83    0.1 1.1e-05   1.000    1007.26 1.0935e-06  13.727  -2.47e+05  -13.727   0.278  0.0001    1.0     8.00    612872  0.950
  84    0.1 1.1e-05   1.000    1006.73 1.0606e-06  13.757  -2.47e+05  -13.757   0.281  0.0003    1.0     8.00    620256  0.950
  85    0.1 1.0e-05   1.000    1005.93 1.0668e-06  13.757  -2.48e+05  -13.757   0.264  0.0002    1.0     8.00    627640  0.950
  86    0.1 9.6e-06   1.000    1005.53 1.0776e-06  13.727  -2.51e+05  -13.727   0.265  0.0002    1.0     8.00    635024  0.950
  87    0.1 9.1e-06   1.000    1005.28 1.0764e-06  13.727  -2.47e+05  -13.727   0.251  0.0001    1.0     8.00    642408  0.950
  88    0.1 8.6e-06   0.999    1004.86 1.07e-06    13.727  -2.51e+05  -13.727   0.238  0.0003    1.0     8.00    649792  0.950
  89    0.1 8.2e-06   1.000    1003.80 1.0586e-06  13.727  -2.51e+05  -13.727   0.243  0.0003    1.0     8.00    657176  0.950
  90    0.1 7.8e-06   1.000    1002.64 1.0652e-06  13.727  -2.47e+05  -13.727   0.229  0.0002    1.0     8.00    664560  0.950
  91    0.1 7.4e-06   0.999    1002.35 1.0523e-06  13.727  -2.47e+05  -13.727   0.221  0.0003    1.0     8.00    671944  0.950
  92    0.1 7.0e-06   1.000    1001.99 1.0573e-06  13.727  -2.47e+05  -13.727   0.217  0.0001    1.0     8.00    679328  0.950
  93    0.1 6.7e-06   1.000    1001.74 1.057e-06   13.727  -2.46e+05  -13.727   0.203  0.0002    1.0     8.00    686712  0.950
  94    0.1 6.3e-06   1.000    1001.16 1.0526e-06  13.727  -2.46e+05  -13.727   0.198  0.0002    1.0     8.00    694096  0.950
  95    0.1 6.0e-06   1.000    1000.73 1.059e-06   13.727  -2.45e+05  -13.727   0.207  0.0001    1.0     8.00    701480  0.950
  96    0.1 5.7e-06   1.000     999.94 1.0558e-06  13.727  -2.48e+05  -13.727   0.188  0.0002    1.0     8.00    708864  0.950
  97    0.1 5.4e-06   1.000     999.85 1.0611e-06  13.727  -2.46e+05  -13.727   0.191  0.0001    1.0     8.00    716248  0.950
  98    0.1 5.2e-06   1.000     999.56 1.0699e-06  13.727  -2.45e+05  -13.727   0.180  0.0001    1.0     8.00    723632  0.950
  99    0.1 4.9e-06   1.000     999.47 1.0525e-06  13.727  -2.43e+05  -13.727   0.170  0.0002    1.0     8.00    731016  0.950
 100    0.1 4.7e-06   1.000     999.13 1.0539e-06  13.727  -2.46e+05  -13.727   0.163  0.0002    1.0     8.00    738400  0.950
 101    0.1 4.4e-06   1.000     999.00 1.0433e-06  13.727  -2.44e+05  -13.727   0.152  0.0001    1.0     8.00    745784  0.950
 102    0.1 4.2e-06   1.000     998.73 1.0531e-06  13.727  -2.45e+05  -13.727   0.150  0.0002    1.0     8.00    753168  0.950
 103    0.1 4.0e-06   1.000     998.54 1.0458e-06  13.727  -2.46e+05  -13.727   0.142  0.0001    1.0     8.00    760552  0.950
Agent's 2nd state: 
 104    0.1 3.2e-06   1.000     998.04 1.0534e-06  13.727  -2.44e+05  -13.727   0.129  0.0002    1.0     8.00    767936  0.800
Checkpoint saved: bb_costs=997.85, TD costs=1.0447e-06, CPD= 13.727 (ns) 
 105    0.1 2.6e-06   1.000     997.63 1.0442e-06  13.727  -2.46e+05  -13.727   0.085  0.0002    1.0     8.00    775320  0.800
 106    0.1 2.0e-06   1.000     997.37 1.0488e-06  13.727  -2.46e+05  -13.727   0.079  0.0001    1.0     8.00    782704  0.800
 107    0.1 1.6e-06   1.000     997.72 1.0385e-06  13.727  -2.44e+05  -13.727   0.067  0.0001    1.0     8.00    790088  0.800
 108    0.1 1.3e-06   1.000     997.94 1.0068e-06  13.727  -2.45e+05  -13.727   0.065  0.0003    1.0     8.00    797472  0.800
 109    0.1 1.0e-06   1.000     997.68 9.9348e-07  13.727  -2.45e+05  -13.727   0.060  0.0001    1.0     8.00    804856  0.800
 110    0.1 8.4e-07   1.000     997.46 9.9735e-07  13.727  -2.44e+05  -13.727   0.055  0.0001    1.0     8.00    812240  0.800
 111    0.1 6.7e-07   1.000     997.33 9.9538e-07  13.727  -2.44e+05  -13.727   0.050  0.0001    1.0     8.00    819624  0.800
 112    0.1 5.4e-07   1.000     997.24 9.9703e-07  13.727  -2.45e+05  -13.727   0.049  0.0001    1.0     8.00    827008  0.800
 113    0.1 4.3e-07   1.000     997.24 9.9529e-07  13.727  -2.45e+05  -13.727   0.048  0.0001    1.0     8.00    834392  0.800
 114    0.1 3.4e-07   1.000     997.19 9.9692e-07  13.727  -2.44e+05  -13.727   0.044  0.0001    1.0     8.00    841776  0.800
 115    0.1 0.0e+00   1.000     997.20 9.9439e-07  13.727  -2.45e+05  -13.727   0.020  0.0000    1.0     8.00    849160  0.800
## Placement Quench took 0.11 seconds (max_rss 1252.7 MiB)
post-quench CPD = 13.727 (ns) 

Completed placement consistency check successfully.

Swaps called: 850500

Aborted Move Reasons:
  No moves aborted

BB estimate of min-dist (placement) wire length: 299153

Placement estimated critical path delay (least slack): 13.727 ns, Fmax: 72.8489 MHz
Placement estimated setup Worst Negative Slack (sWNS): -13.727 ns
Placement estimated setup Total Negative Slack (sTNS): -244059 ns

Placement estimated setup slack histogram:
[ -1.4e-08: -1.2e-08)   159 (  0.2%) |
[ -1.2e-08: -1.1e-08)   792 (  1.2%) |*
[ -1.1e-08: -9.6e-09)    60 (  0.1%) |
[ -9.6e-09: -8.2e-09)    13 (  0.0%) |
[ -8.2e-09: -6.9e-09)  3725 (  5.5%) |*****
[ -6.9e-09: -5.5e-09)  4219 (  6.2%) |*****
[ -5.5e-09: -4.1e-09)  7299 ( 10.8%) |**********
[ -4.1e-09: -2.8e-09) 34533 ( 51.1%) |*********************************************
[ -2.8e-09: -1.4e-09)  8705 ( 12.9%) |***********
[ -1.4e-09: -1.9e-11)  8121 ( 12.0%) |***********

Placement estimated geomean non-virtual intra-domain period: 13.727 ns (72.8489 MHz)
Placement estimated fanout-weighted geomean non-virtual intra-domain period: 13.727 ns (72.8489 MHz)

Placement cost: 0.999905, bb_cost: 997.203, td_cost: 9.99125e-07, 

Placement resource usage:
  io      implemented as io     : 53
  clb     implemented as clb    : 1049
  wc      implemented as wc     : 17
  dsp_top implemented as dsp_top: 1
  memory  implemented as memory : 220

Placement number of temperatures: 115
Placement total # of swap attempts: 850500
	Swaps accepted: 297041 (34.9 %)
	Swaps rejected: 544030 (64.0 %)
	Swaps aborted:   9429 ( 1.1 %)


Placement perturbation distribution by block and move type: 
------------------ ----------------- ---------------- ---------------- --------------- ------------ 
    Block Type         Move Type       (%) of Total      Accepted(%)     Rejected(%)    Aborted(%)
------------------ ----------------- ---------------- ---------------- --------------- ------------ 
io                 Uniform                0.95             72.99           27.01          0.00         
                   Median                 0.94             59.90           19.56          20.54        
                   Centroid               0.95             76.45           23.41          0.14         
                   W. Centroid            0.95             76.49           23.31          0.20         
                   W. Median              0.06             11.73           65.64          22.63        

clb                Uniform                18.74            16.26           83.74          0.00         
                   Median                 18.81            51.55           47.37          1.08         
                   Centroid               18.69            48.03           51.15          0.82         
                   W. Centroid            18.91            48.03           51.20          0.77         
                   W. Median              1.08             9.71            87.63          2.66         
                   Crit. Uniform          0.82             0.25            99.75          0.00         
                   Feasible Region        0.79             0.24            99.76          0.00         

wc                 Uniform                0.29             3.00            97.00          0.00         
                   Median                 0.30             5.48            77.20          17.33        
                   Centroid               0.30             4.98            94.42          0.59         
                   W. Centroid            0.29             5.67            93.77          0.56         
                   W. Median              0.02             0.00            55.00          45.00        

dsp_top            Uniform                0.02             13.28           86.72          0.00         
                   Median                 0.02             20.55           79.45          0.00         
                   Centroid               0.02             21.12           78.88          0.00         
                   W. Centroid            0.02             23.61           76.39          0.00         
                   W. Median              0.00             0.00            100.00         0.00         

memory             Uniform                3.94             5.52            94.48          0.00         
                   Median                 3.92             9.72            86.57          3.71         
                   Centroid               3.93             7.24            89.16          3.60         
                   W. Centroid            3.92             8.58            91.42          0.00         
                   W. Median              0.22             2.06            90.19          7.75         
                   Crit. Uniform          0.54             0.00            100.00         0.00         
                   Feasible Region        0.56             0.00            100.00         0.00         


Placement Quench timing analysis took 0.0408923 seconds (0.0355151 STA, 0.00537722 slack) (1 full updates: 1 setup, 0 hold, 0 combined).
Placement Total  timing analysis took 5.54038 seconds (4.59565 STA, 0.944732 slack) (117 full updates: 117 setup, 0 hold, 0 combined).
update_td_costs: connections 0 nets 0 sum_nets 0 total 0
# Placement took 13.39 seconds (max_rss 1252.7 MiB, delta_rss +0.0 MiB)

# Routing
RR graph channel widths unchanged, skipping RR graph rebuild
## Initializing router criticalities
Initial Net Connection Criticality Histogram:
[        0:      0.1) 3192 (  7.8%) |****************
[      0.1:      0.2) 6715 ( 16.3%) |*********************************
[      0.2:      0.3) 5429 ( 13.2%) |***************************
[      0.3:      0.4) 9350 ( 22.7%) |**********************************************
[      0.4:      0.5) 6404 ( 15.6%) |********************************
[      0.5:      0.6) 1357 (  3.3%) |*******
[      0.6:      0.7) 1550 (  3.8%) |********
[      0.7:      0.8) 3200 (  7.8%) |****************
[      0.8:      0.9) 2834 (  6.9%) |**************
[      0.9:        1) 1116 (  2.7%) |*****
## Initializing router criticalities took 0.43 seconds (max_rss 1252.7 MiB, delta_rss +0.0 MiB)
---- ------ ------- ---- ------- ------- ------- ----------------- --------------- -------- ---------- ---------- ---------- ---------- --------
Iter   Time    pres  BBs    Heap  Re-Rtd  Re-Rtd Overused RR Nodes      Wirelength      CPD       sTNS       sWNS       hTNS       hWNS Est Succ
      (sec)     fac Updt    push    Nets   Conns                                       (ns)       (ns)       (ns)       (ns)       (ns)     Iter
---- ------ ------- ---- ------- ------- ------- ----------------- --------------- -------- ---------- ---------- ---------- ---------- --------
   1    0.9     0.0    0 6439409   16945   39394   17299 ( 0.702%)  446634 ( 8.3%)   13.181 -3.204e+05    -13.181    -0.3215     -0.019      N/A
Incr Slack updates 117 in 0.203692 sec
Full Max Req/Worst Slack updates 47 in 0.0436033 sec
Incr Max Req/Worst Slack updates 70 in 0.0890829 sec
Incr Criticality updates 42 in 0.104185 sec
Full Criticality updates 75 in 0.418033 sec
   2    0.9     0.5    0 5587353   11210   30889    7884 ( 0.320%)  441658 ( 8.2%)   13.181 -3.037e+05    -13.181    -0.3215     -0.019      N/A
   3    0.6     0.6    0 3552681    7520   21174    5380 ( 0.218%)  442968 ( 8.3%)   13.181 -3.125e+05    -13.181    -0.3215     -0.019      N/A
   4    0.5     0.8    0 2421402    5768   16599    3969 ( 0.161%)  444322 ( 8.3%)   13.181 -3.129e+05    -13.181    -0.3215     -0.019      N/A
   5    0.5     1.1    0 1669950    4495   13466    2928 ( 0.119%)  445521 ( 8.3%)   13.181 -3.129e+05    -13.181    -0.3215     -0.019      N/A
   6    0.4     1.4    0 1173593    3551   11223    2221 ( 0.090%)  446610 ( 8.3%)   13.181 -3.117e+05    -13.181    -0.3215     -0.019      N/A
   7    0.3     1.9    0  894404    2850    9645    1656 ( 0.067%)  447145 ( 8.3%)   13.181 -3.118e+05    -13.181    -0.3215     -0.019      N/A
   8    0.3     2.4    0  633239    2174    7726    1188 ( 0.048%)  448089 ( 8.4%)   13.181 -3.106e+05    -13.181    -0.3215     -0.019      N/A
   9    0.3     3.1    0  501948    1576    6172     811 ( 0.033%)  449133 ( 8.4%)   13.181 -3.108e+05    -13.181    -0.3215     -0.019      N/A
  10    0.2     4.1    0  391721    1108    4795     505 ( 0.020%)  449990 ( 8.4%)   13.181 -3.108e+05    -13.181    -0.3215     -0.019       30
  11    0.2     5.3    0  235337     712    3017     275 ( 0.011%)  450378 ( 8.4%)   13.181 -3.109e+05    -13.181    -0.3215     -0.019       27
  12    0.2     6.9    0  136212     405    1609     154 ( 0.006%)  450776 ( 8.4%)   13.181 -3.109e+05    -13.181    -0.3215     -0.019       25
  13    0.2     9.0    0   75597     230     830      60 ( 0.002%)  451152 ( 8.4%)   13.181 -3.109e+05    -13.181    -0.3215     -0.019       23
  14    0.2    11.6    0   26631      88     265      24 ( 0.001%)  451319 ( 8.4%)   13.181 -3.109e+05    -13.181    -0.3215     -0.019       21
  15    0.2    15.1    0   10959      34     104      14 ( 0.001%)  451360 ( 8.4%)   13.181 -3.109e+05    -13.181    -0.3215     -0.019       19
  16    0.2    19.7    0    6590      21      64       8 ( 0.000%)  451412 ( 8.4%)   13.181 -3.109e+05    -13.181    -0.3215     -0.019       19
  17    0.2    25.6    0    4087      13      39       5 ( 0.000%)  451416 ( 8.4%)   13.181 -3.109e+05    -13.181    -0.3215     -0.019       19
  18    0.2    33.3    0    2271       7      16       2 ( 0.000%)  451424 ( 8.4%)   13.181 -3.109e+05    -13.181    -0.3215     -0.019       19
  19    0.2    43.3    0     627       2       6       1 ( 0.000%)  451436 ( 8.4%)   13.181 -3.109e+05    -13.181    -0.3215     -0.019       19
  20    0.2    56.2    0     217       1       3       1 ( 0.000%)  451436 ( 8.4%)   13.181 -3.109e+05    -13.181    -0.3215     -0.019       19
  21    0.2    73.1    0     184       1       3       1 ( 0.000%)  451436 ( 8.4%)   13.181 -3.109e+05    -13.181    -0.3215     -0.019       19
  22    0.2    95.0    0     488       1       5       0 ( 0.000%)  451432 ( 8.4%)   13.181 -3.109e+05    -13.181    -0.3215     -0.019       20
Restoring best routing
Critical path: 13.1806 ns
Successfully routed after 22 routing iterations.
Final Net Connection Criticality Histogram:
[        0:      0.1)  2283 (  5.5%) |**********
[      0.1:      0.2)  3953 (  9.6%) |*****************
[      0.2:      0.3)  5338 ( 13.0%) |***********************
[      0.3:      0.4)  6303 ( 15.3%) |***************************
[      0.4:      0.5) 10504 ( 25.5%) |*********************************************
[      0.5:      0.6)  3753 (  9.1%) |****************
[      0.6:      0.7)  2069 (  5.0%) |*********
[      0.7:      0.8)  3233 (  7.9%) |**************
[      0.8:      0.9)  2786 (  6.8%) |************
[      0.9:        1)   925 (  2.2%) |****
Router Stats: total_nets_routed: 58712 total_connections_routed: 167044 total_heap_pushes: 23764900 total_heap_pops: 5224131 
Serial Connection Router is being destroyed. Time spent on path search: 2.912 seconds.
# Routing took 7.72 seconds (max_rss 1252.7 MiB, delta_rss +0.0 MiB)

Checking to ensure routing is legal...
# Checking to ensure non-configurable edges are legal
# Checking to ensure non-configurable edges are legal took 0.12 seconds (max_rss 1252.7 MiB, delta_rss +0.0 MiB)
Completed routing consistency check successfully.

Serial number (magic cookie) for the routing is: 1052503740
Circuit successfully routed with a channel width factor of 300.
# Synchronize the packed netlist to routing optimization
## Annotating rr_node with routed nets
## Annotating rr_node with routed nets took 0.02 seconds (max_rss 1252.7 MiB, delta_rss +0.0 MiB)
Found 42436 mismatches between routing and packing results.
Fixed 29156 routing traces due to mismatch between routing and packing results.
# Synchronize the packed netlist to routing optimization took 0.21 seconds (max_rss 1252.7 MiB, delta_rss +0.0 MiB)
Final Clustering Statistics: 
----------   --------   ------------------------------------   --------------------------
Block Type   # Blocks   Avg. # of input clocks and pins used   Avg. # of output pins used
----------   --------   ------------------------------------   --------------------------
     EMPTY          0                                      0                            0   
        io         53                               0.169811                     0.830189   
       clb       1049                                30.2355                      8.99142   
        wc         17                                     49                      40.1176   
   dsp_top          1                                     12                            7   
    memory        220                                38.9818                      30.8364   
Absorbed logical nets 16584 out of 33533 nets, 16949 nets not absorbed.


Average number of bends per net: 2.15409  Maximum # of bends: 161

Number of global nets: 4
Number of routed nets (nonglobal): 16945
Wire length results (in units of 1 clb segments)...
	Total wirelength: 451432, average net length: 26.6410
	Maximum net length: 1447

Wire length results in terms of physical segments...
	Total wiring segments used: 94334, average wire segments per net: 5.56707
	Maximum segments used by a net: 312
	Total local nets with reserved CLB opins: 0
Total number of nets absorbed: 0

Routing channel utilization histogram:
[        1:      inf)     0 (  0.0%) |
[      0.9:        1)     0 (  0.0%) |
[      0.8:      0.9)     0 (  0.0%) |
[      0.7:      0.8)     0 (  0.0%) |
[      0.5:      0.6)    32 (  0.2%) |
[      0.4:      0.5)   213 (  1.2%) |*
[      0.3:      0.4)   644 (  3.6%) |**
[      0.2:      0.3)  1610 (  8.9%) |******
[      0.1:      0.2)  3170 ( 17.6%) |************
[        0:      0.1) 12381 ( 68.6%) |*********************************************
Maximum routing channel utilization:       0.6 at (33,41)

X - Directed channels: layer   y   max occ   ave occ   ave cap
                        ----- ---- -------- -------- --------
                            0    0       12    1.574      300
                            0    1        0    0.000      300
                            0    2        1    0.128      300
                            0    3        2    0.298      300
                            0    4        4    0.681      300
                            0    5        1    0.043      300
                            0    6        6    0.468      300
                            0    7       18    1.191      300
                            0    8       28    2.638      300
                            0    9       27    2.340      300
                            0   10       31    3.447      300
                            0   11       28    5.106      300
                            0   12       36    6.553      300
                            0   13       42    7.745      300
                            0   14       46   10.340      300
                            0   15       54   13.617      300
                            0   16       66   18.670      300
                            0   17       83   19.872      300
                            0   18       93   19.298      300
                            0   19       79   19.160      300
                            0   20       57   17.585      300
                            0   21       76   16.330      300
                            0   22       56   17.830      300
                            0   23       65   17.702      300
                            0   24       70   22.096      300
                            0   25       84   25.809      300
                            0   26      104   30.766      300
                            0   27       87   34.798      300
                            0   28       97   37.181      300
                            0   29       83   32.777      300
                            0   30       89   35.011      300
                            0   31       93   37.287      300
                            0   32       94   43.032      300
                            0   33       99   40.489      300
                            0   34       99   43.777      300
                            0   35      110   46.106      300
                            0   36      104   46.926      300
                            0   37       99   40.404      300
                            0   38      114   42.851      300
                            0   39      134   47.628      300
                            0   40      149   61.064      300
                            0   41      141   60.500      300
                            0   42      154   66.106      300
                            0   43      151   62.862      300
                            0   44      148   60.872      300
                            0   45      134   57.915      300
                            0   46      148   56.511      300
                            0   47      136   56.511      300
                            0   48      133   60.223      300
                            0   49      119   56.755      300
                            0   50      134   57.883      300
                            0   51      128   56.681      300
                            0   52      107   54.883      300
                            0   53       90   53.053      300
                            0   54      107   55.989      300
                            0   55      117   53.362      300
                            0   56      100   45.670      300
                            0   57      104   35.149      300
                            0   58      108   39.298      300
                            0   59      100   33.766      300
                            0   60       93   28.489      300
                            0   61       95   28.883      300
                            0   62      100   36.117      300
                            0   63       94   32.223      300
                            0   64       98   42.330      300
                            0   65      121   43.362      300
                            0   66      101   41.766      300
                            0   67       87   36.234      300
                            0   68       81   31.362      300
                            0   69       80   31.936      300
                            0   70       86   32.766      300
                            0   71       87   33.617      300
                            0   72       82   32.489      300
                            0   73       86   25.723      300
                            0   74       85   21.372      300
                            0   75       63   18.532      300
                            0   76       75   17.734      300
                            0   77       71   16.149      300
                            0   78       74   15.021      300
                            0   79       46   11.649      300
                            0   80       47   11.096      300
                            0   81       50    9.064      300
                            0   82       39    8.128      300
                            0   83       33    5.638      300
                            0   84       25    3.872      300
                            0   85       16    3.149      300
                            0   86        9    1.149      300
                            0   87        8    0.894      300
                            0   88        4    0.383      300
                            0   89        0    0.000      300
                            0   90        0    0.000      300
                            0   91        0    0.000      300
                            0   92        0    0.000      300
                            0   93        0    0.000      300
                            0   94       11    1.149      300
Y - Directed channels: layer   x   max occ   ave occ   ave cap
                        ----- ---- -------- -------- --------
                            0    0       72   24.936      300
                            0    1       85   35.149      300
                            0    2      118   35.957      300
                            0    3       69   14.426      300
                            0    4       67   13.830      300
                            0    5       59   13.106      300
                            0    6       19    3.064      300
                            0    7       21    2.128      300
                            0    8       18    3.064      300
                            0    9        7    2.383      300
                            0   10        4    1.064      300
                            0   11        6    1.319      300
                            0   12        4    1.106      300
                            0   13       12    2.681      300
                            0   14       33   13.021      300
                            0   15       51   18.000      300
                            0   16       67   27.574      300
                            0   17      113   63.702      300
                            0   18      123   68.298      300
                            0   19       89   38.043      300
                            0   20       89   34.500      300
                            0   21       58   24.851      300
                            0   22       27    9.574      300
                            0   23       36    9.660      300
                            0   24       33    8.340      300
                            0   25       42    9.404      300
                            0   26       46    4.979      300
                            0   27       37    5.362      300
                            0   28       25    6.128      300
                            0   29       41    9.532      300
                            0   30      107   30.000      300
                            0   31      106   30.255      300
                            0   32      134   49.851      300
                            0   33      180   94.543      300
                            0   34      172   94.298      300
                            0   35      151   61.128      300
                            0   36      164   48.372      300
                            0   37      116   41.106      300
                            0   38      109   26.500      300
                            0   39      137   22.426      300
                            0   40      107   20.574      300
                            0   41       99   18.170      300
                            0   42       68   16.128      300
                            0   43       45   10.553      300
                            0   44       41   11.787      300
                            0   45       59   19.362      300
                            0   46       72   28.128      300
                            0   47       84   34.043      300
                            0   48      110   48.043      300
                            0   49      139   82.511      300
                            0   50      129   72.170      300
                            0   51      104   45.606      300
                            0   52      107   34.809      300
                            0   53       58   22.809      300
                            0   54       53   12.468      300
                            0   55       67   14.085      300
                            0   56       39    9.181      300
                            0   57       29    5.660      300
                            0   58       36    8.755      300
                            0   59       36    8.500      300
                            0   60       52   10.904      300
                            0   61       58   14.989      300
                            0   62       87   25.383      300
                            0   63      106   38.330      300
                            0   64      119   47.617      300
                            0   65      132   72.298      300
                            0   66      129   66.989      300
                            0   67       94   47.404      300
                            0   68       85   34.681      300
                            0   69       52   15.532      300
                            0   70       50   11.894      300
                            0   71       75   15.170      300
                            0   72       67   18.723      300
                            0   73       86   22.553      300
                            0   74      106   40.809      300
                            0   75       64   29.489      300
                            0   76        5    1.819      300
                            0   77       14    5.404      300
                            0   78       15    5.830      300
                            0   79       17    6.128      300
                            0   80       93   37.149      300
                            0   81      131   57.404      300
                            0   82      107   46.723      300
                            0   83       60   20.128      300
                            0   84       53   20.043      300
                            0   85       38   10.511      300
                            0   86       28    6.000      300
                            0   87       28    5.574      300
                            0   88       13    3.617      300
                            0   89       10    3.362      300
                            0   90        2    0.638      300
                            0   91       11    3.915      300
                            0   92       12    3.915      300
                            0   93       12    3.787      300
                            0   94       12    3.872      300

Total existing wires segments: CHANX 236587, CHANY 214845, ALL 451432
Total used wires segments:     CHANX 236587, CHANY 214845, ALL 451432
Usage percentage:               CHANX 0%, CHANY -1%, ALL 812762788%

Logic area (in minimum width transistor areas, excludes I/Os and empty grid tiles)...
	Total logic block area (Warning, need to add pitch of routing to blocks with height > 3): 3.23551e+08
	Total used logic block area: 1.05282e+08

Routing area (in minimum width transistor areas)...
	Total routing area: 1.88780e+08, per logic tile: 20484.0

Total Number of Wiring Segments by Direction: direction length number
                                              --------- ------ -------
                                                      X      4 598974
                                                      Y      4 598974
                                                      X     16  25886
                                                      Y     16  25886

X - Directed Wiring Segment usage by length: length utilization
                                             ------ -----------
                                             4      0.0754
                                            16       0.139

Y - Directed Wiring Segment usage by length: length utilization
                                             ------ -----------
                                             4      0.0715
                                            16       0.105

Segment occupancy by length: Length Occupancy Capacity Utilization
                             ------ --------- -------- -----------
                             L4         88020  1197948      0.0735
                             L16         6314    51772       0.122

Segment occupancy by type: name type utilization
                           ---- ---- -----------
                             L4    0      0.0735
                            L16    1       0.122

Final hold Worst Negative Slack (hWNS): -0.01891 ns
Final hold Total Negative Slack (hTNS): -0.32147 ns

Final hold slack histogram:
[ -1.9e-11:  7.8e-10)  3963 (  5.9%) |**********
[  7.8e-10:  1.6e-09) 10357 ( 15.3%) |**************************
[  1.6e-09:  2.4e-09) 17043 ( 25.2%) |*******************************************
[  2.4e-09:  3.2e-09) 17692 ( 26.2%) |*********************************************
[  3.2e-09:    4e-09)  9465 ( 14.0%) |************************
[    4e-09:  4.8e-09)  5734 (  8.5%) |***************
[  4.8e-09:  5.6e-09)  1928 (  2.9%) |*****
[  5.6e-09:  6.3e-09)   762 (  1.1%) |**
[  6.3e-09:  7.1e-09)   678 (  1.0%) |**
[  7.1e-09:  7.9e-09)     4 (  0.0%) |

Final critical path delay (least slack): 13.1806 ns, Fmax: 75.8693 MHz
Final setup Worst Negative Slack (sWNS): -13.1806 ns
Final setup Total Negative Slack (sTNS): -310901 ns

Final setup slack histogram:
[ -1.3e-08: -1.2e-08)   291 (  0.4%) |*
[ -1.2e-08: -1.1e-08)   603 (  0.9%) |*
[ -1.1e-08: -9.2e-09)   139 (  0.2%) |
[ -9.2e-09: -7.9e-09)  2861 (  4.2%) |******
[ -7.9e-09: -6.6e-09)  5288 (  7.8%) |***********
[ -6.6e-09: -5.3e-09) 13124 ( 19.4%) |**************************
[ -5.3e-09:   -4e-09) 22518 ( 33.3%) |*********************************************
[   -4e-09: -2.7e-09) 12126 ( 17.9%) |************************
[ -2.7e-09: -1.3e-09)  3684 (  5.4%) |*******
[ -1.3e-09: -1.9e-11)  6992 ( 10.3%) |**************

Final geomean non-virtual intra-domain period: 13.1806 ns (75.8693 MHz)
Final fanout-weighted geomean non-virtual intra-domain period: 13.1806 ns (75.8693 MHz)

Incr Slack updates 1 in 0.00143116 sec
Full Max Req/Worst Slack updates 1 in 0.000942155 sec
Incr Max Req/Worst Slack updates 0 in 0 sec
Incr Criticality updates 0 in 0 sec
Full Criticality updates 1 in 0.00570879 sec
Flow timing analysis took 8.77181 seconds (7.46796 STA, 1.30384 slack) (142 full updates: 118 setup, 0 hold, 24 combined).
VPR succeeded
The entire flow of VPR took 74.87 seconds (max_rss 1252.7 MiB)
Incr Slack updates 23 in 0.0492674 sec
Full Max Req/Worst Slack updates 2 in 0.00185903 sec
Incr Max Req/Worst Slack updates 21 in 0.0268943 sec
Incr Criticality updates 21 in 0.0657503 sec
Full Criticality updates 2 in 0.0114521 sec
