VPR FPGA Placement and Routing.
Version: 9.0.0-dev+v8.0.0-14979-gdefb4b454
Revision: v8.0.0-14979-gdefb4b454
Compiled: 2026-01-23T19:48:56
Compiler: GNU 13.3.0 on Linux-6.14.0-36-generic x86_64
Build Info: release IPO VTR_ASSERT_LEVEL=2

University of Toronto
verilogtorouting.org
vtr-users@googlegroups.com
This is free open source code under MIT license.

VPR was run with the following command-line:
/mnt/vault0/jiajunh5/vtr-verilog-to-routing/vpr/vpr azure_lily_auto.xml softmax_AL_s256 --circuit_file softmax_AL_s256.pre-vpr.blif --route_chan_width 300 --pack_high_fanout_threshold memory:100000 --seed 3

Using up to 1 parallel worker(s)

Architecture file: azure_lily_auto.xml
Circuit name: softmax_AL_s256

# Loading Architecture Description
# Loading Architecture Description took 0.01 seconds (max_rss 19.0 MiB, delta_rss +2.7 MiB)

Timing analysis: ON
Circuit netlist file: softmax_AL_s256.net
Circuit placement file: softmax_AL_s256.place
Circuit routing file: softmax_AL_s256.route
Circuit SDC file: softmax_AL_s256.sdc
Vpr floorplanning constraints file: not specified

Packer: ENABLED
Placer: ENABLED
Analytical Placer: DISABLED
Router: ENABLED
Analysis: SKIP IF PRIOR FAIL

VPR was run with the following options:

NetlistOpts.absorb_buffer_luts            : true
NetlistOpts.sweep_dangling_primary_ios    : true
NetlistOpts.sweep_dangling_nets           : true
NetlistOpts.sweep_dangling_blocks         : true
NetlistOpts.sweep_constant_primary_outputs: false
NetlistOpts.netlist_verbosity             : 1
NetlistOpts.const_gen_inference           : COMB_SEQ

PackerOpts.allow_unrelated_clustering: auto
PackerOpts.timing_gain_weight: 0.750000
PackerOpts.connection_gain_weight: 0.900000
PackerOpts.cluster_seed_type: BLEND2
PackerOpts.connection_driven: true
PackerOpts.timing_driven: true
PackerOpts.target_external_pin_util: auto

PlacerOpts.place_freq: PLACE_ONCE
PlacerOpts.place_algorithm: CRITICALITY_TIMING_PLACE
PlacerOpts.pad_loc_type: FREE
PlacerOpts.constraints_file: No constraints file given
PlacerOpts.place_chan_width: 300
PlacerOpts.inner_loop_recompute_divider: 0
PlacerOpts.recompute_crit_iter: 1
PlacerOpts.timing_tradeoff: 0.500000
PlacerOpts.td_place_exp_first: 1.000000
PlacerOpts.td_place_exp_last: 8.000000
PlacerOpts.delay_offset: 0.000000
PlacerOpts.delay_ramp_delta_threshold: -1
PlacerOpts.delay_ramp_slope: 0.000000
PlacerOpts.tsu_rel_margin: 1.000000
PlacerOpts.tsu_abs_margin: 0.000000
PlacerOpts.post_place_timing_report_file: 
PlacerOpts.allowed_tiles_for_delay_model: 
PlacerOpts.delay_model_reducer: MIN
PlacerOpts.delay_model_type: SIMPLE
PlacerOpts.rlim_escape_fraction: 0.000000
PlacerOpts.move_stats_file: 
PlacerOpts.placement_saves_per_temperature: 0
PlacerOpts.effort_scaling: CIRCUIT
PlacerOpts.place_delta_delay_matrix_calculation_method: ASTAR_ROUTE
PlaceOpts.seed: 3
AnnealSched.type: AUTO_SCHED
AnnealSched.inner_num: 0.500000

RouterOpts.route_type: DETAILED
RouterOpts.flat_routing: false
RouterOpts.choke_points: on
RouterOpts.router_algorithm: TIMING_DRIVEN
RouterOpts.base_cost_type: DELAY_NORMALIZED_LENGTH
RouterOpts.fixed_channel_width: 300
RouterOpts.check_route: FULL
RouterOpts.acc_fac: 1.000000
RouterOpts.bb_factor: 3
RouterOpts.bend_cost: 0.000000
RouterOpts.first_iter_pres_fac: 0.000000
RouterOpts.initial_pres_fac: 0.500000
RouterOpts.pres_fac_mult: 1.300000
RouterOpts.max_pres_fac: 1000.000000
RouterOpts.max_router_iterations: 50
RouterOpts.min_incremental_reroute_fanout: 16
RouterOpts.initial_acc_cost_chan_congestion_threshold: 0.500000
RouterOpts.initial_acc_cost_chan_congestion_weight: 0.500000
RouterOpts.do_check_rr_graph: true
RouterOpts.verify_binary_search: false
RouterOpts.min_channel_width_hint: 0
RouterOpts.read_rr_edge_metadata: false
RouterOpts.exit_after_first_routing_iteration: false
RouterOpts.astar_fac: 1.200000
RouterOpts.astar_offset: 0.000000
RouterOpts.router_profiler_astar_fac: 1.200000
RouterOpts.enable_parallel_connection_router: false
RouterOpts.post_target_prune_fac: 1.200000
RouterOpts.post_target_prune_offset: 0
RouterOpts.multi_queue_num_threads: 1
RouterOpts.multi_queue_num_queues: 2
RouterOpts.multi_queue_direct_draining: false
RouterOpts.criticality_exp: 1.000000
RouterOpts.max_criticality: 0.990000
RouterOpts.init_wirelength_abort_threshold: 0.850000
RouterOpts.incr_reroute_delay_ripup: AUTO
RouterOpts.save_routing_per_iteration: false
RouterOpts.congested_routing_iteration_threshold_frac: 1.000000
RouterOpts.high_fanout_threshold: 64
RouterOpts.router_debug_net: -2
RouterOpts.router_debug_sink_rr: -2
RouterOpts.router_debug_iteration: -2
RouterOpts.max_convergence_count: 1
RouterOpts.reconvergence_cpd_threshold: 0.990000
RouterOpts.update_lower_bound_delays: true
RouterOpts.first_iteration_timing_report_file: 
RouterOpts.route_bb_update: DYNAMIC
RouterOpts.lookahead_type: MAP
RouterOpts.initial_timing: LOOKAHEAD
RouterOpts.router_heap: FOUR_ARY_HEAP
RouterOpts.routing_failure_predictor = SAFE
RouterOpts.routing_budgets_algorithm = DISABLE

AnalysisOpts.gen_post_synthesis_netlist: false
AnalysisOpts.gen_post_implementation_merged_netlist: false
AnalysisOpts.gen_post_implementation_sdc: false
AnalysisOpts.timing_report_npaths: 100
AnalysisOpts.timing_report_skew: false
AnalysisOpts.echo_dot_timing_graph_node: -1
AnalysisOpts.timing_report_detail: NETLIST
AnalysisOpts.post_synth_netlist_unconn_input_handling: UNCONNECTED
AnalysisOpts.post_synth_netlist_unconn_output_handling: UNCONNECTED
AnalysisOpts.post_synth_netlist_module_parameters: on

# Building complex block graph
Warning 1: io[0].clock[0] unconnected pin in architecture.
Warning 2: dsp_top[0].dsp_I2[44] unconnected pin in architecture.
Warning 3: dsp_top[0].dsp_I2[45] unconnected pin in architecture.
Warning 4: dsp_top[0].dsp_I2[46] unconnected pin in architecture.
Warning 5: dsp_top[0].dsp_I2[47] unconnected pin in architecture.
Warning 6: dsp_top[0].dsp_I2[48] unconnected pin in architecture.
Warning 7: dsp_top[0].dsp_I2[49] unconnected pin in architecture.
Warning 8: dsp_top[0].dsp_I2[50] unconnected pin in architecture.
Warning 9: dsp_top[0].dsp_I2[51] unconnected pin in architecture.
Warning 10: dsp_top[0].dsp_I2[52] unconnected pin in architecture.
Warning 11: dsp_top[0].dsp_I2[53] unconnected pin in architecture.
Warning 12: dsp_top[0].dsp_I2[54] unconnected pin in architecture.
Warning 13: dsp_top[0].dsp_I2[55] unconnected pin in architecture.
Warning 14: dsp_top[0].dsp_I2[56] unconnected pin in architecture.
Warning 15: dsp_top[0].dsp_I2[57] unconnected pin in architecture.
Warning 16: dsp_top[0].dsp_I2[58] unconnected pin in architecture.
Warning 17: dsp_top[0].dsp_I2[59] unconnected pin in architecture.
Warning 18: dsp_top[0].dsp_I2[60] unconnected pin in architecture.
Warning 19: dsp_top[0].dsp_I2[61] unconnected pin in architecture.
Warning 20: dsp_top[0].dsp_I2[62] unconnected pin in architecture.
Warning 21: dsp_top[0].dsp_I2[63] unconnected pin in architecture.
Warning 22: dsp[0].dsp_I2[44] unconnected pin in architecture.
Warning 23: dsp[0].dsp_I2[45] unconnected pin in architecture.
Warning 24: dsp[0].dsp_I2[46] unconnected pin in architecture.
Warning 25: dsp[0].dsp_I2[47] unconnected pin in architecture.
Warning 26: dsp[0].dsp_I2[48] unconnected pin in architecture.
Warning 27: dsp[0].dsp_I2[49] unconnected pin in architecture.
Warning 28: dsp[0].dsp_I2[50] unconnected pin in architecture.
Warning 29: dsp[0].dsp_I2[51] unconnected pin in architecture.
Warning 30: dsp[0].dsp_I2[52] unconnected pin in architecture.
Warning 31: dsp[0].dsp_I2[53] unconnected pin in architecture.
Warning 32: dsp[0].dsp_I2[54] unconnected pin in architecture.
Warning 33: dsp[0].dsp_I2[55] unconnected pin in architecture.
Warning 34: dsp[0].dsp_I2[56] unconnected pin in architecture.
Warning 35: dsp[0].dsp_I2[57] unconnected pin in architecture.
Warning 36: dsp[0].dsp_I2[58] unconnected pin in architecture.
Warning 37: dsp[0].dsp_I2[59] unconnected pin in architecture.
Warning 38: dsp[0].dsp_I2[60] unconnected pin in architecture.
Warning 39: dsp[0].dsp_I2[61] unconnected pin in architecture.
Warning 40: dsp[0].dsp_I2[62] unconnected pin in architecture.
Warning 41: dsp[0].dsp_I2[63] unconnected pin in architecture.
Warning 42: dsp_pb[0].datain[96] unconnected pin in architecture.
Warning 43: dsp_pb[0].datain[97] unconnected pin in architecture.
Warning 44: dsp_pb[0].datain[98] unconnected pin in architecture.
Warning 45: dsp_pb[0].datain[99] unconnected pin in architecture.
Warning 46: dsp_pb[0].datain[100] unconnected pin in architecture.
Warning 47: dsp_pb[0].datain[101] unconnected pin in architecture.
Warning 48: dsp_pb[0].datain[102] unconnected pin in architecture.
Warning 49: dsp_pb[0].datain[103] unconnected pin in architecture.
Warning 50: dsp_pb[0].datain[104] unconnected pin in architecture.
Warning 51: dsp_pb[0].datain[105] unconnected pin in architecture.
Warning 52: dsp_pb[0].datain[106] unconnected pin in architecture.
Warning 53: dsp_pb[0].datain[107] unconnected pin in architecture.
Warning 54: dsp_pb[0].datain[108] unconnected pin in architecture.
Warning 55: dsp_pb[0].datain[109] unconnected pin in architecture.
Warning 56: dsp_pb[0].datain[110] unconnected pin in architecture.
Warning 57: dsp_pb[0].datain[111] unconnected pin in architecture.
Warning 58: dsp_pb[0].datain[112] unconnected pin in architecture.
Warning 59: dsp_pb[0].datain[113] unconnected pin in architecture.
Warning 60: dsp_pb[0].datain[114] unconnected pin in architecture.
Warning 61: dsp_pb[0].datain[115] unconnected pin in architecture.
# Building complex block graph took 0.06 seconds (max_rss 34.0 MiB, delta_rss +15.0 MiB)
Circuit file: softmax_AL_s256.pre-vpr.blif
# Load circuit
Found constant-zero generator 'gnd'
Found constant-zero generator 'unconn'
Found constant-one generator 'vcc'
# Load circuit took 0.51 seconds (max_rss 156.1 MiB, delta_rss +122.0 MiB)
# Clean circuit
Absorbed 28 LUT buffers
Inferred    0 additional primitive pins as constant generators since they have no combinationally connected inputs
Inferred 1052 additional primitive pins as constant generators due to constant inputs
Inferred    0 additional primitive pins as constant generators since they have no combinationally connected inputs
Inferred    0 additional primitive pins as constant generators due to constant inputs
Inferred    0 additional primitive pins as constant generators since they have no combinationally connected inputs
Inferred    0 additional primitive pins as constant generators due to constant inputs
Swept input(s)      : 4
Swept output(s)     : 0 (0 dangling, 0 constant)
Swept net(s)        : 3104
Swept block(s)      : 0
Constant Pins Marked: 1052
# Clean circuit took 0.01 seconds (max_rss 156.1 MiB, delta_rss +0.0 MiB)
# Compress circuit
# Compress circuit took 0.06 seconds (max_rss 156.1 MiB, delta_rss +0.0 MiB)
# Verify circuit
# Verify circuit took 0.02 seconds (max_rss 156.1 MiB, delta_rss +0.0 MiB)
Circuit Statistics:
  Blocks: 57875
    .input         :      44
    .latch         :    6800
    .names         :   35148
        0-LUT:       2
        1-LUT:    2050
        2-LUT:    2293
        3-LUT:    9836
        4-LUT:    4157
        5-LUT:    5479
        6-LUT:   11331
    .output        :       9
    adder          :    5378
    mac_int_9x9    :     256
    single_port_ram:   10240
  Nets  : 64496
    Avg Fanout:     4.3
    Max Fanout: 17296.0
    Min Fanout:     1.0
  Netlist Clocks: 1
# Build Timing Graph
  Timing Graph Nodes: 446811
  Timing Graph Edges: 810589
  Timing Graph Levels: 92
# Build Timing Graph took 0.48 seconds (max_rss 263.8 MiB, delta_rss +107.7 MiB)
Netlist contains 1 clocks
  Netlist Clock 'clk' Fanout: 17296 pins (5.0%), 17296 blocks (29.9%)
# Load Timing Constraints

SDC file 'softmax_AL_s256.sdc' not found
Setting default timing constraints:
   * constrain all primary inputs and primary outputs on netlist clock 'clk'
   * optimize netlist clock to run as fast as possible
Timing constraints created 1 clocks
  Constrained Clock 'clk' Source: 'clk.inpad[0]'

# Load Timing Constraints took 0.04 seconds (max_rss 263.8 MiB, delta_rss +0.0 MiB)
# Packing
## Prepacker

There is one chain in this architecture called "chain" with the following starting points:
	clb[0]/lab[0]/fle[0]/ble5[0]/arithmetic[0]/adder[0].cin[0]

## Prepacker took 0.05 seconds (max_rss 264.3 MiB, delta_rss +0.0 MiB)
## Initializing Pre-Cluster Timing
Warning 62: Block type 'wc' grid location specification endx (6 + w - 1 = 11) falls outside device horizontal range [0,9]
Warning 63: Block type 'dsp_top' grid location specification startx (14 = 14) falls outside device horizontal range [0,9]
Using inter-cluster delay: 2.1832e-09
## Initializing Pre-Cluster Timing took 0.13 seconds (max_rss 266.8 MiB, delta_rss +2.5 MiB)
Begin packing 'softmax_AL_s256.pre-vpr.blif'.

After removing unused inputs...
	total blocks: 57875, total nets: 64496, total inputs: 44, total outputs: 9
Packing with pin utilization targets: io:1,1 clb:0.8,0.6 wc:1,1 dsp_top:1,1 memory:1,1
Packing with high fanout thresholds: io:128 clb:128 wc:128 dsp_top:128 memory:100000
Starting Clustering - Clustering Progress: 
-------------------   --------------------------   ---------
Molecules processed   Number of clusters created   FPGA size
-------------------   --------------------------   ---------
  1860/46271     4%                          281    24 x 24    
  3717/46271     8%                          384    26 x 26    
  5573/46271    12%                          488    34 x 34    
  7458/46271    16%                          615    66 x 66    
  9338/46271    20%                          662    66 x 66    
 11218/46271    24%                          709    66 x 66    
 13098/46271    28%                          760    70 x 70    
 14970/46271    32%                          818    84 x 84    
 16827/46271    36%                          882    98 x 98    
 18678/46271    40%                          994    98 x 98    
 20538/46271    44%                         1114    98 x 98    
 22396/46271    48%                         1254    98 x 98    
 24256/46271    52%                         1395    98 x 98    
 26117/46271    56%                         1540    98 x 98    
 27970/46271    60%                         1684    98 x 98    
 29835/46271    64%                         1835    98 x 98    
 31686/46271    68%                         1983    98 x 98    
 33536/46271    72%                         2147    98 x 98    
 35396/46271    76%                         2282    98 x 98    
 37251/46271    80%                         2391    98 x 98    
 39105/46271    84%                         2519    98 x 98    
 40966/46271    88%                         2649    98 x 98    
 42821/46271    92%                         2802    98 x 98    
 44681/46271    96%                         2895    98 x 98    
 46271/46271   100%                         3026    98 x 98    

Logic Element (fle) detailed count:
  Total number of Logic Elements used : 25006
  LEs used for logic and registers    : 4106
  LEs used for logic only             : 20900
  LEs used for registers only         : 0

FPGA sized to 98 x 98 (auto)
Device Utilization: 0.36 (target 1.00)
	Block Utilization: 0.02 Type: io
	Block Utilization: 0.57 Type: clb
	Block Utilization: 0.44 Type: dsp_top
	Block Utilization: 0.99 Type: memory

Final Clustering Statistics: 
----------   --------   ------------------------------------   --------------------------
Block Type   # Blocks   Avg. # of input clocks and pins used   Avg. # of output pins used
----------   --------   ------------------------------------   --------------------------
     EMPTY          0                                      0                            0   
        io         53                               0.169811                     0.830189   
       clb       2625                                25.8472                      9.13752   
        wc          0                                      0                            0   
   dsp_top         64                                     74                           40   
    memory        284                                44.5915                      36.0563   
Absorbed logical nets 27666 out of 64496 nets, 36830 nets not absorbed.

Netlist conversion complete.

Incr Slack updates 1 in 0.00289625 sec
Full Max Req/Worst Slack updates 1 in 0.00153884 sec
Incr Max Req/Worst Slack updates 0 in 0 sec
Incr Criticality updates 0 in 0 sec
Full Criticality updates 1 in 0.0114876 sec
# Packing took 30.06 seconds (max_rss 533.8 MiB, delta_rss +269.5 MiB)
# Load packing
## Loading packed FPGA netlist file.
Netlist generated from file 'softmax_AL_s256.net'.
Detected 2 constant generators (to see names run with higher pack verbosity)
Warning 64: Netlist connects net reset to both global and non-global pins.
Warning 65: Netlist connects net reset to both global and non-global pins.
Warning 66: Netlist connects net reset to both global and non-global pins.
Warning 67: Netlist connects net reset to both global and non-global pins.
Warning 68: Netlist connects net reset to both global and non-global pins.
Warning 69: Netlist connects net reset to both global and non-global pins.
Warning 70: Netlist connects net reset to both global and non-global pins.
Warning 71: Netlist connects net reset to both global and non-global pins.
Warning 72: Netlist connects net reset to both global and non-global pins.
Warning 73: Netlist connects net reset to both global and non-global pins.
Warning 74: Netlist connects net reset to both global and non-global pins.
Warning 75: Netlist connects net reset to both global and non-global pins.
Warning 76: Netlist connects net reset to both global and non-global pins.
Warning 77: Netlist connects net reset to both global and non-global pins.
Warning 78: Netlist connects net reset to both global and non-global pins.
Warning 79: Netlist connects net reset to both global and non-global pins.
Warning 80: Netlist connects net reset to both global and non-global pins.
Warning 81: Netlist connects net reset to both global and non-global pins.
Warning 82: Netlist connects net reset to both global and non-global pins.
Warning 83: Netlist connects net reset to both global and non-global pins.
Warning 84: Netlist connects net reset to both global and non-global pins.
Warning 85: Netlist connects net reset to both global and non-global pins.
Warning 86: Netlist connects net reset to both global and non-global pins.
Warning 87: Netlist connects net reset to both global and non-global pins.
Warning 88: Netlist connects net reset to both global and non-global pins.
## Loading packed FPGA netlist file. took 2.67 seconds (max_rss 554.8 MiB, delta_rss +21.0 MiB)
Warning 89: Treated 2 constant nets as global which will not be routed (to see net names increase packer verbosity).
Netlist contains 1861 global net to non-global architecture pin connections
Warning 90: Logic block #2972 (gnd) has only 1 output pin 'gnd.O[39]'. It may be a constant generator.
Completed clustering consistency check successfully.

Pb types usage...
  io                     : 53
   inpad                 : 44
   outpad                : 9
  clb                    : 2625
   lab                   : 2625
    fle                  : 25006
     ble5                : 27151
      flut5              : 21773
       lut5              : 21769
        lut              : 21769
       ff                : 6083
      arithmetic         : 5378
       lut4              : 2048
        lut              : 2048
       adder             : 5378
     ble6                : 11331
      lut6               : 11331
       lut               : 11331
      ff                 : 717
  dsp_top                : 64
   dsp                   : 64
    dsp_pb               : 64
     mac_9x9_fixed_pt    : 256
  memory                 : 284
   mem_512x40_sp         : 284
    memory_slice         : 10240

# Load packing took 3.12 seconds (max_rss 554.8 MiB, delta_rss +21.0 MiB)
# Create Device
## Build Device Grid
FPGA sized to 98 x 98: 9604 grid tiles (auto)
## Build Device Grid took 0.03 seconds (max_rss 554.8 MiB, delta_rss +0.0 MiB)
## Build routing resource graph
## Build routing resource graph took 12.93 seconds (max_rss 1288.8 MiB, delta_rss +734.0 MiB)
  RR Graph Nodes: 2199392
  RR Graph Edges: 26882286
# Create Device took 13.83 seconds (max_rss 1288.8 MiB, delta_rss +734.0 MiB)

Resource usage...
	Netlist
		53	blocks of type: io
	Architecture
		3072	blocks of type: io
	Netlist
		2625	blocks of type: clb
	Architecture
		4644	blocks of type: clb
	Netlist
		0	blocks of type: wc
	Architecture
		114	blocks of type: wc
	Netlist
		64	blocks of type: dsp_top
	Architecture
		144	blocks of type: dsp_top
	Netlist
		284	blocks of type: memory
	Architecture
		288	blocks of type: memory

Device Utilization: 0.36 (target 1.00)
	Physical Tile io:
	Block Utilization: 0.02 Logical Block: io
	Physical Tile clb:
	Block Utilization: 0.57 Logical Block: clb
	Physical Tile wc:
	Block Utilization: 0.00 Logical Block: wc
	Physical Tile dsp_top:
	Block Utilization: 0.44 Logical Block: dsp_top
	Physical Tile memory:
	Block Utilization: 0.99 Logical Block: memory

FPGA size limited by block type(s): memory


# Computing router lookahead map
## Computing wire lookahead
## Computing wire lookahead took 13.51 seconds (max_rss 1288.8 MiB, delta_rss +0.0 MiB)
## Computing src/opin lookahead
## Computing src/opin lookahead took 0.21 seconds (max_rss 1288.8 MiB, delta_rss +0.0 MiB)
# Computing router lookahead map took 13.74 seconds (max_rss 1288.8 MiB, delta_rss +0.0 MiB)
# Compressed grid construction
# Compressed grid construction took 0.00 seconds (max_rss 1288.8 MiB, delta_rss +0.0 MiB)

Bounding box mode is Cube

# Computing placement delta delay look-up
RR graph channel widths unchanged, skipping RR graph rebuild
Serial Connection Router is being destroyed. Time spent on path search: 0.000 seconds.
# Computing placement delta delay look-up took 0.07 seconds (max_rss 1288.8 MiB, delta_rss +0.0 MiB)
# Placement
## Initial Placement
Initial placement iteration 0 has finished successfully
## Initial Placement took 0.01 seconds (max_rss 1288.8 MiB, delta_rss +0.0 MiB)
Using simple RL 'Softmax agent' for choosing move and block types

Completed placement consistency check successfully.
Initial placement cost: 1 bb_cost: 8488.73 td_cost: 4.998e-05
Initial placement BB estimate of wirelength: 2.5466e+06
Initial placement estimated Critical Path Delay (CPD): 48.3237 ns
Initial placement estimated setup Total Negative Slack (sTNS): -680961 ns
Initial placement estimated setup Worst Negative Slack (sWNS): -48.3237 ns

Initial placement estimated setup slack histogram:
[ -4.8e-08: -4.3e-08)   356 (  0.3%) |
[ -4.3e-08: -3.9e-08)  1132 (  1.0%) |*
[ -3.9e-08: -3.4e-08)   924 (  0.8%) |*
[ -3.4e-08: -2.9e-08)   319 (  0.3%) |
[ -2.9e-08: -2.4e-08)  1202 (  1.1%) |*
[ -2.4e-08: -1.9e-08)  2550 (  2.3%) |**
[ -1.9e-08: -1.5e-08)  2905 (  2.6%) |**
[ -1.5e-08: -9.7e-09)  1007 (  0.9%) |*
[ -9.7e-09: -4.8e-09) 28098 ( 25.5%) |******************
[ -4.8e-09: -1.9e-11) 71484 ( 65.0%) |*********************************************
Placement contains 0 placement macros involving 0 blocks (average macro size -nan)

Moves per temperature: 21878

---- ------ ------- ------- ---------- ---------- ------- ---------- -------- ------- ------- ------ -------- --------- ------
Tnum   Time       T Av Cost Av BB Cost Av TD Cost     CPD       sTNS     sWNS Ac Rate Std Dev  R lim Crit Exp Tot Moves  Alpha
      (sec)                                          (ns)       (ns)     (ns)                                                 
---- ------ ------- ------- ---------- ---------- ------- ---------- -------- ------- ------- ------ -------- --------- ------
   1    0.4 2.7e-04   0.968    6977.78 4.2558e-05  45.532  -6.09e+05  -45.532   0.657  0.0270   97.0     1.00     21878  1.000
   2    0.4 2.6e-04   0.972    6432.21 4.5093e-05  40.770  -6.57e+05  -40.770   0.636  0.0143   97.0     1.00     43756  0.950
   3    0.4 2.4e-04   0.971    6089.17 4.0848e-05  42.575  -6.43e+05  -42.575   0.607  0.0180   97.0     1.00     65634  0.950
   4    0.3 2.3e-04   0.970    5648.70 4.54e-05    35.813  -5.88e+05  -35.813   0.569  0.0138   97.0     1.00     87512  0.950
   5    0.4 2.2e-04   0.955    5327.37 4.3993e-05  35.404  -6.17e+05  -35.404   0.552  0.0190   97.0     1.00    109390  0.950
   6    0.4 2.1e-04   0.959    4962.25 3.9291e-05  37.138  -6.28e+05  -37.138   0.529  0.0190   97.0     1.00    131268  0.950
   7    0.4 2.0e-04   0.971    4665.17 3.5315e-05  39.042   -6.2e+05  -39.042   0.519  0.0128   97.0     1.00    153146  0.950
   8    0.3 1.9e-04   0.970    4404.47 3.8584e-05  33.999  -6.02e+05  -33.999   0.501  0.0154   97.0     1.00    175024  0.950
   9    0.5 1.8e-04   0.972    4162.75 3.7133e-05  33.962  -5.54e+05  -33.962   0.487  0.0141   97.0     1.00    196902  0.950
  10    0.6 1.7e-04   0.969    3882.93 3.5745e-05  33.939  -5.98e+05  -33.939   0.462  0.0109   97.0     1.00    218780  0.950
  11    0.5 1.6e-04   0.969    3704.82 3.6936e-05  31.052  -5.59e+05  -31.052   0.453  0.0121   97.0     1.00    240658  0.950
  12    0.5 1.5e-04   0.979    3488.62 3.2534e-05  33.963  -5.37e+05  -33.963   0.441  0.0081   97.0     1.00    262536  0.950
  13    0.4 1.5e-04   0.974    3308.22 3.3301e-05  32.382  -5.53e+05  -32.382   0.416  0.0128   97.0     1.00    284414  0.950
  14    0.4 1.4e-04   0.980    3133.87 3.0877e-05  29.976  -5.47e+05  -29.976   0.413  0.0127   94.7     1.17    306292  0.950
  15    0.4 1.3e-04   0.980    3003.26 2.6581e-05  29.369  -5.36e+05  -29.369   0.403  0.0076   92.2     1.35    328170  0.950
  16    0.4 1.3e-04   0.980    2906.18 2.4753e-05  27.732  -5.48e+05  -27.732   0.395  0.0096   88.8     1.60    350048  0.950
  17    0.4 1.2e-04   0.986    2806.57 2.1475e-05  27.553   -5.4e+05  -27.553   0.394  0.0076   84.8     1.89    371926  0.950
  18    0.4 1.1e-04   0.985    2724.84 1.6587e-05  28.675  -5.15e+05  -28.675   0.374  0.0053   80.9     2.18    393804  0.950
  19    0.4 1.1e-04   0.983    2662.59 1.5245e-05  27.314  -5.44e+05  -27.314   0.360  0.0068   75.5     2.57    415682  0.950
  20    0.4 1.0e-04   0.989    2617.87 1.1899e-05  28.026  -5.21e+05  -28.026   0.356  0.0062   69.4     3.01    437560  0.950
  21    0.4 9.7e-05   0.984    2559.02 1.23e-05    26.052  -5.09e+05  -26.052   0.348  0.0084   63.6     3.44    459438  0.950
  22    0.4 9.2e-05   0.995    2514.47 1.122e-05   25.349  -5.18e+05  -25.349   0.326  0.0034   57.7     3.87    481316  0.950
  23    0.5 8.8e-05   0.987    2481.16 9.9992e-06  25.292  -5.11e+05  -25.292   0.321  0.0074   51.1     4.35    503194  0.950
  24    0.5 8.3e-05   0.988    2417.85 8.3018e-06  25.455  -5.48e+05  -25.455   0.300  0.0063   45.0     4.79    525072  0.950
  25    0.5 7.9e-05   0.990    2381.36 8.4475e-06  24.423  -5.08e+05  -24.423   0.297  0.0047   38.7     5.25    546950  0.950
  26    0.5 7.5e-05   0.989    2351.33 7.3657e-06  24.540  -5.06e+05  -24.540   0.291  0.0059   33.2     5.65    568828  0.950
  27    0.5 7.1e-05   0.995    2324.25 6.8271e-06  24.319  -5.01e+05  -24.319   0.275  0.0016   28.2     6.02    590706  0.950
  28    0.5 6.8e-05   0.991    2317.09 5.1632e-06  25.121  -5.02e+05  -25.121   0.272  0.0036   23.5     6.36    612584  0.950
  29    0.5 6.4e-05   0.990    2288.36 6.2596e-06  23.911  -5.16e+05  -23.911   0.262  0.0036   19.6     6.65    634462  0.950
  30    0.5 6.1e-05   0.990    2256.52 6.2624e-06  23.534  -5.07e+05  -23.534   0.255  0.0034   16.1     6.90    656340  0.950
  31    0.5 5.8e-05   0.977    2195.60 5.3007e-06  23.780  -5.01e+05  -23.780   0.382  0.0091   13.1     7.12    678218  0.950
  32    0.4 5.5e-05   0.987    2133.74 5.4522e-06  23.395  -5.05e+05  -23.395   0.354  0.0058   12.4     7.17    700096  0.950
  33    0.4 5.3e-05   0.993    2112.31 5.5191e-06  23.000     -5e+05  -23.000   0.337  0.0026   11.3     7.25    721974  0.950
  34    0.4 5.0e-05   0.994    2100.52 5.499e-06   22.855  -5.02e+05  -22.855   0.331  0.0031   10.1     7.33    743852  0.950
  35    0.5 4.7e-05   0.996    2085.32 5.9428e-06  22.335  -4.98e+05  -22.335   0.323  0.0021    9.0     7.41    765730  0.950
  36    0.5 4.5e-05   0.994    2071.18 4.5852e-06  23.063  -4.91e+05  -23.063   0.325  0.0029    8.0     7.49    787608  0.950
  37    0.4 4.3e-05   0.995    2054.66 5.4988e-06  22.386  -4.86e+05  -22.386   0.304  0.0025    7.1     7.56    809486  0.950
  38    0.3 4.1e-05   0.997    2051.18 5.1502e-06  22.432  -4.86e+05  -22.432   0.305  0.0011    6.1     7.63    831364  0.950
  39    0.5 3.9e-05   0.994    2033.27 5.2383e-06  22.355  -4.81e+05  -22.355   0.305  0.0026    5.3     7.69    853242  0.950
  40    0.5 3.7e-05   0.996    2020.82 5.3777e-06  22.107  -4.82e+05  -22.107   0.299  0.0018    4.6     7.74    875120  0.950
  41    0.5 3.5e-05   0.997    2012.68 5.0229e-06  22.310  -4.84e+05  -22.310   0.306  0.0021    3.9     7.79    896998  0.950
  42    0.5 3.3e-05   0.997    1998.07 5.3047e-06  21.981  -4.87e+05  -21.981   0.295  0.0014    3.4     7.83    918876  0.950
  43    0.5 3.1e-05   0.995    1983.70 5.2009e-06  22.008  -4.94e+05  -22.008   0.388  0.0029    2.9     7.86    940754  0.950
  44    0.5 3.0e-05   0.995    1968.07 5.5083e-06  21.768  -4.85e+05  -21.768   0.371  0.0018    2.7     7.87    962632  0.950
  45    0.5 2.8e-05   0.997    1959.74 5.1593e-06  21.865  -4.75e+05  -21.865   0.360  0.0009    2.6     7.89    984510  0.950
  46    0.5 2.7e-05   0.996    1953.91 4.7776e-06  22.039  -4.81e+05  -22.039   0.346  0.0017    2.4     7.90   1006388  0.950
  47    0.4 2.6e-05   0.997    1943.10 5.4657e-06  21.677  -4.83e+05  -21.677   0.330  0.0010    2.1     7.92   1028266  0.950
  48    0.4 2.4e-05   0.995    1930.23 5.445e-06   21.656  -4.82e+05  -21.656   0.458  0.0020    1.9     7.93   1050144  0.950
  49    0.4 2.3e-05   0.997    1921.49 4.5652e-06  22.049  -4.83e+05  -22.049   0.449  0.0012    1.9     7.93   1072022  0.950
  50    0.4 2.2e-05   0.999    1918.88 4.628e-06   21.906   -4.8e+05  -21.906   0.442  0.0004    1.9     7.93   1093900  0.950
  51    0.3 2.1e-05   0.997    1913.97 4.7537e-06  21.857  -4.84e+05  -21.857   0.426  0.0009    1.9     7.93   1115778  0.950
  52    0.4 2.0e-05   0.997    1909.63 5.0684e-06  21.678  -4.82e+05  -21.678   0.418  0.0012    1.9     7.93   1137656  0.950
  53    0.3 1.9e-05   0.998    1905.96 4.7967e-06  21.788  -4.83e+05  -21.788   0.403  0.0009    1.9     7.94   1159534  0.950
  54    0.4 1.8e-05   0.998    1901.43 4.6779e-06  21.827  -4.82e+05  -21.827   0.401  0.0009    1.8     7.94   1181412  0.950
  55    0.3 1.7e-05   0.999    1898.83 4.5278e-06  21.857  -4.83e+05  -21.857   0.383  0.0009    1.7     7.95   1203290  0.950
  56    0.4 1.6e-05   0.998    1893.26 4.8026e-06  21.659  -4.82e+05  -21.659   0.369  0.0011    1.6     7.95   1225168  0.950
  57    0.3 1.5e-05   0.998    1888.55 4.8796e-06  21.532  -4.78e+05  -21.532   0.359  0.0005    1.5     7.96   1247046  0.950
  58    0.3 1.5e-05   0.999    1886.88 4.8625e-06  21.532  -4.81e+05  -21.532   0.348  0.0008    1.4     7.97   1268924  0.950
  59    0.4 1.4e-05   0.999    1883.17 4.8803e-06  21.532  -4.81e+05  -21.532   0.342  0.0006    1.3     7.98   1290802  0.950
  60    0.3 1.3e-05   0.999    1881.09 4.9224e-06  21.568  -4.84e+05  -21.568   0.329  0.0004    1.1     7.99   1312680  0.950
  61    0.3 1.2e-05   0.999    1877.49 4.3788e-06  21.843  -4.84e+05  -21.843   0.318  0.0007    1.0     8.00   1334558  0.950
  62    0.3 1.2e-05   0.999    1874.18 4.7911e-06  21.568  -4.79e+05  -21.568   0.301  0.0005    1.0     8.00   1356436  0.950
  63    0.4 1.1e-05   0.999    1871.76 5.0861e-06  21.411  -4.83e+05  -21.411   0.295  0.0006    1.0     8.00   1378314  0.950
  64    0.3 1.1e-05   0.999    1870.15 4.6142e-06  21.619  -4.82e+05  -21.619   0.285  0.0003    1.0     8.00   1400192  0.950
  65    0.3 1.0e-05   0.999    1867.58 4.7545e-06  21.532  -4.82e+05  -21.532   0.267  0.0005    1.0     8.00   1422070  0.950
  66    0.4 9.7e-06   0.999    1865.09 4.5596e-06  21.655  -4.75e+05  -21.655   0.261  0.0006    1.0     8.00   1443948  0.950
  67    0.3 9.2e-06   0.999    1860.86 4.4824e-06  21.655  -4.74e+05  -21.655   0.253  0.0004    1.0     8.00   1465826  0.950
  68    0.4 8.7e-06   1.000    1859.95 4.5381e-06  21.619  -4.74e+05  -21.619   0.241  0.0003    1.0     8.00   1487704  0.950
  69    0.4 8.3e-06   0.999    1857.79 4.5099e-06  21.655  -4.83e+05  -21.655   0.237  0.0006    1.0     8.00   1509582  0.950
  70    0.4 7.9e-06   0.999    1855.69 4.4935e-06  21.655  -4.76e+05  -21.655   0.222  0.0003    1.0     8.00   1531460  0.950
  71    0.4 7.5e-06   0.999    1855.09 4.4779e-06  21.619  -4.74e+05  -21.619   0.208  0.0003    1.0     8.00   1553338  0.950
  72    0.4 7.1e-06   0.999    1852.89 4.3908e-06  21.655  -4.77e+05  -21.655   0.204  0.0004    1.0     8.00   1575216  0.950
  73    0.3 6.7e-06   1.000    1852.14 4.5755e-06  21.568  -4.76e+05  -21.568   0.198  0.0002    1.0     8.00   1597094  0.950
  74    0.4 6.4e-06   0.999    1850.62 4.5487e-06  21.568   -4.8e+05  -21.568   0.189  0.0003    1.0     8.00   1618972  0.950
  75    0.4 6.1e-06   0.999    1848.46 4.5204e-06  21.568  -4.75e+05  -21.568   0.179  0.0003    1.0     8.00   1640850  0.950
  76    0.5 5.8e-06   1.000    1847.36 4.5497e-06  21.532  -4.75e+05  -21.532   0.172  0.0001    1.0     8.00   1662728  0.950
  77    0.4 5.5e-06   0.999    1846.15 4.6124e-06  21.532  -4.74e+05  -21.532   0.164  0.0003    1.0     8.00   1684606  0.950
  78    0.4 5.2e-06   1.000    1845.31 4.5219e-06  21.568  -4.74e+05  -21.568   0.156  0.0003    1.0     8.00   1706484  0.950
  79    0.4 5.0e-06   1.000    1843.43 4.4915e-06  21.568  -4.73e+05  -21.568   0.146  0.0002    1.0     8.00   1728362  0.950
Agent's 2nd state: 
  80    0.3 4.0e-06   0.999    1841.96 4.5637e-06  21.532  -4.74e+05  -21.532   0.126  0.0003    1.0     8.00   1750240  0.800
Checkpoint saved: bb_costs=1841.05, TD costs=4.53457e-06, CPD= 21.532 (ns) 
  81    0.3 3.2e-06   0.999    1840.43 4.5306e-06  21.532  -4.79e+05  -21.532   0.084  0.0004    1.0     8.00   1772118  0.800
  82    0.4 2.5e-06   1.000    1839.27 4.644e-06   21.568  -4.78e+05  -21.568   0.072  0.0003    1.0     8.00   1793996  0.800
  83    0.4 2.0e-06   0.999    1838.35 4.6739e-06  21.532  -4.75e+05  -21.532   0.056  0.0002    1.0     8.00   1815874  0.800
  84    0.4 1.6e-06   1.000    1837.73 4.4344e-06  21.568  -4.75e+05  -21.568   0.050  0.0001    1.0     8.00   1837752  0.800
  85    0.4 1.3e-06   1.000    1837.32 4.494e-06   21.532  -4.76e+05  -21.532   0.041  0.0002    1.0     8.00   1859630  0.800
  86    0.4 1.0e-06   1.000    1837.29 4.6732e-06  21.532  -4.77e+05  -21.532   0.035  0.0001    1.0     8.00   1881508  0.800
  87    0.4 8.3e-07   1.000    1836.93 4.6458e-06  21.532  -4.75e+05  -21.532   0.030  0.0001    1.0     8.00   1903386  0.800
  88    0.5 6.7e-07   1.000    1836.64 4.6448e-06  21.532  -4.74e+05  -21.532   0.024  0.0001    1.0     8.00   1925264  0.800
  89    0.5 5.3e-07   1.000    1836.44 4.6138e-06  21.532  -4.73e+05  -21.532   0.022  0.0000    1.0     8.00   1947142  0.800
  90    0.3 4.3e-07   1.000    1836.42 4.6095e-06  21.532  -4.72e+05  -21.532   0.020  0.0000    1.0     8.00   1969020  0.800
  91    0.3 3.4e-07   1.000    1836.33 4.6177e-06  21.532  -4.72e+05  -21.532   0.017  0.0000    1.0     8.00   1990898  0.800
  92    0.3 2.7e-07   1.000    1836.21 4.6096e-06  21.532  -4.72e+05  -21.532   0.013  0.0000    1.0     8.00   2012776  0.800
  93    0.3 2.2e-07   1.000    1836.14 4.6198e-06  21.532  -4.72e+05  -21.532   0.013  0.0000    1.0     8.00   2034654  0.800
  94    0.5 1.7e-07   1.000    1836.15 4.6165e-06  21.532  -4.72e+05  -21.532   0.013  0.0000    1.0     8.00   2056532  0.800
  95    0.5 1.4e-07   1.000    1836.03 4.6071e-06  21.532  -4.71e+05  -21.532   0.011  0.0000    1.0     8.00   2078410  0.800
  96    0.4 0.0e+00   1.000    1836.09 4.6134e-06  21.532  -4.71e+05  -21.532   0.005  0.0000    1.0     8.00   2100288  0.800
## Placement Quench took 0.44 seconds (max_rss 1288.8 MiB)
post-quench CPD = 21.5322 (ns) 

Completed placement consistency check successfully.

Swaps called: 2103314

Aborted Move Reasons:
  No moves aborted

BB estimate of min-dist (placement) wire length: 550824

Placement estimated critical path delay (least slack): 21.5322 ns, Fmax: 46.442 MHz
Placement estimated setup Worst Negative Slack (sWNS): -21.5322 ns
Placement estimated setup Total Negative Slack (sTNS): -470706 ns

Placement estimated setup slack histogram:
[ -2.2e-08: -1.9e-08)  1454 (  1.3%) |*
[ -1.9e-08: -1.7e-08)   892 (  0.8%) |*
[ -1.7e-08: -1.5e-08)   884 (  0.8%) |*
[ -1.5e-08: -1.3e-08)  1020 (  0.9%) |*
[ -1.3e-08: -1.1e-08)  2209 (  2.0%) |**
[ -1.1e-08: -8.6e-09)  3603 (  3.3%) |***
[ -8.6e-09: -6.5e-09)   415 (  0.4%) |
[ -6.5e-09: -4.3e-09) 21906 ( 19.9%) |****************
[ -4.3e-09: -2.2e-09) 61911 ( 56.3%) |*********************************************
[ -2.2e-09: -1.9e-11) 15683 ( 14.3%) |***********

Placement estimated geomean non-virtual intra-domain period: 21.5322 ns (46.442 MHz)
Placement estimated fanout-weighted geomean non-virtual intra-domain period: 21.5322 ns (46.442 MHz)

Placement cost: 0.999972, bb_cost: 1836.12, td_cost: 4.60919e-06, 

Placement resource usage:
  io      implemented as io     : 53
  clb     implemented as clb    : 2625
  dsp_top implemented as dsp_top: 64
  memory  implemented as memory : 284

Placement number of temperatures: 96
Placement total # of swap attempts: 2103314
	Swaps accepted:  617618 (29.4 %)
	Swaps rejected: 1472461 (70.0 %)
	Swaps aborted:   13235 ( 0.6 %)


Placement perturbation distribution by block and move type: 
------------------ ----------------- ---------------- ---------------- --------------- ------------ 
    Block Type         Move Type       (%) of Total      Accepted(%)     Rejected(%)    Aborted(%)
------------------ ----------------- ---------------- ---------------- --------------- ------------ 
io                 Uniform                0.40             77.71           22.29          0.00         
                   Median                 0.40             60.40           20.64          18.96        
                   Centroid               0.40             77.05           22.86          0.09         
                   W. Centroid            0.41             76.96           22.84          0.20         
                   W. Median              0.04             15.42           66.08          18.50        

clb                Uniform                20.12            16.69           83.31          0.00         
                   Median                 20.18            42.74           57.10          0.16         
                   Centroid               20.11            36.80           63.09          0.11         
                   W. Centroid            20.18            37.30           62.58          0.12         
                   W. Median              2.06             4.07            95.69          0.24         
                   Crit. Uniform          2.37             0.44            99.56          0.00         
                   Feasible Region        2.37             0.72            99.28          0.00         

dsp_top            Uniform                0.50             2.99            97.01          0.00         
                   Median                 0.48             6.69            93.31          0.00         
                   Centroid               0.48             5.52            94.48          0.00         
                   W. Centroid            0.50             4.89            95.11          0.00         
                   W. Median              0.05             0.00            100.00         0.00         

memory             Uniform                2.17             7.94            92.06          0.00         
                   Median                 2.18             14.57           76.03          9.40         
                   Centroid               2.17             12.16           84.16          3.69         
                   W. Centroid            2.19             12.81           80.75          6.44         
                   W. Median              0.22             9.45            75.10          15.45        


Placement Quench timing analysis took 0.123581 seconds (0.113818 STA, 0.00976293 slack) (1 full updates: 1 setup, 0 hold, 0 combined).
Placement Total  timing analysis took 12.665 seconds (10.8329 STA, 1.83215 slack) (98 full updates: 98 setup, 0 hold, 0 combined).
update_td_costs: connections 0 nets 0 sum_nets 0 total 0
# Placement took 40.44 seconds (max_rss 1288.8 MiB, delta_rss +0.0 MiB)

# Routing
RR graph channel widths unchanged, skipping RR graph rebuild
## Initializing router criticalities
Initial Net Connection Criticality Histogram:
[        0:      0.1) 14516 ( 17.0%) |*********************************************
[      0.1:      0.2) 11868 ( 13.9%) |*************************************
[      0.2:      0.3)  9497 ( 11.1%) |*****************************
[      0.3:      0.4)  2732 (  3.2%) |********
[      0.4:      0.5)  6178 (  7.2%) |*******************
[      0.5:      0.6)  5769 (  6.8%) |******************
[      0.6:      0.7) 11727 ( 13.8%) |************************************
[      0.7:      0.8) 10543 ( 12.4%) |*********************************
[      0.8:      0.9)  9404 ( 11.0%) |*****************************
[      0.9:        1)  3024 (  3.5%) |*********
## Initializing router criticalities took 1.17 seconds (max_rss 1288.8 MiB, delta_rss +0.0 MiB)
---- ------ ------- ---- ------- ------- ------- ----------------- --------------- -------- ---------- ---------- ---------- ---------- --------
Iter   Time    pres  BBs    Heap  Re-Rtd  Re-Rtd Overused RR Nodes      Wirelength      CPD       sTNS       sWNS       hTNS       hWNS Est Succ
      (sec)     fac Updt    push    Nets   Conns                                       (ns)       (ns)       (ns)       (ns)       (ns)     Iter
---- ------ ------- ---- ------- ------- ------- ----------------- --------------- -------- ---------- ---------- ---------- ---------- --------
   1    2.1     0.0    0 1.2e+07   36826   82236   37955 ( 1.726%)  861978 (15.4%)   22.730 -6.128e+05    -22.730     -4.841     -0.019      N/A
Incr Slack updates 98 in 0.352206 sec
Full Max Req/Worst Slack updates 54 in 0.082046 sec
Incr Max Req/Worst Slack updates 44 in 0.0909346 sec
Incr Criticality updates 21 in 0.108397 sec
Full Criticality updates 77 in 1.04726 sec
   2    1.8     0.5    0 1.2e+07   25365   67012   17140 ( 0.779%)  847992 (15.2%)   22.937 -5.937e+05    -22.937     -4.841     -0.019      N/A
   3    1.4     0.6    0 8605411   17019   49437   12284 ( 0.559%)  852670 (15.3%)   22.730 -6.209e+05    -22.730     -4.841     -0.019      N/A
   4    1.1     0.8    0 6800756   13076   39892    9039 ( 0.411%)  854729 (15.3%)   22.730 -6.211e+05    -22.730     -4.841     -0.019      N/A
   5    0.9     1.1    0 5084549   10255   32252    6497 ( 0.295%)  857304 (15.3%)   22.730 -6.222e+05    -22.730     -4.841     -0.019      N/A
   6    0.7     1.4    0 3506388    7550   24736    4480 ( 0.204%)  860833 (15.4%)   22.730 -6.206e+05    -22.730     -4.841     -0.019      N/A
   7    0.6     1.9    0 2344497    5476   18810    3119 ( 0.142%)  863630 (15.5%)   22.730 -6.247e+05    -22.730     -4.841     -0.019      N/A
   8    0.5     2.4    0 1591355    3893   13656    1956 ( 0.089%)  865826 (15.5%)   22.730 -6.261e+05    -22.730     -4.841     -0.019      N/A
   9    0.4     3.1    0 1031556    2563    9574    1262 ( 0.057%)  867725 (15.5%)   22.730 -6.265e+05    -22.730     -4.841     -0.019      N/A
  10    0.3     4.1    0  732849    1815    6951     768 ( 0.035%)  870228 (15.6%)   22.730 -6.255e+05    -22.730     -4.841     -0.019       26
  11    0.3     5.3    0  439193    1074    4259     391 ( 0.018%)  871243 (15.6%)   22.730 -6.256e+05    -22.730     -4.841     -0.019       25
  12    0.3     6.9    0  272732     573    2374     220 ( 0.010%)  871901 (15.6%)   22.730 -6.257e+05    -22.730     -4.841     -0.019       24
  13    0.2     9.0    0  172247     336    1435     102 ( 0.005%)  872186 (15.6%)   22.730 -6.257e+05    -22.730     -4.841     -0.019       22
  14    0.2    11.6    0   84926     148     682      49 ( 0.002%)  872410 (15.6%)   22.730 -6.257e+05    -22.730     -4.841     -0.019       21
  15    0.2    15.1    0   45490      81     302      22 ( 0.001%)  872538 (15.6%)   22.730 -6.257e+05    -22.730     -4.841     -0.019       21
  16    0.2    19.7    0   35687      33     179       8 ( 0.000%)  872598 (15.6%)   22.730 -6.257e+05    -22.730     -4.841     -0.019       20
  17    0.2    25.6    0   22690      20     111       3 ( 0.000%)  872610 (15.6%)   22.730 -6.257e+05    -22.730     -4.841     -0.019       19
  18    0.2    33.3    0   21221       9      83       1 ( 0.000%)  872642 (15.6%)   22.730 -6.257e+05    -22.730     -4.841     -0.019       19
  19    0.2    43.3    0   19016       7      72       1 ( 0.000%)  872606 (15.6%)   22.823 -6.257e+05    -22.823     -4.841     -0.019       18
  20    0.2    56.2    0  177080     395    1987       8 ( 0.000%)  872882 (15.6%)   22.823 -6.260e+05    -22.823     -4.841     -0.019       19
  21    0.2    73.1    0  174305     392    2002       2 ( 0.000%)  872982 (15.6%)   22.823 -6.257e+05    -22.823     -4.841     -0.019       20
  22    0.2    95.0    0  171596     368    1896       0 ( 0.000%)  872978 (15.6%)   22.823 -6.260e+05    -22.823     -4.841     -0.019       21
Restoring best routing
Critical path: 22.8229 ns
Successfully routed after 22 routing iterations.
Final Net Connection Criticality Histogram:
[        0:      0.1)  9743 ( 11.4%) |**************************************
[      0.1:      0.2) 10348 ( 12.1%) |****************************************
[      0.2:      0.3) 11552 ( 13.5%) |*********************************************
[      0.3:      0.4)  6011 (  7.1%) |***********************
[      0.4:      0.5)  6626 (  7.8%) |**************************
[      0.5:      0.6)  6680 (  7.8%) |**************************
[      0.6:      0.7) 10839 ( 12.7%) |******************************************
[      0.7:      0.8) 10412 ( 12.2%) |*****************************************
[      0.8:      0.9)  9779 ( 11.5%) |**************************************
[      0.9:        1)  3268 (  3.8%) |*************
Router Stats: total_nets_routed: 127274 total_connections_routed: 359938 total_heap_pushes: 55681458 total_heap_pops: 12949629 
Serial Connection Router is being destroyed. Time spent on path search: 6.498 seconds.
# Routing took 14.35 seconds (max_rss 1288.8 MiB, delta_rss +0.0 MiB)

Checking to ensure routing is legal...
# Checking to ensure non-configurable edges are legal
# Checking to ensure non-configurable edges are legal took 0.12 seconds (max_rss 1288.8 MiB, delta_rss +0.0 MiB)
Completed routing consistency check successfully.

Serial number (magic cookie) for the routing is: 1238791735
Circuit successfully routed with a channel width factor of 300.
# Synchronize the packed netlist to routing optimization
## Annotating rr_node with routed nets
## Annotating rr_node with routed nets took 0.03 seconds (max_rss 1288.8 MiB, delta_rss +0.0 MiB)
Found 95162 mismatches between routing and packing results.
Fixed 62426 routing traces due to mismatch between routing and packing results.
# Synchronize the packed netlist to routing optimization took 0.45 seconds (max_rss 1288.8 MiB, delta_rss +0.0 MiB)
Final Clustering Statistics: 
----------   --------   ------------------------------------   --------------------------
Block Type   # Blocks   Avg. # of input clocks and pins used   Avg. # of output pins used
----------   --------   ------------------------------------   --------------------------
     EMPTY          0                                      0                            0   
        io         53                               0.169811                     0.830189   
       clb       2625                                25.8472                      9.13752   
        wc          0                                      0                            0   
   dsp_top         64                                     74                           40   
    memory        284                                44.5915                      36.0563   
Absorbed logical nets 27666 out of 64496 nets, 36830 nets not absorbed.


Average number of bends per net: 1.93866  Maximum # of bends: 170

Number of global nets: 4
Number of routed nets (nonglobal): 36826
Wire length results (in units of 1 clb segments)...
	Total wirelength: 872978, average net length: 23.7055
	Maximum net length: 2200

Wire length results in terms of physical segments...
	Total wiring segments used: 184473, average wire segments per net: 5.00931
	Maximum segments used by a net: 462
	Total local nets with reserved CLB opins: 0
Total number of nets absorbed: 0

Routing channel utilization histogram:
[        1:      inf)    0 (  0.0%) |
[      0.9:        1)    0 (  0.0%) |
[      0.8:      0.9)    0 (  0.0%) |
[      0.7:      0.8)    9 (  0.0%) |
[      0.5:      0.6)  186 (  1.0%) |*
[      0.4:      0.5)  982 (  5.2%) |*****
[      0.3:      0.4) 2426 ( 12.9%) |*************
[      0.2:      0.3) 3240 ( 17.2%) |*****************
[      0.1:      0.2) 3393 ( 18.0%) |******************
[        0:      0.1) 8582 ( 45.6%) |**********************************************
Maximum routing channel utilization:      0.64 at (47,52)

X - Directed channels: layer   y   max occ   ave occ   ave cap
                        ----- ---- -------- -------- --------
                            0    0       22    8.479      300
                            0    1       14    4.708      300
                            0    2       11    3.823      300
                            0    3       16    4.969      300
                            0    4       20    5.000      300
                            0    5       36    9.219      300
                            0    6       33    7.448      300
                            0    7       47   12.531      300
                            0    8       52   17.260      300
                            0    9       94   25.427      300
                            0   10       91   25.490      300
                            0   11       89   30.500      300
                            0   12      108   35.969      300
                            0   13      104   35.615      300
                            0   14       93   36.688      300
                            0   15       99   40.042      300
                            0   16       97   40.719      300
                            0   17      100   41.552      300
                            0   18      117   47.667      300
                            0   19      103   46.250      300
                            0   20       96   46.510      300
                            0   21      112   50.552      300
                            0   22      133   52.615      300
                            0   23      119   51.615      300
                            0   24      130   49.396      300
                            0   25      115   49.594      300
                            0   26      125   52.104      300
                            0   27      114   52.479      300
                            0   28      104   52.521      300
                            0   29      126   55.219      300
                            0   30      129   64.854      300
                            0   31      135   59.594      300
                            0   32      144   53.594      300
                            0   33      145   54.448      300
                            0   34      128   49.823      300
                            0   35      135   56.052      300
                            0   36      130   58.010      300
                            0   37      127   60.885      300
                            0   38      140   68.240      300
                            0   39      127   62.240      300
                            0   40      135   65.615      300
                            0   41      122   63.542      300
                            0   42      131   61.927      300
                            0   43      139   58.594      300
                            0   44      140   62.562      300
                            0   45      159   70.760      300
                            0   46      159   69.354      300
                            0   47      167   74.115      300
                            0   48      158   72.271      300
                            0   49      169   69.656      300
                            0   50      168   70.469      300
                            0   51      165   70.406      300
                            0   52      166   72.531      300
                            0   53      172   71.469      300
                            0   54      156   69.417      300
                            0   55      158   73.875      300
                            0   56      135   68.448      300
                            0   57      139   69.479      300
                            0   58      152   78.625      300
                            0   59      133   73.021      300
                            0   60      128   68.125      300
                            0   61      123   67.823      300
                            0   62      136   70.854      300
                            0   63      122   66.469      300
                            0   64      148   69.292      300
                            0   65      138   69.156      300
                            0   66      127   60.604      300
                            0   67      125   60.219      300
                            0   68      122   65.292      300
                            0   69      109   60.417      300
                            0   70      110   60.000      300
                            0   71      106   51.104      300
                            0   72      104   51.042      300
                            0   73      108   53.573      300
                            0   74      108   51.969      300
                            0   75      114   49.875      300
                            0   76      112   46.562      300
                            0   77      112   49.115      300
                            0   78      121   47.760      300
                            0   79      126   48.740      300
                            0   80      122   52.479      300
                            0   81      109   48.906      300
                            0   82      115   53.396      300
                            0   83      118   55.500      300
                            0   84      111   48.104      300
                            0   85      125   45.219      300
                            0   86      104   37.646      300
                            0   87      121   39.198      300
                            0   88      111   33.875      300
                            0   89      103   30.031      300
                            0   90       85   28.615      300
                            0   91       87   30.688      300
                            0   92       85   23.000      300
                            0   93       63   17.135      300
                            0   94       41   11.646      300
                            0   95       47   13.583      300
                            0   96       55   17.531      300
Y - Directed channels: layer   x   max occ   ave occ   ave cap
                        ----- ---- -------- -------- --------
                            0    0       84   48.802      300
                            0    1      109   72.510      300
                            0    2      126   85.000      300
                            0    3      103   49.115      300
                            0    4       97   39.708      300
                            0    5       84   32.604      300
                            0    6        1    0.083      300
                            0    7        4    0.917      300
                            0    8        2    0.208      300
                            0    9        3    1.500      300
                            0   10        2    0.583      300
                            0   11       38    9.708      300
                            0   12       52   16.792      300
                            0   13       87   33.521      300
                            0   14      101   46.042      300
                            0   15       81   45.615      300
                            0   16      119   59.948      300
                            0   17      138  100.625      300
                            0   18      142   96.896      300
                            0   19      109   68.865      300
                            0   20      114   71.042      300
                            0   21       95   53.844      300
                            0   22        1    0.083      300
                            0   23        2    0.375      300
                            0   24        6    1.958      300
                            0   25        6    2.198      300
                            0   26        3    0.740      300
                            0   27       78   34.333      300
                            0   28      108   54.719      300
                            0   29      128   69.875      300
                            0   30      143   83.302      300
                            0   31      119   72.167      300
                            0   32      134   90.375      300
                            0   33      159  114.167      300
                            0   34      164  111.250      300
                            0   35      137   82.458      300
                            0   36      167   85.958      300
                            0   37      136   69.562      300
                            0   38       10    3.417      300
                            0   39       10    2.521      300
                            0   40       10    4.135      300
                            0   41        9    3.677      300
                            0   42       10    3.812      300
                            0   43      138   52.823      300
                            0   44      177   69.990      300
                            0   45      170   88.583      300
                            0   46      171   97.135      300
                            0   47      193  100.729      300
                            0   48      178  106.500      300
                            0   49      188  125.531      300
                            0   50      179  119.781      300
                            0   51      171   93.844      300
                            0   52      159   84.104      300
                            0   53      106   60.396      300
                            0   54       11    2.479      300
                            0   55        7    2.167      300
                            0   56        8    2.615      300
                            0   57        5    1.625      300
                            0   58       11    2.469      300
                            0   59      110   47.792      300
                            0   60      130   69.250      300
                            0   61      173   97.948      300
                            0   62      160   98.594      300
                            0   63      155   96.042      300
                            0   64      149   95.406      300
                            0   65      155  114.198      300
                            0   66      155  114.052      300
                            0   67      136   80.094      300
                            0   68      123   67.708      300
                            0   69       82   46.219      300
                            0   70        6    0.885      300
                            0   71       12    0.969      300
                            0   72       10    1.469      300
                            0   73        6    1.000      300
                            0   74        8    0.438      300
                            0   75       82   35.521      300
                            0   76      106   46.823      300
                            0   77      135   63.448      300
                            0   78      145   65.000      300
                            0   79      107   56.781      300
                            0   80      119   70.312      300
                            0   81      153   94.323      300
                            0   82      142   87.875      300
                            0   83       93   44.990      300
                            0   84       65   25.042      300
                            0   85       35   14.854      300
                            0   86        0    0.000      300
                            0   87        0    0.000      300
                            0   88        0    0.000      300
                            0   89        0    0.000      300
                            0   90        0    0.000      300
                            0   91        5    0.250      300
                            0   92        1    0.083      300
                            0   93        0    0.000      300
                            0   94        0    0.000      300
                            0   95        0    0.000      300
                            0   96        0    0.000      300

Total existing wires segments: CHANX 453156, CHANY 419822, ALL 872978
Total used wires segments:     CHANX 453156, CHANY 419822, ALL 872978
Usage percentage:               CHANX 0%, CHANY -1%, ALL 1666303652%

Logic area (in minimum width transistor areas, excludes I/Os and empty grid tiles)...
	Total logic block area (Warning, need to add pitch of routing to blocks with height > 3): 4.70259e+08
	Total used logic block area: 1.28588e+08

Routing area (in minimum width transistor areas)...
	Total routing area: 1.59359e+08, per logic tile: 16592.9

Total Number of Wiring Segments by Direction: direction length number
                                              --------- ------ -------
                                                      X      4 624194
                                                      Y      4 624194
                                                      X     16  26918
                                                      Y     16  26918

X - Directed Wiring Segment usage by length: length utilization
                                             ------ -----------
                                             4       0.138
                                            16       0.262

Y - Directed Wiring Segment usage by length: length utilization
                                             ------ -----------
                                             4       0.139
                                            16       0.169

Segment occupancy by length: Length Occupancy Capacity Utilization
                             ------ --------- -------- -----------
                             L4        172871  1248388       0.138
                             L16        11602    53836       0.216

Segment occupancy by type: name type utilization
                           ---- ---- -----------
                             L4    0       0.138
                            L16    1       0.216

Final hold Worst Negative Slack (hWNS): -0.01891 ns
Final hold Total Negative Slack (hTNS): -4.84097 ns

Final hold slack histogram:
[ -1.9e-11:  9.7e-10) 17444 ( 15.9%) |*******************************
[  9.7e-10:    2e-09)  9833 (  8.9%) |******************
[    2e-09:    3e-09) 22974 ( 20.9%) |*****************************************
[    3e-09:    4e-09) 25143 ( 22.9%) |*********************************************
[    4e-09:  4.9e-09) 19968 ( 18.2%) |************************************
[  4.9e-09:  5.9e-09) 10720 (  9.7%) |*******************
[  5.9e-09:  6.9e-09)  2825 (  2.6%) |*****
[  6.9e-09:  7.9e-09)   929 (  0.8%) |**
[  7.9e-09:  8.9e-09)   131 (  0.1%) |
[  8.9e-09:  9.9e-09)    10 (  0.0%) |

Final critical path delay (least slack): 22.8229 ns, Fmax: 43.8157 MHz
Final setup Worst Negative Slack (sWNS): -22.8229 ns
Final setup Total Negative Slack (sTNS): -626034 ns

Final setup slack histogram:
[ -2.3e-08: -2.1e-08)  1112 (  1.0%) |*
[ -2.1e-08: -1.8e-08)  1196 (  1.1%) |*
[ -1.8e-08: -1.6e-08)   694 (  0.6%) |*
[ -1.6e-08: -1.4e-08)  1084 (  1.0%) |*
[ -1.4e-08: -1.1e-08)  2207 (  2.0%) |**
[ -1.1e-08: -9.1e-09)  4279 (  3.9%) |*****
[ -9.1e-09: -6.9e-09) 16404 ( 14.9%) |******************
[ -6.9e-09: -4.6e-09) 41777 ( 38.0%) |*********************************************
[ -4.6e-09: -2.3e-09) 26014 ( 23.7%) |****************************
[ -2.3e-09: -1.9e-11) 15210 ( 13.8%) |****************

Final geomean non-virtual intra-domain period: 22.8229 ns (43.8157 MHz)
Final fanout-weighted geomean non-virtual intra-domain period: 22.8229 ns (43.8157 MHz)

Incr Slack updates 1 in 0.00393278 sec
Full Max Req/Worst Slack updates 1 in 0.00152904 sec
Incr Max Req/Worst Slack updates 0 in 0 sec
Incr Criticality updates 0 in 0 sec
Full Criticality updates 1 in 0.0136674 sec
Flow timing analysis took 18.5018 seconds (16.0476 STA, 2.45414 slack) (123 full updates: 99 setup, 0 hold, 24 combined).
VPR succeeded
The entire flow of VPR took 120.81 seconds (max_rss 1288.8 MiB)
Incr Slack updates 23 in 0.0664091 sec
Full Max Req/Worst Slack updates 3 in 0.00451725 sec
Incr Max Req/Worst Slack updates 20 in 0.0415616 sec
Incr Criticality updates 18 in 0.0768881 sec
Full Criticality updates 5 in 0.0626506 sec
